-- The C compiler identification is GNU 9.4.0
-- The CXX compiler identification is GNU 9.4.0
-- Check for working C compiler: /usr/bin/cc
-- Check for working C compiler: /usr/bin/cc -- works
-- Detecting C compiler ABI info
-- Detecting C compiler ABI info - done
-- Detecting C compile features
-- Detecting C compile features - done
-- Check for working CXX compiler: /usr/bin/c++
-- Check for working CXX compiler: /usr/bin/c++ -- works
-- Detecting CXX compiler ABI info
-- Detecting CXX compiler ABI info - done
-- Detecting CXX compile features
-- Detecting CXX compile features - done
-- Found ament_cmake: 1.1.6 (/opt/ros/galactic/share/ament_cmake/cmake)
-- Found PythonInterp: /usr/bin/python3 (found suitable version "3.8.10", minimum required is "3") 
-- Using PYTHON_EXECUTABLE: /usr/bin/python3
-- Found rclcpp: 9.2.0 (/home/yfu/projects/ros2-picas/install/rclcpp/share/rclcpp/cmake)
-- Using single rosidl_typesupport_c: rosidl_typesupport_introspection_c
-- Found rosidl_adapter: 2.2.3 (/opt/ros/galactic/share/rosidl_adapter/cmake)
-- Using single rosidl_typesupport_cpp: rosidl_typesupport_introspection_cpp
-- Found rmw_implementation_cmake: 3.3.1 (/opt/ros/galactic/share/rmw_implementation_cmake/cmake)
-- Found rmw_cyclonedds_cpp: 0.22.6 (/opt/ros/galactic/share/rmw_cyclonedds_cpp/cmake)
-- Using RMW implementation 'rmw_cyclonedds_cpp' as default
-- Looking for pthread.h
-- Looking for pthread.h - found
-- Performing Test CMAKE_HAVE_LIBC_PTHREAD
-- Performing Test CMAKE_HAVE_LIBC_PTHREAD - Failed
-- Looking for pthread_create in pthreads
-- Looking for pthread_create in pthreads - not found
-- Looking for pthread_create in pthread
-- Looking for pthread_create in pthread - found
-- Found Threads: TRUE  
-- Found ament_lint_auto: 0.10.7 (/opt/ros/galactic/share/ament_lint_auto/cmake)
-- Added test 'copyright' to check source files copyright and LICENSE
-- Added test 'cppcheck' to perform static code analysis on C / C++ code
-- Configured cppcheck include dirs: /home/yfu/projects/ros2-picas/ros2-picas-example/trace_picas/include
-- Configured cppcheck exclude dirs and/or files: 
-- Added test 'cpplint' to check C / C++ code against the Google style
-- Configured cpplint exclude dirs and/or files: 
-- Added test 'lint_cmake' to check CMake code style
-- Added test 'uncrustify' to check C / C++ code style
-- Configured uncrustify additional arguments: 
-- Added test 'xmllint' to check XML markup files
-- Configuring done
-- Generating done
-- Build files have been written to: /home/yfu/projects/ros2-picas/build/trace_picas
[35m[1mScanning dependencies of target trace_picas[0m
[ 50%] [32mBuilding CXX object CMakeFiles/trace_picas.dir/src/trace_function.cpp.o[0m
[100%] [32m[1mLinking CXX static library libtrace_picas.a[0m
[100%] Built target trace_picas
-- Install configuration: ""
-- Installing: /home/yfu/projects/ros2-picas/install/trace_picas/share/trace_picas/environment/library_path.sh
-- Installing: /home/yfu/projects/ros2-picas/install/trace_picas/share/trace_picas/environment/library_path.dsv
-- Installing: /home/yfu/projects/ros2-picas/install/trace_picas/include/trace_picas/
-- Installing: /home/yfu/projects/ros2-picas/install/trace_picas/include/trace_picas//trace.hpp
-- Installing: /home/yfu/projects/ros2-picas/install/trace_picas/lib/libtrace_picas.a
-- Installing: /home/yfu/projects/ros2-picas/install/trace_picas/share/ament_index/resource_index/package_run_dependencies/trace_picas
-- Installing: /home/yfu/projects/ros2-picas/install/trace_picas/share/ament_index/resource_index/parent_prefix_path/trace_picas
-- Installing: /home/yfu/projects/ros2-picas/install/trace_picas/share/trace_picas/environment/ament_prefix_path.sh
-- Installing: /home/yfu/projects/ros2-picas/install/trace_picas/share/trace_picas/environment/ament_prefix_path.dsv
-- Installing: /home/yfu/projects/ros2-picas/install/trace_picas/share/trace_picas/environment/path.sh
-- Installing: /home/yfu/projects/ros2-picas/install/trace_picas/share/trace_picas/environment/path.dsv
-- Installing: /home/yfu/projects/ros2-picas/install/trace_picas/share/trace_picas/local_setup.bash
-- Installing: /home/yfu/projects/ros2-picas/install/trace_picas/share/trace_picas/local_setup.sh
-- Installing: /home/yfu/projects/ros2-picas/install/trace_picas/share/trace_picas/local_setup.zsh
-- Installing: /home/yfu/projects/ros2-picas/install/trace_picas/share/trace_picas/local_setup.dsv
-- Installing: /home/yfu/projects/ros2-picas/install/trace_picas/share/trace_picas/package.dsv
-- Installing: /home/yfu/projects/ros2-picas/install/trace_picas/share/ament_index/resource_index/packages/trace_picas
-- Installing: /home/yfu/projects/ros2-picas/install/trace_picas/share/trace_picas/cmake/export_traceExport.cmake
-- Installing: /home/yfu/projects/ros2-picas/install/trace_picas/share/trace_picas/cmake/export_traceExport-noconfig.cmake
-- Installing: /home/yfu/projects/ros2-picas/install/trace_picas/share/trace_picas/cmake/ament_cmake_export_dependencies-extras.cmake
-- Installing: /home/yfu/projects/ros2-picas/install/trace_picas/share/trace_picas/cmake/ament_cmake_export_targets-extras.cmake
-- Installing: /home/yfu/projects/ros2-picas/install/trace_picas/share/trace_picas/cmake/ament_cmake_export_include_directories-extras.cmake
-- Installing: /home/yfu/projects/ros2-picas/install/trace_picas/share/trace_picas/cmake/ament_cmake_export_libraries-extras.cmake
-- Installing: /home/yfu/projects/ros2-picas/install/trace_picas/share/trace_picas/cmake/trace_picasConfig.cmake
-- Installing: /home/yfu/projects/ros2-picas/install/trace_picas/share/trace_picas/cmake/trace_picasConfig-version.cmake
-- Installing: /home/yfu/projects/ros2-picas/install/trace_picas/share/trace_picas/package.xml
