[0.034s] Invoking command in '/home/yfu/projects/ros2-picas/build/trace_picas': AMENT_PREFIX_PATH=/home/yfu/projects/ros2-picas/install/rclcpp:/home/yfu/projects/ros2-picas/install/test_msgs:${AMENT_PREFIX_PATH} CMAKE_PREFIX_PATH=/home/yfu/projects/ros2-picas/install/rclcpp:/home/yfu/projects/ros2-picas/install/test_msgs:/opt/ros/galactic CONDA_PROMPT_MODIFIER=(base) LD_LIBRARY_PATH=/home/yfu/projects/ros2-picas/install/rclcpp/lib:/home/yfu/projects/ros2-picas/install/test_msgs/lib:${LD_LIBRARY_PATH} PYTHONPATH=/home/yfu/projects/ros2-picas/install/test_msgs/lib/python3.8/site-packages:${PYTHONPATH} /usr/bin/cmake /home/yfu/projects/ros2-picas/ros2-picas-example/trace_picas -DPICAS=TRUE -DCMAKE_INSTALL_PREFIX=/home/yfu/projects/ros2-picas/install/trace_picas
[0.253s] -- The C compiler identification is GNU 9.4.0
[0.442s] -- The CXX compiler identification is GNU 9.4.0
[0.451s] -- Check for working C compiler: /usr/bin/cc
[0.685s] -- Check for working C compiler: /usr/bin/cc -- works
[0.687s] -- Detecting C compiler ABI info
[0.947s] -- Detecting C compiler ABI info - done
[0.984s] -- Detecting C compile features
[0.984s] -- Detecting C compile features - done
[0.992s] -- Check for working CXX compiler: /usr/bin/c++
[1.268s] -- Check for working CXX compiler: /usr/bin/c++ -- works
[1.272s] -- Detecting CXX compiler ABI info
[1.549s] -- Detecting CXX compiler ABI info - done
[1.581s] -- Detecting CXX compile features
[1.582s] -- Detecting CXX compile features - done
[1.587s] -- Found ament_cmake: 1.1.6 (/opt/ros/galactic/share/ament_cmake/cmake)
[1.639s] -- Found PythonInterp: /usr/bin/python3 (found suitable version "3.8.10", minimum required is "3") 
[1.639s] -- Using PYTHON_EXECUTABLE: /usr/bin/python3
[1.824s] -- Found rclcpp: 9.2.0 (/home/yfu/projects/ros2-picas/install/rclcpp/share/rclcpp/cmake)
[1.906s] -- Using single rosidl_typesupport_c: rosidl_typesupport_introspection_c
[1.916s] -- Found rosidl_adapter: 2.2.3 (/opt/ros/galactic/share/rosidl_adapter/cmake)
[1.952s] -- Using single rosidl_typesupport_cpp: rosidl_typesupport_introspection_cpp
[2.067s] -- Found rmw_implementation_cmake: 3.3.1 (/opt/ros/galactic/share/rmw_implementation_cmake/cmake)
[2.071s] -- Found rmw_cyclonedds_cpp: 0.22.6 (/opt/ros/galactic/share/rmw_cyclonedds_cpp/cmake)
[2.107s] -- Using RMW implementation 'rmw_cyclonedds_cpp' as default
[2.109s] -- Looking for pthread.h
[2.354s] -- Looking for pthread.h - found
[2.355s] -- Performing Test CMAKE_HAVE_LIBC_PTHREAD
[2.745s] -- Performing Test CMAKE_HAVE_LIBC_PTHREAD - Failed
[2.745s] -- Looking for pthread_create in pthreads
[3.099s] -- Looking for pthread_create in pthreads - not found
[3.099s] -- Looking for pthread_create in pthread
[3.345s] -- Looking for pthread_create in pthread - found
[3.349s] -- Found Threads: TRUE  
[3.641s] -- Found ament_lint_auto: 0.10.7 (/opt/ros/galactic/share/ament_lint_auto/cmake)
[3.804s] -- Added test 'copyright' to check source files copyright and LICENSE
[3.806s] -- Added test 'cppcheck' to perform static code analysis on C / C++ code
[3.806s] -- Configured cppcheck include dirs: /home/yfu/projects/ros2-picas/ros2-picas-example/trace_picas/include
[3.806s] -- Configured cppcheck exclude dirs and/or files: 
[3.808s] -- Added test 'cpplint' to check C / C++ code against the Google style
[3.808s] -- Configured cpplint exclude dirs and/or files: 
[3.809s] -- Added test 'lint_cmake' to check CMake code style
[3.811s] -- Added test 'uncrustify' to check C / C++ code style
[3.812s] -- Configured uncrustify additional arguments: 
[3.812s] -- Added test 'xmllint' to check XML markup files
[3.822s] -- Configuring done
[3.871s] -- Generating done
[3.873s] CMake Warning:
[3.874s]   Manually-specified variables were not used by the project:
[3.874s] 
[3.874s]     PICAS
[3.874s] 
[3.874s] 
[3.878s] -- Build files have been written to: /home/yfu/projects/ros2-picas/build/trace_picas
[3.903s] Invoked command in '/home/yfu/projects/ros2-picas/build/trace_picas' returned '0': AMENT_PREFIX_PATH=/home/yfu/projects/ros2-picas/install/rclcpp:/home/yfu/projects/ros2-picas/install/test_msgs:${AMENT_PREFIX_PATH} CMAKE_PREFIX_PATH=/home/yfu/projects/ros2-picas/install/rclcpp:/home/yfu/projects/ros2-picas/install/test_msgs:/opt/ros/galactic CONDA_PROMPT_MODIFIER=(base) LD_LIBRARY_PATH=/home/yfu/projects/ros2-picas/install/rclcpp/lib:/home/yfu/projects/ros2-picas/install/test_msgs/lib:${LD_LIBRARY_PATH} PYTHONPATH=/home/yfu/projects/ros2-picas/install/test_msgs/lib/python3.8/site-packages:${PYTHONPATH} /usr/bin/cmake /home/yfu/projects/ros2-picas/ros2-picas-example/trace_picas -DPICAS=TRUE -DCMAKE_INSTALL_PREFIX=/home/yfu/projects/ros2-picas/install/trace_picas
[3.911s] Invoking command in '/home/yfu/projects/ros2-picas/build/trace_picas': AMENT_PREFIX_PATH=/home/yfu/projects/ros2-picas/install/rclcpp:/home/yfu/projects/ros2-picas/install/test_msgs:${AMENT_PREFIX_PATH} CMAKE_PREFIX_PATH=/home/yfu/projects/ros2-picas/install/rclcpp:/home/yfu/projects/ros2-picas/install/test_msgs:/opt/ros/galactic CONDA_PROMPT_MODIFIER=(base) LD_LIBRARY_PATH=/home/yfu/projects/ros2-picas/install/rclcpp/lib:/home/yfu/projects/ros2-picas/install/test_msgs/lib:${LD_LIBRARY_PATH} PYTHONPATH=/home/yfu/projects/ros2-picas/install/test_msgs/lib/python3.8/site-packages:${PYTHONPATH} /usr/bin/cmake --build /home/yfu/projects/ros2-picas/build/trace_picas -- -j6 -l6
[4.026s] [35m[1mScanning dependencies of target trace_picas[0m
[4.053s] [ 50%] [32mBuilding CXX object CMakeFiles/trace_picas.dir/src/trace_function.cpp.o[0m
[4.899s] [100%] [32m[1mLinking CXX static library libtrace_picas.a[0m
[5.107s] [100%] Built target trace_picas
[5.255s] Invoked command in '/home/yfu/projects/ros2-picas/build/trace_picas' returned '0': AMENT_PREFIX_PATH=/home/yfu/projects/ros2-picas/install/rclcpp:/home/yfu/projects/ros2-picas/install/test_msgs:${AMENT_PREFIX_PATH} CMAKE_PREFIX_PATH=/home/yfu/projects/ros2-picas/install/rclcpp:/home/yfu/projects/ros2-picas/install/test_msgs:/opt/ros/galactic CONDA_PROMPT_MODIFIER=(base) LD_LIBRARY_PATH=/home/yfu/projects/ros2-picas/install/rclcpp/lib:/home/yfu/projects/ros2-picas/install/test_msgs/lib:${LD_LIBRARY_PATH} PYTHONPATH=/home/yfu/projects/ros2-picas/install/test_msgs/lib/python3.8/site-packages:${PYTHONPATH} /usr/bin/cmake --build /home/yfu/projects/ros2-picas/build/trace_picas -- -j6 -l6
[5.265s] Invoking command in '/home/yfu/projects/ros2-picas/build/trace_picas': AMENT_PREFIX_PATH=/home/yfu/projects/ros2-picas/install/rclcpp:/home/yfu/projects/ros2-picas/install/test_msgs:${AMENT_PREFIX_PATH} CMAKE_PREFIX_PATH=/home/yfu/projects/ros2-picas/install/rclcpp:/home/yfu/projects/ros2-picas/install/test_msgs:/opt/ros/galactic CONDA_PROMPT_MODIFIER=(base) LD_LIBRARY_PATH=/home/yfu/projects/ros2-picas/install/rclcpp/lib:/home/yfu/projects/ros2-picas/install/test_msgs/lib:${LD_LIBRARY_PATH} PYTHONPATH=/home/yfu/projects/ros2-picas/install/test_msgs/lib/python3.8/site-packages:${PYTHONPATH} /usr/bin/cmake --install /home/yfu/projects/ros2-picas/build/trace_picas
[5.290s] -- Install configuration: ""
[5.290s] -- Installing: /home/yfu/projects/ros2-picas/install/trace_picas/share/trace_picas/environment/library_path.sh
[5.290s] -- Installing: /home/yfu/projects/ros2-picas/install/trace_picas/share/trace_picas/environment/library_path.dsv
[5.291s] -- Installing: /home/yfu/projects/ros2-picas/install/trace_picas/include/trace_picas/
[5.291s] -- Installing: /home/yfu/projects/ros2-picas/install/trace_picas/include/trace_picas//trace.hpp
[5.291s] -- Installing: /home/yfu/projects/ros2-picas/install/trace_picas/lib/libtrace_picas.a
[5.291s] -- Installing: /home/yfu/projects/ros2-picas/install/trace_picas/share/ament_index/resource_index/package_run_dependencies/trace_picas
[5.292s] -- Installing: /home/yfu/projects/ros2-picas/install/trace_picas/share/ament_index/resource_index/parent_prefix_path/trace_picas
[5.292s] -- Installing: /home/yfu/projects/ros2-picas/install/trace_picas/share/trace_picas/environment/ament_prefix_path.sh
[5.292s] -- Installing: /home/yfu/projects/ros2-picas/install/trace_picas/share/trace_picas/environment/ament_prefix_path.dsv
[5.292s] -- Installing: /home/yfu/projects/ros2-picas/install/trace_picas/share/trace_picas/environment/path.sh
[5.293s] -- Installing: /home/yfu/projects/ros2-picas/install/trace_picas/share/trace_picas/environment/path.dsv
[5.293s] -- Installing: /home/yfu/projects/ros2-picas/install/trace_picas/share/trace_picas/local_setup.bash
[5.293s] -- Installing: /home/yfu/projects/ros2-picas/install/trace_picas/share/trace_picas/local_setup.sh
[5.294s] -- Installing: /home/yfu/projects/ros2-picas/install/trace_picas/share/trace_picas/local_setup.zsh
[5.294s] -- Installing: /home/yfu/projects/ros2-picas/install/trace_picas/share/trace_picas/local_setup.dsv
[5.294s] -- Installing: /home/yfu/projects/ros2-picas/install/trace_picas/share/trace_picas/package.dsv
[5.295s] -- Installing: /home/yfu/projects/ros2-picas/install/trace_picas/share/ament_index/resource_index/packages/trace_picas
[5.295s] -- Installing: /home/yfu/projects/ros2-picas/install/trace_picas/share/trace_picas/cmake/export_traceExport.cmake
[5.295s] -- Installing: /home/yfu/projects/ros2-picas/install/trace_picas/share/trace_picas/cmake/export_traceExport-noconfig.cmake
[5.296s] -- Installing: /home/yfu/projects/ros2-picas/install/trace_picas/share/trace_picas/cmake/ament_cmake_export_dependencies-extras.cmake
[5.296s] -- Installing: /home/yfu/projects/ros2-picas/install/trace_picas/share/trace_picas/cmake/ament_cmake_export_targets-extras.cmake
[5.296s] -- Installing: /home/yfu/projects/ros2-picas/install/trace_picas/share/trace_picas/cmake/ament_cmake_export_include_directories-extras.cmake
[5.297s] -- Installing: /home/yfu/projects/ros2-picas/install/trace_picas/share/trace_picas/cmake/ament_cmake_export_libraries-extras.cmake
[5.297s] -- Installing: /home/yfu/projects/ros2-picas/install/trace_picas/share/trace_picas/cmake/trace_picasConfig.cmake
[5.297s] -- Installing: /home/yfu/projects/ros2-picas/install/trace_picas/share/trace_picas/cmake/trace_picasConfig-version.cmake
[5.298s] -- Installing: /home/yfu/projects/ros2-picas/install/trace_picas/share/trace_picas/package.xml
[5.305s] Invoked command in '/home/yfu/projects/ros2-picas/build/trace_picas' returned '0': AMENT_PREFIX_PATH=/home/yfu/projects/ros2-picas/install/rclcpp:/home/yfu/projects/ros2-picas/install/test_msgs:${AMENT_PREFIX_PATH} CMAKE_PREFIX_PATH=/home/yfu/projects/ros2-picas/install/rclcpp:/home/yfu/projects/ros2-picas/install/test_msgs:/opt/ros/galactic CONDA_PROMPT_MODIFIER=(base) LD_LIBRARY_PATH=/home/yfu/projects/ros2-picas/install/rclcpp/lib:/home/yfu/projects/ros2-picas/install/test_msgs/lib:${LD_LIBRARY_PATH} PYTHONPATH=/home/yfu/projects/ros2-picas/install/test_msgs/lib/python3.8/site-packages:${PYTHONPATH} /usr/bin/cmake --install /home/yfu/projects/ros2-picas/build/trace_picas
