[0.036s] Invoking command in '/home/yfu/projects/ros2-picas/build/picas_example': AMENT_PREFIX_PATH=/home/yfu/projects/ros2-picas/install/trace_picas:/home/yfu/projects/ros2-picas/install/rclcpp:/home/yfu/projects/ros2-picas/install/test_msgs:${AMENT_PREFIX_PATH} CMAKE_PREFIX_PATH=/home/yfu/projects/ros2-picas/install/trace_picas:/home/yfu/projects/ros2-picas/install/rclcpp:/home/yfu/projects/ros2-picas/install/test_msgs:/opt/ros/galactic CONDA_PROMPT_MODIFIER=(base) LD_LIBRARY_PATH=/home/yfu/projects/ros2-picas/install/trace_picas/lib:/home/yfu/projects/ros2-picas/install/rclcpp/lib:/home/yfu/projects/ros2-picas/install/test_msgs/lib:${LD_LIBRARY_PATH} PYTHONPATH=/home/yfu/projects/ros2-picas/install/test_msgs/lib/python3.8/site-packages:${PYTHONPATH} /usr/bin/cmake --build /home/yfu/projects/ros2-picas/build/picas_example -- -j6 -l6
[0.140s] [35m[1mScanning dependencies of target example[0m
[0.175s] [ 50%] Built target case_study
[0.202s] [ 75%] [32mBuilding CXX object CMakeFiles/example.dir/src/example.cpp.o[0m
[19.441s] [100%] [32m[1mLinking CXX executable example[0m
[22.238s] [100%] Built target example
[22.386s] Invoked command in '/home/yfu/projects/ros2-picas/build/picas_example' returned '0': AMENT_PREFIX_PATH=/home/yfu/projects/ros2-picas/install/trace_picas:/home/yfu/projects/ros2-picas/install/rclcpp:/home/yfu/projects/ros2-picas/install/test_msgs:${AMENT_PREFIX_PATH} CMAKE_PREFIX_PATH=/home/yfu/projects/ros2-picas/install/trace_picas:/home/yfu/projects/ros2-picas/install/rclcpp:/home/yfu/projects/ros2-picas/install/test_msgs:/opt/ros/galactic CONDA_PROMPT_MODIFIER=(base) LD_LIBRARY_PATH=/home/yfu/projects/ros2-picas/install/trace_picas/lib:/home/yfu/projects/ros2-picas/install/rclcpp/lib:/home/yfu/projects/ros2-picas/install/test_msgs/lib:${LD_LIBRARY_PATH} PYTHONPATH=/home/yfu/projects/ros2-picas/install/test_msgs/lib/python3.8/site-packages:${PYTHONPATH} /usr/bin/cmake --build /home/yfu/projects/ros2-picas/build/picas_example -- -j6 -l6
[22.393s] Invoking command in '/home/yfu/projects/ros2-picas/build/picas_example': AMENT_PREFIX_PATH=/home/yfu/projects/ros2-picas/install/trace_picas:/home/yfu/projects/ros2-picas/install/rclcpp:/home/yfu/projects/ros2-picas/install/test_msgs:${AMENT_PREFIX_PATH} CMAKE_PREFIX_PATH=/home/yfu/projects/ros2-picas/install/trace_picas:/home/yfu/projects/ros2-picas/install/rclcpp:/home/yfu/projects/ros2-picas/install/test_msgs:/opt/ros/galactic CONDA_PROMPT_MODIFIER=(base) LD_LIBRARY_PATH=/home/yfu/projects/ros2-picas/install/trace_picas/lib:/home/yfu/projects/ros2-picas/install/rclcpp/lib:/home/yfu/projects/ros2-picas/install/test_msgs/lib:${LD_LIBRARY_PATH} PYTHONPATH=/home/yfu/projects/ros2-picas/install/test_msgs/lib/python3.8/site-packages:${PYTHONPATH} /usr/bin/cmake --install /home/yfu/projects/ros2-picas/build/picas_example
[22.419s] -- Install configuration: ""
[22.419s] -- Installing: /home/yfu/projects/ros2-picas/install/picas_example/lib/picas_example/example
[22.428s] -- Set runtime path of "/home/yfu/projects/ros2-picas/install/picas_example/lib/picas_example/example" to ""
[22.428s] -- Installing: /home/yfu/projects/ros2-picas/install/picas_example/lib/picas_example/case_study
[22.436s] -- Set runtime path of "/home/yfu/projects/ros2-picas/install/picas_example/lib/picas_example/case_study" to ""
[22.437s] -- Installing: /home/yfu/projects/ros2-picas/install/picas_example/share/ament_index/resource_index/package_run_dependencies/picas_example
[22.437s] -- Installing: /home/yfu/projects/ros2-picas/install/picas_example/share/ament_index/resource_index/parent_prefix_path/picas_example
[22.438s] -- Installing: /home/yfu/projects/ros2-picas/install/picas_example/share/picas_example/environment/ament_prefix_path.sh
[22.438s] -- Installing: /home/yfu/projects/ros2-picas/install/picas_example/share/picas_example/environment/ament_prefix_path.dsv
[22.439s] -- Installing: /home/yfu/projects/ros2-picas/install/picas_example/share/picas_example/environment/path.sh
[22.439s] -- Installing: /home/yfu/projects/ros2-picas/install/picas_example/share/picas_example/environment/path.dsv
[22.439s] -- Installing: /home/yfu/projects/ros2-picas/install/picas_example/share/picas_example/local_setup.bash
[22.439s] -- Installing: /home/yfu/projects/ros2-picas/install/picas_example/share/picas_example/local_setup.sh
[22.440s] -- Installing: /home/yfu/projects/ros2-picas/install/picas_example/share/picas_example/local_setup.zsh
[22.440s] -- Installing: /home/yfu/projects/ros2-picas/install/picas_example/share/picas_example/local_setup.dsv
[22.440s] -- Installing: /home/yfu/projects/ros2-picas/install/picas_example/share/picas_example/package.dsv
[22.441s] -- Installing: /home/yfu/projects/ros2-picas/install/picas_example/share/ament_index/resource_index/packages/picas_example
[22.441s] -- Installing: /home/yfu/projects/ros2-picas/install/picas_example/share/picas_example/cmake/picas_exampleConfig.cmake
[22.442s] -- Installing: /home/yfu/projects/ros2-picas/install/picas_example/share/picas_example/cmake/picas_exampleConfig-version.cmake
[22.442s] -- Installing: /home/yfu/projects/ros2-picas/install/picas_example/share/picas_example/package.xml
[22.450s] Invoked command in '/home/yfu/projects/ros2-picas/build/picas_example' returned '0': AMENT_PREFIX_PATH=/home/yfu/projects/ros2-picas/install/trace_picas:/home/yfu/projects/ros2-picas/install/rclcpp:/home/yfu/projects/ros2-picas/install/test_msgs:${AMENT_PREFIX_PATH} CMAKE_PREFIX_PATH=/home/yfu/projects/ros2-picas/install/trace_picas:/home/yfu/projects/ros2-picas/install/rclcpp:/home/yfu/projects/ros2-picas/install/test_msgs:/opt/ros/galactic CONDA_PROMPT_MODIFIER=(base) LD_LIBRARY_PATH=/home/yfu/projects/ros2-picas/install/trace_picas/lib:/home/yfu/projects/ros2-picas/install/rclcpp/lib:/home/yfu/projects/ros2-picas/install/test_msgs/lib:${LD_LIBRARY_PATH} PYTHONPATH=/home/yfu/projects/ros2-picas/install/test_msgs/lib/python3.8/site-packages:${PYTHONPATH} /usr/bin/cmake --install /home/yfu/projects/ros2-picas/build/picas_example
