-- Found ament_cmake_ros: 0.9.2 (/opt/ros/galactic/share/ament_cmake_ros/cmake)
-- Using PYTHON_EXECUTABLE: /usr/bin/python3
-- Found ament_index_cpp: 1.2.0 (/opt/ros/galactic/share/ament_index_cpp/cmake)
-- Found builtin_interfaces: 1.0.3 (/opt/ros/galactic/share/builtin_interfaces/cmake)
-- Using single rosidl_typesupport_c: rosidl_typesupport_introspection_c
-- Found rosidl_adapter: 2.2.3 (/opt/ros/galactic/share/rosidl_adapter/cmake)
-- Using single rosidl_typesupport_cpp: rosidl_typesupport_introspection_cpp
-- Found libstatistics_collector: 1.1.1 (/opt/ros/galactic/share/libstatistics_collector/cmake)
-- Found rmw_implementation_cmake: 3.3.1 (/opt/ros/galactic/share/rmw_implementation_cmake/cmake)
-- Found rmw_cyclonedds_cpp: 0.22.6 (/opt/ros/galactic/share/rmw_cyclonedds_cpp/cmake)
-- Using RMW implementation 'rmw_cyclonedds_cpp' as default
-- Found rosgraph_msgs: 1.0.3 (/opt/ros/galactic/share/rosgraph_msgs/cmake)
-- Configuring done
-- Generating done
-- Build files have been written to: /home/yfu/projects/ros2-picas/build/rclcpp
[35m[1mScanning dependencies of target rclcpp[0m
[  1%] [32mBuilding CXX object CMakeFiles/rclcpp.dir/src/rclcpp/scheduler.cpp.o[0m
[01m[K/home/yfu/projects/ros2-picas/rclcpp/src/rclcpp/scheduler.cpp:5:1:[m[K [01;31m[Kerror: [m[Kredefinition of ‘[01m[Krclcpp::Scheduler::Scheduler()[m[K’
    5 | [01;31m[KScheduler[m[K::Scheduler() {
      | [01;31m[K^~~~~~~~~[m[K
In file included from [01m[K/home/yfu/projects/ros2-picas/rclcpp/src/rclcpp/scheduler.cpp:1[m[K:
[01m[K/home/yfu/projects/ros2-picas/rclcpp/include/rclcpp/scheduler.hpp:17:5:[m[K [01;36m[Knote: [m[K‘[01m[Krclcpp::Scheduler::Scheduler()[m[K’ previously defined here
   17 |     [01;36m[KScheduler[m[K() {}
      |     [01;36m[K^~~~~~~~~[m[K
[01m[K/home/yfu/projects/ros2-picas/rclcpp/src/rclcpp/scheduler.cpp:9:6:[m[K [01;31m[Kerror: [m[Kredefinition of ‘[01m[Kvoid rclcpp::Scheduler::Init()[m[K’
    9 | void [01;31m[KScheduler[m[K::Init() {
      |      [01;31m[K^~~~~~~~~[m[K
In file included from [01m[K/home/yfu/projects/ros2-picas/rclcpp/src/rclcpp/scheduler.cpp:1[m[K:
[01m[K/home/yfu/projects/ros2-picas/rclcpp/include/rclcpp/scheduler.hpp:20:10:[m[K [01;36m[Knote: [m[K‘[01m[Kvoid rclcpp::Scheduler::Init()[m[K’ previously defined here
   20 |     void [01;36m[KInit[m[K() {};
      |          [01;36m[K^~~~[m[K
[01m[K/home/yfu/projects/ros2-picas/rclcpp/src/rclcpp/scheduler.cpp:[m[K In member function ‘[01m[Kint rclcpp::Scheduler::Process()[m[K’:
[01m[K/home/yfu/projects/ros2-picas/rclcpp/src/rclcpp/scheduler.cpp:17:9:[m[K [01;35m[Kwarning: [m[Kunused variable ‘[01m[Kversion[m[K’ [[01;35m[K-Wunused-variable[m[K]
   17 |     int [01;35m[Kversion[m[K = GetVersion(slack_time, 55); // 暂时假设任务需要55ms完成
      |         [01;35m[K^~~~~~~[m[K
[01m[K/home/yfu/projects/ros2-picas/rclcpp/src/rclcpp/scheduler.cpp:[m[K In member function ‘[01m[Kint rclcpp::Scheduler::GetNetworkDelay()[m[K’:
[01m[K/home/yfu/projects/ros2-picas/rclcpp/src/rclcpp/scheduler.cpp:52:10:[m[K [01;31m[Kerror: [m[K‘[01m[Krandom_device[m[K’ is not a member of ‘[01m[Kstd[m[K’
   52 |     std::[01;31m[Krandom_device[m[K rd;
      |          [01;31m[K^~~~~~~~~~~~~[m[K
[01m[K/home/yfu/projects/ros2-picas/rclcpp/src/rclcpp/scheduler.cpp:53:10:[m[K [01;31m[Kerror: [m[K‘[01m[Kmt19937[m[K’ is not a member of ‘[01m[Kstd[m[K’
   53 |     std::[01;31m[Kmt19937[m[K gen(rd());
      |          [01;31m[K^~~~~~~[m[K
[01m[K/home/yfu/projects/ros2-picas/rclcpp/src/rclcpp/scheduler.cpp:55:10:[m[K [01;31m[Kerror: [m[K‘[01m[Kuniform_int_distribution[m[K’ is not a member of ‘[01m[Kstd[m[K’
   55 |     std::[01;31m[Kuniform_int_distribution[m[K<> delay_dist(30, 70); // 模拟网络延迟在30ms到70ms之间，则Slack Time范围在30ms - 70ms之间
      |          [01;31m[K^~~~~~~~~~~~~~~~~~~~~~~~[m[K
[01m[K/home/yfu/projects/ros2-picas/rclcpp/src/rclcpp/scheduler.cpp:55:35:[m[K [01;31m[Kerror: [m[Kexpected primary-expression before ‘[01m[K>[m[K’ token
   55 |     std::uniform_int_distribution<[01;31m[K>[m[K delay_dist(30, 70); // 模拟网络延迟在30ms到70ms之间，则Slack Time范围在30ms - 70ms之间
      |                                   [01;31m[K^[m[K
[01m[K/home/yfu/projects/ros2-picas/rclcpp/src/rclcpp/scheduler.cpp:55:37:[m[K [01;31m[Kerror: [m[K‘[01m[Kdelay_dist[m[K’ was not declared in this scope
   55 |     std::uniform_int_distribution<> [01;31m[Kdelay_dist[m[K(30, 70); // 模拟网络延迟在30ms到70ms之间，则Slack Time范围在30ms - 70ms之间
      |                                     [01;31m[K^~~~~~~~~~[m[K
[01m[K/home/yfu/projects/ros2-picas/rclcpp/src/rclcpp/scheduler.cpp:56:28:[m[K [01;31m[Kerror: [m[K‘[01m[Kgen[m[K’ was not declared in this scope
   56 |     int delay = delay_dist([01;31m[Kgen[m[K);
      |                            [01;31m[K^~~[m[K
make[2]: *** [CMakeFiles/rclcpp.dir/build.make:1117: CMakeFiles/rclcpp.dir/src/rclcpp/scheduler.cpp.o] Error 1
make[1]: *** [CMakeFiles/Makefile2:105: CMakeFiles/rclcpp.dir/all] Error 2
make: *** [Makefile:141: all] Error 2
