[0.031s] Invoking command in '/home/yfu/projects/ros2-picas/build/rclcpp': CMAKE_PREFIX_PATH=/home/yfu/projects/ros2-picas/install/test_msgs:/home/yfu/projects/ros2-picas/install/picas_example_mt:/home/yfu/projects/ros2-picas/install/picas_example:/home/yfu/projects/ros2-picas/install/trace_picas:/home/yfu/projects/ros2-picas/install/rclcpp:/opt/ros/galactic CONDA_PROMPT_MODIFIER=(base) LD_LIBRARY_PATH=/home/yfu/projects/ros2-picas/install/test_msgs/lib:/home/yfu/projects/ros2-picas/install/trace_picas/lib:/home/yfu/projects/ros2-picas/install/rclcpp/lib:/opt/ros/galactic/opt/yaml_cpp_vendor/lib:/opt/ros/galactic/lib/aarch64-linux-gnu:/opt/ros/galactic/lib /usr/bin/cmake --build /home/yfu/projects/ros2-picas/build/rclcpp -- -j6 -l6
[0.101s] -- Found ament_cmake_ros: 0.9.2 (/opt/ros/galactic/share/ament_cmake_ros/cmake)
[0.151s] -- Using PYTHON_EXECUTABLE: /usr/bin/python3
[0.307s] -- Found ament_index_cpp: 1.2.0 (/opt/ros/galactic/share/ament_index_cpp/cmake)
[0.311s] -- Found builtin_interfaces: 1.0.3 (/opt/ros/galactic/share/builtin_interfaces/cmake)
[0.345s] -- Using single rosidl_typesupport_c: rosidl_typesupport_introspection_c
[0.351s] -- Found rosidl_adapter: 2.2.3 (/opt/ros/galactic/share/rosidl_adapter/cmake)
[0.381s] -- Using single rosidl_typesupport_cpp: rosidl_typesupport_introspection_cpp
[0.425s] -- Found libstatistics_collector: 1.1.1 (/opt/ros/galactic/share/libstatistics_collector/cmake)
[0.498s] -- Found rmw_implementation_cmake: 3.3.1 (/opt/ros/galactic/share/rmw_implementation_cmake/cmake)
[0.501s] -- Found rmw_cyclonedds_cpp: 0.22.6 (/opt/ros/galactic/share/rmw_cyclonedds_cpp/cmake)
[0.534s] -- Using RMW implementation 'rmw_cyclonedds_cpp' as default
[0.691s] -- Found rosgraph_msgs: 1.0.3 (/opt/ros/galactic/share/rosgraph_msgs/cmake)
[0.891s] -- Configuring done
[1.092s] -- Generating done
[1.103s] -- Build files have been written to: /home/yfu/projects/ros2-picas/build/rclcpp
[1.225s] [35m[1mScanning dependencies of target rclcpp[0m
[1.400s] [  1%] [32mBuilding CXX object CMakeFiles/rclcpp.dir/src/rclcpp/scheduler.cpp.o[0m
[1.421s] [01m[K/home/yfu/projects/ros2-picas/rclcpp/src/rclcpp/scheduler.cpp:5:1:[m[K [01;31m[Kerror: [m[Kredefinition of ‘[01m[Krclcpp::Scheduler::Scheduler()[m[K’
[1.422s]     5 | [01;31m[KScheduler[m[K::Scheduler() {
[1.422s]       | [01;31m[K^~~~~~~~~[m[K
[1.422s] In file included from [01m[K/home/yfu/projects/ros2-picas/rclcpp/src/rclcpp/scheduler.cpp:1[m[K:
[1.422s] [01m[K/home/yfu/projects/ros2-picas/rclcpp/include/rclcpp/scheduler.hpp:17:5:[m[K [01;36m[Knote: [m[K‘[01m[Krclcpp::Scheduler::Scheduler()[m[K’ previously defined here
[1.423s]    17 |     [01;36m[KScheduler[m[K() {}
[1.423s]       |     [01;36m[K^~~~~~~~~[m[K
[1.423s] [01m[K/home/yfu/projects/ros2-picas/rclcpp/src/rclcpp/scheduler.cpp:9:6:[m[K [01;31m[Kerror: [m[Kredefinition of ‘[01m[Kvoid rclcpp::Scheduler::Init()[m[K’
[1.423s]     9 | void [01;31m[KScheduler[m[K::Init() {
[1.423s]       |      [01;31m[K^~~~~~~~~[m[K
[1.423s] In file included from [01m[K/home/yfu/projects/ros2-picas/rclcpp/src/rclcpp/scheduler.cpp:1[m[K:
[1.424s] [01m[K/home/yfu/projects/ros2-picas/rclcpp/include/rclcpp/scheduler.hpp:20:10:[m[K [01;36m[Knote: [m[K‘[01m[Kvoid rclcpp::Scheduler::Init()[m[K’ previously defined here
[1.424s]    20 |     void [01;36m[KInit[m[K() {};
[1.424s]       |          [01;36m[K^~~~[m[K
[1.424s] [01m[K/home/yfu/projects/ros2-picas/rclcpp/src/rclcpp/scheduler.cpp:[m[K In member function ‘[01m[Kint rclcpp::Scheduler::Process()[m[K’:
[1.424s] [01m[K/home/yfu/projects/ros2-picas/rclcpp/src/rclcpp/scheduler.cpp:17:9:[m[K [01;35m[Kwarning: [m[Kunused variable ‘[01m[Kversion[m[K’ [[01;35m[K-Wunused-variable[m[K]
[1.424s]    17 |     int [01;35m[Kversion[m[K = GetVersion(slack_time, 55); // 暂时假设任务需要55ms完成
[1.425s]       |         [01;35m[K^~~~~~~[m[K
[1.425s] [01m[K/home/yfu/projects/ros2-picas/rclcpp/src/rclcpp/scheduler.cpp:[m[K In member function ‘[01m[Kint rclcpp::Scheduler::GetNetworkDelay()[m[K’:
[1.425s] [01m[K/home/yfu/projects/ros2-picas/rclcpp/src/rclcpp/scheduler.cpp:52:10:[m[K [01;31m[Kerror: [m[K‘[01m[Krandom_device[m[K’ is not a member of ‘[01m[Kstd[m[K’
[1.425s]    52 |     std::[01;31m[Krandom_device[m[K rd;
[1.425s]       |          [01;31m[K^~~~~~~~~~~~~[m[K
[1.425s] [01m[K/home/yfu/projects/ros2-picas/rclcpp/src/rclcpp/scheduler.cpp:53:10:[m[K [01;31m[Kerror: [m[K‘[01m[Kmt19937[m[K’ is not a member of ‘[01m[Kstd[m[K’
[1.425s]    53 |     std::[01;31m[Kmt19937[m[K gen(rd());
[1.425s]       |          [01;31m[K^~~~~~~[m[K
[1.426s] [01m[K/home/yfu/projects/ros2-picas/rclcpp/src/rclcpp/scheduler.cpp:55:10:[m[K [01;31m[Kerror: [m[K‘[01m[Kuniform_int_distribution[m[K’ is not a member of ‘[01m[Kstd[m[K’
[1.426s]    55 |     std::[01;31m[Kuniform_int_distribution[m[K<> delay_dist(30, 70); // 模拟网络延迟在30ms到70ms之间，则Slack Time范围在30ms - 70ms之间
[1.426s]       |          [01;31m[K^~~~~~~~~~~~~~~~~~~~~~~~[m[K
[1.426s] [01m[K/home/yfu/projects/ros2-picas/rclcpp/src/rclcpp/scheduler.cpp:55:35:[m[K [01;31m[Kerror: [m[Kexpected primary-expression before ‘[01m[K>[m[K’ token
[1.426s]    55 |     std::uniform_int_distribution<[01;31m[K>[m[K delay_dist(30, 70); // 模拟网络延迟在30ms到70ms之间，则Slack Time范围在30ms - 70ms之间
[1.426s]       |                                   [01;31m[K^[m[K
[1.426s] [01m[K/home/yfu/projects/ros2-picas/rclcpp/src/rclcpp/scheduler.cpp:55:37:[m[K [01;31m[Kerror: [m[K‘[01m[Kdelay_dist[m[K’ was not declared in this scope
[1.427s]    55 |     std::uniform_int_distribution<> [01;31m[Kdelay_dist[m[K(30, 70); // 模拟网络延迟在30ms到70ms之间，则Slack Time范围在30ms - 70ms之间
[1.427s]       |                                     [01;31m[K^~~~~~~~~~[m[K
[1.427s] [01m[K/home/yfu/projects/ros2-picas/rclcpp/src/rclcpp/scheduler.cpp:56:28:[m[K [01;31m[Kerror: [m[K‘[01m[Kgen[m[K’ was not declared in this scope
[1.427s]    56 |     int delay = delay_dist([01;31m[Kgen[m[K);
[1.427s]       |                            [01;31m[K^~~[m[K
[1.489s] make[2]: *** [CMakeFiles/rclcpp.dir/build.make:1117: CMakeFiles/rclcpp.dir/src/rclcpp/scheduler.cpp.o] Error 1
[1.490s] make[1]: *** [CMakeFiles/Makefile2:105: CMakeFiles/rclcpp.dir/all] Error 2
[1.491s] make: *** [Makefile:141: all] Error 2
[1.498s] Invoked command in '/home/yfu/projects/ros2-picas/build/rclcpp' returned '2': CMAKE_PREFIX_PATH=/home/yfu/projects/ros2-picas/install/test_msgs:/home/yfu/projects/ros2-picas/install/picas_example_mt:/home/yfu/projects/ros2-picas/install/picas_example:/home/yfu/projects/ros2-picas/install/trace_picas:/home/yfu/projects/ros2-picas/install/rclcpp:/opt/ros/galactic CONDA_PROMPT_MODIFIER=(base) LD_LIBRARY_PATH=/home/yfu/projects/ros2-picas/install/test_msgs/lib:/home/yfu/projects/ros2-picas/install/trace_picas/lib:/home/yfu/projects/ros2-picas/install/rclcpp/lib:/opt/ros/galactic/opt/yaml_cpp_vendor/lib:/opt/ros/galactic/lib/aarch64-linux-gnu:/opt/ros/galactic/lib /usr/bin/cmake --build /home/yfu/projects/ros2-picas/build/rclcpp -- -j6 -l6
