[0.381s] DEBUG:colcon:Command line arguments: ['/usr/bin/colcon', 'build', '--allow-overriding', 'rclcpp', '--cmake-args', '-DPICAS=TRUE']
[0.381s] DEBUG:colcon:Parsed command line arguments: Namespace(allow_overriding=['rclcpp'], ament_cmake_args=None, base_paths=['.'], build_base='build', catkin_cmake_args=None, catkin_skip_building_tests=False, cmake_args=['-DPICAS=TRUE'], cmake_clean_cache=False, cmake_clean_first=False, cmake_force_configure=False, cmake_target=None, cmake_target_skip_unavailable=False, continue_on_error=False, event_handlers=None, executor='parallel', ignore_user_meta=False, install_base='install', log_base=None, log_level=None, main=<bound method BuildVerb.main of <colcon_core.verb.build.BuildVerb object at 0xffffa14f8520>>, merge_install=False, metas=['./colcon.meta'], packages_above=None, packages_above_and_dependencies=None, packages_above_depth=None, packages_end=None, packages_ignore=None, packages_ignore_regex=None, packages_select=None, packages_select_build_failed=False, packages_select_by_dep=None, packages_select_regex=None, packages_select_test_failures=False, packages_skip=None, packages_skip_build_finished=False, packages_skip_by_dep=None, packages_skip_regex=None, packages_skip_test_passed=False, packages_skip_up_to=None, packages_start=None, packages_up_to=None, packages_up_to_regex=None, parallel_workers=6, paths=None, symlink_install=False, test_result_base=None, verb_extension=<colcon_core.verb.build.BuildVerb object at 0xffffa14f8520>, verb_name='build', verb_parser=<colcon_defaults.argument_parser.defaults.DefaultArgumentsDecorator object at 0xffffa1436a90>)
[0.670s] Level 1:colcon.colcon_core.package_discovery:discover_packages(colcon_meta) check parameters
[0.671s] Level 1:colcon.colcon_core.package_discovery:discover_packages(recursive) check parameters
[0.671s] Level 1:colcon.colcon_core.package_discovery:discover_packages(ignore) check parameters
[0.671s] Level 1:colcon.colcon_core.package_discovery:discover_packages(path) check parameters
[0.671s] Level 1:colcon.colcon_core.package_discovery:discover_packages(colcon_meta) discover
[0.671s] Level 1:colcon.colcon_core.package_discovery:discover_packages(recursive) discover
[0.672s] INFO:colcon.colcon_core.package_discovery:Crawling recursively for packages in '/home/yfu/projects/ros2-picas'
[0.672s] Level 1:colcon.colcon_core.package_identification:_identify(.) by extensions ['ignore', 'ignore_ament_install']
[0.672s] Level 1:colcon.colcon_core.package_identification:_identify(.) by extension 'ignore'
[0.672s] Level 1:colcon.colcon_core.package_identification:_identify(.) by extension 'ignore_ament_install'
[0.672s] Level 1:colcon.colcon_core.package_identification:_identify(.) by extensions ['colcon_pkg']
[0.672s] Level 1:colcon.colcon_core.package_identification:_identify(.) by extension 'colcon_pkg'
[0.673s] Level 1:colcon.colcon_core.package_identification:_identify(.) by extensions ['colcon_meta']
[0.673s] Level 1:colcon.colcon_core.package_identification:_identify(.) by extension 'colcon_meta'
[0.673s] Level 1:colcon.colcon_core.package_identification:_identify(.) by extensions ['ros']
[0.673s] Level 1:colcon.colcon_core.package_identification:_identify(.) by extension 'ros'
[0.696s] Level 1:colcon.colcon_core.package_identification:_identify(.) by extensions ['cmake', 'python']
[0.696s] Level 1:colcon.colcon_core.package_identification:_identify(.) by extension 'cmake'
[0.696s] Level 1:colcon.colcon_core.package_identification:_identify(.) by extension 'python'
[0.696s] Level 1:colcon.colcon_core.package_identification:_identify(.) by extensions ['python_setup_py']
[0.696s] Level 1:colcon.colcon_core.package_identification:_identify(.) by extension 'python_setup_py'
[0.697s] Level 1:colcon.colcon_core.package_identification:_identify(build) by extensions ['ignore', 'ignore_ament_install']
[0.697s] Level 1:colcon.colcon_core.package_identification:_identify(build) by extension 'ignore'
[0.697s] Level 1:colcon.colcon_core.package_identification:_identify(build) ignored
[0.698s] Level 1:colcon.colcon_core.package_identification:_identify(install) by extensions ['ignore', 'ignore_ament_install']
[0.698s] Level 1:colcon.colcon_core.package_identification:_identify(install) by extension 'ignore'
[0.698s] Level 1:colcon.colcon_core.package_identification:_identify(install) ignored
[0.698s] Level 1:colcon.colcon_core.package_identification:_identify(log) by extensions ['ignore', 'ignore_ament_install']
[0.698s] Level 1:colcon.colcon_core.package_identification:_identify(log) by extension 'ignore'
[0.698s] Level 1:colcon.colcon_core.package_identification:_identify(log) ignored
[0.699s] Level 1:colcon.colcon_core.package_identification:_identify(rclcpp) by extensions ['ignore', 'ignore_ament_install']
[0.699s] Level 1:colcon.colcon_core.package_identification:_identify(rclcpp) by extension 'ignore'
[0.699s] Level 1:colcon.colcon_core.package_identification:_identify(rclcpp) by extension 'ignore_ament_install'
[0.699s] Level 1:colcon.colcon_core.package_identification:_identify(rclcpp) by extensions ['colcon_pkg']
[0.699s] Level 1:colcon.colcon_core.package_identification:_identify(rclcpp) by extension 'colcon_pkg'
[0.699s] Level 1:colcon.colcon_core.package_identification:_identify(rclcpp) by extensions ['colcon_meta']
[0.699s] Level 1:colcon.colcon_core.package_identification:_identify(rclcpp) by extension 'colcon_meta'
[0.699s] Level 1:colcon.colcon_core.package_identification:_identify(rclcpp) by extensions ['ros']
[0.700s] Level 1:colcon.colcon_core.package_identification:_identify(rclcpp) by extension 'ros'
[0.710s] DEBUG:colcon.colcon_core.package_identification:Package 'rclcpp' with type 'ros.ament_cmake' and name 'rclcpp'
[0.710s] Level 1:colcon.colcon_core.package_identification:_identify(ros2-picas-example) by extensions ['ignore', 'ignore_ament_install']
[0.711s] Level 1:colcon.colcon_core.package_identification:_identify(ros2-picas-example) by extension 'ignore'
[0.711s] Level 1:colcon.colcon_core.package_identification:_identify(ros2-picas-example) by extension 'ignore_ament_install'
[0.711s] Level 1:colcon.colcon_core.package_identification:_identify(ros2-picas-example) by extensions ['colcon_pkg']
[0.711s] Level 1:colcon.colcon_core.package_identification:_identify(ros2-picas-example) by extension 'colcon_pkg'
[0.711s] Level 1:colcon.colcon_core.package_identification:_identify(ros2-picas-example) by extensions ['colcon_meta']
[0.711s] Level 1:colcon.colcon_core.package_identification:_identify(ros2-picas-example) by extension 'colcon_meta'
[0.711s] Level 1:colcon.colcon_core.package_identification:_identify(ros2-picas-example) by extensions ['ros']
[0.711s] Level 1:colcon.colcon_core.package_identification:_identify(ros2-picas-example) by extension 'ros'
[0.712s] Level 1:colcon.colcon_core.package_identification:_identify(ros2-picas-example) by extensions ['cmake', 'python']
[0.712s] Level 1:colcon.colcon_core.package_identification:_identify(ros2-picas-example) by extension 'cmake'
[0.712s] Level 1:colcon.colcon_core.package_identification:_identify(ros2-picas-example) by extension 'python'
[0.712s] Level 1:colcon.colcon_core.package_identification:_identify(ros2-picas-example) by extensions ['python_setup_py']
[0.712s] Level 1:colcon.colcon_core.package_identification:_identify(ros2-picas-example) by extension 'python_setup_py'
[0.712s] Level 1:colcon.colcon_core.package_identification:_identify(ros2-picas-example/picas-analysis) by extensions ['ignore', 'ignore_ament_install']
[0.712s] Level 1:colcon.colcon_core.package_identification:_identify(ros2-picas-example/picas-analysis) by extension 'ignore'
[0.712s] Level 1:colcon.colcon_core.package_identification:_identify(ros2-picas-example/picas-analysis) by extension 'ignore_ament_install'
[0.713s] Level 1:colcon.colcon_core.package_identification:_identify(ros2-picas-example/picas-analysis) by extensions ['colcon_pkg']
[0.713s] Level 1:colcon.colcon_core.package_identification:_identify(ros2-picas-example/picas-analysis) by extension 'colcon_pkg'
[0.713s] Level 1:colcon.colcon_core.package_identification:_identify(ros2-picas-example/picas-analysis) by extensions ['colcon_meta']
[0.713s] Level 1:colcon.colcon_core.package_identification:_identify(ros2-picas-example/picas-analysis) by extension 'colcon_meta'
[0.713s] Level 1:colcon.colcon_core.package_identification:_identify(ros2-picas-example/picas-analysis) by extensions ['ros']
[0.713s] Level 1:colcon.colcon_core.package_identification:_identify(ros2-picas-example/picas-analysis) by extension 'ros'
[0.713s] Level 1:colcon.colcon_core.package_identification:_identify(ros2-picas-example/picas-analysis) by extensions ['cmake', 'python']
[0.713s] Level 1:colcon.colcon_core.package_identification:_identify(ros2-picas-example/picas-analysis) by extension 'cmake'
[0.713s] Level 1:colcon.colcon_core.package_identification:_identify(ros2-picas-example/picas-analysis) by extension 'python'
[0.714s] Level 1:colcon.colcon_core.package_identification:_identify(ros2-picas-example/picas-analysis) by extensions ['python_setup_py']
[0.714s] Level 1:colcon.colcon_core.package_identification:_identify(ros2-picas-example/picas-analysis) by extension 'python_setup_py'
[0.714s] Level 1:colcon.colcon_core.package_identification:_identify(ros2-picas-example/picas_example) by extensions ['ignore', 'ignore_ament_install']
[0.714s] Level 1:colcon.colcon_core.package_identification:_identify(ros2-picas-example/picas_example) by extension 'ignore'
[0.714s] Level 1:colcon.colcon_core.package_identification:_identify(ros2-picas-example/picas_example) by extension 'ignore_ament_install'
[0.714s] Level 1:colcon.colcon_core.package_identification:_identify(ros2-picas-example/picas_example) by extensions ['colcon_pkg']
[0.714s] Level 1:colcon.colcon_core.package_identification:_identify(ros2-picas-example/picas_example) by extension 'colcon_pkg'
[0.714s] Level 1:colcon.colcon_core.package_identification:_identify(ros2-picas-example/picas_example) by extensions ['colcon_meta']
[0.715s] Level 1:colcon.colcon_core.package_identification:_identify(ros2-picas-example/picas_example) by extension 'colcon_meta'
[0.715s] Level 1:colcon.colcon_core.package_identification:_identify(ros2-picas-example/picas_example) by extensions ['ros']
[0.715s] Level 1:colcon.colcon_core.package_identification:_identify(ros2-picas-example/picas_example) by extension 'ros'
[0.716s] DEBUG:colcon.colcon_core.package_identification:Package 'ros2-picas-example/picas_example' with type 'ros.ament_cmake' and name 'picas_example'
[0.716s] Level 1:colcon.colcon_core.package_identification:_identify(ros2-picas-example/picas_example_mt) by extensions ['ignore', 'ignore_ament_install']
[0.717s] Level 1:colcon.colcon_core.package_identification:_identify(ros2-picas-example/picas_example_mt) by extension 'ignore'
[0.717s] Level 1:colcon.colcon_core.package_identification:_identify(ros2-picas-example/picas_example_mt) by extension 'ignore_ament_install'
[0.717s] Level 1:colcon.colcon_core.package_identification:_identify(ros2-picas-example/picas_example_mt) by extensions ['colcon_pkg']
[0.717s] Level 1:colcon.colcon_core.package_identification:_identify(ros2-picas-example/picas_example_mt) by extension 'colcon_pkg'
[0.717s] Level 1:colcon.colcon_core.package_identification:_identify(ros2-picas-example/picas_example_mt) by extensions ['colcon_meta']
[0.717s] Level 1:colcon.colcon_core.package_identification:_identify(ros2-picas-example/picas_example_mt) by extension 'colcon_meta'
[0.717s] Level 1:colcon.colcon_core.package_identification:_identify(ros2-picas-example/picas_example_mt) by extensions ['ros']
[0.717s] Level 1:colcon.colcon_core.package_identification:_identify(ros2-picas-example/picas_example_mt) by extension 'ros'
[0.719s] DEBUG:colcon.colcon_core.package_identification:Package 'ros2-picas-example/picas_example_mt' with type 'ros.ament_cmake' and name 'picas_example_mt'
[0.719s] Level 1:colcon.colcon_core.package_identification:_identify(ros2-picas-example/test_msgs) by extensions ['ignore', 'ignore_ament_install']
[0.719s] Level 1:colcon.colcon_core.package_identification:_identify(ros2-picas-example/test_msgs) by extension 'ignore'
[0.720s] Level 1:colcon.colcon_core.package_identification:_identify(ros2-picas-example/test_msgs) by extension 'ignore_ament_install'
[0.720s] Level 1:colcon.colcon_core.package_identification:_identify(ros2-picas-example/test_msgs) by extensions ['colcon_pkg']
[0.720s] Level 1:colcon.colcon_core.package_identification:_identify(ros2-picas-example/test_msgs) by extension 'colcon_pkg'
[0.720s] Level 1:colcon.colcon_core.package_identification:_identify(ros2-picas-example/test_msgs) by extensions ['colcon_meta']
[0.720s] Level 1:colcon.colcon_core.package_identification:_identify(ros2-picas-example/test_msgs) by extension 'colcon_meta'
[0.720s] Level 1:colcon.colcon_core.package_identification:_identify(ros2-picas-example/test_msgs) by extensions ['ros']
[0.720s] Level 1:colcon.colcon_core.package_identification:_identify(ros2-picas-example/test_msgs) by extension 'ros'
[0.721s] DEBUG:colcon.colcon_core.package_identification:Package 'ros2-picas-example/test_msgs' with type 'ros.ament_cmake' and name 'test_msgs'
[0.721s] Level 1:colcon.colcon_core.package_identification:_identify(ros2-picas-example/trace_picas) by extensions ['ignore', 'ignore_ament_install']
[0.722s] Level 1:colcon.colcon_core.package_identification:_identify(ros2-picas-example/trace_picas) by extension 'ignore'
[0.722s] Level 1:colcon.colcon_core.package_identification:_identify(ros2-picas-example/trace_picas) by extension 'ignore_ament_install'
[0.722s] Level 1:colcon.colcon_core.package_identification:_identify(ros2-picas-example/trace_picas) by extensions ['colcon_pkg']
[0.722s] Level 1:colcon.colcon_core.package_identification:_identify(ros2-picas-example/trace_picas) by extension 'colcon_pkg'
[0.722s] Level 1:colcon.colcon_core.package_identification:_identify(ros2-picas-example/trace_picas) by extensions ['colcon_meta']
[0.722s] Level 1:colcon.colcon_core.package_identification:_identify(ros2-picas-example/trace_picas) by extension 'colcon_meta'
[0.722s] Level 1:colcon.colcon_core.package_identification:_identify(ros2-picas-example/trace_picas) by extensions ['ros']
[0.722s] Level 1:colcon.colcon_core.package_identification:_identify(ros2-picas-example/trace_picas) by extension 'ros'
[0.723s] DEBUG:colcon.colcon_core.package_identification:Package 'ros2-picas-example/trace_picas' with type 'ros.ament_cmake' and name 'trace_picas'
[0.724s] Level 1:colcon.colcon_core.package_discovery:discover_packages(recursive) using defaults
[0.724s] Level 1:colcon.colcon_core.package_discovery:discover_packages(ignore) discover
[0.724s] Level 1:colcon.colcon_core.package_discovery:discover_packages(ignore) using defaults
[0.724s] Level 1:colcon.colcon_core.package_discovery:discover_packages(path) discover
[0.724s] Level 1:colcon.colcon_core.package_discovery:discover_packages(path) using defaults
[0.761s] Level 1:colcon.colcon_core.package_discovery:discover_packages(prefix_path) check parameters
[0.761s] Level 1:colcon.colcon_core.package_discovery:discover_packages(prefix_path) discover
[0.765s] DEBUG:colcon.colcon_installed_package_information.package_discovery:Found 173 installed packages in /opt/ros/galactic
[0.767s] Level 1:colcon.colcon_core.package_discovery:discover_packages(prefix_path) using defaults
[0.890s] Level 5:colcon.colcon_core.verb:set package 'test_msgs' build argument 'cmake_args' from command line to '['-DPICAS=TRUE']'
[0.891s] Level 5:colcon.colcon_core.verb:set package 'test_msgs' build argument 'cmake_target' from command line to 'None'
[0.891s] Level 5:colcon.colcon_core.verb:set package 'test_msgs' build argument 'cmake_target_skip_unavailable' from command line to 'False'
[0.891s] Level 5:colcon.colcon_core.verb:set package 'test_msgs' build argument 'cmake_clean_cache' from command line to 'False'
[0.891s] Level 5:colcon.colcon_core.verb:set package 'test_msgs' build argument 'cmake_clean_first' from command line to 'False'
[0.891s] Level 5:colcon.colcon_core.verb:set package 'test_msgs' build argument 'cmake_force_configure' from command line to 'False'
[0.891s] Level 5:colcon.colcon_core.verb:set package 'test_msgs' build argument 'ament_cmake_args' from command line to 'None'
[0.891s] Level 5:colcon.colcon_core.verb:set package 'test_msgs' build argument 'catkin_cmake_args' from command line to 'None'
[0.891s] Level 5:colcon.colcon_core.verb:set package 'test_msgs' build argument 'catkin_skip_building_tests' from command line to 'False'
[0.891s] DEBUG:colcon.colcon_core.verb:Building package 'test_msgs' with the following arguments: {'ament_cmake_args': None, 'build_base': '/home/yfu/projects/ros2-picas/build/test_msgs', 'catkin_cmake_args': None, 'catkin_skip_building_tests': False, 'cmake_args': ['-DPICAS=TRUE'], 'cmake_clean_cache': False, 'cmake_clean_first': False, 'cmake_force_configure': False, 'cmake_target': None, 'cmake_target_skip_unavailable': False, 'install_base': '/home/yfu/projects/ros2-picas/install/test_msgs', 'merge_install': False, 'path': '/home/yfu/projects/ros2-picas/ros2-picas-example/test_msgs', 'symlink_install': False, 'test_result_base': None}
[0.892s] Level 5:colcon.colcon_core.verb:set package 'rclcpp' build argument 'cmake_args' from command line to '['-DPICAS=TRUE']'
[0.892s] Level 5:colcon.colcon_core.verb:set package 'rclcpp' build argument 'cmake_target' from command line to 'None'
[0.892s] Level 5:colcon.colcon_core.verb:set package 'rclcpp' build argument 'cmake_target_skip_unavailable' from command line to 'False'
[0.892s] Level 5:colcon.colcon_core.verb:set package 'rclcpp' build argument 'cmake_clean_cache' from command line to 'False'
[0.892s] Level 5:colcon.colcon_core.verb:set package 'rclcpp' build argument 'cmake_clean_first' from command line to 'False'
[0.892s] Level 5:colcon.colcon_core.verb:set package 'rclcpp' build argument 'cmake_force_configure' from command line to 'False'
[0.892s] Level 5:colcon.colcon_core.verb:set package 'rclcpp' build argument 'ament_cmake_args' from command line to 'None'
[0.892s] Level 5:colcon.colcon_core.verb:set package 'rclcpp' build argument 'catkin_cmake_args' from command line to 'None'
[0.893s] Level 5:colcon.colcon_core.verb:set package 'rclcpp' build argument 'catkin_skip_building_tests' from command line to 'False'
[0.893s] DEBUG:colcon.colcon_core.verb:Building package 'rclcpp' with the following arguments: {'ament_cmake_args': None, 'build_base': '/home/yfu/projects/ros2-picas/build/rclcpp', 'catkin_cmake_args': None, 'catkin_skip_building_tests': False, 'cmake_args': ['-DPICAS=TRUE'], 'cmake_clean_cache': False, 'cmake_clean_first': False, 'cmake_force_configure': False, 'cmake_target': None, 'cmake_target_skip_unavailable': False, 'install_base': '/home/yfu/projects/ros2-picas/install/rclcpp', 'merge_install': False, 'path': '/home/yfu/projects/ros2-picas/rclcpp', 'symlink_install': False, 'test_result_base': None}
[0.893s] Level 5:colcon.colcon_core.verb:set package 'trace_picas' build argument 'cmake_args' from command line to '['-DPICAS=TRUE']'
[0.893s] Level 5:colcon.colcon_core.verb:set package 'trace_picas' build argument 'cmake_target' from command line to 'None'
[0.893s] Level 5:colcon.colcon_core.verb:set package 'trace_picas' build argument 'cmake_target_skip_unavailable' from command line to 'False'
[0.894s] Level 5:colcon.colcon_core.verb:set package 'trace_picas' build argument 'cmake_clean_cache' from command line to 'False'
[0.894s] Level 5:colcon.colcon_core.verb:set package 'trace_picas' build argument 'cmake_clean_first' from command line to 'False'
[0.894s] Level 5:colcon.colcon_core.verb:set package 'trace_picas' build argument 'cmake_force_configure' from command line to 'False'
[0.894s] Level 5:colcon.colcon_core.verb:set package 'trace_picas' build argument 'ament_cmake_args' from command line to 'None'
[0.894s] Level 5:colcon.colcon_core.verb:set package 'trace_picas' build argument 'catkin_cmake_args' from command line to 'None'
[0.894s] Level 5:colcon.colcon_core.verb:set package 'trace_picas' build argument 'catkin_skip_building_tests' from command line to 'False'
[0.894s] DEBUG:colcon.colcon_core.verb:Building package 'trace_picas' with the following arguments: {'ament_cmake_args': None, 'build_base': '/home/yfu/projects/ros2-picas/build/trace_picas', 'catkin_cmake_args': None, 'catkin_skip_building_tests': False, 'cmake_args': ['-DPICAS=TRUE'], 'cmake_clean_cache': False, 'cmake_clean_first': False, 'cmake_force_configure': False, 'cmake_target': None, 'cmake_target_skip_unavailable': False, 'install_base': '/home/yfu/projects/ros2-picas/install/trace_picas', 'merge_install': False, 'path': '/home/yfu/projects/ros2-picas/ros2-picas-example/trace_picas', 'symlink_install': False, 'test_result_base': None}
[0.895s] Level 5:colcon.colcon_core.verb:set package 'picas_example' build argument 'cmake_args' from command line to '['-DPICAS=TRUE']'
[0.895s] Level 5:colcon.colcon_core.verb:set package 'picas_example' build argument 'cmake_target' from command line to 'None'
[0.895s] Level 5:colcon.colcon_core.verb:set package 'picas_example' build argument 'cmake_target_skip_unavailable' from command line to 'False'
[0.895s] Level 5:colcon.colcon_core.verb:set package 'picas_example' build argument 'cmake_clean_cache' from command line to 'False'
[0.895s] Level 5:colcon.colcon_core.verb:set package 'picas_example' build argument 'cmake_clean_first' from command line to 'False'
[0.895s] Level 5:colcon.colcon_core.verb:set package 'picas_example' build argument 'cmake_force_configure' from command line to 'False'
[0.895s] Level 5:colcon.colcon_core.verb:set package 'picas_example' build argument 'ament_cmake_args' from command line to 'None'
[0.895s] Level 5:colcon.colcon_core.verb:set package 'picas_example' build argument 'catkin_cmake_args' from command line to 'None'
[0.895s] Level 5:colcon.colcon_core.verb:set package 'picas_example' build argument 'catkin_skip_building_tests' from command line to 'False'
[0.895s] DEBUG:colcon.colcon_core.verb:Building package 'picas_example' with the following arguments: {'ament_cmake_args': None, 'build_base': '/home/yfu/projects/ros2-picas/build/picas_example', 'catkin_cmake_args': None, 'catkin_skip_building_tests': False, 'cmake_args': ['-DPICAS=TRUE'], 'cmake_clean_cache': False, 'cmake_clean_first': False, 'cmake_force_configure': False, 'cmake_target': None, 'cmake_target_skip_unavailable': False, 'install_base': '/home/yfu/projects/ros2-picas/install/picas_example', 'merge_install': False, 'path': '/home/yfu/projects/ros2-picas/ros2-picas-example/picas_example', 'symlink_install': False, 'test_result_base': None}
[0.896s] Level 5:colcon.colcon_core.verb:set package 'picas_example_mt' build argument 'cmake_args' from command line to '['-DPICAS=TRUE']'
[0.896s] Level 5:colcon.colcon_core.verb:set package 'picas_example_mt' build argument 'cmake_target' from command line to 'None'
[0.896s] Level 5:colcon.colcon_core.verb:set package 'picas_example_mt' build argument 'cmake_target_skip_unavailable' from command line to 'False'
[0.896s] Level 5:colcon.colcon_core.verb:set package 'picas_example_mt' build argument 'cmake_clean_cache' from command line to 'False'
[0.896s] Level 5:colcon.colcon_core.verb:set package 'picas_example_mt' build argument 'cmake_clean_first' from command line to 'False'
[0.896s] Level 5:colcon.colcon_core.verb:set package 'picas_example_mt' build argument 'cmake_force_configure' from command line to 'False'
[0.896s] Level 5:colcon.colcon_core.verb:set package 'picas_example_mt' build argument 'ament_cmake_args' from command line to 'None'
[0.896s] Level 5:colcon.colcon_core.verb:set package 'picas_example_mt' build argument 'catkin_cmake_args' from command line to 'None'
[0.896s] Level 5:colcon.colcon_core.verb:set package 'picas_example_mt' build argument 'catkin_skip_building_tests' from command line to 'False'
[0.896s] DEBUG:colcon.colcon_core.verb:Building package 'picas_example_mt' with the following arguments: {'ament_cmake_args': None, 'build_base': '/home/yfu/projects/ros2-picas/build/picas_example_mt', 'catkin_cmake_args': None, 'catkin_skip_building_tests': False, 'cmake_args': ['-DPICAS=TRUE'], 'cmake_clean_cache': False, 'cmake_clean_first': False, 'cmake_force_configure': False, 'cmake_target': None, 'cmake_target_skip_unavailable': False, 'install_base': '/home/yfu/projects/ros2-picas/install/picas_example_mt', 'merge_install': False, 'path': '/home/yfu/projects/ros2-picas/ros2-picas-example/picas_example_mt', 'symlink_install': False, 'test_result_base': None}
[0.897s] INFO:colcon.colcon_core.executor:Executing jobs using 'parallel' executor
[0.900s] DEBUG:colcon.colcon_parallel_executor.executor.parallel:run_until_complete
[0.901s] INFO:colcon.colcon_ros.task.ament_cmake.build:Building ROS package in '/home/yfu/projects/ros2-picas/ros2-picas-example/test_msgs' with build type 'ament_cmake'
[0.901s] INFO:colcon.colcon_cmake.task.cmake.build:Building CMake package in '/home/yfu/projects/ros2-picas/ros2-picas-example/test_msgs'
[0.906s] INFO:colcon.colcon_core.plugin_system:Skipping extension 'colcon_core.shell.bat': Not used on non-Windows systems
[0.907s] INFO:colcon.colcon_core.shell:Skip shell extension 'powershell' for command environment: Not usable outside of PowerShell
[0.907s] DEBUG:colcon.colcon_core.shell:Skip shell extension 'dsv' for command environment
[0.936s] DEBUG:colcon.colcon_core.event_handler.log_command:Invoking command in '/home/yfu/projects/ros2-picas/build/test_msgs': CMAKE_PREFIX_PATH=/opt/ros/galactic CONDA_PROMPT_MODIFIER=(base) /usr/bin/cmake --build /home/yfu/projects/ros2-picas/build/test_msgs -- -j6 -l6
[1.541s] DEBUG:colcon.colcon_core.event_handler.log_command:Invoked command in '/home/yfu/projects/ros2-picas/build/test_msgs' returned '0': CMAKE_PREFIX_PATH=/opt/ros/galactic CONDA_PROMPT_MODIFIER=(base) /usr/bin/cmake --build /home/yfu/projects/ros2-picas/build/test_msgs -- -j6 -l6
[1.573s] DEBUG:colcon.colcon_core.event_handler.log_command:Invoking command in '/home/yfu/projects/ros2-picas/build/test_msgs': CMAKE_PREFIX_PATH=/opt/ros/galactic CONDA_PROMPT_MODIFIER=(base) /usr/bin/cmake --install /home/yfu/projects/ros2-picas/build/test_msgs
[1.696s] Level 1:colcon.colcon_core.environment:create_environment_scripts_only(test_msgs)
[1.699s] DEBUG:colcon.colcon_core.event_handler.log_command:Invoked command in '/home/yfu/projects/ros2-picas/build/test_msgs' returned '0': CMAKE_PREFIX_PATH=/opt/ros/galactic CONDA_PROMPT_MODIFIER=(base) /usr/bin/cmake --install /home/yfu/projects/ros2-picas/build/test_msgs
[1.710s] Level 1:colcon.colcon_core.environment:checking '/home/yfu/projects/ros2-picas/install/test_msgs' for CMake module files
[1.712s] Level 1:colcon.colcon_core.environment:checking '/home/yfu/projects/ros2-picas/install/test_msgs' for CMake config files
[1.713s] Level 1:colcon.colcon_core.shell:create_environment_hook('test_msgs', 'cmake_prefix_path')
[1.714s] INFO:colcon.colcon_core.shell:Creating environment hook '/home/yfu/projects/ros2-picas/install/test_msgs/share/test_msgs/hook/cmake_prefix_path.ps1'
[1.717s] INFO:colcon.colcon_core.shell:Creating environment descriptor '/home/yfu/projects/ros2-picas/install/test_msgs/share/test_msgs/hook/cmake_prefix_path.dsv'
[1.718s] INFO:colcon.colcon_core.shell:Creating environment hook '/home/yfu/projects/ros2-picas/install/test_msgs/share/test_msgs/hook/cmake_prefix_path.sh'
[1.721s] Level 1:colcon.colcon_core.environment:checking '/home/yfu/projects/ros2-picas/install/test_msgs/lib'
[1.721s] Level 1:colcon.colcon_core.shell:create_environment_hook('test_msgs', 'ld_library_path_lib')
[1.722s] INFO:colcon.colcon_core.shell:Creating environment hook '/home/yfu/projects/ros2-picas/install/test_msgs/share/test_msgs/hook/ld_library_path_lib.ps1'
[1.723s] INFO:colcon.colcon_core.shell:Creating environment descriptor '/home/yfu/projects/ros2-picas/install/test_msgs/share/test_msgs/hook/ld_library_path_lib.dsv'
[1.724s] INFO:colcon.colcon_core.shell:Creating environment hook '/home/yfu/projects/ros2-picas/install/test_msgs/share/test_msgs/hook/ld_library_path_lib.sh'
[1.725s] Level 1:colcon.colcon_core.environment:checking '/home/yfu/projects/ros2-picas/install/test_msgs/bin'
[1.725s] Level 1:colcon.colcon_core.environment:checking '/home/yfu/projects/ros2-picas/install/test_msgs/lib/pkgconfig/test_msgs.pc'
[1.725s] Level 1:colcon.colcon_core.environment:checking '/home/yfu/projects/ros2-picas/install/test_msgs/lib/python3.8/site-packages'
[1.726s] Level 1:colcon.colcon_core.shell:create_environment_hook('test_msgs', 'pythonpath')
[1.726s] INFO:colcon.colcon_core.shell:Creating environment hook '/home/yfu/projects/ros2-picas/install/test_msgs/share/test_msgs/hook/pythonpath.ps1'
[1.727s] INFO:colcon.colcon_core.shell:Creating environment descriptor '/home/yfu/projects/ros2-picas/install/test_msgs/share/test_msgs/hook/pythonpath.dsv'
[1.728s] INFO:colcon.colcon_core.shell:Creating environment hook '/home/yfu/projects/ros2-picas/install/test_msgs/share/test_msgs/hook/pythonpath.sh'
[1.730s] Level 1:colcon.colcon_core.environment:checking '/home/yfu/projects/ros2-picas/install/test_msgs/bin'
[1.731s] INFO:colcon.colcon_core.shell:Creating package script '/home/yfu/projects/ros2-picas/install/test_msgs/share/test_msgs/package.ps1'
[1.733s] INFO:colcon.colcon_core.shell:Creating package descriptor '/home/yfu/projects/ros2-picas/install/test_msgs/share/test_msgs/package.dsv'
[1.735s] INFO:colcon.colcon_core.shell:Creating package script '/home/yfu/projects/ros2-picas/install/test_msgs/share/test_msgs/package.sh'
[1.737s] INFO:colcon.colcon_core.shell:Creating package script '/home/yfu/projects/ros2-picas/install/test_msgs/share/test_msgs/package.bash'
[1.739s] INFO:colcon.colcon_core.shell:Creating package script '/home/yfu/projects/ros2-picas/install/test_msgs/share/test_msgs/package.zsh'
[1.741s] Level 1:colcon.colcon_core.environment:create_file_with_runtime_dependencies(/home/yfu/projects/ros2-picas/install/test_msgs/share/colcon-core/packages/test_msgs)
[1.743s] Level 1:colcon.colcon_core.environment:create_environment_scripts_only(test_msgs)
[1.743s] Level 1:colcon.colcon_core.environment:checking '/home/yfu/projects/ros2-picas/install/test_msgs' for CMake module files
[1.744s] Level 1:colcon.colcon_core.environment:checking '/home/yfu/projects/ros2-picas/install/test_msgs' for CMake config files
[1.745s] Level 1:colcon.colcon_core.shell:create_environment_hook('test_msgs', 'cmake_prefix_path')
[1.745s] INFO:colcon.colcon_core.shell:Creating environment hook '/home/yfu/projects/ros2-picas/install/test_msgs/share/test_msgs/hook/cmake_prefix_path.ps1'
[1.828s] INFO:colcon.colcon_core.shell:Creating environment descriptor '/home/yfu/projects/ros2-picas/install/test_msgs/share/test_msgs/hook/cmake_prefix_path.dsv'
[1.829s] INFO:colcon.colcon_core.shell:Creating environment hook '/home/yfu/projects/ros2-picas/install/test_msgs/share/test_msgs/hook/cmake_prefix_path.sh'
[1.831s] Level 1:colcon.colcon_core.environment:checking '/home/yfu/projects/ros2-picas/install/test_msgs/lib'
[1.831s] Level 1:colcon.colcon_core.shell:create_environment_hook('test_msgs', 'ld_library_path_lib')
[1.832s] INFO:colcon.colcon_core.shell:Creating environment hook '/home/yfu/projects/ros2-picas/install/test_msgs/share/test_msgs/hook/ld_library_path_lib.ps1'
[1.833s] INFO:colcon.colcon_core.shell:Creating environment descriptor '/home/yfu/projects/ros2-picas/install/test_msgs/share/test_msgs/hook/ld_library_path_lib.dsv'
[1.833s] INFO:colcon.colcon_core.shell:Creating environment hook '/home/yfu/projects/ros2-picas/install/test_msgs/share/test_msgs/hook/ld_library_path_lib.sh'
[1.834s] Level 1:colcon.colcon_core.environment:checking '/home/yfu/projects/ros2-picas/install/test_msgs/bin'
[1.834s] Level 1:colcon.colcon_core.environment:checking '/home/yfu/projects/ros2-picas/install/test_msgs/lib/pkgconfig/test_msgs.pc'
[1.835s] Level 1:colcon.colcon_core.environment:checking '/home/yfu/projects/ros2-picas/install/test_msgs/lib/python3.8/site-packages'
[1.835s] Level 1:colcon.colcon_core.shell:create_environment_hook('test_msgs', 'pythonpath')
[1.836s] INFO:colcon.colcon_core.shell:Creating environment hook '/home/yfu/projects/ros2-picas/install/test_msgs/share/test_msgs/hook/pythonpath.ps1'
[1.836s] INFO:colcon.colcon_core.shell:Creating environment descriptor '/home/yfu/projects/ros2-picas/install/test_msgs/share/test_msgs/hook/pythonpath.dsv'
[1.837s] INFO:colcon.colcon_core.shell:Creating environment hook '/home/yfu/projects/ros2-picas/install/test_msgs/share/test_msgs/hook/pythonpath.sh'
[1.839s] Level 1:colcon.colcon_core.environment:checking '/home/yfu/projects/ros2-picas/install/test_msgs/bin'
[1.840s] INFO:colcon.colcon_core.shell:Creating package script '/home/yfu/projects/ros2-picas/install/test_msgs/share/test_msgs/package.ps1'
[1.841s] INFO:colcon.colcon_core.shell:Creating package descriptor '/home/yfu/projects/ros2-picas/install/test_msgs/share/test_msgs/package.dsv'
[1.843s] INFO:colcon.colcon_core.shell:Creating package script '/home/yfu/projects/ros2-picas/install/test_msgs/share/test_msgs/package.sh'
[1.844s] INFO:colcon.colcon_core.shell:Creating package script '/home/yfu/projects/ros2-picas/install/test_msgs/share/test_msgs/package.bash'
[1.845s] INFO:colcon.colcon_core.shell:Creating package script '/home/yfu/projects/ros2-picas/install/test_msgs/share/test_msgs/package.zsh'
[1.846s] Level 1:colcon.colcon_core.environment:create_file_with_runtime_dependencies(/home/yfu/projects/ros2-picas/install/test_msgs/share/colcon-core/packages/test_msgs)
[1.848s] INFO:colcon.colcon_ros.task.ament_cmake.build:Building ROS package in '/home/yfu/projects/ros2-picas/rclcpp' with build type 'ament_cmake'
[1.848s] INFO:colcon.colcon_cmake.task.cmake.build:Building CMake package in '/home/yfu/projects/ros2-picas/rclcpp'
[1.849s] INFO:colcon.colcon_core.shell:Skip shell extension 'powershell' for command environment: Not usable outside of PowerShell
[1.850s] DEBUG:colcon.colcon_core.shell:Skip shell extension 'dsv' for command environment
[1.879s] DEBUG:colcon.colcon_core.event_handler.log_command:Invoking command in '/home/yfu/projects/ros2-picas/build/rclcpp': AMENT_PREFIX_PATH=/home/yfu/projects/ros2-picas/install/test_msgs:${AMENT_PREFIX_PATH} CMAKE_PREFIX_PATH=/home/yfu/projects/ros2-picas/install/test_msgs:/opt/ros/galactic CONDA_PROMPT_MODIFIER=(base) LD_LIBRARY_PATH=/home/yfu/projects/ros2-picas/install/test_msgs/lib:${LD_LIBRARY_PATH} PYTHONPATH=/home/yfu/projects/ros2-picas/install/test_msgs/lib/python3.8/site-packages:${PYTHONPATH} /usr/bin/cmake --build /home/yfu/projects/ros2-picas/build/rclcpp -- -j6 -l6
[8.503s] DEBUG:colcon.colcon_core.event_handler.log_command:Invoked command in '/home/yfu/projects/ros2-picas/build/rclcpp' returned '2': AMENT_PREFIX_PATH=/home/yfu/projects/ros2-picas/install/test_msgs:${AMENT_PREFIX_PATH} CMAKE_PREFIX_PATH=/home/yfu/projects/ros2-picas/install/test_msgs:/opt/ros/galactic CONDA_PROMPT_MODIFIER=(base) LD_LIBRARY_PATH=/home/yfu/projects/ros2-picas/install/test_msgs/lib:${LD_LIBRARY_PATH} PYTHONPATH=/home/yfu/projects/ros2-picas/install/test_msgs/lib/python3.8/site-packages:${PYTHONPATH} /usr/bin/cmake --build /home/yfu/projects/ros2-picas/build/rclcpp -- -j6 -l6
[8.505s] Level 1:colcon.colcon_core.environment:create_environment_scripts_only(rclcpp)
[8.505s] Level 1:colcon.colcon_core.environment:checking '/home/yfu/projects/ros2-picas/install/rclcpp' for CMake module files
[8.506s] Level 1:colcon.colcon_core.environment:checking '/home/yfu/projects/ros2-picas/install/rclcpp' for CMake config files
[8.507s] Level 1:colcon.colcon_core.shell:create_environment_hook('rclcpp', 'cmake_prefix_path')
[8.507s] INFO:colcon.colcon_core.shell:Creating environment hook '/home/yfu/projects/ros2-picas/install/rclcpp/share/rclcpp/hook/cmake_prefix_path.ps1'
[8.509s] INFO:colcon.colcon_core.shell:Creating environment descriptor '/home/yfu/projects/ros2-picas/install/rclcpp/share/rclcpp/hook/cmake_prefix_path.dsv'
[8.510s] INFO:colcon.colcon_core.shell:Creating environment hook '/home/yfu/projects/ros2-picas/install/rclcpp/share/rclcpp/hook/cmake_prefix_path.sh'
[8.513s] Level 1:colcon.colcon_core.environment:checking '/home/yfu/projects/ros2-picas/install/rclcpp/lib'
[8.513s] Level 1:colcon.colcon_core.shell:create_environment_hook('rclcpp', 'ld_library_path_lib')
[8.514s] INFO:colcon.colcon_core.shell:Creating environment hook '/home/yfu/projects/ros2-picas/install/rclcpp/share/rclcpp/hook/ld_library_path_lib.ps1'
[8.514s] INFO:colcon.colcon_core.shell:Creating environment descriptor '/home/yfu/projects/ros2-picas/install/rclcpp/share/rclcpp/hook/ld_library_path_lib.dsv'
[8.515s] INFO:colcon.colcon_core.shell:Creating environment hook '/home/yfu/projects/ros2-picas/install/rclcpp/share/rclcpp/hook/ld_library_path_lib.sh'
[8.516s] Level 1:colcon.colcon_core.environment:checking '/home/yfu/projects/ros2-picas/install/rclcpp/bin'
[8.516s] Level 1:colcon.colcon_core.environment:checking '/home/yfu/projects/ros2-picas/install/rclcpp/lib/pkgconfig/rclcpp.pc'
[8.517s] Level 1:colcon.colcon_core.environment:checking '/home/yfu/projects/ros2-picas/install/rclcpp/lib/python3.8/site-packages'
[8.517s] Level 1:colcon.colcon_core.environment:checking '/home/yfu/projects/ros2-picas/install/rclcpp/bin'
[8.518s] INFO:colcon.colcon_core.shell:Creating package script '/home/yfu/projects/ros2-picas/install/rclcpp/share/rclcpp/package.ps1'
[8.519s] INFO:colcon.colcon_core.shell:Creating package descriptor '/home/yfu/projects/ros2-picas/install/rclcpp/share/rclcpp/package.dsv'
[8.520s] INFO:colcon.colcon_core.shell:Creating package script '/home/yfu/projects/ros2-picas/install/rclcpp/share/rclcpp/package.sh'
[8.521s] INFO:colcon.colcon_core.shell:Creating package script '/home/yfu/projects/ros2-picas/install/rclcpp/share/rclcpp/package.bash'
[8.522s] INFO:colcon.colcon_core.shell:Creating package script '/home/yfu/projects/ros2-picas/install/rclcpp/share/rclcpp/package.zsh'
[8.523s] Level 1:colcon.colcon_core.environment:create_file_with_runtime_dependencies(/home/yfu/projects/ros2-picas/install/rclcpp/share/colcon-core/packages/rclcpp)
[8.535s] DEBUG:colcon.colcon_parallel_executor.executor.parallel:closing loop
[8.535s] DEBUG:colcon.colcon_parallel_executor.executor.parallel:loop closed
[8.535s] DEBUG:colcon.colcon_parallel_executor.executor.parallel:run_until_complete finished with '2'
[8.535s] DEBUG:colcon.colcon_core.event_reactor:joining thread
[8.549s] INFO:colcon.colcon_core.plugin_system:Skipping extension 'colcon_notification.desktop_notification.terminal_notifier': Not used on non-Darwin systems
[8.550s] INFO:colcon.colcon_core.plugin_system:Skipping extension 'colcon_notification.desktop_notification.win32': Not used on non-Windows systems
[8.550s] INFO:colcon.colcon_notification.desktop_notification:Sending desktop notification using 'notify2'
[8.582s] DEBUG:colcon.colcon_notification.desktop_notification.notify2:Failed to initialize notify2: org.freedesktop.DBus.Error.Spawn.ChildExited: Process org.freedesktop.Notifications exited with status 1
[8.583s] DEBUG:colcon.colcon_core.event_reactor:joined thread
[8.584s] INFO:colcon.colcon_core.shell:Creating prefix script '/home/yfu/projects/ros2-picas/install/local_setup.ps1'
[8.587s] INFO:colcon.colcon_core.shell:Creating prefix util module '/home/yfu/projects/ros2-picas/install/_local_setup_util_ps1.py'
[8.589s] INFO:colcon.colcon_core.shell:Creating prefix chain script '/home/yfu/projects/ros2-picas/install/setup.ps1'
[8.591s] INFO:colcon.colcon_core.shell:Creating prefix script '/home/yfu/projects/ros2-picas/install/local_setup.sh'
[8.593s] INFO:colcon.colcon_core.shell:Creating prefix util module '/home/yfu/projects/ros2-picas/install/_local_setup_util_sh.py'
[8.594s] INFO:colcon.colcon_core.shell:Creating prefix chain script '/home/yfu/projects/ros2-picas/install/setup.sh'
[8.596s] INFO:colcon.colcon_core.shell:Creating prefix script '/home/yfu/projects/ros2-picas/install/local_setup.bash'
[8.597s] INFO:colcon.colcon_core.shell:Creating prefix chain script '/home/yfu/projects/ros2-picas/install/setup.bash'
[8.598s] INFO:colcon.colcon_core.shell:Creating prefix script '/home/yfu/projects/ros2-picas/install/local_setup.zsh'
[8.599s] INFO:colcon.colcon_core.shell:Creating prefix chain script '/home/yfu/projects/ros2-picas/install/setup.zsh'
