[0.044s] Invoking command in '/home/yfu/projects/ros2-picas/build/picas_example_mt': AMENT_PREFIX_PATH=/home/yfu/projects/ros2-picas/install/trace_picas:/home/yfu/projects/ros2-picas/install/rclcpp:/home/yfu/projects/ros2-picas/install/test_msgs:${AMENT_PREFIX_PATH} CMAKE_PREFIX_PATH=/home/yfu/projects/ros2-picas/install/trace_picas:/home/yfu/projects/ros2-picas/install/rclcpp:/home/yfu/projects/ros2-picas/install/test_msgs:/opt/ros/galactic CONDA_PROMPT_MODIFIER=(base) LD_LIBRARY_PATH=/home/yfu/projects/ros2-picas/install/trace_picas/lib:/home/yfu/projects/ros2-picas/install/rclcpp/lib:/home/yfu/projects/ros2-picas/install/test_msgs/lib:${LD_LIBRARY_PATH} PYTHONPATH=/home/yfu/projects/ros2-picas/install/test_msgs/lib/python3.8/site-packages:${PYTHONPATH} /usr/bin/cmake --build /home/yfu/projects/ros2-picas/build/picas_example_mt -- -j6 -l6
[0.108s] -- Found ament_cmake: 1.1.6 (/opt/ros/galactic/share/ament_cmake/cmake)
[0.157s] -- Using PYTHON_EXECUTABLE: /usr/bin/python3
[0.308s] -- Found rclcpp: 9.2.0 (/home/yfu/projects/ros2-picas/install/rclcpp/share/rclcpp/cmake)
[0.370s] -- Using single rosidl_typesupport_c: rosidl_typesupport_introspection_c
[0.376s] -- Found rosidl_adapter: 2.2.3 (/opt/ros/galactic/share/rosidl_adapter/cmake)
[0.406s] -- Using single rosidl_typesupport_cpp: rosidl_typesupport_introspection_cpp
[0.508s] -- Found rmw_implementation_cmake: 3.3.1 (/opt/ros/galactic/share/rmw_implementation_cmake/cmake)
[0.511s] -- Found rmw_cyclonedds_cpp: 0.22.6 (/opt/ros/galactic/share/rmw_cyclonedds_cpp/cmake)
[0.544s] -- Using RMW implementation 'rmw_cyclonedds_cpp' as default
[0.799s] -- Found test_msgs: 1.0.0 (/home/yfu/projects/ros2-picas/install/test_msgs/share/test_msgs/cmake)
[0.829s] -- Found trace_picas: 0.0.0 (/home/yfu/projects/ros2-picas/install/trace_picas/share/trace_picas/cmake)
[0.845s] -- Found ament_lint_auto: 0.10.7 (/opt/ros/galactic/share/ament_lint_auto/cmake)
[1.005s] -- Added test 'copyright' to check source files copyright and LICENSE
[1.006s] -- Added test 'cppcheck' to perform static code analysis on C / C++ code
[1.006s] -- Configured cppcheck include dirs: 
[1.007s] -- Configured cppcheck exclude dirs and/or files: 
[1.007s] -- Added test 'cpplint' to check C / C++ code against the Google style
[1.007s] -- Configured cpplint exclude dirs and/or files: 
[1.008s] -- Added test 'lint_cmake' to check CMake code style
[1.010s] -- Added test 'uncrustify' to check C / C++ code style
[1.010s] -- Configured uncrustify additional arguments: 
[1.010s] -- Added test 'xmllint' to check XML markup files
[1.017s] -- Configuring done
[1.047s] -- Generating done
[1.132s] -- Build files have been written to: /home/yfu/projects/ros2-picas/build/picas_example_mt
[1.206s] [35m[1mScanning dependencies of target example_mt[0m
[1.268s] [ 50%] [32mBuilding CXX object CMakeFiles/example_mt.dir/src/example_mt.cpp.o[0m
[21.767s] [100%] [32m[1mLinking CXX executable example_mt[0m
[24.718s] [100%] Built target example_mt
