[0.383s] DEBUG:colcon:Command line arguments: ['/usr/bin/colcon', 'build', '--allow-overriding', 'rclcpp', '--cmake-args', '-DPICAS=TRUE']
[0.384s] DEBUG:colcon:Parsed command line arguments: Namespace(allow_overriding=['rclcpp'], ament_cmake_args=None, base_paths=['.'], build_base='build', catkin_cmake_args=None, catkin_skip_building_tests=False, cmake_args=['-DPICAS=TRUE'], cmake_clean_cache=False, cmake_clean_first=False, cmake_force_configure=False, cmake_target=None, cmake_target_skip_unavailable=False, continue_on_error=False, event_handlers=None, executor='parallel', ignore_user_meta=False, install_base='install', log_base=None, log_level=None, main=<bound method BuildVerb.main of <colcon_core.verb.build.BuildVerb object at 0xffffb0e09520>>, merge_install=False, metas=['./colcon.meta'], packages_above=None, packages_above_and_dependencies=None, packages_above_depth=None, packages_end=None, packages_ignore=None, packages_ignore_regex=None, packages_select=None, packages_select_build_failed=False, packages_select_by_dep=None, packages_select_regex=None, packages_select_test_failures=False, packages_skip=None, packages_skip_build_finished=False, packages_skip_by_dep=None, packages_skip_regex=None, packages_skip_test_passed=False, packages_skip_up_to=None, packages_start=None, packages_up_to=None, packages_up_to_regex=None, parallel_workers=6, paths=None, symlink_install=False, test_result_base=None, verb_extension=<colcon_core.verb.build.BuildVerb object at 0xffffb0e09520>, verb_name='build', verb_parser=<colcon_defaults.argument_parser.defaults.DefaultArgumentsDecorator object at 0xffffb0d47a90>)
[0.672s] Level 1:colcon.colcon_core.package_discovery:discover_packages(colcon_meta) check parameters
[0.672s] Level 1:colcon.colcon_core.package_discovery:discover_packages(recursive) check parameters
[0.672s] Level 1:colcon.colcon_core.package_discovery:discover_packages(ignore) check parameters
[0.673s] Level 1:colcon.colcon_core.package_discovery:discover_packages(path) check parameters
[0.673s] Level 1:colcon.colcon_core.package_discovery:discover_packages(colcon_meta) discover
[0.673s] Level 1:colcon.colcon_core.package_discovery:discover_packages(recursive) discover
[0.673s] INFO:colcon.colcon_core.package_discovery:Crawling recursively for packages in '/home/yfu/projects/ros2-picas'
[0.673s] Level 1:colcon.colcon_core.package_identification:_identify(.) by extensions ['ignore', 'ignore_ament_install']
[0.674s] Level 1:colcon.colcon_core.package_identification:_identify(.) by extension 'ignore'
[0.674s] Level 1:colcon.colcon_core.package_identification:_identify(.) by extension 'ignore_ament_install'
[0.674s] Level 1:colcon.colcon_core.package_identification:_identify(.) by extensions ['colcon_pkg']
[0.674s] Level 1:colcon.colcon_core.package_identification:_identify(.) by extension 'colcon_pkg'
[0.674s] Level 1:colcon.colcon_core.package_identification:_identify(.) by extensions ['colcon_meta']
[0.674s] Level 1:colcon.colcon_core.package_identification:_identify(.) by extension 'colcon_meta'
[0.674s] Level 1:colcon.colcon_core.package_identification:_identify(.) by extensions ['ros']
[0.674s] Level 1:colcon.colcon_core.package_identification:_identify(.) by extension 'ros'
[0.697s] Level 1:colcon.colcon_core.package_identification:_identify(.) by extensions ['cmake', 'python']
[0.698s] Level 1:colcon.colcon_core.package_identification:_identify(.) by extension 'cmake'
[0.698s] Level 1:colcon.colcon_core.package_identification:_identify(.) by extension 'python'
[0.698s] Level 1:colcon.colcon_core.package_identification:_identify(.) by extensions ['python_setup_py']
[0.698s] Level 1:colcon.colcon_core.package_identification:_identify(.) by extension 'python_setup_py'
[0.698s] Level 1:colcon.colcon_core.package_identification:_identify(build) by extensions ['ignore', 'ignore_ament_install']
[0.699s] Level 1:colcon.colcon_core.package_identification:_identify(build) by extension 'ignore'
[0.699s] Level 1:colcon.colcon_core.package_identification:_identify(build) ignored
[0.699s] Level 1:colcon.colcon_core.package_identification:_identify(install) by extensions ['ignore', 'ignore_ament_install']
[0.699s] Level 1:colcon.colcon_core.package_identification:_identify(install) by extension 'ignore'
[0.699s] Level 1:colcon.colcon_core.package_identification:_identify(install) ignored
[0.700s] Level 1:colcon.colcon_core.package_identification:_identify(log) by extensions ['ignore', 'ignore_ament_install']
[0.700s] Level 1:colcon.colcon_core.package_identification:_identify(log) by extension 'ignore'
[0.700s] Level 1:colcon.colcon_core.package_identification:_identify(log) ignored
[0.700s] Level 1:colcon.colcon_core.package_identification:_identify(rclcpp) by extensions ['ignore', 'ignore_ament_install']
[0.700s] Level 1:colcon.colcon_core.package_identification:_identify(rclcpp) by extension 'ignore'
[0.700s] Level 1:colcon.colcon_core.package_identification:_identify(rclcpp) by extension 'ignore_ament_install'
[0.701s] Level 1:colcon.colcon_core.package_identification:_identify(rclcpp) by extensions ['colcon_pkg']
[0.701s] Level 1:colcon.colcon_core.package_identification:_identify(rclcpp) by extension 'colcon_pkg'
[0.701s] Level 1:colcon.colcon_core.package_identification:_identify(rclcpp) by extensions ['colcon_meta']
[0.701s] Level 1:colcon.colcon_core.package_identification:_identify(rclcpp) by extension 'colcon_meta'
[0.701s] Level 1:colcon.colcon_core.package_identification:_identify(rclcpp) by extensions ['ros']
[0.701s] Level 1:colcon.colcon_core.package_identification:_identify(rclcpp) by extension 'ros'
[0.712s] DEBUG:colcon.colcon_core.package_identification:Package 'rclcpp' with type 'ros.ament_cmake' and name 'rclcpp'
[0.712s] Level 1:colcon.colcon_core.package_identification:_identify(ros2-picas-example) by extensions ['ignore', 'ignore_ament_install']
[0.712s] Level 1:colcon.colcon_core.package_identification:_identify(ros2-picas-example) by extension 'ignore'
[0.712s] Level 1:colcon.colcon_core.package_identification:_identify(ros2-picas-example) by extension 'ignore_ament_install'
[0.713s] Level 1:colcon.colcon_core.package_identification:_identify(ros2-picas-example) by extensions ['colcon_pkg']
[0.713s] Level 1:colcon.colcon_core.package_identification:_identify(ros2-picas-example) by extension 'colcon_pkg'
[0.713s] Level 1:colcon.colcon_core.package_identification:_identify(ros2-picas-example) by extensions ['colcon_meta']
[0.713s] Level 1:colcon.colcon_core.package_identification:_identify(ros2-picas-example) by extension 'colcon_meta'
[0.713s] Level 1:colcon.colcon_core.package_identification:_identify(ros2-picas-example) by extensions ['ros']
[0.713s] Level 1:colcon.colcon_core.package_identification:_identify(ros2-picas-example) by extension 'ros'
[0.713s] Level 1:colcon.colcon_core.package_identification:_identify(ros2-picas-example) by extensions ['cmake', 'python']
[0.713s] Level 1:colcon.colcon_core.package_identification:_identify(ros2-picas-example) by extension 'cmake'
[0.713s] Level 1:colcon.colcon_core.package_identification:_identify(ros2-picas-example) by extension 'python'
[0.713s] Level 1:colcon.colcon_core.package_identification:_identify(ros2-picas-example) by extensions ['python_setup_py']
[0.714s] Level 1:colcon.colcon_core.package_identification:_identify(ros2-picas-example) by extension 'python_setup_py'
[0.714s] Level 1:colcon.colcon_core.package_identification:_identify(ros2-picas-example/picas-analysis) by extensions ['ignore', 'ignore_ament_install']
[0.714s] Level 1:colcon.colcon_core.package_identification:_identify(ros2-picas-example/picas-analysis) by extension 'ignore'
[0.714s] Level 1:colcon.colcon_core.package_identification:_identify(ros2-picas-example/picas-analysis) by extension 'ignore_ament_install'
[0.714s] Level 1:colcon.colcon_core.package_identification:_identify(ros2-picas-example/picas-analysis) by extensions ['colcon_pkg']
[0.714s] Level 1:colcon.colcon_core.package_identification:_identify(ros2-picas-example/picas-analysis) by extension 'colcon_pkg'
[0.714s] Level 1:colcon.colcon_core.package_identification:_identify(ros2-picas-example/picas-analysis) by extensions ['colcon_meta']
[0.715s] Level 1:colcon.colcon_core.package_identification:_identify(ros2-picas-example/picas-analysis) by extension 'colcon_meta'
[0.715s] Level 1:colcon.colcon_core.package_identification:_identify(ros2-picas-example/picas-analysis) by extensions ['ros']
[0.715s] Level 1:colcon.colcon_core.package_identification:_identify(ros2-picas-example/picas-analysis) by extension 'ros'
[0.715s] Level 1:colcon.colcon_core.package_identification:_identify(ros2-picas-example/picas-analysis) by extensions ['cmake', 'python']
[0.715s] Level 1:colcon.colcon_core.package_identification:_identify(ros2-picas-example/picas-analysis) by extension 'cmake'
[0.715s] Level 1:colcon.colcon_core.package_identification:_identify(ros2-picas-example/picas-analysis) by extension 'python'
[0.715s] Level 1:colcon.colcon_core.package_identification:_identify(ros2-picas-example/picas-analysis) by extensions ['python_setup_py']
[0.715s] Level 1:colcon.colcon_core.package_identification:_identify(ros2-picas-example/picas-analysis) by extension 'python_setup_py'
[0.715s] Level 1:colcon.colcon_core.package_identification:_identify(ros2-picas-example/picas_example) by extensions ['ignore', 'ignore_ament_install']
[0.716s] Level 1:colcon.colcon_core.package_identification:_identify(ros2-picas-example/picas_example) by extension 'ignore'
[0.716s] Level 1:colcon.colcon_core.package_identification:_identify(ros2-picas-example/picas_example) by extension 'ignore_ament_install'
[0.716s] Level 1:colcon.colcon_core.package_identification:_identify(ros2-picas-example/picas_example) by extensions ['colcon_pkg']
[0.716s] Level 1:colcon.colcon_core.package_identification:_identify(ros2-picas-example/picas_example) by extension 'colcon_pkg'
[0.716s] Level 1:colcon.colcon_core.package_identification:_identify(ros2-picas-example/picas_example) by extensions ['colcon_meta']
[0.716s] Level 1:colcon.colcon_core.package_identification:_identify(ros2-picas-example/picas_example) by extension 'colcon_meta'
[0.716s] Level 1:colcon.colcon_core.package_identification:_identify(ros2-picas-example/picas_example) by extensions ['ros']
[0.716s] Level 1:colcon.colcon_core.package_identification:_identify(ros2-picas-example/picas_example) by extension 'ros'
[0.718s] DEBUG:colcon.colcon_core.package_identification:Package 'ros2-picas-example/picas_example' with type 'ros.ament_cmake' and name 'picas_example'
[0.718s] Level 1:colcon.colcon_core.package_identification:_identify(ros2-picas-example/picas_example_mt) by extensions ['ignore', 'ignore_ament_install']
[0.718s] Level 1:colcon.colcon_core.package_identification:_identify(ros2-picas-example/picas_example_mt) by extension 'ignore'
[0.718s] Level 1:colcon.colcon_core.package_identification:_identify(ros2-picas-example/picas_example_mt) by extension 'ignore_ament_install'
[0.718s] Level 1:colcon.colcon_core.package_identification:_identify(ros2-picas-example/picas_example_mt) by extensions ['colcon_pkg']
[0.719s] Level 1:colcon.colcon_core.package_identification:_identify(ros2-picas-example/picas_example_mt) by extension 'colcon_pkg'
[0.719s] Level 1:colcon.colcon_core.package_identification:_identify(ros2-picas-example/picas_example_mt) by extensions ['colcon_meta']
[0.719s] Level 1:colcon.colcon_core.package_identification:_identify(ros2-picas-example/picas_example_mt) by extension 'colcon_meta'
[0.719s] Level 1:colcon.colcon_core.package_identification:_identify(ros2-picas-example/picas_example_mt) by extensions ['ros']
[0.719s] Level 1:colcon.colcon_core.package_identification:_identify(ros2-picas-example/picas_example_mt) by extension 'ros'
[0.720s] DEBUG:colcon.colcon_core.package_identification:Package 'ros2-picas-example/picas_example_mt' with type 'ros.ament_cmake' and name 'picas_example_mt'
[0.721s] Level 1:colcon.colcon_core.package_identification:_identify(ros2-picas-example/test_msgs) by extensions ['ignore', 'ignore_ament_install']
[0.721s] Level 1:colcon.colcon_core.package_identification:_identify(ros2-picas-example/test_msgs) by extension 'ignore'
[0.721s] Level 1:colcon.colcon_core.package_identification:_identify(ros2-picas-example/test_msgs) by extension 'ignore_ament_install'
[0.721s] Level 1:colcon.colcon_core.package_identification:_identify(ros2-picas-example/test_msgs) by extensions ['colcon_pkg']
[0.721s] Level 1:colcon.colcon_core.package_identification:_identify(ros2-picas-example/test_msgs) by extension 'colcon_pkg'
[0.721s] Level 1:colcon.colcon_core.package_identification:_identify(ros2-picas-example/test_msgs) by extensions ['colcon_meta']
[0.722s] Level 1:colcon.colcon_core.package_identification:_identify(ros2-picas-example/test_msgs) by extension 'colcon_meta'
[0.722s] Level 1:colcon.colcon_core.package_identification:_identify(ros2-picas-example/test_msgs) by extensions ['ros']
[0.722s] Level 1:colcon.colcon_core.package_identification:_identify(ros2-picas-example/test_msgs) by extension 'ros'
[0.723s] DEBUG:colcon.colcon_core.package_identification:Package 'ros2-picas-example/test_msgs' with type 'ros.ament_cmake' and name 'test_msgs'
[0.723s] Level 1:colcon.colcon_core.package_identification:_identify(ros2-picas-example/trace_picas) by extensions ['ignore', 'ignore_ament_install']
[0.723s] Level 1:colcon.colcon_core.package_identification:_identify(ros2-picas-example/trace_picas) by extension 'ignore'
[0.723s] Level 1:colcon.colcon_core.package_identification:_identify(ros2-picas-example/trace_picas) by extension 'ignore_ament_install'
[0.723s] Level 1:colcon.colcon_core.package_identification:_identify(ros2-picas-example/trace_picas) by extensions ['colcon_pkg']
[0.724s] Level 1:colcon.colcon_core.package_identification:_identify(ros2-picas-example/trace_picas) by extension 'colcon_pkg'
[0.724s] Level 1:colcon.colcon_core.package_identification:_identify(ros2-picas-example/trace_picas) by extensions ['colcon_meta']
[0.724s] Level 1:colcon.colcon_core.package_identification:_identify(ros2-picas-example/trace_picas) by extension 'colcon_meta'
[0.724s] Level 1:colcon.colcon_core.package_identification:_identify(ros2-picas-example/trace_picas) by extensions ['ros']
[0.724s] Level 1:colcon.colcon_core.package_identification:_identify(ros2-picas-example/trace_picas) by extension 'ros'
[0.725s] DEBUG:colcon.colcon_core.package_identification:Package 'ros2-picas-example/trace_picas' with type 'ros.ament_cmake' and name 'trace_picas'
[0.725s] Level 1:colcon.colcon_core.package_discovery:discover_packages(recursive) using defaults
[0.725s] Level 1:colcon.colcon_core.package_discovery:discover_packages(ignore) discover
[0.725s] Level 1:colcon.colcon_core.package_discovery:discover_packages(ignore) using defaults
[0.725s] Level 1:colcon.colcon_core.package_discovery:discover_packages(path) discover
[0.725s] Level 1:colcon.colcon_core.package_discovery:discover_packages(path) using defaults
[0.762s] Level 1:colcon.colcon_core.package_discovery:discover_packages(prefix_path) check parameters
[0.763s] Level 1:colcon.colcon_core.package_discovery:discover_packages(prefix_path) discover
[0.767s] DEBUG:colcon.colcon_installed_package_information.package_discovery:Found 173 installed packages in /opt/ros/galactic
[0.769s] Level 1:colcon.colcon_core.package_discovery:discover_packages(prefix_path) using defaults
[0.892s] Level 5:colcon.colcon_core.verb:set package 'test_msgs' build argument 'cmake_args' from command line to '['-DPICAS=TRUE']'
[0.892s] Level 5:colcon.colcon_core.verb:set package 'test_msgs' build argument 'cmake_target' from command line to 'None'
[0.892s] Level 5:colcon.colcon_core.verb:set package 'test_msgs' build argument 'cmake_target_skip_unavailable' from command line to 'False'
[0.892s] Level 5:colcon.colcon_core.verb:set package 'test_msgs' build argument 'cmake_clean_cache' from command line to 'False'
[0.892s] Level 5:colcon.colcon_core.verb:set package 'test_msgs' build argument 'cmake_clean_first' from command line to 'False'
[0.892s] Level 5:colcon.colcon_core.verb:set package 'test_msgs' build argument 'cmake_force_configure' from command line to 'False'
[0.893s] Level 5:colcon.colcon_core.verb:set package 'test_msgs' build argument 'ament_cmake_args' from command line to 'None'
[0.893s] Level 5:colcon.colcon_core.verb:set package 'test_msgs' build argument 'catkin_cmake_args' from command line to 'None'
[0.893s] Level 5:colcon.colcon_core.verb:set package 'test_msgs' build argument 'catkin_skip_building_tests' from command line to 'False'
[0.893s] DEBUG:colcon.colcon_core.verb:Building package 'test_msgs' with the following arguments: {'ament_cmake_args': None, 'build_base': '/home/yfu/projects/ros2-picas/build/test_msgs', 'catkin_cmake_args': None, 'catkin_skip_building_tests': False, 'cmake_args': ['-DPICAS=TRUE'], 'cmake_clean_cache': False, 'cmake_clean_first': False, 'cmake_force_configure': False, 'cmake_target': None, 'cmake_target_skip_unavailable': False, 'install_base': '/home/yfu/projects/ros2-picas/install/test_msgs', 'merge_install': False, 'path': '/home/yfu/projects/ros2-picas/ros2-picas-example/test_msgs', 'symlink_install': False, 'test_result_base': None}
[0.894s] Level 5:colcon.colcon_core.verb:set package 'rclcpp' build argument 'cmake_args' from command line to '['-DPICAS=TRUE']'
[0.894s] Level 5:colcon.colcon_core.verb:set package 'rclcpp' build argument 'cmake_target' from command line to 'None'
[0.894s] Level 5:colcon.colcon_core.verb:set package 'rclcpp' build argument 'cmake_target_skip_unavailable' from command line to 'False'
[0.894s] Level 5:colcon.colcon_core.verb:set package 'rclcpp' build argument 'cmake_clean_cache' from command line to 'False'
[0.894s] Level 5:colcon.colcon_core.verb:set package 'rclcpp' build argument 'cmake_clean_first' from command line to 'False'
[0.894s] Level 5:colcon.colcon_core.verb:set package 'rclcpp' build argument 'cmake_force_configure' from command line to 'False'
[0.894s] Level 5:colcon.colcon_core.verb:set package 'rclcpp' build argument 'ament_cmake_args' from command line to 'None'
[0.894s] Level 5:colcon.colcon_core.verb:set package 'rclcpp' build argument 'catkin_cmake_args' from command line to 'None'
[0.894s] Level 5:colcon.colcon_core.verb:set package 'rclcpp' build argument 'catkin_skip_building_tests' from command line to 'False'
[0.894s] DEBUG:colcon.colcon_core.verb:Building package 'rclcpp' with the following arguments: {'ament_cmake_args': None, 'build_base': '/home/yfu/projects/ros2-picas/build/rclcpp', 'catkin_cmake_args': None, 'catkin_skip_building_tests': False, 'cmake_args': ['-DPICAS=TRUE'], 'cmake_clean_cache': False, 'cmake_clean_first': False, 'cmake_force_configure': False, 'cmake_target': None, 'cmake_target_skip_unavailable': False, 'install_base': '/home/yfu/projects/ros2-picas/install/rclcpp', 'merge_install': False, 'path': '/home/yfu/projects/ros2-picas/rclcpp', 'symlink_install': False, 'test_result_base': None}
[0.895s] Level 5:colcon.colcon_core.verb:set package 'trace_picas' build argument 'cmake_args' from command line to '['-DPICAS=TRUE']'
[0.895s] Level 5:colcon.colcon_core.verb:set package 'trace_picas' build argument 'cmake_target' from command line to 'None'
[0.895s] Level 5:colcon.colcon_core.verb:set package 'trace_picas' build argument 'cmake_target_skip_unavailable' from command line to 'False'
[0.895s] Level 5:colcon.colcon_core.verb:set package 'trace_picas' build argument 'cmake_clean_cache' from command line to 'False'
[0.895s] Level 5:colcon.colcon_core.verb:set package 'trace_picas' build argument 'cmake_clean_first' from command line to 'False'
[0.895s] Level 5:colcon.colcon_core.verb:set package 'trace_picas' build argument 'cmake_force_configure' from command line to 'False'
[0.895s] Level 5:colcon.colcon_core.verb:set package 'trace_picas' build argument 'ament_cmake_args' from command line to 'None'
[0.895s] Level 5:colcon.colcon_core.verb:set package 'trace_picas' build argument 'catkin_cmake_args' from command line to 'None'
[0.895s] Level 5:colcon.colcon_core.verb:set package 'trace_picas' build argument 'catkin_skip_building_tests' from command line to 'False'
[0.895s] DEBUG:colcon.colcon_core.verb:Building package 'trace_picas' with the following arguments: {'ament_cmake_args': None, 'build_base': '/home/yfu/projects/ros2-picas/build/trace_picas', 'catkin_cmake_args': None, 'catkin_skip_building_tests': False, 'cmake_args': ['-DPICAS=TRUE'], 'cmake_clean_cache': False, 'cmake_clean_first': False, 'cmake_force_configure': False, 'cmake_target': None, 'cmake_target_skip_unavailable': False, 'install_base': '/home/yfu/projects/ros2-picas/install/trace_picas', 'merge_install': False, 'path': '/home/yfu/projects/ros2-picas/ros2-picas-example/trace_picas', 'symlink_install': False, 'test_result_base': None}
[0.896s] Level 5:colcon.colcon_core.verb:set package 'picas_example' build argument 'cmake_args' from command line to '['-DPICAS=TRUE']'
[0.896s] Level 5:colcon.colcon_core.verb:set package 'picas_example' build argument 'cmake_target' from command line to 'None'
[0.896s] Level 5:colcon.colcon_core.verb:set package 'picas_example' build argument 'cmake_target_skip_unavailable' from command line to 'False'
[0.896s] Level 5:colcon.colcon_core.verb:set package 'picas_example' build argument 'cmake_clean_cache' from command line to 'False'
[0.896s] Level 5:colcon.colcon_core.verb:set package 'picas_example' build argument 'cmake_clean_first' from command line to 'False'
[0.896s] Level 5:colcon.colcon_core.verb:set package 'picas_example' build argument 'cmake_force_configure' from command line to 'False'
[0.896s] Level 5:colcon.colcon_core.verb:set package 'picas_example' build argument 'ament_cmake_args' from command line to 'None'
[0.897s] Level 5:colcon.colcon_core.verb:set package 'picas_example' build argument 'catkin_cmake_args' from command line to 'None'
[0.897s] Level 5:colcon.colcon_core.verb:set package 'picas_example' build argument 'catkin_skip_building_tests' from command line to 'False'
[0.897s] DEBUG:colcon.colcon_core.verb:Building package 'picas_example' with the following arguments: {'ament_cmake_args': None, 'build_base': '/home/yfu/projects/ros2-picas/build/picas_example', 'catkin_cmake_args': None, 'catkin_skip_building_tests': False, 'cmake_args': ['-DPICAS=TRUE'], 'cmake_clean_cache': False, 'cmake_clean_first': False, 'cmake_force_configure': False, 'cmake_target': None, 'cmake_target_skip_unavailable': False, 'install_base': '/home/yfu/projects/ros2-picas/install/picas_example', 'merge_install': False, 'path': '/home/yfu/projects/ros2-picas/ros2-picas-example/picas_example', 'symlink_install': False, 'test_result_base': None}
[0.897s] Level 5:colcon.colcon_core.verb:set package 'picas_example_mt' build argument 'cmake_args' from command line to '['-DPICAS=TRUE']'
[0.897s] Level 5:colcon.colcon_core.verb:set package 'picas_example_mt' build argument 'cmake_target' from command line to 'None'
[0.897s] Level 5:colcon.colcon_core.verb:set package 'picas_example_mt' build argument 'cmake_target_skip_unavailable' from command line to 'False'
[0.898s] Level 5:colcon.colcon_core.verb:set package 'picas_example_mt' build argument 'cmake_clean_cache' from command line to 'False'
[0.898s] Level 5:colcon.colcon_core.verb:set package 'picas_example_mt' build argument 'cmake_clean_first' from command line to 'False'
[0.898s] Level 5:colcon.colcon_core.verb:set package 'picas_example_mt' build argument 'cmake_force_configure' from command line to 'False'
[0.898s] Level 5:colcon.colcon_core.verb:set package 'picas_example_mt' build argument 'ament_cmake_args' from command line to 'None'
[0.898s] Level 5:colcon.colcon_core.verb:set package 'picas_example_mt' build argument 'catkin_cmake_args' from command line to 'None'
[0.898s] Level 5:colcon.colcon_core.verb:set package 'picas_example_mt' build argument 'catkin_skip_building_tests' from command line to 'False'
[0.898s] DEBUG:colcon.colcon_core.verb:Building package 'picas_example_mt' with the following arguments: {'ament_cmake_args': None, 'build_base': '/home/yfu/projects/ros2-picas/build/picas_example_mt', 'catkin_cmake_args': None, 'catkin_skip_building_tests': False, 'cmake_args': ['-DPICAS=TRUE'], 'cmake_clean_cache': False, 'cmake_clean_first': False, 'cmake_force_configure': False, 'cmake_target': None, 'cmake_target_skip_unavailable': False, 'install_base': '/home/yfu/projects/ros2-picas/install/picas_example_mt', 'merge_install': False, 'path': '/home/yfu/projects/ros2-picas/ros2-picas-example/picas_example_mt', 'symlink_install': False, 'test_result_base': None}
[0.898s] INFO:colcon.colcon_core.executor:Executing jobs using 'parallel' executor
[0.902s] DEBUG:colcon.colcon_parallel_executor.executor.parallel:run_until_complete
[0.902s] INFO:colcon.colcon_ros.task.ament_cmake.build:Building ROS package in '/home/yfu/projects/ros2-picas/ros2-picas-example/test_msgs' with build type 'ament_cmake'
[0.903s] INFO:colcon.colcon_cmake.task.cmake.build:Building CMake package in '/home/yfu/projects/ros2-picas/ros2-picas-example/test_msgs'
[0.907s] INFO:colcon.colcon_core.plugin_system:Skipping extension 'colcon_core.shell.bat': Not used on non-Windows systems
[0.908s] INFO:colcon.colcon_core.shell:Skip shell extension 'powershell' for command environment: Not usable outside of PowerShell
[0.908s] DEBUG:colcon.colcon_core.shell:Skip shell extension 'dsv' for command environment
[0.946s] DEBUG:colcon.colcon_core.event_handler.log_command:Invoking command in '/home/yfu/projects/ros2-picas/build/test_msgs': CMAKE_PREFIX_PATH=/opt/ros/galactic CONDA_PROMPT_MODIFIER=(base) /usr/bin/cmake --build /home/yfu/projects/ros2-picas/build/test_msgs -- -j6 -l6
[1.461s] DEBUG:colcon.colcon_core.event_handler.log_command:Invoked command in '/home/yfu/projects/ros2-picas/build/test_msgs' returned '0': CMAKE_PREFIX_PATH=/opt/ros/galactic CONDA_PROMPT_MODIFIER=(base) /usr/bin/cmake --build /home/yfu/projects/ros2-picas/build/test_msgs -- -j6 -l6
[1.510s] DEBUG:colcon.colcon_core.event_handler.log_command:Invoking command in '/home/yfu/projects/ros2-picas/build/test_msgs': CMAKE_PREFIX_PATH=/opt/ros/galactic CONDA_PROMPT_MODIFIER=(base) /usr/bin/cmake --install /home/yfu/projects/ros2-picas/build/test_msgs
[1.633s] Level 1:colcon.colcon_core.environment:create_environment_scripts_only(test_msgs)
[1.636s] DEBUG:colcon.colcon_core.event_handler.log_command:Invoked command in '/home/yfu/projects/ros2-picas/build/test_msgs' returned '0': CMAKE_PREFIX_PATH=/opt/ros/galactic CONDA_PROMPT_MODIFIER=(base) /usr/bin/cmake --install /home/yfu/projects/ros2-picas/build/test_msgs
[1.644s] Level 1:colcon.colcon_core.environment:checking '/home/yfu/projects/ros2-picas/install/test_msgs' for CMake module files
[1.646s] Level 1:colcon.colcon_core.environment:checking '/home/yfu/projects/ros2-picas/install/test_msgs' for CMake config files
[1.647s] Level 1:colcon.colcon_core.shell:create_environment_hook('test_msgs', 'cmake_prefix_path')
[1.648s] INFO:colcon.colcon_core.shell:Creating environment hook '/home/yfu/projects/ros2-picas/install/test_msgs/share/test_msgs/hook/cmake_prefix_path.ps1'
[1.652s] INFO:colcon.colcon_core.shell:Creating environment descriptor '/home/yfu/projects/ros2-picas/install/test_msgs/share/test_msgs/hook/cmake_prefix_path.dsv'
[1.653s] INFO:colcon.colcon_core.shell:Creating environment hook '/home/yfu/projects/ros2-picas/install/test_msgs/share/test_msgs/hook/cmake_prefix_path.sh'
[1.657s] Level 1:colcon.colcon_core.environment:checking '/home/yfu/projects/ros2-picas/install/test_msgs/lib'
[1.658s] Level 1:colcon.colcon_core.shell:create_environment_hook('test_msgs', 'ld_library_path_lib')
[1.658s] INFO:colcon.colcon_core.shell:Creating environment hook '/home/yfu/projects/ros2-picas/install/test_msgs/share/test_msgs/hook/ld_library_path_lib.ps1'
[1.659s] INFO:colcon.colcon_core.shell:Creating environment descriptor '/home/yfu/projects/ros2-picas/install/test_msgs/share/test_msgs/hook/ld_library_path_lib.dsv'
[1.660s] INFO:colcon.colcon_core.shell:Creating environment hook '/home/yfu/projects/ros2-picas/install/test_msgs/share/test_msgs/hook/ld_library_path_lib.sh'
[1.661s] Level 1:colcon.colcon_core.environment:checking '/home/yfu/projects/ros2-picas/install/test_msgs/bin'
[1.661s] Level 1:colcon.colcon_core.environment:checking '/home/yfu/projects/ros2-picas/install/test_msgs/lib/pkgconfig/test_msgs.pc'
[1.662s] Level 1:colcon.colcon_core.environment:checking '/home/yfu/projects/ros2-picas/install/test_msgs/lib/python3.8/site-packages'
[1.662s] Level 1:colcon.colcon_core.shell:create_environment_hook('test_msgs', 'pythonpath')
[1.663s] INFO:colcon.colcon_core.shell:Creating environment hook '/home/yfu/projects/ros2-picas/install/test_msgs/share/test_msgs/hook/pythonpath.ps1'
[1.663s] INFO:colcon.colcon_core.shell:Creating environment descriptor '/home/yfu/projects/ros2-picas/install/test_msgs/share/test_msgs/hook/pythonpath.dsv'
[1.664s] INFO:colcon.colcon_core.shell:Creating environment hook '/home/yfu/projects/ros2-picas/install/test_msgs/share/test_msgs/hook/pythonpath.sh'
[1.665s] Level 1:colcon.colcon_core.environment:checking '/home/yfu/projects/ros2-picas/install/test_msgs/bin'
[1.666s] INFO:colcon.colcon_core.shell:Creating package script '/home/yfu/projects/ros2-picas/install/test_msgs/share/test_msgs/package.ps1'
[1.668s] INFO:colcon.colcon_core.shell:Creating package descriptor '/home/yfu/projects/ros2-picas/install/test_msgs/share/test_msgs/package.dsv'
[1.669s] INFO:colcon.colcon_core.shell:Creating package script '/home/yfu/projects/ros2-picas/install/test_msgs/share/test_msgs/package.sh'
[1.671s] INFO:colcon.colcon_core.shell:Creating package script '/home/yfu/projects/ros2-picas/install/test_msgs/share/test_msgs/package.bash'
[1.672s] INFO:colcon.colcon_core.shell:Creating package script '/home/yfu/projects/ros2-picas/install/test_msgs/share/test_msgs/package.zsh'
[1.674s] Level 1:colcon.colcon_core.environment:create_file_with_runtime_dependencies(/home/yfu/projects/ros2-picas/install/test_msgs/share/colcon-core/packages/test_msgs)
[1.675s] Level 1:colcon.colcon_core.environment:create_environment_scripts_only(test_msgs)
[1.676s] Level 1:colcon.colcon_core.environment:checking '/home/yfu/projects/ros2-picas/install/test_msgs' for CMake module files
[1.677s] Level 1:colcon.colcon_core.environment:checking '/home/yfu/projects/ros2-picas/install/test_msgs' for CMake config files
[1.678s] Level 1:colcon.colcon_core.shell:create_environment_hook('test_msgs', 'cmake_prefix_path')
[1.678s] INFO:colcon.colcon_core.shell:Creating environment hook '/home/yfu/projects/ros2-picas/install/test_msgs/share/test_msgs/hook/cmake_prefix_path.ps1'
[1.792s] INFO:colcon.colcon_core.shell:Creating environment descriptor '/home/yfu/projects/ros2-picas/install/test_msgs/share/test_msgs/hook/cmake_prefix_path.dsv'
[1.794s] INFO:colcon.colcon_core.shell:Creating environment hook '/home/yfu/projects/ros2-picas/install/test_msgs/share/test_msgs/hook/cmake_prefix_path.sh'
[1.795s] Level 1:colcon.colcon_core.environment:checking '/home/yfu/projects/ros2-picas/install/test_msgs/lib'
[1.796s] Level 1:colcon.colcon_core.shell:create_environment_hook('test_msgs', 'ld_library_path_lib')
[1.796s] INFO:colcon.colcon_core.shell:Creating environment hook '/home/yfu/projects/ros2-picas/install/test_msgs/share/test_msgs/hook/ld_library_path_lib.ps1'
[1.797s] INFO:colcon.colcon_core.shell:Creating environment descriptor '/home/yfu/projects/ros2-picas/install/test_msgs/share/test_msgs/hook/ld_library_path_lib.dsv'
[1.798s] INFO:colcon.colcon_core.shell:Creating environment hook '/home/yfu/projects/ros2-picas/install/test_msgs/share/test_msgs/hook/ld_library_path_lib.sh'
[1.799s] Level 1:colcon.colcon_core.environment:checking '/home/yfu/projects/ros2-picas/install/test_msgs/bin'
[1.799s] Level 1:colcon.colcon_core.environment:checking '/home/yfu/projects/ros2-picas/install/test_msgs/lib/pkgconfig/test_msgs.pc'
[1.799s] Level 1:colcon.colcon_core.environment:checking '/home/yfu/projects/ros2-picas/install/test_msgs/lib/python3.8/site-packages'
[1.799s] Level 1:colcon.colcon_core.shell:create_environment_hook('test_msgs', 'pythonpath')
[1.800s] INFO:colcon.colcon_core.shell:Creating environment hook '/home/yfu/projects/ros2-picas/install/test_msgs/share/test_msgs/hook/pythonpath.ps1'
[1.801s] INFO:colcon.colcon_core.shell:Creating environment descriptor '/home/yfu/projects/ros2-picas/install/test_msgs/share/test_msgs/hook/pythonpath.dsv'
[1.801s] INFO:colcon.colcon_core.shell:Creating environment hook '/home/yfu/projects/ros2-picas/install/test_msgs/share/test_msgs/hook/pythonpath.sh'
[1.803s] Level 1:colcon.colcon_core.environment:checking '/home/yfu/projects/ros2-picas/install/test_msgs/bin'
[1.803s] INFO:colcon.colcon_core.shell:Creating package script '/home/yfu/projects/ros2-picas/install/test_msgs/share/test_msgs/package.ps1'
[1.805s] INFO:colcon.colcon_core.shell:Creating package descriptor '/home/yfu/projects/ros2-picas/install/test_msgs/share/test_msgs/package.dsv'
[1.806s] INFO:colcon.colcon_core.shell:Creating package script '/home/yfu/projects/ros2-picas/install/test_msgs/share/test_msgs/package.sh'
[1.807s] INFO:colcon.colcon_core.shell:Creating package script '/home/yfu/projects/ros2-picas/install/test_msgs/share/test_msgs/package.bash'
[1.807s] INFO:colcon.colcon_core.shell:Creating package script '/home/yfu/projects/ros2-picas/install/test_msgs/share/test_msgs/package.zsh'
[1.808s] Level 1:colcon.colcon_core.environment:create_file_with_runtime_dependencies(/home/yfu/projects/ros2-picas/install/test_msgs/share/colcon-core/packages/test_msgs)
[1.810s] INFO:colcon.colcon_ros.task.ament_cmake.build:Building ROS package in '/home/yfu/projects/ros2-picas/rclcpp' with build type 'ament_cmake'
[1.810s] INFO:colcon.colcon_cmake.task.cmake.build:Building CMake package in '/home/yfu/projects/ros2-picas/rclcpp'
[1.811s] INFO:colcon.colcon_core.shell:Skip shell extension 'powershell' for command environment: Not usable outside of PowerShell
[1.811s] DEBUG:colcon.colcon_core.shell:Skip shell extension 'dsv' for command environment
[1.841s] DEBUG:colcon.colcon_core.event_handler.log_command:Invoking command in '/home/yfu/projects/ros2-picas/build/rclcpp': AMENT_PREFIX_PATH=/home/yfu/projects/ros2-picas/install/test_msgs:${AMENT_PREFIX_PATH} CMAKE_PREFIX_PATH=/home/yfu/projects/ros2-picas/install/test_msgs:/opt/ros/galactic CONDA_PROMPT_MODIFIER=(base) LD_LIBRARY_PATH=/home/yfu/projects/ros2-picas/install/test_msgs/lib:${LD_LIBRARY_PATH} PYTHONPATH=/home/yfu/projects/ros2-picas/install/test_msgs/lib/python3.8/site-packages:${PYTHONPATH} /usr/bin/cmake --build /home/yfu/projects/ros2-picas/build/rclcpp -- -j6 -l6
[12.342s] DEBUG:colcon.colcon_core.event_handler.log_command:Invoked command in '/home/yfu/projects/ros2-picas/build/rclcpp' returned '0': AMENT_PREFIX_PATH=/home/yfu/projects/ros2-picas/install/test_msgs:${AMENT_PREFIX_PATH} CMAKE_PREFIX_PATH=/home/yfu/projects/ros2-picas/install/test_msgs:/opt/ros/galactic CONDA_PROMPT_MODIFIER=(base) LD_LIBRARY_PATH=/home/yfu/projects/ros2-picas/install/test_msgs/lib:${LD_LIBRARY_PATH} PYTHONPATH=/home/yfu/projects/ros2-picas/install/test_msgs/lib/python3.8/site-packages:${PYTHONPATH} /usr/bin/cmake --build /home/yfu/projects/ros2-picas/build/rclcpp -- -j6 -l6
[12.353s] DEBUG:colcon.colcon_core.event_handler.log_command:Invoking command in '/home/yfu/projects/ros2-picas/build/rclcpp': AMENT_PREFIX_PATH=/home/yfu/projects/ros2-picas/install/test_msgs:${AMENT_PREFIX_PATH} CMAKE_PREFIX_PATH=/home/yfu/projects/ros2-picas/install/test_msgs:/opt/ros/galactic CONDA_PROMPT_MODIFIER=(base) LD_LIBRARY_PATH=/home/yfu/projects/ros2-picas/install/test_msgs/lib:${LD_LIBRARY_PATH} PYTHONPATH=/home/yfu/projects/ros2-picas/install/test_msgs/lib/python3.8/site-packages:${PYTHONPATH} /usr/bin/cmake --install /home/yfu/projects/ros2-picas/build/rclcpp
[12.460s] Level 1:colcon.colcon_core.environment:create_environment_scripts_only(rclcpp)
[12.462s] Level 1:colcon.colcon_core.environment:checking '/home/yfu/projects/ros2-picas/install/rclcpp' for CMake module files
[12.465s] Level 1:colcon.colcon_core.environment:checking '/home/yfu/projects/ros2-picas/install/rclcpp' for CMake config files
[12.467s] Level 1:colcon.colcon_core.shell:create_environment_hook('rclcpp', 'cmake_prefix_path')
[12.467s] INFO:colcon.colcon_core.shell:Creating environment hook '/home/yfu/projects/ros2-picas/install/rclcpp/share/rclcpp/hook/cmake_prefix_path.ps1'
[12.470s] INFO:colcon.colcon_core.shell:Creating environment descriptor '/home/yfu/projects/ros2-picas/install/rclcpp/share/rclcpp/hook/cmake_prefix_path.dsv'
[12.471s] INFO:colcon.colcon_core.shell:Creating environment hook '/home/yfu/projects/ros2-picas/install/rclcpp/share/rclcpp/hook/cmake_prefix_path.sh'
[12.474s] Level 1:colcon.colcon_core.environment:checking '/home/yfu/projects/ros2-picas/install/rclcpp/lib'
[12.474s] Level 1:colcon.colcon_core.shell:create_environment_hook('rclcpp', 'ld_library_path_lib')
[12.475s] INFO:colcon.colcon_core.shell:Creating environment hook '/home/yfu/projects/ros2-picas/install/rclcpp/share/rclcpp/hook/ld_library_path_lib.ps1'
[12.476s] INFO:colcon.colcon_core.shell:Creating environment descriptor '/home/yfu/projects/ros2-picas/install/rclcpp/share/rclcpp/hook/ld_library_path_lib.dsv'
[12.478s] INFO:colcon.colcon_core.shell:Creating environment hook '/home/yfu/projects/ros2-picas/install/rclcpp/share/rclcpp/hook/ld_library_path_lib.sh'
[12.479s] Level 1:colcon.colcon_core.environment:checking '/home/yfu/projects/ros2-picas/install/rclcpp/bin'
[12.479s] Level 1:colcon.colcon_core.environment:checking '/home/yfu/projects/ros2-picas/install/rclcpp/lib/pkgconfig/rclcpp.pc'
[12.480s] Level 1:colcon.colcon_core.environment:checking '/home/yfu/projects/ros2-picas/install/rclcpp/lib/python3.8/site-packages'
[12.481s] Level 1:colcon.colcon_core.environment:checking '/home/yfu/projects/ros2-picas/install/rclcpp/bin'
[12.482s] INFO:colcon.colcon_core.shell:Creating package script '/home/yfu/projects/ros2-picas/install/rclcpp/share/rclcpp/package.ps1'
[12.484s] INFO:colcon.colcon_core.shell:Creating package descriptor '/home/yfu/projects/ros2-picas/install/rclcpp/share/rclcpp/package.dsv'
[12.486s] INFO:colcon.colcon_core.shell:Creating package script '/home/yfu/projects/ros2-picas/install/rclcpp/share/rclcpp/package.sh'
[12.488s] INFO:colcon.colcon_core.shell:Creating package script '/home/yfu/projects/ros2-picas/install/rclcpp/share/rclcpp/package.bash'
[12.489s] INFO:colcon.colcon_core.shell:Creating package script '/home/yfu/projects/ros2-picas/install/rclcpp/share/rclcpp/package.zsh'
[12.491s] Level 1:colcon.colcon_core.environment:create_file_with_runtime_dependencies(/home/yfu/projects/ros2-picas/install/rclcpp/share/colcon-core/packages/rclcpp)
[12.491s] DEBUG:colcon.colcon_core.event_handler.log_command:Invoked command in '/home/yfu/projects/ros2-picas/build/rclcpp' returned '0': AMENT_PREFIX_PATH=/home/yfu/projects/ros2-picas/install/test_msgs:${AMENT_PREFIX_PATH} CMAKE_PREFIX_PATH=/home/yfu/projects/ros2-picas/install/test_msgs:/opt/ros/galactic CONDA_PROMPT_MODIFIER=(base) LD_LIBRARY_PATH=/home/yfu/projects/ros2-picas/install/test_msgs/lib:${LD_LIBRARY_PATH} PYTHONPATH=/home/yfu/projects/ros2-picas/install/test_msgs/lib/python3.8/site-packages:${PYTHONPATH} /usr/bin/cmake --install /home/yfu/projects/ros2-picas/build/rclcpp
[12.493s] Level 1:colcon.colcon_core.environment:create_environment_scripts_only(rclcpp)
[12.493s] Level 1:colcon.colcon_core.environment:checking '/home/yfu/projects/ros2-picas/install/rclcpp' for CMake module files
[12.494s] Level 1:colcon.colcon_core.environment:checking '/home/yfu/projects/ros2-picas/install/rclcpp' for CMake config files
[12.495s] Level 1:colcon.colcon_core.shell:create_environment_hook('rclcpp', 'cmake_prefix_path')
[12.495s] INFO:colcon.colcon_core.shell:Creating environment hook '/home/yfu/projects/ros2-picas/install/rclcpp/share/rclcpp/hook/cmake_prefix_path.ps1'
[12.615s] INFO:colcon.colcon_core.shell:Creating environment descriptor '/home/yfu/projects/ros2-picas/install/rclcpp/share/rclcpp/hook/cmake_prefix_path.dsv'
[12.617s] INFO:colcon.colcon_core.shell:Creating environment hook '/home/yfu/projects/ros2-picas/install/rclcpp/share/rclcpp/hook/cmake_prefix_path.sh'
[12.619s] Level 1:colcon.colcon_core.environment:checking '/home/yfu/projects/ros2-picas/install/rclcpp/lib'
[12.619s] Level 1:colcon.colcon_core.shell:create_environment_hook('rclcpp', 'ld_library_path_lib')
[12.620s] INFO:colcon.colcon_core.shell:Creating environment hook '/home/yfu/projects/ros2-picas/install/rclcpp/share/rclcpp/hook/ld_library_path_lib.ps1'
[12.621s] INFO:colcon.colcon_core.shell:Creating environment descriptor '/home/yfu/projects/ros2-picas/install/rclcpp/share/rclcpp/hook/ld_library_path_lib.dsv'
[12.622s] INFO:colcon.colcon_core.shell:Creating environment hook '/home/yfu/projects/ros2-picas/install/rclcpp/share/rclcpp/hook/ld_library_path_lib.sh'
[12.623s] Level 1:colcon.colcon_core.environment:checking '/home/yfu/projects/ros2-picas/install/rclcpp/bin'
[12.623s] Level 1:colcon.colcon_core.environment:checking '/home/yfu/projects/ros2-picas/install/rclcpp/lib/pkgconfig/rclcpp.pc'
[12.624s] Level 1:colcon.colcon_core.environment:checking '/home/yfu/projects/ros2-picas/install/rclcpp/lib/python3.8/site-packages'
[12.624s] Level 1:colcon.colcon_core.environment:checking '/home/yfu/projects/ros2-picas/install/rclcpp/bin'
[12.625s] INFO:colcon.colcon_core.shell:Creating package script '/home/yfu/projects/ros2-picas/install/rclcpp/share/rclcpp/package.ps1'
[12.626s] INFO:colcon.colcon_core.shell:Creating package descriptor '/home/yfu/projects/ros2-picas/install/rclcpp/share/rclcpp/package.dsv'
[12.627s] INFO:colcon.colcon_core.shell:Creating package script '/home/yfu/projects/ros2-picas/install/rclcpp/share/rclcpp/package.sh'
[12.628s] INFO:colcon.colcon_core.shell:Creating package script '/home/yfu/projects/ros2-picas/install/rclcpp/share/rclcpp/package.bash'
[12.629s] INFO:colcon.colcon_core.shell:Creating package script '/home/yfu/projects/ros2-picas/install/rclcpp/share/rclcpp/package.zsh'
[12.630s] Level 1:colcon.colcon_core.environment:create_file_with_runtime_dependencies(/home/yfu/projects/ros2-picas/install/rclcpp/share/colcon-core/packages/rclcpp)
[12.632s] INFO:colcon.colcon_ros.task.ament_cmake.build:Building ROS package in '/home/yfu/projects/ros2-picas/ros2-picas-example/trace_picas' with build type 'ament_cmake'
[12.632s] INFO:colcon.colcon_cmake.task.cmake.build:Building CMake package in '/home/yfu/projects/ros2-picas/ros2-picas-example/trace_picas'
[12.633s] INFO:colcon.colcon_core.shell:Skip shell extension 'powershell' for command environment: Not usable outside of PowerShell
[12.633s] DEBUG:colcon.colcon_core.shell:Skip shell extension 'dsv' for command environment
[12.671s] DEBUG:colcon.colcon_core.event_handler.log_command:Invoking command in '/home/yfu/projects/ros2-picas/build/trace_picas': AMENT_PREFIX_PATH=/home/yfu/projects/ros2-picas/install/rclcpp:/home/yfu/projects/ros2-picas/install/test_msgs:${AMENT_PREFIX_PATH} CMAKE_PREFIX_PATH=/home/yfu/projects/ros2-picas/install/rclcpp:/home/yfu/projects/ros2-picas/install/test_msgs:/opt/ros/galactic CONDA_PROMPT_MODIFIER=(base) LD_LIBRARY_PATH=/home/yfu/projects/ros2-picas/install/rclcpp/lib:/home/yfu/projects/ros2-picas/install/test_msgs/lib:${LD_LIBRARY_PATH} PYTHONPATH=/home/yfu/projects/ros2-picas/install/test_msgs/lib/python3.8/site-packages:${PYTHONPATH} /usr/bin/cmake --build /home/yfu/projects/ros2-picas/build/trace_picas -- -j6 -l6
[12.829s] DEBUG:colcon.colcon_core.event_handler.log_command:Invoked command in '/home/yfu/projects/ros2-picas/build/trace_picas' returned '0': AMENT_PREFIX_PATH=/home/yfu/projects/ros2-picas/install/rclcpp:/home/yfu/projects/ros2-picas/install/test_msgs:${AMENT_PREFIX_PATH} CMAKE_PREFIX_PATH=/home/yfu/projects/ros2-picas/install/rclcpp:/home/yfu/projects/ros2-picas/install/test_msgs:/opt/ros/galactic CONDA_PROMPT_MODIFIER=(base) LD_LIBRARY_PATH=/home/yfu/projects/ros2-picas/install/rclcpp/lib:/home/yfu/projects/ros2-picas/install/test_msgs/lib:${LD_LIBRARY_PATH} PYTHONPATH=/home/yfu/projects/ros2-picas/install/test_msgs/lib/python3.8/site-packages:${PYTHONPATH} /usr/bin/cmake --build /home/yfu/projects/ros2-picas/build/trace_picas -- -j6 -l6
[12.842s] DEBUG:colcon.colcon_core.event_handler.log_command:Invoking command in '/home/yfu/projects/ros2-picas/build/trace_picas': AMENT_PREFIX_PATH=/home/yfu/projects/ros2-picas/install/rclcpp:/home/yfu/projects/ros2-picas/install/test_msgs:${AMENT_PREFIX_PATH} CMAKE_PREFIX_PATH=/home/yfu/projects/ros2-picas/install/rclcpp:/home/yfu/projects/ros2-picas/install/test_msgs:/opt/ros/galactic CONDA_PROMPT_MODIFIER=(base) LD_LIBRARY_PATH=/home/yfu/projects/ros2-picas/install/rclcpp/lib:/home/yfu/projects/ros2-picas/install/test_msgs/lib:${LD_LIBRARY_PATH} PYTHONPATH=/home/yfu/projects/ros2-picas/install/test_msgs/lib/python3.8/site-packages:${PYTHONPATH} /usr/bin/cmake --install /home/yfu/projects/ros2-picas/build/trace_picas
[12.878s] Level 1:colcon.colcon_core.environment:create_environment_scripts_only(trace_picas)
[12.879s] Level 1:colcon.colcon_core.environment:checking '/home/yfu/projects/ros2-picas/install/trace_picas' for CMake module files
[12.880s] DEBUG:colcon.colcon_core.event_handler.log_command:Invoked command in '/home/yfu/projects/ros2-picas/build/trace_picas' returned '0': AMENT_PREFIX_PATH=/home/yfu/projects/ros2-picas/install/rclcpp:/home/yfu/projects/ros2-picas/install/test_msgs:${AMENT_PREFIX_PATH} CMAKE_PREFIX_PATH=/home/yfu/projects/ros2-picas/install/rclcpp:/home/yfu/projects/ros2-picas/install/test_msgs:/opt/ros/galactic CONDA_PROMPT_MODIFIER=(base) LD_LIBRARY_PATH=/home/yfu/projects/ros2-picas/install/rclcpp/lib:/home/yfu/projects/ros2-picas/install/test_msgs/lib:${LD_LIBRARY_PATH} PYTHONPATH=/home/yfu/projects/ros2-picas/install/test_msgs/lib/python3.8/site-packages:${PYTHONPATH} /usr/bin/cmake --install /home/yfu/projects/ros2-picas/build/trace_picas
[12.881s] Level 1:colcon.colcon_core.environment:checking '/home/yfu/projects/ros2-picas/install/trace_picas' for CMake config files
[12.882s] Level 1:colcon.colcon_core.shell:create_environment_hook('trace_picas', 'cmake_prefix_path')
[12.883s] INFO:colcon.colcon_core.shell:Creating environment hook '/home/yfu/projects/ros2-picas/install/trace_picas/share/trace_picas/hook/cmake_prefix_path.ps1'
[12.885s] INFO:colcon.colcon_core.shell:Creating environment descriptor '/home/yfu/projects/ros2-picas/install/trace_picas/share/trace_picas/hook/cmake_prefix_path.dsv'
[12.886s] INFO:colcon.colcon_core.shell:Creating environment hook '/home/yfu/projects/ros2-picas/install/trace_picas/share/trace_picas/hook/cmake_prefix_path.sh'
[12.888s] Level 1:colcon.colcon_core.environment:checking '/home/yfu/projects/ros2-picas/install/trace_picas/lib'
[12.888s] Level 1:colcon.colcon_core.environment:checking '/home/yfu/projects/ros2-picas/install/trace_picas/bin'
[12.888s] Level 1:colcon.colcon_core.environment:checking '/home/yfu/projects/ros2-picas/install/trace_picas/lib/pkgconfig/trace_picas.pc'
[12.889s] Level 1:colcon.colcon_core.environment:checking '/home/yfu/projects/ros2-picas/install/trace_picas/lib/python3.8/site-packages'
[12.890s] Level 1:colcon.colcon_core.environment:checking '/home/yfu/projects/ros2-picas/install/trace_picas/bin'
[12.891s] INFO:colcon.colcon_core.shell:Creating package script '/home/yfu/projects/ros2-picas/install/trace_picas/share/trace_picas/package.ps1'
[12.892s] INFO:colcon.colcon_core.shell:Creating package descriptor '/home/yfu/projects/ros2-picas/install/trace_picas/share/trace_picas/package.dsv'
[12.893s] INFO:colcon.colcon_core.shell:Creating package script '/home/yfu/projects/ros2-picas/install/trace_picas/share/trace_picas/package.sh'
[12.894s] INFO:colcon.colcon_core.shell:Creating package script '/home/yfu/projects/ros2-picas/install/trace_picas/share/trace_picas/package.bash'
[12.895s] INFO:colcon.colcon_core.shell:Creating package script '/home/yfu/projects/ros2-picas/install/trace_picas/share/trace_picas/package.zsh'
[12.896s] Level 1:colcon.colcon_core.environment:create_file_with_runtime_dependencies(/home/yfu/projects/ros2-picas/install/trace_picas/share/colcon-core/packages/trace_picas)
[12.898s] Level 1:colcon.colcon_core.environment:create_environment_scripts_only(trace_picas)
[12.899s] Level 1:colcon.colcon_core.environment:checking '/home/yfu/projects/ros2-picas/install/trace_picas' for CMake module files
[12.900s] Level 1:colcon.colcon_core.environment:checking '/home/yfu/projects/ros2-picas/install/trace_picas' for CMake config files
[12.901s] Level 1:colcon.colcon_core.shell:create_environment_hook('trace_picas', 'cmake_prefix_path')
[12.901s] INFO:colcon.colcon_core.shell:Creating environment hook '/home/yfu/projects/ros2-picas/install/trace_picas/share/trace_picas/hook/cmake_prefix_path.ps1'
[13.031s] INFO:colcon.colcon_core.shell:Creating environment descriptor '/home/yfu/projects/ros2-picas/install/trace_picas/share/trace_picas/hook/cmake_prefix_path.dsv'
[13.032s] INFO:colcon.colcon_core.shell:Creating environment hook '/home/yfu/projects/ros2-picas/install/trace_picas/share/trace_picas/hook/cmake_prefix_path.sh'
[13.034s] Level 1:colcon.colcon_core.environment:checking '/home/yfu/projects/ros2-picas/install/trace_picas/lib'
[13.034s] Level 1:colcon.colcon_core.environment:checking '/home/yfu/projects/ros2-picas/install/trace_picas/bin'
[13.034s] Level 1:colcon.colcon_core.environment:checking '/home/yfu/projects/ros2-picas/install/trace_picas/lib/pkgconfig/trace_picas.pc'
[13.035s] Level 1:colcon.colcon_core.environment:checking '/home/yfu/projects/ros2-picas/install/trace_picas/lib/python3.8/site-packages'
[13.035s] Level 1:colcon.colcon_core.environment:checking '/home/yfu/projects/ros2-picas/install/trace_picas/bin'
[13.036s] INFO:colcon.colcon_core.shell:Creating package script '/home/yfu/projects/ros2-picas/install/trace_picas/share/trace_picas/package.ps1'
[13.038s] INFO:colcon.colcon_core.shell:Creating package descriptor '/home/yfu/projects/ros2-picas/install/trace_picas/share/trace_picas/package.dsv'
[13.039s] INFO:colcon.colcon_core.shell:Creating package script '/home/yfu/projects/ros2-picas/install/trace_picas/share/trace_picas/package.sh'
[13.040s] INFO:colcon.colcon_core.shell:Creating package script '/home/yfu/projects/ros2-picas/install/trace_picas/share/trace_picas/package.bash'
[13.041s] INFO:colcon.colcon_core.shell:Creating package script '/home/yfu/projects/ros2-picas/install/trace_picas/share/trace_picas/package.zsh'
[13.042s] Level 1:colcon.colcon_core.environment:create_file_with_runtime_dependencies(/home/yfu/projects/ros2-picas/install/trace_picas/share/colcon-core/packages/trace_picas)
[13.043s] INFO:colcon.colcon_ros.task.ament_cmake.build:Building ROS package in '/home/yfu/projects/ros2-picas/ros2-picas-example/picas_example' with build type 'ament_cmake'
[13.043s] INFO:colcon.colcon_cmake.task.cmake.build:Building CMake package in '/home/yfu/projects/ros2-picas/ros2-picas-example/picas_example'
[13.044s] INFO:colcon.colcon_core.shell:Skip shell extension 'powershell' for command environment: Not usable outside of PowerShell
[13.044s] DEBUG:colcon.colcon_core.shell:Skip shell extension 'dsv' for command environment
[13.069s] INFO:colcon.colcon_ros.task.ament_cmake.build:Building ROS package in '/home/yfu/projects/ros2-picas/ros2-picas-example/picas_example_mt' with build type 'ament_cmake'
[13.070s] INFO:colcon.colcon_cmake.task.cmake.build:Building CMake package in '/home/yfu/projects/ros2-picas/ros2-picas-example/picas_example_mt'
[13.071s] INFO:colcon.colcon_core.shell:Skip shell extension 'powershell' for command environment: Not usable outside of PowerShell
[13.072s] DEBUG:colcon.colcon_core.shell:Skip shell extension 'dsv' for command environment
[13.101s] DEBUG:colcon.colcon_core.event_handler.log_command:Invoking command in '/home/yfu/projects/ros2-picas/build/picas_example': AMENT_PREFIX_PATH=/home/yfu/projects/ros2-picas/install/trace_picas:/home/yfu/projects/ros2-picas/install/rclcpp:/home/yfu/projects/ros2-picas/install/test_msgs:${AMENT_PREFIX_PATH} CMAKE_PREFIX_PATH=/home/yfu/projects/ros2-picas/install/trace_picas:/home/yfu/projects/ros2-picas/install/rclcpp:/home/yfu/projects/ros2-picas/install/test_msgs:/opt/ros/galactic CONDA_PROMPT_MODIFIER=(base) LD_LIBRARY_PATH=/home/yfu/projects/ros2-picas/install/trace_picas/lib:/home/yfu/projects/ros2-picas/install/rclcpp/lib:/home/yfu/projects/ros2-picas/install/test_msgs/lib:${LD_LIBRARY_PATH} PYTHONPATH=/home/yfu/projects/ros2-picas/install/test_msgs/lib/python3.8/site-packages:${PYTHONPATH} /usr/bin/cmake --build /home/yfu/projects/ros2-picas/build/picas_example -- -j6 -l6
[13.114s] DEBUG:colcon.colcon_core.event_handler.log_command:Invoking command in '/home/yfu/projects/ros2-picas/build/picas_example_mt': AMENT_PREFIX_PATH=/home/yfu/projects/ros2-picas/install/trace_picas:/home/yfu/projects/ros2-picas/install/rclcpp:/home/yfu/projects/ros2-picas/install/test_msgs:${AMENT_PREFIX_PATH} CMAKE_PREFIX_PATH=/home/yfu/projects/ros2-picas/install/trace_picas:/home/yfu/projects/ros2-picas/install/rclcpp:/home/yfu/projects/ros2-picas/install/test_msgs:/opt/ros/galactic CONDA_PROMPT_MODIFIER=(base) LD_LIBRARY_PATH=/home/yfu/projects/ros2-picas/install/trace_picas/lib:/home/yfu/projects/ros2-picas/install/rclcpp/lib:/home/yfu/projects/ros2-picas/install/test_msgs/lib:${LD_LIBRARY_PATH} PYTHONPATH=/home/yfu/projects/ros2-picas/install/test_msgs/lib/python3.8/site-packages:${PYTHONPATH} /usr/bin/cmake --build /home/yfu/projects/ros2-picas/build/picas_example_mt -- -j6 -l6
[15.427s] DEBUG:colcon.colcon_core.event_handler.log_command:Invoked command in '/home/yfu/projects/ros2-picas/build/picas_example_mt' returned '0': AMENT_PREFIX_PATH=/home/yfu/projects/ros2-picas/install/trace_picas:/home/yfu/projects/ros2-picas/install/rclcpp:/home/yfu/projects/ros2-picas/install/test_msgs:${AMENT_PREFIX_PATH} CMAKE_PREFIX_PATH=/home/yfu/projects/ros2-picas/install/trace_picas:/home/yfu/projects/ros2-picas/install/rclcpp:/home/yfu/projects/ros2-picas/install/test_msgs:/opt/ros/galactic CONDA_PROMPT_MODIFIER=(base) LD_LIBRARY_PATH=/home/yfu/projects/ros2-picas/install/trace_picas/lib:/home/yfu/projects/ros2-picas/install/rclcpp/lib:/home/yfu/projects/ros2-picas/install/test_msgs/lib:${LD_LIBRARY_PATH} PYTHONPATH=/home/yfu/projects/ros2-picas/install/test_msgs/lib/python3.8/site-packages:${PYTHONPATH} /usr/bin/cmake --build /home/yfu/projects/ros2-picas/build/picas_example_mt -- -j6 -l6
[15.434s] DEBUG:colcon.colcon_core.event_handler.log_command:Invoking command in '/home/yfu/projects/ros2-picas/build/picas_example_mt': AMENT_PREFIX_PATH=/home/yfu/projects/ros2-picas/install/trace_picas:/home/yfu/projects/ros2-picas/install/rclcpp:/home/yfu/projects/ros2-picas/install/test_msgs:${AMENT_PREFIX_PATH} CMAKE_PREFIX_PATH=/home/yfu/projects/ros2-picas/install/trace_picas:/home/yfu/projects/ros2-picas/install/rclcpp:/home/yfu/projects/ros2-picas/install/test_msgs:/opt/ros/galactic CONDA_PROMPT_MODIFIER=(base) LD_LIBRARY_PATH=/home/yfu/projects/ros2-picas/install/trace_picas/lib:/home/yfu/projects/ros2-picas/install/rclcpp/lib:/home/yfu/projects/ros2-picas/install/test_msgs/lib:${LD_LIBRARY_PATH} PYTHONPATH=/home/yfu/projects/ros2-picas/install/test_msgs/lib/python3.8/site-packages:${PYTHONPATH} /usr/bin/cmake --install /home/yfu/projects/ros2-picas/build/picas_example_mt
[15.473s] Level 1:colcon.colcon_core.environment:create_environment_scripts_only(picas_example_mt)
[15.475s] Level 1:colcon.colcon_core.environment:checking '/home/yfu/projects/ros2-picas/install/picas_example_mt' for CMake module files
[15.476s] Level 1:colcon.colcon_core.environment:checking '/home/yfu/projects/ros2-picas/install/picas_example_mt' for CMake config files
[15.476s] Level 1:colcon.colcon_core.shell:create_environment_hook('picas_example_mt', 'cmake_prefix_path')
[15.477s] INFO:colcon.colcon_core.shell:Creating environment hook '/home/yfu/projects/ros2-picas/install/picas_example_mt/share/picas_example_mt/hook/cmake_prefix_path.ps1'
[15.478s] INFO:colcon.colcon_core.shell:Creating environment descriptor '/home/yfu/projects/ros2-picas/install/picas_example_mt/share/picas_example_mt/hook/cmake_prefix_path.dsv'
[15.479s] INFO:colcon.colcon_core.shell:Creating environment hook '/home/yfu/projects/ros2-picas/install/picas_example_mt/share/picas_example_mt/hook/cmake_prefix_path.sh'
[15.480s] Level 1:colcon.colcon_core.environment:checking '/home/yfu/projects/ros2-picas/install/picas_example_mt/lib'
[15.481s] Level 1:colcon.colcon_core.environment:checking '/home/yfu/projects/ros2-picas/install/picas_example_mt/bin'
[15.481s] Level 1:colcon.colcon_core.environment:checking '/home/yfu/projects/ros2-picas/install/picas_example_mt/lib/pkgconfig/picas_example_mt.pc'
[15.474s] DEBUG:colcon.colcon_core.event_handler.log_command:Invoked command in '/home/yfu/projects/ros2-picas/build/picas_example_mt' returned '0': AMENT_PREFIX_PATH=/home/yfu/projects/ros2-picas/install/trace_picas:/home/yfu/projects/ros2-picas/install/rclcpp:/home/yfu/projects/ros2-picas/install/test_msgs:${AMENT_PREFIX_PATH} CMAKE_PREFIX_PATH=/home/yfu/projects/ros2-picas/install/trace_picas:/home/yfu/projects/ros2-picas/install/rclcpp:/home/yfu/projects/ros2-picas/install/test_msgs:/opt/ros/galactic CONDA_PROMPT_MODIFIER=(base) LD_LIBRARY_PATH=/home/yfu/projects/ros2-picas/install/trace_picas/lib:/home/yfu/projects/ros2-picas/install/rclcpp/lib:/home/yfu/projects/ros2-picas/install/test_msgs/lib:${LD_LIBRARY_PATH} PYTHONPATH=/home/yfu/projects/ros2-picas/install/test_msgs/lib/python3.8/site-packages:${PYTHONPATH} /usr/bin/cmake --install /home/yfu/projects/ros2-picas/build/picas_example_mt
[15.481s] Level 1:colcon.colcon_core.environment:checking '/home/yfu/projects/ros2-picas/install/picas_example_mt/lib/python3.8/site-packages'
[15.482s] Level 1:colcon.colcon_core.environment:checking '/home/yfu/projects/ros2-picas/install/picas_example_mt/bin'
[15.483s] INFO:colcon.colcon_core.shell:Creating package script '/home/yfu/projects/ros2-picas/install/picas_example_mt/share/picas_example_mt/package.ps1'
[15.484s] INFO:colcon.colcon_core.shell:Creating package descriptor '/home/yfu/projects/ros2-picas/install/picas_example_mt/share/picas_example_mt/package.dsv'
[15.484s] INFO:colcon.colcon_core.shell:Creating package script '/home/yfu/projects/ros2-picas/install/picas_example_mt/share/picas_example_mt/package.sh'
[15.485s] INFO:colcon.colcon_core.shell:Creating package script '/home/yfu/projects/ros2-picas/install/picas_example_mt/share/picas_example_mt/package.bash'
[15.486s] INFO:colcon.colcon_core.shell:Creating package script '/home/yfu/projects/ros2-picas/install/picas_example_mt/share/picas_example_mt/package.zsh'
[15.487s] Level 1:colcon.colcon_core.environment:create_file_with_runtime_dependencies(/home/yfu/projects/ros2-picas/install/picas_example_mt/share/colcon-core/packages/picas_example_mt)
[15.488s] Level 1:colcon.colcon_core.environment:create_environment_scripts_only(picas_example_mt)
[15.488s] Level 1:colcon.colcon_core.environment:checking '/home/yfu/projects/ros2-picas/install/picas_example_mt' for CMake module files
[15.489s] Level 1:colcon.colcon_core.environment:checking '/home/yfu/projects/ros2-picas/install/picas_example_mt' for CMake config files
[15.490s] Level 1:colcon.colcon_core.shell:create_environment_hook('picas_example_mt', 'cmake_prefix_path')
[15.490s] INFO:colcon.colcon_core.shell:Creating environment hook '/home/yfu/projects/ros2-picas/install/picas_example_mt/share/picas_example_mt/hook/cmake_prefix_path.ps1'
[15.634s] INFO:colcon.colcon_core.shell:Creating environment descriptor '/home/yfu/projects/ros2-picas/install/picas_example_mt/share/picas_example_mt/hook/cmake_prefix_path.dsv'
[15.635s] INFO:colcon.colcon_core.shell:Creating environment hook '/home/yfu/projects/ros2-picas/install/picas_example_mt/share/picas_example_mt/hook/cmake_prefix_path.sh'
[15.637s] Level 1:colcon.colcon_core.environment:checking '/home/yfu/projects/ros2-picas/install/picas_example_mt/lib'
[15.637s] Level 1:colcon.colcon_core.environment:checking '/home/yfu/projects/ros2-picas/install/picas_example_mt/bin'
[15.637s] Level 1:colcon.colcon_core.environment:checking '/home/yfu/projects/ros2-picas/install/picas_example_mt/lib/pkgconfig/picas_example_mt.pc'
[15.638s] Level 1:colcon.colcon_core.environment:checking '/home/yfu/projects/ros2-picas/install/picas_example_mt/lib/python3.8/site-packages'
[15.638s] Level 1:colcon.colcon_core.environment:checking '/home/yfu/projects/ros2-picas/install/picas_example_mt/bin'
[15.639s] INFO:colcon.colcon_core.shell:Creating package script '/home/yfu/projects/ros2-picas/install/picas_example_mt/share/picas_example_mt/package.ps1'
[15.641s] INFO:colcon.colcon_core.shell:Creating package descriptor '/home/yfu/projects/ros2-picas/install/picas_example_mt/share/picas_example_mt/package.dsv'
[15.642s] INFO:colcon.colcon_core.shell:Creating package script '/home/yfu/projects/ros2-picas/install/picas_example_mt/share/picas_example_mt/package.sh'
[15.643s] INFO:colcon.colcon_core.shell:Creating package script '/home/yfu/projects/ros2-picas/install/picas_example_mt/share/picas_example_mt/package.bash'
[15.644s] INFO:colcon.colcon_core.shell:Creating package script '/home/yfu/projects/ros2-picas/install/picas_example_mt/share/picas_example_mt/package.zsh'
[15.646s] Level 1:colcon.colcon_core.environment:create_file_with_runtime_dependencies(/home/yfu/projects/ros2-picas/install/picas_example_mt/share/colcon-core/packages/picas_example_mt)
[15.652s] DEBUG:colcon.colcon_core.event_handler.log_command:Invoked command in '/home/yfu/projects/ros2-picas/build/picas_example' returned '0': AMENT_PREFIX_PATH=/home/yfu/projects/ros2-picas/install/trace_picas:/home/yfu/projects/ros2-picas/install/rclcpp:/home/yfu/projects/ros2-picas/install/test_msgs:${AMENT_PREFIX_PATH} CMAKE_PREFIX_PATH=/home/yfu/projects/ros2-picas/install/trace_picas:/home/yfu/projects/ros2-picas/install/rclcpp:/home/yfu/projects/ros2-picas/install/test_msgs:/opt/ros/galactic CONDA_PROMPT_MODIFIER=(base) LD_LIBRARY_PATH=/home/yfu/projects/ros2-picas/install/trace_picas/lib:/home/yfu/projects/ros2-picas/install/rclcpp/lib:/home/yfu/projects/ros2-picas/install/test_msgs/lib:${LD_LIBRARY_PATH} PYTHONPATH=/home/yfu/projects/ros2-picas/install/test_msgs/lib/python3.8/site-packages:${PYTHONPATH} /usr/bin/cmake --build /home/yfu/projects/ros2-picas/build/picas_example -- -j6 -l6
[15.660s] DEBUG:colcon.colcon_core.event_handler.log_command:Invoking command in '/home/yfu/projects/ros2-picas/build/picas_example': AMENT_PREFIX_PATH=/home/yfu/projects/ros2-picas/install/trace_picas:/home/yfu/projects/ros2-picas/install/rclcpp:/home/yfu/projects/ros2-picas/install/test_msgs:${AMENT_PREFIX_PATH} CMAKE_PREFIX_PATH=/home/yfu/projects/ros2-picas/install/trace_picas:/home/yfu/projects/ros2-picas/install/rclcpp:/home/yfu/projects/ros2-picas/install/test_msgs:/opt/ros/galactic CONDA_PROMPT_MODIFIER=(base) LD_LIBRARY_PATH=/home/yfu/projects/ros2-picas/install/trace_picas/lib:/home/yfu/projects/ros2-picas/install/rclcpp/lib:/home/yfu/projects/ros2-picas/install/test_msgs/lib:${LD_LIBRARY_PATH} PYTHONPATH=/home/yfu/projects/ros2-picas/install/test_msgs/lib/python3.8/site-packages:${PYTHONPATH} /usr/bin/cmake --install /home/yfu/projects/ros2-picas/build/picas_example
[15.710s] Level 1:colcon.colcon_core.environment:create_environment_scripts_only(picas_example)
[15.711s] Level 1:colcon.colcon_core.environment:checking '/home/yfu/projects/ros2-picas/install/picas_example' for CMake module files
[15.712s] DEBUG:colcon.colcon_core.event_handler.log_command:Invoked command in '/home/yfu/projects/ros2-picas/build/picas_example' returned '0': AMENT_PREFIX_PATH=/home/yfu/projects/ros2-picas/install/trace_picas:/home/yfu/projects/ros2-picas/install/rclcpp:/home/yfu/projects/ros2-picas/install/test_msgs:${AMENT_PREFIX_PATH} CMAKE_PREFIX_PATH=/home/yfu/projects/ros2-picas/install/trace_picas:/home/yfu/projects/ros2-picas/install/rclcpp:/home/yfu/projects/ros2-picas/install/test_msgs:/opt/ros/galactic CONDA_PROMPT_MODIFIER=(base) LD_LIBRARY_PATH=/home/yfu/projects/ros2-picas/install/trace_picas/lib:/home/yfu/projects/ros2-picas/install/rclcpp/lib:/home/yfu/projects/ros2-picas/install/test_msgs/lib:${LD_LIBRARY_PATH} PYTHONPATH=/home/yfu/projects/ros2-picas/install/test_msgs/lib/python3.8/site-packages:${PYTHONPATH} /usr/bin/cmake --install /home/yfu/projects/ros2-picas/build/picas_example
[15.713s] Level 1:colcon.colcon_core.environment:checking '/home/yfu/projects/ros2-picas/install/picas_example' for CMake config files
[15.714s] Level 1:colcon.colcon_core.shell:create_environment_hook('picas_example', 'cmake_prefix_path')
[15.714s] INFO:colcon.colcon_core.shell:Creating environment hook '/home/yfu/projects/ros2-picas/install/picas_example/share/picas_example/hook/cmake_prefix_path.ps1'
[15.716s] INFO:colcon.colcon_core.shell:Creating environment descriptor '/home/yfu/projects/ros2-picas/install/picas_example/share/picas_example/hook/cmake_prefix_path.dsv'
[15.716s] INFO:colcon.colcon_core.shell:Creating environment hook '/home/yfu/projects/ros2-picas/install/picas_example/share/picas_example/hook/cmake_prefix_path.sh'
[15.718s] Level 1:colcon.colcon_core.environment:checking '/home/yfu/projects/ros2-picas/install/picas_example/lib'
[15.718s] Level 1:colcon.colcon_core.environment:checking '/home/yfu/projects/ros2-picas/install/picas_example/bin'
[15.718s] Level 1:colcon.colcon_core.environment:checking '/home/yfu/projects/ros2-picas/install/picas_example/lib/pkgconfig/picas_example.pc'
[15.719s] Level 1:colcon.colcon_core.environment:checking '/home/yfu/projects/ros2-picas/install/picas_example/lib/python3.8/site-packages'
[15.719s] Level 1:colcon.colcon_core.environment:checking '/home/yfu/projects/ros2-picas/install/picas_example/bin'
[15.720s] INFO:colcon.colcon_core.shell:Creating package script '/home/yfu/projects/ros2-picas/install/picas_example/share/picas_example/package.ps1'
[15.721s] INFO:colcon.colcon_core.shell:Creating package descriptor '/home/yfu/projects/ros2-picas/install/picas_example/share/picas_example/package.dsv'
[15.722s] INFO:colcon.colcon_core.shell:Creating package script '/home/yfu/projects/ros2-picas/install/picas_example/share/picas_example/package.sh'
[15.723s] INFO:colcon.colcon_core.shell:Creating package script '/home/yfu/projects/ros2-picas/install/picas_example/share/picas_example/package.bash'
[15.723s] INFO:colcon.colcon_core.shell:Creating package script '/home/yfu/projects/ros2-picas/install/picas_example/share/picas_example/package.zsh'
[15.725s] Level 1:colcon.colcon_core.environment:create_file_with_runtime_dependencies(/home/yfu/projects/ros2-picas/install/picas_example/share/colcon-core/packages/picas_example)
[15.727s] Level 1:colcon.colcon_core.environment:create_environment_scripts_only(picas_example)
[15.727s] Level 1:colcon.colcon_core.environment:checking '/home/yfu/projects/ros2-picas/install/picas_example' for CMake module files
[15.728s] Level 1:colcon.colcon_core.environment:checking '/home/yfu/projects/ros2-picas/install/picas_example' for CMake config files
[15.729s] Level 1:colcon.colcon_core.shell:create_environment_hook('picas_example', 'cmake_prefix_path')
[15.729s] INFO:colcon.colcon_core.shell:Creating environment hook '/home/yfu/projects/ros2-picas/install/picas_example/share/picas_example/hook/cmake_prefix_path.ps1'
[15.861s] INFO:colcon.colcon_core.shell:Creating environment descriptor '/home/yfu/projects/ros2-picas/install/picas_example/share/picas_example/hook/cmake_prefix_path.dsv'
[15.862s] INFO:colcon.colcon_core.shell:Creating environment hook '/home/yfu/projects/ros2-picas/install/picas_example/share/picas_example/hook/cmake_prefix_path.sh'
[15.863s] Level 1:colcon.colcon_core.environment:checking '/home/yfu/projects/ros2-picas/install/picas_example/lib'
[15.864s] Level 1:colcon.colcon_core.environment:checking '/home/yfu/projects/ros2-picas/install/picas_example/bin'
[15.864s] Level 1:colcon.colcon_core.environment:checking '/home/yfu/projects/ros2-picas/install/picas_example/lib/pkgconfig/picas_example.pc'
[15.864s] Level 1:colcon.colcon_core.environment:checking '/home/yfu/projects/ros2-picas/install/picas_example/lib/python3.8/site-packages'
[15.865s] Level 1:colcon.colcon_core.environment:checking '/home/yfu/projects/ros2-picas/install/picas_example/bin'
[15.865s] INFO:colcon.colcon_core.shell:Creating package script '/home/yfu/projects/ros2-picas/install/picas_example/share/picas_example/package.ps1'
[15.867s] INFO:colcon.colcon_core.shell:Creating package descriptor '/home/yfu/projects/ros2-picas/install/picas_example/share/picas_example/package.dsv'
[15.867s] INFO:colcon.colcon_core.shell:Creating package script '/home/yfu/projects/ros2-picas/install/picas_example/share/picas_example/package.sh'
[15.868s] INFO:colcon.colcon_core.shell:Creating package script '/home/yfu/projects/ros2-picas/install/picas_example/share/picas_example/package.bash'
[15.869s] INFO:colcon.colcon_core.shell:Creating package script '/home/yfu/projects/ros2-picas/install/picas_example/share/picas_example/package.zsh'
[15.870s] Level 1:colcon.colcon_core.environment:create_file_with_runtime_dependencies(/home/yfu/projects/ros2-picas/install/picas_example/share/colcon-core/packages/picas_example)
[15.871s] DEBUG:colcon.colcon_parallel_executor.executor.parallel:closing loop
[15.872s] DEBUG:colcon.colcon_parallel_executor.executor.parallel:loop closed
[15.872s] DEBUG:colcon.colcon_parallel_executor.executor.parallel:run_until_complete finished with '0'
[15.872s] DEBUG:colcon.colcon_core.event_reactor:joining thread
[15.887s] INFO:colcon.colcon_core.plugin_system:Skipping extension 'colcon_notification.desktop_notification.terminal_notifier': Not used on non-Darwin systems
[15.887s] INFO:colcon.colcon_core.plugin_system:Skipping extension 'colcon_notification.desktop_notification.win32': Not used on non-Windows systems
[15.887s] INFO:colcon.colcon_notification.desktop_notification:Sending desktop notification using 'notify2'
[15.917s] DEBUG:colcon.colcon_notification.desktop_notification.notify2:Failed to initialize notify2: org.freedesktop.DBus.Error.Spawn.ChildExited: Process org.freedesktop.Notifications exited with status 1
[15.918s] DEBUG:colcon.colcon_core.event_reactor:joined thread
[15.920s] INFO:colcon.colcon_core.shell:Creating prefix script '/home/yfu/projects/ros2-picas/install/local_setup.ps1'
[15.923s] INFO:colcon.colcon_core.shell:Creating prefix util module '/home/yfu/projects/ros2-picas/install/_local_setup_util_ps1.py'
[15.931s] INFO:colcon.colcon_core.shell:Creating prefix chain script '/home/yfu/projects/ros2-picas/install/setup.ps1'
[15.934s] INFO:colcon.colcon_core.shell:Creating prefix script '/home/yfu/projects/ros2-picas/install/local_setup.sh'
[15.935s] INFO:colcon.colcon_core.shell:Creating prefix util module '/home/yfu/projects/ros2-picas/install/_local_setup_util_sh.py'
[15.937s] INFO:colcon.colcon_core.shell:Creating prefix chain script '/home/yfu/projects/ros2-picas/install/setup.sh'
[15.940s] INFO:colcon.colcon_core.shell:Creating prefix script '/home/yfu/projects/ros2-picas/install/local_setup.bash'
[15.941s] INFO:colcon.colcon_core.shell:Creating prefix chain script '/home/yfu/projects/ros2-picas/install/setup.bash'
[15.943s] INFO:colcon.colcon_core.shell:Creating prefix script '/home/yfu/projects/ros2-picas/install/local_setup.zsh'
[15.944s] INFO:colcon.colcon_core.shell:Creating prefix chain script '/home/yfu/projects/ros2-picas/install/setup.zsh'
