In file included from [01m[K/home/yfu/projects/ros2-picas/install/rclcpp/include/rclcpp/client.hpp:40[m[K,
                 from [01m[K/home/yfu/projects/ros2-picas/install/rclcpp/include/rclcpp/callback_group.hpp:23[m[K,
                 from [01m[K/home/yfu/projects/ros2-picas/install/rclcpp/include/rclcpp/any_executable.hpp:20[m[K,
                 from [01m[K/home/yfu/projects/ros2-picas/install/rclcpp/include/rclcpp/memory_strategy.hpp:25[m[K,
                 from [01m[K/home/yfu/projects/ros2-picas/install/rclcpp/include/rclcpp/memory_strategies.hpp:18[m[K,
                 from [01m[K/home/yfu/projects/ros2-picas/install/rclcpp/include/rclcpp/executor_options.hpp:20[m[K,
                 from [01m[K/home/yfu/projects/ros2-picas/install/rclcpp/include/rclcpp/executor.hpp:36[m[K,
                 from [01m[K/home/yfu/projects/ros2-picas/install/rclcpp/include/rclcpp/executors/multi_threaded_executor.hpp:26[m[K,
                 from [01m[K/home/yfu/projects/ros2-picas/install/rclcpp/include/rclcpp/executors.hpp:21[m[K,
                 from [01m[K/home/yfu/projects/ros2-picas/install/rclcpp/include/rclcpp/rclcpp.hpp:156[m[K,
                 from [01m[K/home/yfu/projects/ros2-picas/ros2-picas-example/picas_example/src/sstest.cpp:19[m[K:
[01m[K/home/yfu/projects/ros2-picas/ros2-picas-example/picas_example/src/sstest.cpp:[m[K In function ‘[01m[Kint main(int, char**)[m[K’:
[01m[K/home/yfu/projects/ros2-picas/ros2-picas-example/picas_example/src/sstest.cpp:123:99:[m[K [01;31m[Kerror: [m[K‘[01m[Krclcpp::TimerBase::SharedPtr StartNode::get_timer()[m[K’ is private within this context
  123 |     RCLCPP_INFO(rclcpp::get_logger("rclcpp"), "Timer_callback1->priority: %d", client1->get_timer([01;31m[K)[m[K->callback_priority);
      |                                                                                                   [01;31m[K^[m[K
[01m[K/home/yfu/projects/ros2-picas/ros2-picas-example/picas_example/src/sstest.cpp:85:34:[m[K [01;36m[Knote: [m[Kdeclared private here
   85 |     rclcpp::TimerBase::SharedPtr [01;36m[Kget_timer[m[K(){ return timer_; }
      |                                  [01;36m[K^~~~~~~~~[m[K
In file included from [01m[K/home/yfu/projects/ros2-picas/install/rclcpp/include/rclcpp/client.hpp:40[m[K,
                 from [01m[K/home/yfu/projects/ros2-picas/install/rclcpp/include/rclcpp/callback_group.hpp:23[m[K,
                 from [01m[K/home/yfu/projects/ros2-picas/install/rclcpp/include/rclcpp/any_executable.hpp:20[m[K,
                 from [01m[K/home/yfu/projects/ros2-picas/install/rclcpp/include/rclcpp/memory_strategy.hpp:25[m[K,
                 from [01m[K/home/yfu/projects/ros2-picas/install/rclcpp/include/rclcpp/memory_strategies.hpp:18[m[K,
                 from [01m[K/home/yfu/projects/ros2-picas/install/rclcpp/include/rclcpp/executor_options.hpp:20[m[K,
                 from [01m[K/home/yfu/projects/ros2-picas/install/rclcpp/include/rclcpp/executor.hpp:36[m[K,
                 from [01m[K/home/yfu/projects/ros2-picas/install/rclcpp/include/rclcpp/executors/multi_threaded_executor.hpp:26[m[K,
                 from [01m[K/home/yfu/projects/ros2-picas/install/rclcpp/include/rclcpp/executors.hpp:21[m[K,
                 from [01m[K/home/yfu/projects/ros2-picas/install/rclcpp/include/rclcpp/rclcpp.hpp:156[m[K,
                 from [01m[K/home/yfu/projects/ros2-picas/ros2-picas-example/picas_example/src/sstest.cpp:19[m[K:
[01m[K/home/yfu/projects/ros2-picas/ros2-picas-example/picas_example/src/sstest.cpp:124:99:[m[K [01;31m[Kerror: [m[K‘[01m[Krclcpp::TimerBase::SharedPtr StartNode::get_timer()[m[K’ is private within this context
  124 |     RCLCPP_INFO(rclcpp::get_logger("rclcpp"), "Timer_callback2->priority: %d", client2->get_timer([01;31m[K)[m[K->callback_priority);
      |                                                                                                   [01;31m[K^[m[K
[01m[K/home/yfu/projects/ros2-picas/ros2-picas-example/picas_example/src/sstest.cpp:85:34:[m[K [01;36m[Knote: [m[Kdeclared private here
   85 |     rclcpp::TimerBase::SharedPtr [01;36m[Kget_timer[m[K(){ return timer_; }
      |                                  [01;36m[K^~~~~~~~~[m[K
In file included from [01m[K/home/yfu/projects/ros2-picas/install/rclcpp/include/rclcpp/client.hpp:40[m[K,
                 from [01m[K/home/yfu/projects/ros2-picas/install/rclcpp/include/rclcpp/callback_group.hpp:23[m[K,
                 from [01m[K/home/yfu/projects/ros2-picas/install/rclcpp/include/rclcpp/any_executable.hpp:20[m[K,
                 from [01m[K/home/yfu/projects/ros2-picas/install/rclcpp/include/rclcpp/memory_strategy.hpp:25[m[K,
                 from [01m[K/home/yfu/projects/ros2-picas/install/rclcpp/include/rclcpp/memory_strategies.hpp:18[m[K,
                 from [01m[K/home/yfu/projects/ros2-picas/install/rclcpp/include/rclcpp/executor_options.hpp:20[m[K,
                 from [01m[K/home/yfu/projects/ros2-picas/install/rclcpp/include/rclcpp/executor.hpp:36[m[K,
                 from [01m[K/home/yfu/projects/ros2-picas/install/rclcpp/include/rclcpp/executors/multi_threaded_executor.hpp:26[m[K,
                 from [01m[K/home/yfu/projects/ros2-picas/install/rclcpp/include/rclcpp/executors.hpp:21[m[K,
                 from [01m[K/home/yfu/projects/ros2-picas/install/rclcpp/include/rclcpp/rclcpp.hpp:156[m[K,
                 from [01m[K/home/yfu/projects/ros2-picas/ros2-picas-example/picas_example/src/sstest.cpp:19[m[K:
[01m[K/home/yfu/projects/ros2-picas/ros2-picas-example/picas_example/src/sstest.cpp:125:99:[m[K [01;31m[Kerror: [m[K‘[01m[Krclcpp::TimerBase::SharedPtr StartNode::get_timer()[m[K’ is private within this context
  125 |     RCLCPP_INFO(rclcpp::get_logger("rclcpp"), "Timer_callback3->priority: %d", client3->get_timer([01;31m[K)[m[K->callback_priority);
      |                                                                                                   [01;31m[K^[m[K
[01m[K/home/yfu/projects/ros2-picas/ros2-picas-example/picas_example/src/sstest.cpp:85:34:[m[K [01;36m[Knote: [m[Kdeclared private here
   85 |     rclcpp::TimerBase::SharedPtr [01;36m[Kget_timer[m[K(){ return timer_; }
      |                                  [01;36m[K^~~~~~~~~[m[K
In file included from [01m[K/home/yfu/projects/ros2-picas/install/rclcpp/include/rclcpp/client.hpp:40[m[K,
                 from [01m[K/home/yfu/projects/ros2-picas/install/rclcpp/include/rclcpp/callback_group.hpp:23[m[K,
                 from [01m[K/home/yfu/projects/ros2-picas/install/rclcpp/include/rclcpp/any_executable.hpp:20[m[K,
                 from [01m[K/home/yfu/projects/ros2-picas/install/rclcpp/include/rclcpp/memory_strategy.hpp:25[m[K,
                 from [01m[K/home/yfu/projects/ros2-picas/install/rclcpp/include/rclcpp/memory_strategies.hpp:18[m[K,
                 from [01m[K/home/yfu/projects/ros2-picas/install/rclcpp/include/rclcpp/executor_options.hpp:20[m[K,
                 from [01m[K/home/yfu/projects/ros2-picas/install/rclcpp/include/rclcpp/executor.hpp:36[m[K,
                 from [01m[K/home/yfu/projects/ros2-picas/install/rclcpp/include/rclcpp/executors/multi_threaded_executor.hpp:26[m[K,
                 from [01m[K/home/yfu/projects/ros2-picas/install/rclcpp/include/rclcpp/executors.hpp:21[m[K,
                 from [01m[K/home/yfu/projects/ros2-picas/install/rclcpp/include/rclcpp/rclcpp.hpp:156[m[K,
                 from [01m[K/home/yfu/projects/ros2-picas/ros2-picas-example/picas_example/src/sstest.cpp:19[m[K:
[01m[K/home/yfu/projects/ros2-picas/ros2-picas-example/picas_example/src/sstest.cpp:126:99:[m[K [01;31m[Kerror: [m[K‘[01m[Krclcpp::TimerBase::SharedPtr StartNode::get_timer()[m[K’ is private within this context
  126 |     RCLCPP_INFO(rclcpp::get_logger("rclcpp"), "Timer_callback4->priority: %d", client4->get_timer([01;31m[K)[m[K->callback_priority);
      |                                                                                                   [01;31m[K^[m[K
[01m[K/home/yfu/projects/ros2-picas/ros2-picas-example/picas_example/src/sstest.cpp:85:34:[m[K [01;36m[Knote: [m[Kdeclared private here
   85 |     rclcpp::TimerBase::SharedPtr [01;36m[Kget_timer[m[K(){ return timer_; }
      |                                  [01;36m[K^~~~~~~~~[m[K
[01m[K/home/yfu/projects/ros2-picas/ros2-picas-example/picas_example/src/example.cpp:[m[K In function ‘[01m[Kint main(int, char**)[m[K’:
[01m[K/home/yfu/projects/ros2-picas/ros2-picas-example/picas_example/src/example.cpp:217:68:[m[K [01;31m[Kerror: [m[Kno matching function for call to ‘[01m[Krclcpp::Scheduler::Process()[m[K’
  217 |     exec1.set_callback_priority(c1_t_cb->timer_, scheduler.Process([01;31m[K)[m[K);
      |                                                                    [01;31m[K^[m[K
In file included from [01m[K/home/yfu/projects/ros2-picas/ros2-picas-example/picas_example/src/example.cpp:19[m[K:
[01m[K/home/yfu/projects/ros2-picas/install/rclcpp/include/rclcpp/scheduler.hpp:16:9:[m[K [01;36m[Knote: [m[Kcandidate: ‘[01m[Kint rclcpp::Scheduler::Process(int, int)[m[K’
   16 |     int [01;36m[KProcess[m[K(int exe_time, int deadline);
      |         [01;36m[K^~~~~~~[m[K
[01m[K/home/yfu/projects/ros2-picas/install/rclcpp/include/rclcpp/scheduler.hpp:16:9:[m[K [01;36m[Knote: [m[K  candidate expects 2 arguments, 0 provided
[01m[K/home/yfu/projects/ros2-picas/ros2-picas-example/picas_example/src/example.cpp:218:68:[m[K [01;31m[Kerror: [m[Kno matching function for call to ‘[01m[Krclcpp::Scheduler::Process()[m[K’
  218 |     exec1.set_callback_priority(c2_t_cb->timer_, scheduler.Process([01;31m[K)[m[K);
      |                                                                    [01;31m[K^[m[K
In file included from [01m[K/home/yfu/projects/ros2-picas/ros2-picas-example/picas_example/src/example.cpp:19[m[K:
[01m[K/home/yfu/projects/ros2-picas/install/rclcpp/include/rclcpp/scheduler.hpp:16:9:[m[K [01;36m[Knote: [m[Kcandidate: ‘[01m[Kint rclcpp::Scheduler::Process(int, int)[m[K’
   16 |     int [01;36m[KProcess[m[K(int exe_time, int deadline);
      |         [01;36m[K^~~~~~~[m[K
[01m[K/home/yfu/projects/ros2-picas/install/rclcpp/include/rclcpp/scheduler.hpp:16:9:[m[K [01;36m[Knote: [m[K  candidate expects 2 arguments, 0 provided
[01m[K/home/yfu/projects/ros2-picas/ros2-picas-example/picas_example/src/example.cpp:219:68:[m[K [01;31m[Kerror: [m[Kno matching function for call to ‘[01m[Krclcpp::Scheduler::Process()[m[K’
  219 |     exec1.set_callback_priority(c3_t_cb->timer_, scheduler.Process([01;31m[K)[m[K);
      |                                                                    [01;31m[K^[m[K
In file included from [01m[K/home/yfu/projects/ros2-picas/ros2-picas-example/picas_example/src/example.cpp:19[m[K:
[01m[K/home/yfu/projects/ros2-picas/install/rclcpp/include/rclcpp/scheduler.hpp:16:9:[m[K [01;36m[Knote: [m[Kcandidate: ‘[01m[Kint rclcpp::Scheduler::Process(int, int)[m[K’
   16 |     int [01;36m[KProcess[m[K(int exe_time, int deadline);
      |         [01;36m[K^~~~~~~[m[K
[01m[K/home/yfu/projects/ros2-picas/install/rclcpp/include/rclcpp/scheduler.hpp:16:9:[m[K [01;36m[Knote: [m[K  candidate expects 2 arguments, 0 provided
[01m[K/home/yfu/projects/ros2-picas/ros2-picas-example/picas_example/src/example.cpp:220:68:[m[K [01;31m[Kerror: [m[Kno matching function for call to ‘[01m[Krclcpp::Scheduler::Process()[m[K’
  220 |     exec1.set_callback_priority(c4_t_cb->timer_, scheduler.Process([01;31m[K)[m[K);
      |                                                                    [01;31m[K^[m[K
In file included from [01m[K/home/yfu/projects/ros2-picas/ros2-picas-example/picas_example/src/example.cpp:19[m[K:
[01m[K/home/yfu/projects/ros2-picas/install/rclcpp/include/rclcpp/scheduler.hpp:16:9:[m[K [01;36m[Knote: [m[Kcandidate: ‘[01m[Kint rclcpp::Scheduler::Process(int, int)[m[K’
   16 |     int [01;36m[KProcess[m[K(int exe_time, int deadline);
      |         [01;36m[K^~~~~~~[m[K
[01m[K/home/yfu/projects/ros2-picas/install/rclcpp/include/rclcpp/scheduler.hpp:16:9:[m[K [01;36m[Knote: [m[K  candidate expects 2 arguments, 0 provided
make[2]: *** [CMakeFiles/sstest.dir/build.make:63: CMakeFiles/sstest.dir/src/sstest.cpp.o] Error 1
make[1]: *** [CMakeFiles/Makefile2:136: CMakeFiles/sstest.dir/all] Error 2
make[1]: *** Waiting for unfinished jobs....
make[2]: *** [CMakeFiles/example.dir/build.make:63: CMakeFiles/example.dir/src/example.cpp.o] Error 1
make[1]: *** [CMakeFiles/Makefile2:109: CMakeFiles/example.dir/all] Error 2
make: *** [Makefile:141: all] Error 2
