[0.038s] Invoking command in '/home/yfu/projects/ros2-picas/build/picas_example': CMAKE_PREFIX_PATH=/home/yfu/projects/ros2-picas/install/trace_picas:/home/yfu/projects/ros2-picas/install/rclcpp:/home/yfu/projects/ros2-picas/install/test_msgs:/home/yfu/projects/ros2-picas/install/picas_example_mt:/home/yfu/projects/ros2-picas/install/picas_example:/opt/ros/galactic CONDA_PROMPT_MODIFIER=(base) LD_LIBRARY_PATH=/home/yfu/projects/ros2-picas/install/rclcpp/lib:/home/yfu/projects/ros2-picas/install/test_msgs/lib:/home/yfu/projects/ros2-picas/install/trace_picas/lib:/opt/ros/galactic/opt/yaml_cpp_vendor/lib:/opt/ros/galactic/lib/aarch64-linux-gnu:/opt/ros/galactic/lib /usr/bin/cmake --build /home/yfu/projects/ros2-picas/build/picas_example -- -j6 -l6
[0.147s] [35m[1mScanning dependencies of target sstest[0m
[0.182s] [ 33%] Built target example
[0.184s] [ 66%] Built target case_study
[0.226s] [ 83%] [32mBuilding CXX object CMakeFiles/sstest.dir/src/sstest.cpp.o[0m
[5.337s] In file included from [01m[K/home/yfu/projects/ros2-picas/install/rclcpp/include/rclcpp/client.hpp:40[m[K,
[5.337s]                  from [01m[K/home/yfu/projects/ros2-picas/install/rclcpp/include/rclcpp/callback_group.hpp:23[m[K,
[5.337s]                  from [01m[K/home/yfu/projects/ros2-picas/install/rclcpp/include/rclcpp/any_executable.hpp:20[m[K,
[5.337s]                  from [01m[K/home/yfu/projects/ros2-picas/install/rclcpp/include/rclcpp/memory_strategy.hpp:25[m[K,
[5.338s]                  from [01m[K/home/yfu/projects/ros2-picas/install/rclcpp/include/rclcpp/memory_strategies.hpp:18[m[K,
[5.338s]                  from [01m[K/home/yfu/projects/ros2-picas/install/rclcpp/include/rclcpp/executor_options.hpp:20[m[K,
[5.338s]                  from [01m[K/home/yfu/projects/ros2-picas/install/rclcpp/include/rclcpp/executor.hpp:36[m[K,
[5.338s]                  from [01m[K/home/yfu/projects/ros2-picas/install/rclcpp/include/rclcpp/executors/multi_threaded_executor.hpp:26[m[K,
[5.338s]                  from [01m[K/home/yfu/projects/ros2-picas/install/rclcpp/include/rclcpp/executors.hpp:21[m[K,
[5.338s]                  from [01m[K/home/yfu/projects/ros2-picas/install/rclcpp/include/rclcpp/rclcpp.hpp:156[m[K,
[5.338s]                  from [01m[K/home/yfu/projects/ros2-picas/ros2-picas-example/picas_example/src/sstest.cpp:19[m[K:
[5.339s] [01m[K/home/yfu/projects/ros2-picas/ros2-picas-example/picas_example/src/sstest.cpp:[m[K In member function ‘[01m[Kvoid StartNode::timer_callback()[m[K’:
[5.339s] [01m[K/home/yfu/projects/ros2-picas/ros2-picas-example/picas_example/src/sstest.cpp:107:97:[m[K [01;31m[Kerror: [m[K‘[01m[Kpriority[m[K’ was not declared in this scope
[5.339s]   107 |         RCLCPP_INFO(this->get_logger(), ("callback: " + name + " , priority: " + std::to_string([01;31m[Kpriority[m[K)).c_str());
[5.339s]       |                                                                                                 [01;31m[K^~~~~~~~[m[K
[7.935s] make[2]: *** [CMakeFiles/sstest.dir/build.make:63: CMakeFiles/sstest.dir/src/sstest.cpp.o] Error 1
[7.936s] make[1]: *** [CMakeFiles/Makefile2:136: CMakeFiles/sstest.dir/all] Error 2
[7.937s] make: *** [Makefile:141: all] Error 2
[7.944s] Invoked command in '/home/yfu/projects/ros2-picas/build/picas_example' returned '2': CMAKE_PREFIX_PATH=/home/yfu/projects/ros2-picas/install/trace_picas:/home/yfu/projects/ros2-picas/install/rclcpp:/home/yfu/projects/ros2-picas/install/test_msgs:/home/yfu/projects/ros2-picas/install/picas_example_mt:/home/yfu/projects/ros2-picas/install/picas_example:/opt/ros/galactic CONDA_PROMPT_MODIFIER=(base) LD_LIBRARY_PATH=/home/yfu/projects/ros2-picas/install/rclcpp/lib:/home/yfu/projects/ros2-picas/install/test_msgs/lib:/home/yfu/projects/ros2-picas/install/trace_picas/lib:/opt/ros/galactic/opt/yaml_cpp_vendor/lib:/opt/ros/galactic/lib/aarch64-linux-gnu:/opt/ros/galactic/lib /usr/bin/cmake --build /home/yfu/projects/ros2-picas/build/picas_example -- -j6 -l6
