[0.512s] DEBUG:colcon:Command line arguments: ['/usr/bin/colcon', 'build', '--allow-overriding', 'rclcpp', '--cmake-args', '-DPICAS=TRUE']
[0.512s] DEBUG:colcon:Parsed command line arguments: Namespace(allow_overriding=['rclcpp'], ament_cmake_args=None, base_paths=['.'], build_base='build', catkin_cmake_args=None, catkin_skip_building_tests=False, cmake_args=['-DPICAS=TRUE'], cmake_clean_cache=False, cmake_clean_first=False, cmake_force_configure=False, cmake_target=None, cmake_target_skip_unavailable=False, continue_on_error=False, event_handlers=None, executor='parallel', ignore_user_meta=False, install_base='install', log_base=None, log_level=None, main=<bound method BuildVerb.main of <colcon_core.verb.build.BuildVerb object at 0xffffab3f0520>>, merge_install=False, metas=['./colcon.meta'], packages_above=None, packages_above_and_dependencies=None, packages_above_depth=None, packages_end=None, packages_ignore=None, packages_ignore_regex=None, packages_select=None, packages_select_build_failed=False, packages_select_by_dep=None, packages_select_regex=None, packages_select_test_failures=False, packages_skip=None, packages_skip_build_finished=False, packages_skip_by_dep=None, packages_skip_regex=None, packages_skip_test_passed=False, packages_skip_up_to=None, packages_start=None, packages_up_to=None, packages_up_to_regex=None, parallel_workers=6, paths=None, symlink_install=False, test_result_base=None, verb_extension=<colcon_core.verb.build.BuildVerb object at 0xffffab3f0520>, verb_name='build', verb_parser=<colcon_defaults.argument_parser.defaults.DefaultArgumentsDecorator object at 0xffffab32ea90>)
[0.806s] Level 1:colcon.colcon_core.package_discovery:discover_packages(colcon_meta) check parameters
[0.806s] Level 1:colcon.colcon_core.package_discovery:discover_packages(recursive) check parameters
[0.806s] Level 1:colcon.colcon_core.package_discovery:discover_packages(ignore) check parameters
[0.806s] Level 1:colcon.colcon_core.package_discovery:discover_packages(path) check parameters
[0.806s] Level 1:colcon.colcon_core.package_discovery:discover_packages(colcon_meta) discover
[0.807s] Level 1:colcon.colcon_core.package_discovery:discover_packages(recursive) discover
[0.807s] INFO:colcon.colcon_core.package_discovery:Crawling recursively for packages in '/home/yfu/projects/ros2-picas'
[0.807s] Level 1:colcon.colcon_core.package_identification:_identify(.) by extensions ['ignore', 'ignore_ament_install']
[0.807s] Level 1:colcon.colcon_core.package_identification:_identify(.) by extension 'ignore'
[0.807s] Level 1:colcon.colcon_core.package_identification:_identify(.) by extension 'ignore_ament_install'
[0.808s] Level 1:colcon.colcon_core.package_identification:_identify(.) by extensions ['colcon_pkg']
[0.808s] Level 1:colcon.colcon_core.package_identification:_identify(.) by extension 'colcon_pkg'
[0.808s] Level 1:colcon.colcon_core.package_identification:_identify(.) by extensions ['colcon_meta']
[0.808s] Level 1:colcon.colcon_core.package_identification:_identify(.) by extension 'colcon_meta'
[0.808s] Level 1:colcon.colcon_core.package_identification:_identify(.) by extensions ['ros']
[0.808s] Level 1:colcon.colcon_core.package_identification:_identify(.) by extension 'ros'
[0.832s] Level 1:colcon.colcon_core.package_identification:_identify(.) by extensions ['cmake', 'python']
[0.832s] Level 1:colcon.colcon_core.package_identification:_identify(.) by extension 'cmake'
[0.832s] Level 1:colcon.colcon_core.package_identification:_identify(.) by extension 'python'
[0.832s] Level 1:colcon.colcon_core.package_identification:_identify(.) by extensions ['python_setup_py']
[0.832s] Level 1:colcon.colcon_core.package_identification:_identify(.) by extension 'python_setup_py'
[0.833s] Level 1:colcon.colcon_core.package_identification:_identify(build) by extensions ['ignore', 'ignore_ament_install']
[0.833s] Level 1:colcon.colcon_core.package_identification:_identify(build) by extension 'ignore'
[0.833s] Level 1:colcon.colcon_core.package_identification:_identify(build) ignored
[0.833s] Level 1:colcon.colcon_core.package_identification:_identify(install) by extensions ['ignore', 'ignore_ament_install']
[0.834s] Level 1:colcon.colcon_core.package_identification:_identify(install) by extension 'ignore'
[0.834s] Level 1:colcon.colcon_core.package_identification:_identify(install) ignored
[0.834s] Level 1:colcon.colcon_core.package_identification:_identify(log) by extensions ['ignore', 'ignore_ament_install']
[0.834s] Level 1:colcon.colcon_core.package_identification:_identify(log) by extension 'ignore'
[0.834s] Level 1:colcon.colcon_core.package_identification:_identify(log) ignored
[0.834s] Level 1:colcon.colcon_core.package_identification:_identify(rclcpp) by extensions ['ignore', 'ignore_ament_install']
[0.835s] Level 1:colcon.colcon_core.package_identification:_identify(rclcpp) by extension 'ignore'
[0.835s] Level 1:colcon.colcon_core.package_identification:_identify(rclcpp) by extension 'ignore_ament_install'
[0.835s] Level 1:colcon.colcon_core.package_identification:_identify(rclcpp) by extensions ['colcon_pkg']
[0.835s] Level 1:colcon.colcon_core.package_identification:_identify(rclcpp) by extension 'colcon_pkg'
[0.835s] Level 1:colcon.colcon_core.package_identification:_identify(rclcpp) by extensions ['colcon_meta']
[0.835s] Level 1:colcon.colcon_core.package_identification:_identify(rclcpp) by extension 'colcon_meta'
[0.835s] Level 1:colcon.colcon_core.package_identification:_identify(rclcpp) by extensions ['ros']
[0.835s] Level 1:colcon.colcon_core.package_identification:_identify(rclcpp) by extension 'ros'
[0.846s] DEBUG:colcon.colcon_core.package_identification:Package 'rclcpp' with type 'ros.ament_cmake' and name 'rclcpp'
[0.847s] Level 1:colcon.colcon_core.package_identification:_identify(ros2-picas-example) by extensions ['ignore', 'ignore_ament_install']
[0.847s] Level 1:colcon.colcon_core.package_identification:_identify(ros2-picas-example) by extension 'ignore'
[0.847s] Level 1:colcon.colcon_core.package_identification:_identify(ros2-picas-example) by extension 'ignore_ament_install'
[0.847s] Level 1:colcon.colcon_core.package_identification:_identify(ros2-picas-example) by extensions ['colcon_pkg']
[0.847s] Level 1:colcon.colcon_core.package_identification:_identify(ros2-picas-example) by extension 'colcon_pkg'
[0.847s] Level 1:colcon.colcon_core.package_identification:_identify(ros2-picas-example) by extensions ['colcon_meta']
[0.847s] Level 1:colcon.colcon_core.package_identification:_identify(ros2-picas-example) by extension 'colcon_meta'
[0.847s] Level 1:colcon.colcon_core.package_identification:_identify(ros2-picas-example) by extensions ['ros']
[0.847s] Level 1:colcon.colcon_core.package_identification:_identify(ros2-picas-example) by extension 'ros'
[0.848s] Level 1:colcon.colcon_core.package_identification:_identify(ros2-picas-example) by extensions ['cmake', 'python']
[0.848s] Level 1:colcon.colcon_core.package_identification:_identify(ros2-picas-example) by extension 'cmake'
[0.848s] Level 1:colcon.colcon_core.package_identification:_identify(ros2-picas-example) by extension 'python'
[0.848s] Level 1:colcon.colcon_core.package_identification:_identify(ros2-picas-example) by extensions ['python_setup_py']
[0.848s] Level 1:colcon.colcon_core.package_identification:_identify(ros2-picas-example) by extension 'python_setup_py'
[0.848s] Level 1:colcon.colcon_core.package_identification:_identify(ros2-picas-example/picas-analysis) by extensions ['ignore', 'ignore_ament_install']
[0.848s] Level 1:colcon.colcon_core.package_identification:_identify(ros2-picas-example/picas-analysis) by extension 'ignore'
[0.849s] Level 1:colcon.colcon_core.package_identification:_identify(ros2-picas-example/picas-analysis) by extension 'ignore_ament_install'
[0.849s] Level 1:colcon.colcon_core.package_identification:_identify(ros2-picas-example/picas-analysis) by extensions ['colcon_pkg']
[0.849s] Level 1:colcon.colcon_core.package_identification:_identify(ros2-picas-example/picas-analysis) by extension 'colcon_pkg'
[0.849s] Level 1:colcon.colcon_core.package_identification:_identify(ros2-picas-example/picas-analysis) by extensions ['colcon_meta']
[0.849s] Level 1:colcon.colcon_core.package_identification:_identify(ros2-picas-example/picas-analysis) by extension 'colcon_meta'
[0.849s] Level 1:colcon.colcon_core.package_identification:_identify(ros2-picas-example/picas-analysis) by extensions ['ros']
[0.849s] Level 1:colcon.colcon_core.package_identification:_identify(ros2-picas-example/picas-analysis) by extension 'ros'
[0.849s] Level 1:colcon.colcon_core.package_identification:_identify(ros2-picas-example/picas-analysis) by extensions ['cmake', 'python']
[0.849s] Level 1:colcon.colcon_core.package_identification:_identify(ros2-picas-example/picas-analysis) by extension 'cmake'
[0.849s] Level 1:colcon.colcon_core.package_identification:_identify(ros2-picas-example/picas-analysis) by extension 'python'
[0.850s] Level 1:colcon.colcon_core.package_identification:_identify(ros2-picas-example/picas-analysis) by extensions ['python_setup_py']
[0.850s] Level 1:colcon.colcon_core.package_identification:_identify(ros2-picas-example/picas-analysis) by extension 'python_setup_py'
[0.850s] Level 1:colcon.colcon_core.package_identification:_identify(ros2-picas-example/picas_example) by extensions ['ignore', 'ignore_ament_install']
[0.850s] Level 1:colcon.colcon_core.package_identification:_identify(ros2-picas-example/picas_example) by extension 'ignore'
[0.850s] Level 1:colcon.colcon_core.package_identification:_identify(ros2-picas-example/picas_example) by extension 'ignore_ament_install'
[0.850s] Level 1:colcon.colcon_core.package_identification:_identify(ros2-picas-example/picas_example) by extensions ['colcon_pkg']
[0.850s] Level 1:colcon.colcon_core.package_identification:_identify(ros2-picas-example/picas_example) by extension 'colcon_pkg'
[0.850s] Level 1:colcon.colcon_core.package_identification:_identify(ros2-picas-example/picas_example) by extensions ['colcon_meta']
[0.850s] Level 1:colcon.colcon_core.package_identification:_identify(ros2-picas-example/picas_example) by extension 'colcon_meta'
[0.851s] Level 1:colcon.colcon_core.package_identification:_identify(ros2-picas-example/picas_example) by extensions ['ros']
[0.851s] Level 1:colcon.colcon_core.package_identification:_identify(ros2-picas-example/picas_example) by extension 'ros'
[0.852s] DEBUG:colcon.colcon_core.package_identification:Package 'ros2-picas-example/picas_example' with type 'ros.ament_cmake' and name 'picas_example'
[0.852s] Level 1:colcon.colcon_core.package_identification:_identify(ros2-picas-example/picas_example_mt) by extensions ['ignore', 'ignore_ament_install']
[0.852s] Level 1:colcon.colcon_core.package_identification:_identify(ros2-picas-example/picas_example_mt) by extension 'ignore'
[0.853s] Level 1:colcon.colcon_core.package_identification:_identify(ros2-picas-example/picas_example_mt) by extension 'ignore_ament_install'
[0.853s] Level 1:colcon.colcon_core.package_identification:_identify(ros2-picas-example/picas_example_mt) by extensions ['colcon_pkg']
[0.853s] Level 1:colcon.colcon_core.package_identification:_identify(ros2-picas-example/picas_example_mt) by extension 'colcon_pkg'
[0.853s] Level 1:colcon.colcon_core.package_identification:_identify(ros2-picas-example/picas_example_mt) by extensions ['colcon_meta']
[0.853s] Level 1:colcon.colcon_core.package_identification:_identify(ros2-picas-example/picas_example_mt) by extension 'colcon_meta'
[0.853s] Level 1:colcon.colcon_core.package_identification:_identify(ros2-picas-example/picas_example_mt) by extensions ['ros']
[0.853s] Level 1:colcon.colcon_core.package_identification:_identify(ros2-picas-example/picas_example_mt) by extension 'ros'
[0.855s] DEBUG:colcon.colcon_core.package_identification:Package 'ros2-picas-example/picas_example_mt' with type 'ros.ament_cmake' and name 'picas_example_mt'
[0.855s] Level 1:colcon.colcon_core.package_identification:_identify(ros2-picas-example/test_msgs) by extensions ['ignore', 'ignore_ament_install']
[0.855s] Level 1:colcon.colcon_core.package_identification:_identify(ros2-picas-example/test_msgs) by extension 'ignore'
[0.855s] Level 1:colcon.colcon_core.package_identification:_identify(ros2-picas-example/test_msgs) by extension 'ignore_ament_install'
[0.855s] Level 1:colcon.colcon_core.package_identification:_identify(ros2-picas-example/test_msgs) by extensions ['colcon_pkg']
[0.855s] Level 1:colcon.colcon_core.package_identification:_identify(ros2-picas-example/test_msgs) by extension 'colcon_pkg'
[0.856s] Level 1:colcon.colcon_core.package_identification:_identify(ros2-picas-example/test_msgs) by extensions ['colcon_meta']
[0.856s] Level 1:colcon.colcon_core.package_identification:_identify(ros2-picas-example/test_msgs) by extension 'colcon_meta'
[0.856s] Level 1:colcon.colcon_core.package_identification:_identify(ros2-picas-example/test_msgs) by extensions ['ros']
[0.856s] Level 1:colcon.colcon_core.package_identification:_identify(ros2-picas-example/test_msgs) by extension 'ros'
[0.857s] DEBUG:colcon.colcon_core.package_identification:Package 'ros2-picas-example/test_msgs' with type 'ros.ament_cmake' and name 'test_msgs'
[0.857s] Level 1:colcon.colcon_core.package_identification:_identify(ros2-picas-example/trace_picas) by extensions ['ignore', 'ignore_ament_install']
[0.857s] Level 1:colcon.colcon_core.package_identification:_identify(ros2-picas-example/trace_picas) by extension 'ignore'
[0.857s] Level 1:colcon.colcon_core.package_identification:_identify(ros2-picas-example/trace_picas) by extension 'ignore_ament_install'
[0.858s] Level 1:colcon.colcon_core.package_identification:_identify(ros2-picas-example/trace_picas) by extensions ['colcon_pkg']
[0.858s] Level 1:colcon.colcon_core.package_identification:_identify(ros2-picas-example/trace_picas) by extension 'colcon_pkg'
[0.858s] Level 1:colcon.colcon_core.package_identification:_identify(ros2-picas-example/trace_picas) by extensions ['colcon_meta']
[0.858s] Level 1:colcon.colcon_core.package_identification:_identify(ros2-picas-example/trace_picas) by extension 'colcon_meta'
[0.858s] Level 1:colcon.colcon_core.package_identification:_identify(ros2-picas-example/trace_picas) by extensions ['ros']
[0.858s] Level 1:colcon.colcon_core.package_identification:_identify(ros2-picas-example/trace_picas) by extension 'ros'
[0.859s] DEBUG:colcon.colcon_core.package_identification:Package 'ros2-picas-example/trace_picas' with type 'ros.ament_cmake' and name 'trace_picas'
[0.859s] Level 1:colcon.colcon_core.package_discovery:discover_packages(recursive) using defaults
[0.859s] Level 1:colcon.colcon_core.package_discovery:discover_packages(ignore) discover
[0.859s] Level 1:colcon.colcon_core.package_discovery:discover_packages(ignore) using defaults
[0.859s] Level 1:colcon.colcon_core.package_discovery:discover_packages(path) discover
[0.859s] Level 1:colcon.colcon_core.package_discovery:discover_packages(path) using defaults
[0.897s] Level 1:colcon.colcon_core.package_discovery:discover_packages(prefix_path) check parameters
[0.897s] Level 1:colcon.colcon_core.package_discovery:discover_packages(prefix_path) discover
[0.902s] DEBUG:colcon.colcon_installed_package_information.package_discovery:Found 173 installed packages in /opt/ros/galactic
[0.903s] Level 1:colcon.colcon_core.package_discovery:discover_packages(prefix_path) using defaults
[1.026s] Level 5:colcon.colcon_core.verb:set package 'test_msgs' build argument 'cmake_args' from command line to '['-DPICAS=TRUE']'
[1.027s] Level 5:colcon.colcon_core.verb:set package 'test_msgs' build argument 'cmake_target' from command line to 'None'
[1.027s] Level 5:colcon.colcon_core.verb:set package 'test_msgs' build argument 'cmake_target_skip_unavailable' from command line to 'False'
[1.027s] Level 5:colcon.colcon_core.verb:set package 'test_msgs' build argument 'cmake_clean_cache' from command line to 'False'
[1.027s] Level 5:colcon.colcon_core.verb:set package 'test_msgs' build argument 'cmake_clean_first' from command line to 'False'
[1.027s] Level 5:colcon.colcon_core.verb:set package 'test_msgs' build argument 'cmake_force_configure' from command line to 'False'
[1.027s] Level 5:colcon.colcon_core.verb:set package 'test_msgs' build argument 'ament_cmake_args' from command line to 'None'
[1.027s] Level 5:colcon.colcon_core.verb:set package 'test_msgs' build argument 'catkin_cmake_args' from command line to 'None'
[1.027s] Level 5:colcon.colcon_core.verb:set package 'test_msgs' build argument 'catkin_skip_building_tests' from command line to 'False'
[1.027s] DEBUG:colcon.colcon_core.verb:Building package 'test_msgs' with the following arguments: {'ament_cmake_args': None, 'build_base': '/home/yfu/projects/ros2-picas/build/test_msgs', 'catkin_cmake_args': None, 'catkin_skip_building_tests': False, 'cmake_args': ['-DPICAS=TRUE'], 'cmake_clean_cache': False, 'cmake_clean_first': False, 'cmake_force_configure': False, 'cmake_target': None, 'cmake_target_skip_unavailable': False, 'install_base': '/home/yfu/projects/ros2-picas/install/test_msgs', 'merge_install': False, 'path': '/home/yfu/projects/ros2-picas/ros2-picas-example/test_msgs', 'symlink_install': False, 'test_result_base': None}
[1.028s] Level 5:colcon.colcon_core.verb:set package 'rclcpp' build argument 'cmake_args' from command line to '['-DPICAS=TRUE']'
[1.028s] Level 5:colcon.colcon_core.verb:set package 'rclcpp' build argument 'cmake_target' from command line to 'None'
[1.028s] Level 5:colcon.colcon_core.verb:set package 'rclcpp' build argument 'cmake_target_skip_unavailable' from command line to 'False'
[1.028s] Level 5:colcon.colcon_core.verb:set package 'rclcpp' build argument 'cmake_clean_cache' from command line to 'False'
[1.028s] Level 5:colcon.colcon_core.verb:set package 'rclcpp' build argument 'cmake_clean_first' from command line to 'False'
[1.028s] Level 5:colcon.colcon_core.verb:set package 'rclcpp' build argument 'cmake_force_configure' from command line to 'False'
[1.028s] Level 5:colcon.colcon_core.verb:set package 'rclcpp' build argument 'ament_cmake_args' from command line to 'None'
[1.028s] Level 5:colcon.colcon_core.verb:set package 'rclcpp' build argument 'catkin_cmake_args' from command line to 'None'
[1.028s] Level 5:colcon.colcon_core.verb:set package 'rclcpp' build argument 'catkin_skip_building_tests' from command line to 'False'
[1.029s] DEBUG:colcon.colcon_core.verb:Building package 'rclcpp' with the following arguments: {'ament_cmake_args': None, 'build_base': '/home/yfu/projects/ros2-picas/build/rclcpp', 'catkin_cmake_args': None, 'catkin_skip_building_tests': False, 'cmake_args': ['-DPICAS=TRUE'], 'cmake_clean_cache': False, 'cmake_clean_first': False, 'cmake_force_configure': False, 'cmake_target': None, 'cmake_target_skip_unavailable': False, 'install_base': '/home/yfu/projects/ros2-picas/install/rclcpp', 'merge_install': False, 'path': '/home/yfu/projects/ros2-picas/rclcpp', 'symlink_install': False, 'test_result_base': None}
[1.029s] Level 5:colcon.colcon_core.verb:set package 'trace_picas' build argument 'cmake_args' from command line to '['-DPICAS=TRUE']'
[1.029s] Level 5:colcon.colcon_core.verb:set package 'trace_picas' build argument 'cmake_target' from command line to 'None'
[1.029s] Level 5:colcon.colcon_core.verb:set package 'trace_picas' build argument 'cmake_target_skip_unavailable' from command line to 'False'
[1.029s] Level 5:colcon.colcon_core.verb:set package 'trace_picas' build argument 'cmake_clean_cache' from command line to 'False'
[1.029s] Level 5:colcon.colcon_core.verb:set package 'trace_picas' build argument 'cmake_clean_first' from command line to 'False'
[1.029s] Level 5:colcon.colcon_core.verb:set package 'trace_picas' build argument 'cmake_force_configure' from command line to 'False'
[1.030s] Level 5:colcon.colcon_core.verb:set package 'trace_picas' build argument 'ament_cmake_args' from command line to 'None'
[1.030s] Level 5:colcon.colcon_core.verb:set package 'trace_picas' build argument 'catkin_cmake_args' from command line to 'None'
[1.030s] Level 5:colcon.colcon_core.verb:set package 'trace_picas' build argument 'catkin_skip_building_tests' from command line to 'False'
[1.030s] DEBUG:colcon.colcon_core.verb:Building package 'trace_picas' with the following arguments: {'ament_cmake_args': None, 'build_base': '/home/yfu/projects/ros2-picas/build/trace_picas', 'catkin_cmake_args': None, 'catkin_skip_building_tests': False, 'cmake_args': ['-DPICAS=TRUE'], 'cmake_clean_cache': False, 'cmake_clean_first': False, 'cmake_force_configure': False, 'cmake_target': None, 'cmake_target_skip_unavailable': False, 'install_base': '/home/yfu/projects/ros2-picas/install/trace_picas', 'merge_install': False, 'path': '/home/yfu/projects/ros2-picas/ros2-picas-example/trace_picas', 'symlink_install': False, 'test_result_base': None}
[1.030s] Level 5:colcon.colcon_core.verb:set package 'picas_example' build argument 'cmake_args' from command line to '['-DPICAS=TRUE']'
[1.030s] Level 5:colcon.colcon_core.verb:set package 'picas_example' build argument 'cmake_target' from command line to 'None'
[1.030s] Level 5:colcon.colcon_core.verb:set package 'picas_example' build argument 'cmake_target_skip_unavailable' from command line to 'False'
[1.031s] Level 5:colcon.colcon_core.verb:set package 'picas_example' build argument 'cmake_clean_cache' from command line to 'False'
[1.031s] Level 5:colcon.colcon_core.verb:set package 'picas_example' build argument 'cmake_clean_first' from command line to 'False'
[1.031s] Level 5:colcon.colcon_core.verb:set package 'picas_example' build argument 'cmake_force_configure' from command line to 'False'
[1.031s] Level 5:colcon.colcon_core.verb:set package 'picas_example' build argument 'ament_cmake_args' from command line to 'None'
[1.031s] Level 5:colcon.colcon_core.verb:set package 'picas_example' build argument 'catkin_cmake_args' from command line to 'None'
[1.031s] Level 5:colcon.colcon_core.verb:set package 'picas_example' build argument 'catkin_skip_building_tests' from command line to 'False'
[1.031s] DEBUG:colcon.colcon_core.verb:Building package 'picas_example' with the following arguments: {'ament_cmake_args': None, 'build_base': '/home/yfu/projects/ros2-picas/build/picas_example', 'catkin_cmake_args': None, 'catkin_skip_building_tests': False, 'cmake_args': ['-DPICAS=TRUE'], 'cmake_clean_cache': False, 'cmake_clean_first': False, 'cmake_force_configure': False, 'cmake_target': None, 'cmake_target_skip_unavailable': False, 'install_base': '/home/yfu/projects/ros2-picas/install/picas_example', 'merge_install': False, 'path': '/home/yfu/projects/ros2-picas/ros2-picas-example/picas_example', 'symlink_install': False, 'test_result_base': None}
[1.031s] Level 5:colcon.colcon_core.verb:set package 'picas_example_mt' build argument 'cmake_args' from command line to '['-DPICAS=TRUE']'
[1.032s] Level 5:colcon.colcon_core.verb:set package 'picas_example_mt' build argument 'cmake_target' from command line to 'None'
[1.032s] Level 5:colcon.colcon_core.verb:set package 'picas_example_mt' build argument 'cmake_target_skip_unavailable' from command line to 'False'
[1.032s] Level 5:colcon.colcon_core.verb:set package 'picas_example_mt' build argument 'cmake_clean_cache' from command line to 'False'
[1.032s] Level 5:colcon.colcon_core.verb:set package 'picas_example_mt' build argument 'cmake_clean_first' from command line to 'False'
[1.032s] Level 5:colcon.colcon_core.verb:set package 'picas_example_mt' build argument 'cmake_force_configure' from command line to 'False'
[1.032s] Level 5:colcon.colcon_core.verb:set package 'picas_example_mt' build argument 'ament_cmake_args' from command line to 'None'
[1.032s] Level 5:colcon.colcon_core.verb:set package 'picas_example_mt' build argument 'catkin_cmake_args' from command line to 'None'
[1.032s] Level 5:colcon.colcon_core.verb:set package 'picas_example_mt' build argument 'catkin_skip_building_tests' from command line to 'False'
[1.032s] DEBUG:colcon.colcon_core.verb:Building package 'picas_example_mt' with the following arguments: {'ament_cmake_args': None, 'build_base': '/home/yfu/projects/ros2-picas/build/picas_example_mt', 'catkin_cmake_args': None, 'catkin_skip_building_tests': False, 'cmake_args': ['-DPICAS=TRUE'], 'cmake_clean_cache': False, 'cmake_clean_first': False, 'cmake_force_configure': False, 'cmake_target': None, 'cmake_target_skip_unavailable': False, 'install_base': '/home/yfu/projects/ros2-picas/install/picas_example_mt', 'merge_install': False, 'path': '/home/yfu/projects/ros2-picas/ros2-picas-example/picas_example_mt', 'symlink_install': False, 'test_result_base': None}
[1.032s] INFO:colcon.colcon_core.executor:Executing jobs using 'parallel' executor
[1.036s] DEBUG:colcon.colcon_parallel_executor.executor.parallel:run_until_complete
[1.036s] INFO:colcon.colcon_ros.task.ament_cmake.build:Building ROS package in '/home/yfu/projects/ros2-picas/ros2-picas-example/test_msgs' with build type 'ament_cmake'
[1.037s] INFO:colcon.colcon_cmake.task.cmake.build:Building CMake package in '/home/yfu/projects/ros2-picas/ros2-picas-example/test_msgs'
[1.041s] INFO:colcon.colcon_core.plugin_system:Skipping extension 'colcon_core.shell.bat': Not used on non-Windows systems
[1.042s] INFO:colcon.colcon_core.shell:Skip shell extension 'powershell' for command environment: Not usable outside of PowerShell
[1.042s] DEBUG:colcon.colcon_core.shell:Skip shell extension 'dsv' for command environment
[1.062s] DEBUG:colcon.colcon_core.event_handler.log_command:Invoking command in '/home/yfu/projects/ros2-picas/build/test_msgs': CMAKE_PREFIX_PATH=/opt/ros/galactic CONDA_PROMPT_MODIFIER=(base) /usr/bin/cmake /home/yfu/projects/ros2-picas/ros2-picas-example/test_msgs -DPICAS=TRUE -DCMAKE_INSTALL_PREFIX=/home/yfu/projects/ros2-picas/install/test_msgs
[3.698s] DEBUG:colcon.colcon_core.event_handler.log_command:Invoked command in '/home/yfu/projects/ros2-picas/build/test_msgs' returned '0': CMAKE_PREFIX_PATH=/opt/ros/galactic CONDA_PROMPT_MODIFIER=(base) /usr/bin/cmake /home/yfu/projects/ros2-picas/ros2-picas-example/test_msgs -DPICAS=TRUE -DCMAKE_INSTALL_PREFIX=/home/yfu/projects/ros2-picas/install/test_msgs
[3.710s] DEBUG:colcon.colcon_core.event_handler.log_command:Invoking command in '/home/yfu/projects/ros2-picas/build/test_msgs': CMAKE_PREFIX_PATH=/opt/ros/galactic CONDA_PROMPT_MODIFIER=(base) /usr/bin/cmake --build /home/yfu/projects/ros2-picas/build/test_msgs -- -j6 -l6
[10.109s] DEBUG:colcon.colcon_core.event_handler.log_command:Invoked command in '/home/yfu/projects/ros2-picas/build/test_msgs' returned '0': CMAKE_PREFIX_PATH=/opt/ros/galactic CONDA_PROMPT_MODIFIER=(base) /usr/bin/cmake --build /home/yfu/projects/ros2-picas/build/test_msgs -- -j6 -l6
[10.149s] DEBUG:colcon.colcon_core.event_handler.log_command:Invoking command in '/home/yfu/projects/ros2-picas/build/test_msgs': CMAKE_PREFIX_PATH=/opt/ros/galactic CONDA_PROMPT_MODIFIER=(base) /usr/bin/cmake --install /home/yfu/projects/ros2-picas/build/test_msgs
[10.289s] Level 1:colcon.colcon_core.environment:create_environment_scripts_only(test_msgs)
[10.292s] DEBUG:colcon.colcon_core.event_handler.log_command:Invoked command in '/home/yfu/projects/ros2-picas/build/test_msgs' returned '0': CMAKE_PREFIX_PATH=/opt/ros/galactic CONDA_PROMPT_MODIFIER=(base) /usr/bin/cmake --install /home/yfu/projects/ros2-picas/build/test_msgs
[10.301s] Level 1:colcon.colcon_core.environment:checking '/home/yfu/projects/ros2-picas/install/test_msgs' for CMake module files
[10.303s] Level 1:colcon.colcon_core.environment:checking '/home/yfu/projects/ros2-picas/install/test_msgs' for CMake config files
[10.304s] Level 1:colcon.colcon_core.shell:create_environment_hook('test_msgs', 'cmake_prefix_path')
[10.305s] INFO:colcon.colcon_core.shell:Creating environment hook '/home/yfu/projects/ros2-picas/install/test_msgs/share/test_msgs/hook/cmake_prefix_path.ps1'
[10.308s] INFO:colcon.colcon_core.shell:Creating environment descriptor '/home/yfu/projects/ros2-picas/install/test_msgs/share/test_msgs/hook/cmake_prefix_path.dsv'
[10.310s] INFO:colcon.colcon_core.shell:Creating environment hook '/home/yfu/projects/ros2-picas/install/test_msgs/share/test_msgs/hook/cmake_prefix_path.sh'
[10.315s] Level 1:colcon.colcon_core.environment:checking '/home/yfu/projects/ros2-picas/install/test_msgs/lib'
[10.316s] Level 1:colcon.colcon_core.shell:create_environment_hook('test_msgs', 'ld_library_path_lib')
[10.317s] INFO:colcon.colcon_core.shell:Creating environment hook '/home/yfu/projects/ros2-picas/install/test_msgs/share/test_msgs/hook/ld_library_path_lib.ps1'
[10.318s] INFO:colcon.colcon_core.shell:Creating environment descriptor '/home/yfu/projects/ros2-picas/install/test_msgs/share/test_msgs/hook/ld_library_path_lib.dsv'
[10.320s] INFO:colcon.colcon_core.shell:Creating environment hook '/home/yfu/projects/ros2-picas/install/test_msgs/share/test_msgs/hook/ld_library_path_lib.sh'
[10.321s] Level 1:colcon.colcon_core.environment:checking '/home/yfu/projects/ros2-picas/install/test_msgs/bin'
[10.321s] Level 1:colcon.colcon_core.environment:checking '/home/yfu/projects/ros2-picas/install/test_msgs/lib/pkgconfig/test_msgs.pc'
[10.323s] Level 1:colcon.colcon_core.environment:checking '/home/yfu/projects/ros2-picas/install/test_msgs/lib/python3.8/site-packages'
[10.323s] Level 1:colcon.colcon_core.shell:create_environment_hook('test_msgs', 'pythonpath')
[10.324s] INFO:colcon.colcon_core.shell:Creating environment hook '/home/yfu/projects/ros2-picas/install/test_msgs/share/test_msgs/hook/pythonpath.ps1'
[10.326s] INFO:colcon.colcon_core.shell:Creating environment descriptor '/home/yfu/projects/ros2-picas/install/test_msgs/share/test_msgs/hook/pythonpath.dsv'
[10.327s] INFO:colcon.colcon_core.shell:Creating environment hook '/home/yfu/projects/ros2-picas/install/test_msgs/share/test_msgs/hook/pythonpath.sh'
[10.329s] Level 1:colcon.colcon_core.environment:checking '/home/yfu/projects/ros2-picas/install/test_msgs/bin'
[10.330s] INFO:colcon.colcon_core.shell:Creating package script '/home/yfu/projects/ros2-picas/install/test_msgs/share/test_msgs/package.ps1'
[10.333s] INFO:colcon.colcon_core.shell:Creating package descriptor '/home/yfu/projects/ros2-picas/install/test_msgs/share/test_msgs/package.dsv'
[10.335s] INFO:colcon.colcon_core.shell:Creating package script '/home/yfu/projects/ros2-picas/install/test_msgs/share/test_msgs/package.sh'
[10.338s] INFO:colcon.colcon_core.shell:Creating package script '/home/yfu/projects/ros2-picas/install/test_msgs/share/test_msgs/package.bash'
[10.339s] INFO:colcon.colcon_core.shell:Creating package script '/home/yfu/projects/ros2-picas/install/test_msgs/share/test_msgs/package.zsh'
[10.341s] Level 1:colcon.colcon_core.environment:create_file_with_runtime_dependencies(/home/yfu/projects/ros2-picas/install/test_msgs/share/colcon-core/packages/test_msgs)
[10.343s] Level 1:colcon.colcon_core.environment:create_environment_scripts_only(test_msgs)
[10.344s] Level 1:colcon.colcon_core.environment:checking '/home/yfu/projects/ros2-picas/install/test_msgs' for CMake module files
[10.345s] Level 1:colcon.colcon_core.environment:checking '/home/yfu/projects/ros2-picas/install/test_msgs' for CMake config files
[10.349s] Level 1:colcon.colcon_core.shell:create_environment_hook('test_msgs', 'cmake_prefix_path')
[10.349s] INFO:colcon.colcon_core.shell:Creating environment hook '/home/yfu/projects/ros2-picas/install/test_msgs/share/test_msgs/hook/cmake_prefix_path.ps1'
[10.351s] INFO:colcon.colcon_core.shell:Creating environment descriptor '/home/yfu/projects/ros2-picas/install/test_msgs/share/test_msgs/hook/cmake_prefix_path.dsv'
[10.352s] INFO:colcon.colcon_core.shell:Creating environment hook '/home/yfu/projects/ros2-picas/install/test_msgs/share/test_msgs/hook/cmake_prefix_path.sh'
[10.354s] Level 1:colcon.colcon_core.environment:checking '/home/yfu/projects/ros2-picas/install/test_msgs/lib'
[10.354s] Level 1:colcon.colcon_core.shell:create_environment_hook('test_msgs', 'ld_library_path_lib')
[10.354s] INFO:colcon.colcon_core.shell:Creating environment hook '/home/yfu/projects/ros2-picas/install/test_msgs/share/test_msgs/hook/ld_library_path_lib.ps1'
[10.355s] INFO:colcon.colcon_core.shell:Creating environment descriptor '/home/yfu/projects/ros2-picas/install/test_msgs/share/test_msgs/hook/ld_library_path_lib.dsv'
[10.356s] INFO:colcon.colcon_core.shell:Creating environment hook '/home/yfu/projects/ros2-picas/install/test_msgs/share/test_msgs/hook/ld_library_path_lib.sh'
[10.356s] Level 1:colcon.colcon_core.environment:checking '/home/yfu/projects/ros2-picas/install/test_msgs/bin'
[10.357s] Level 1:colcon.colcon_core.environment:checking '/home/yfu/projects/ros2-picas/install/test_msgs/lib/pkgconfig/test_msgs.pc'
[10.357s] Level 1:colcon.colcon_core.environment:checking '/home/yfu/projects/ros2-picas/install/test_msgs/lib/python3.8/site-packages'
[10.357s] Level 1:colcon.colcon_core.shell:create_environment_hook('test_msgs', 'pythonpath')
[10.358s] INFO:colcon.colcon_core.shell:Creating environment hook '/home/yfu/projects/ros2-picas/install/test_msgs/share/test_msgs/hook/pythonpath.ps1'
[10.358s] INFO:colcon.colcon_core.shell:Creating environment descriptor '/home/yfu/projects/ros2-picas/install/test_msgs/share/test_msgs/hook/pythonpath.dsv'
[10.359s] INFO:colcon.colcon_core.shell:Creating environment hook '/home/yfu/projects/ros2-picas/install/test_msgs/share/test_msgs/hook/pythonpath.sh'
[10.360s] Level 1:colcon.colcon_core.environment:checking '/home/yfu/projects/ros2-picas/install/test_msgs/bin'
[10.361s] INFO:colcon.colcon_core.shell:Creating package script '/home/yfu/projects/ros2-picas/install/test_msgs/share/test_msgs/package.ps1'
[10.362s] INFO:colcon.colcon_core.shell:Creating package descriptor '/home/yfu/projects/ros2-picas/install/test_msgs/share/test_msgs/package.dsv'
[10.481s] INFO:colcon.colcon_core.shell:Creating package script '/home/yfu/projects/ros2-picas/install/test_msgs/share/test_msgs/package.sh'
[10.482s] INFO:colcon.colcon_core.shell:Creating package script '/home/yfu/projects/ros2-picas/install/test_msgs/share/test_msgs/package.bash'
[10.483s] INFO:colcon.colcon_core.shell:Creating package script '/home/yfu/projects/ros2-picas/install/test_msgs/share/test_msgs/package.zsh'
[10.484s] Level 1:colcon.colcon_core.environment:create_file_with_runtime_dependencies(/home/yfu/projects/ros2-picas/install/test_msgs/share/colcon-core/packages/test_msgs)
[10.485s] INFO:colcon.colcon_ros.task.ament_cmake.build:Building ROS package in '/home/yfu/projects/ros2-picas/rclcpp' with build type 'ament_cmake'
[10.486s] INFO:colcon.colcon_cmake.task.cmake.build:Building CMake package in '/home/yfu/projects/ros2-picas/rclcpp'
[10.487s] INFO:colcon.colcon_core.shell:Skip shell extension 'powershell' for command environment: Not usable outside of PowerShell
[10.487s] DEBUG:colcon.colcon_core.shell:Skip shell extension 'dsv' for command environment
[10.517s] DEBUG:colcon.colcon_core.event_handler.log_command:Invoking command in '/home/yfu/projects/ros2-picas/build/rclcpp': AMENT_PREFIX_PATH=/home/yfu/projects/ros2-picas/install/test_msgs:${AMENT_PREFIX_PATH} CMAKE_PREFIX_PATH=/home/yfu/projects/ros2-picas/install/test_msgs:/opt/ros/galactic CONDA_PROMPT_MODIFIER=(base) LD_LIBRARY_PATH=/home/yfu/projects/ros2-picas/install/test_msgs/lib:${LD_LIBRARY_PATH} PYTHONPATH=/home/yfu/projects/ros2-picas/install/test_msgs/lib/python3.8/site-packages:${PYTHONPATH} /usr/bin/cmake /home/yfu/projects/ros2-picas/rclcpp -DPICAS=TRUE -DCMAKE_INSTALL_PREFIX=/home/yfu/projects/ros2-picas/install/rclcpp
[14.213s] DEBUG:colcon.colcon_core.event_handler.log_command:Invoked command in '/home/yfu/projects/ros2-picas/build/rclcpp' returned '0': AMENT_PREFIX_PATH=/home/yfu/projects/ros2-picas/install/test_msgs:${AMENT_PREFIX_PATH} CMAKE_PREFIX_PATH=/home/yfu/projects/ros2-picas/install/test_msgs:/opt/ros/galactic CONDA_PROMPT_MODIFIER=(base) LD_LIBRARY_PATH=/home/yfu/projects/ros2-picas/install/test_msgs/lib:${LD_LIBRARY_PATH} PYTHONPATH=/home/yfu/projects/ros2-picas/install/test_msgs/lib/python3.8/site-packages:${PYTHONPATH} /usr/bin/cmake /home/yfu/projects/ros2-picas/rclcpp -DPICAS=TRUE -DCMAKE_INSTALL_PREFIX=/home/yfu/projects/ros2-picas/install/rclcpp
[14.222s] DEBUG:colcon.colcon_core.event_handler.log_command:Invoking command in '/home/yfu/projects/ros2-picas/build/rclcpp': AMENT_PREFIX_PATH=/home/yfu/projects/ros2-picas/install/test_msgs:${AMENT_PREFIX_PATH} CMAKE_PREFIX_PATH=/home/yfu/projects/ros2-picas/install/test_msgs:/opt/ros/galactic CONDA_PROMPT_MODIFIER=(base) LD_LIBRARY_PATH=/home/yfu/projects/ros2-picas/install/test_msgs/lib:${LD_LIBRARY_PATH} PYTHONPATH=/home/yfu/projects/ros2-picas/install/test_msgs/lib/python3.8/site-packages:${PYTHONPATH} /usr/bin/cmake --build /home/yfu/projects/ros2-picas/build/rclcpp -- -j6 -l6
[83.878s] DEBUG:colcon.colcon_core.event_handler.log_command:Invoked command in '/home/yfu/projects/ros2-picas/build/rclcpp' returned '0': AMENT_PREFIX_PATH=/home/yfu/projects/ros2-picas/install/test_msgs:${AMENT_PREFIX_PATH} CMAKE_PREFIX_PATH=/home/yfu/projects/ros2-picas/install/test_msgs:/opt/ros/galactic CONDA_PROMPT_MODIFIER=(base) LD_LIBRARY_PATH=/home/yfu/projects/ros2-picas/install/test_msgs/lib:${LD_LIBRARY_PATH} PYTHONPATH=/home/yfu/projects/ros2-picas/install/test_msgs/lib/python3.8/site-packages:${PYTHONPATH} /usr/bin/cmake --build /home/yfu/projects/ros2-picas/build/rclcpp -- -j6 -l6
[83.889s] DEBUG:colcon.colcon_core.event_handler.log_command:Invoking command in '/home/yfu/projects/ros2-picas/build/rclcpp': AMENT_PREFIX_PATH=/home/yfu/projects/ros2-picas/install/test_msgs:${AMENT_PREFIX_PATH} CMAKE_PREFIX_PATH=/home/yfu/projects/ros2-picas/install/test_msgs:/opt/ros/galactic CONDA_PROMPT_MODIFIER=(base) LD_LIBRARY_PATH=/home/yfu/projects/ros2-picas/install/test_msgs/lib:${LD_LIBRARY_PATH} PYTHONPATH=/home/yfu/projects/ros2-picas/install/test_msgs/lib/python3.8/site-packages:${PYTHONPATH} /usr/bin/cmake --install /home/yfu/projects/ros2-picas/build/rclcpp
[84.017s] Level 1:colcon.colcon_core.environment:create_environment_scripts_only(rclcpp)
[84.018s] Level 1:colcon.colcon_core.environment:checking '/home/yfu/projects/ros2-picas/install/rclcpp' for CMake module files
[84.021s] Level 1:colcon.colcon_core.environment:checking '/home/yfu/projects/ros2-picas/install/rclcpp' for CMake config files
[84.023s] Level 1:colcon.colcon_core.shell:create_environment_hook('rclcpp', 'cmake_prefix_path')
[84.023s] INFO:colcon.colcon_core.shell:Creating environment hook '/home/yfu/projects/ros2-picas/install/rclcpp/share/rclcpp/hook/cmake_prefix_path.ps1'
[84.026s] INFO:colcon.colcon_core.shell:Creating environment descriptor '/home/yfu/projects/ros2-picas/install/rclcpp/share/rclcpp/hook/cmake_prefix_path.dsv'
[84.027s] INFO:colcon.colcon_core.shell:Creating environment hook '/home/yfu/projects/ros2-picas/install/rclcpp/share/rclcpp/hook/cmake_prefix_path.sh'
[84.029s] Level 1:colcon.colcon_core.environment:checking '/home/yfu/projects/ros2-picas/install/rclcpp/lib'
[84.029s] Level 1:colcon.colcon_core.shell:create_environment_hook('rclcpp', 'ld_library_path_lib')
[84.030s] INFO:colcon.colcon_core.shell:Creating environment hook '/home/yfu/projects/ros2-picas/install/rclcpp/share/rclcpp/hook/ld_library_path_lib.ps1'
[84.030s] DEBUG:colcon.colcon_core.event_handler.log_command:Invoked command in '/home/yfu/projects/ros2-picas/build/rclcpp' returned '0': AMENT_PREFIX_PATH=/home/yfu/projects/ros2-picas/install/test_msgs:${AMENT_PREFIX_PATH} CMAKE_PREFIX_PATH=/home/yfu/projects/ros2-picas/install/test_msgs:/opt/ros/galactic CONDA_PROMPT_MODIFIER=(base) LD_LIBRARY_PATH=/home/yfu/projects/ros2-picas/install/test_msgs/lib:${LD_LIBRARY_PATH} PYTHONPATH=/home/yfu/projects/ros2-picas/install/test_msgs/lib/python3.8/site-packages:${PYTHONPATH} /usr/bin/cmake --install /home/yfu/projects/ros2-picas/build/rclcpp
[84.031s] INFO:colcon.colcon_core.shell:Creating environment descriptor '/home/yfu/projects/ros2-picas/install/rclcpp/share/rclcpp/hook/ld_library_path_lib.dsv'
[84.032s] INFO:colcon.colcon_core.shell:Creating environment hook '/home/yfu/projects/ros2-picas/install/rclcpp/share/rclcpp/hook/ld_library_path_lib.sh'
[84.032s] Level 1:colcon.colcon_core.environment:checking '/home/yfu/projects/ros2-picas/install/rclcpp/bin'
[84.033s] Level 1:colcon.colcon_core.environment:checking '/home/yfu/projects/ros2-picas/install/rclcpp/lib/pkgconfig/rclcpp.pc'
[84.033s] Level 1:colcon.colcon_core.environment:checking '/home/yfu/projects/ros2-picas/install/rclcpp/lib/python3.8/site-packages'
[84.034s] Level 1:colcon.colcon_core.environment:checking '/home/yfu/projects/ros2-picas/install/rclcpp/bin'
[84.035s] INFO:colcon.colcon_core.shell:Creating package script '/home/yfu/projects/ros2-picas/install/rclcpp/share/rclcpp/package.ps1'
[84.036s] INFO:colcon.colcon_core.shell:Creating package descriptor '/home/yfu/projects/ros2-picas/install/rclcpp/share/rclcpp/package.dsv'
[84.037s] INFO:colcon.colcon_core.shell:Creating package script '/home/yfu/projects/ros2-picas/install/rclcpp/share/rclcpp/package.sh'
[84.038s] INFO:colcon.colcon_core.shell:Creating package script '/home/yfu/projects/ros2-picas/install/rclcpp/share/rclcpp/package.bash'
[84.039s] INFO:colcon.colcon_core.shell:Creating package script '/home/yfu/projects/ros2-picas/install/rclcpp/share/rclcpp/package.zsh'
[84.040s] Level 1:colcon.colcon_core.environment:create_file_with_runtime_dependencies(/home/yfu/projects/ros2-picas/install/rclcpp/share/colcon-core/packages/rclcpp)
[84.042s] Level 1:colcon.colcon_core.environment:create_environment_scripts_only(rclcpp)
[84.043s] Level 1:colcon.colcon_core.environment:checking '/home/yfu/projects/ros2-picas/install/rclcpp' for CMake module files
[84.044s] Level 1:colcon.colcon_core.environment:checking '/home/yfu/projects/ros2-picas/install/rclcpp' for CMake config files
[84.044s] Level 1:colcon.colcon_core.shell:create_environment_hook('rclcpp', 'cmake_prefix_path')
[84.044s] INFO:colcon.colcon_core.shell:Creating environment hook '/home/yfu/projects/ros2-picas/install/rclcpp/share/rclcpp/hook/cmake_prefix_path.ps1'
[84.045s] INFO:colcon.colcon_core.shell:Creating environment descriptor '/home/yfu/projects/ros2-picas/install/rclcpp/share/rclcpp/hook/cmake_prefix_path.dsv'
[84.046s] INFO:colcon.colcon_core.shell:Creating environment hook '/home/yfu/projects/ros2-picas/install/rclcpp/share/rclcpp/hook/cmake_prefix_path.sh'
[84.048s] Level 1:colcon.colcon_core.environment:checking '/home/yfu/projects/ros2-picas/install/rclcpp/lib'
[84.048s] Level 1:colcon.colcon_core.shell:create_environment_hook('rclcpp', 'ld_library_path_lib')
[84.049s] INFO:colcon.colcon_core.shell:Creating environment hook '/home/yfu/projects/ros2-picas/install/rclcpp/share/rclcpp/hook/ld_library_path_lib.ps1'
[84.050s] INFO:colcon.colcon_core.shell:Creating environment descriptor '/home/yfu/projects/ros2-picas/install/rclcpp/share/rclcpp/hook/ld_library_path_lib.dsv'
[84.050s] INFO:colcon.colcon_core.shell:Creating environment hook '/home/yfu/projects/ros2-picas/install/rclcpp/share/rclcpp/hook/ld_library_path_lib.sh'
[84.051s] Level 1:colcon.colcon_core.environment:checking '/home/yfu/projects/ros2-picas/install/rclcpp/bin'
[84.051s] Level 1:colcon.colcon_core.environment:checking '/home/yfu/projects/ros2-picas/install/rclcpp/lib/pkgconfig/rclcpp.pc'
[84.052s] Level 1:colcon.colcon_core.environment:checking '/home/yfu/projects/ros2-picas/install/rclcpp/lib/python3.8/site-packages'
[84.052s] Level 1:colcon.colcon_core.environment:checking '/home/yfu/projects/ros2-picas/install/rclcpp/bin'
[84.053s] INFO:colcon.colcon_core.shell:Creating package script '/home/yfu/projects/ros2-picas/install/rclcpp/share/rclcpp/package.ps1'
[84.054s] INFO:colcon.colcon_core.shell:Creating package descriptor '/home/yfu/projects/ros2-picas/install/rclcpp/share/rclcpp/package.dsv'
[84.176s] INFO:colcon.colcon_core.shell:Creating package script '/home/yfu/projects/ros2-picas/install/rclcpp/share/rclcpp/package.sh'
[84.178s] INFO:colcon.colcon_core.shell:Creating package script '/home/yfu/projects/ros2-picas/install/rclcpp/share/rclcpp/package.bash'
[84.179s] INFO:colcon.colcon_core.shell:Creating package script '/home/yfu/projects/ros2-picas/install/rclcpp/share/rclcpp/package.zsh'
[84.180s] Level 1:colcon.colcon_core.environment:create_file_with_runtime_dependencies(/home/yfu/projects/ros2-picas/install/rclcpp/share/colcon-core/packages/rclcpp)
[84.181s] INFO:colcon.colcon_ros.task.ament_cmake.build:Building ROS package in '/home/yfu/projects/ros2-picas/ros2-picas-example/trace_picas' with build type 'ament_cmake'
[84.182s] INFO:colcon.colcon_cmake.task.cmake.build:Building CMake package in '/home/yfu/projects/ros2-picas/ros2-picas-example/trace_picas'
[84.183s] INFO:colcon.colcon_core.shell:Skip shell extension 'powershell' for command environment: Not usable outside of PowerShell
[84.184s] DEBUG:colcon.colcon_core.shell:Skip shell extension 'dsv' for command environment
[84.219s] DEBUG:colcon.colcon_core.event_handler.log_command:Invoking command in '/home/yfu/projects/ros2-picas/build/trace_picas': AMENT_PREFIX_PATH=/home/yfu/projects/ros2-picas/install/rclcpp:/home/yfu/projects/ros2-picas/install/test_msgs:${AMENT_PREFIX_PATH} CMAKE_PREFIX_PATH=/home/yfu/projects/ros2-picas/install/rclcpp:/home/yfu/projects/ros2-picas/install/test_msgs:/opt/ros/galactic CONDA_PROMPT_MODIFIER=(base) LD_LIBRARY_PATH=/home/yfu/projects/ros2-picas/install/rclcpp/lib:/home/yfu/projects/ros2-picas/install/test_msgs/lib:${LD_LIBRARY_PATH} PYTHONPATH=/home/yfu/projects/ros2-picas/install/test_msgs/lib/python3.8/site-packages:${PYTHONPATH} /usr/bin/cmake /home/yfu/projects/ros2-picas/ros2-picas-example/trace_picas -DPICAS=TRUE -DCMAKE_INSTALL_PREFIX=/home/yfu/projects/ros2-picas/install/trace_picas
[88.088s] DEBUG:colcon.colcon_core.event_handler.log_command:Invoked command in '/home/yfu/projects/ros2-picas/build/trace_picas' returned '0': AMENT_PREFIX_PATH=/home/yfu/projects/ros2-picas/install/rclcpp:/home/yfu/projects/ros2-picas/install/test_msgs:${AMENT_PREFIX_PATH} CMAKE_PREFIX_PATH=/home/yfu/projects/ros2-picas/install/rclcpp:/home/yfu/projects/ros2-picas/install/test_msgs:/opt/ros/galactic CONDA_PROMPT_MODIFIER=(base) LD_LIBRARY_PATH=/home/yfu/projects/ros2-picas/install/rclcpp/lib:/home/yfu/projects/ros2-picas/install/test_msgs/lib:${LD_LIBRARY_PATH} PYTHONPATH=/home/yfu/projects/ros2-picas/install/test_msgs/lib/python3.8/site-packages:${PYTHONPATH} /usr/bin/cmake /home/yfu/projects/ros2-picas/ros2-picas-example/trace_picas -DPICAS=TRUE -DCMAKE_INSTALL_PREFIX=/home/yfu/projects/ros2-picas/install/trace_picas
[88.097s] DEBUG:colcon.colcon_core.event_handler.log_command:Invoking command in '/home/yfu/projects/ros2-picas/build/trace_picas': AMENT_PREFIX_PATH=/home/yfu/projects/ros2-picas/install/rclcpp:/home/yfu/projects/ros2-picas/install/test_msgs:${AMENT_PREFIX_PATH} CMAKE_PREFIX_PATH=/home/yfu/projects/ros2-picas/install/rclcpp:/home/yfu/projects/ros2-picas/install/test_msgs:/opt/ros/galactic CONDA_PROMPT_MODIFIER=(base) LD_LIBRARY_PATH=/home/yfu/projects/ros2-picas/install/rclcpp/lib:/home/yfu/projects/ros2-picas/install/test_msgs/lib:${LD_LIBRARY_PATH} PYTHONPATH=/home/yfu/projects/ros2-picas/install/test_msgs/lib/python3.8/site-packages:${PYTHONPATH} /usr/bin/cmake --build /home/yfu/projects/ros2-picas/build/trace_picas -- -j6 -l6
[89.440s] DEBUG:colcon.colcon_core.event_handler.log_command:Invoked command in '/home/yfu/projects/ros2-picas/build/trace_picas' returned '0': AMENT_PREFIX_PATH=/home/yfu/projects/ros2-picas/install/rclcpp:/home/yfu/projects/ros2-picas/install/test_msgs:${AMENT_PREFIX_PATH} CMAKE_PREFIX_PATH=/home/yfu/projects/ros2-picas/install/rclcpp:/home/yfu/projects/ros2-picas/install/test_msgs:/opt/ros/galactic CONDA_PROMPT_MODIFIER=(base) LD_LIBRARY_PATH=/home/yfu/projects/ros2-picas/install/rclcpp/lib:/home/yfu/projects/ros2-picas/install/test_msgs/lib:${LD_LIBRARY_PATH} PYTHONPATH=/home/yfu/projects/ros2-picas/install/test_msgs/lib/python3.8/site-packages:${PYTHONPATH} /usr/bin/cmake --build /home/yfu/projects/ros2-picas/build/trace_picas -- -j6 -l6
[89.451s] DEBUG:colcon.colcon_core.event_handler.log_command:Invoking command in '/home/yfu/projects/ros2-picas/build/trace_picas': AMENT_PREFIX_PATH=/home/yfu/projects/ros2-picas/install/rclcpp:/home/yfu/projects/ros2-picas/install/test_msgs:${AMENT_PREFIX_PATH} CMAKE_PREFIX_PATH=/home/yfu/projects/ros2-picas/install/rclcpp:/home/yfu/projects/ros2-picas/install/test_msgs:/opt/ros/galactic CONDA_PROMPT_MODIFIER=(base) LD_LIBRARY_PATH=/home/yfu/projects/ros2-picas/install/rclcpp/lib:/home/yfu/projects/ros2-picas/install/test_msgs/lib:${LD_LIBRARY_PATH} PYTHONPATH=/home/yfu/projects/ros2-picas/install/test_msgs/lib/python3.8/site-packages:${PYTHONPATH} /usr/bin/cmake --install /home/yfu/projects/ros2-picas/build/trace_picas
[89.488s] Level 1:colcon.colcon_core.environment:create_environment_scripts_only(trace_picas)
[89.489s] Level 1:colcon.colcon_core.environment:checking '/home/yfu/projects/ros2-picas/install/trace_picas' for CMake module files
[89.490s] DEBUG:colcon.colcon_core.event_handler.log_command:Invoked command in '/home/yfu/projects/ros2-picas/build/trace_picas' returned '0': AMENT_PREFIX_PATH=/home/yfu/projects/ros2-picas/install/rclcpp:/home/yfu/projects/ros2-picas/install/test_msgs:${AMENT_PREFIX_PATH} CMAKE_PREFIX_PATH=/home/yfu/projects/ros2-picas/install/rclcpp:/home/yfu/projects/ros2-picas/install/test_msgs:/opt/ros/galactic CONDA_PROMPT_MODIFIER=(base) LD_LIBRARY_PATH=/home/yfu/projects/ros2-picas/install/rclcpp/lib:/home/yfu/projects/ros2-picas/install/test_msgs/lib:${LD_LIBRARY_PATH} PYTHONPATH=/home/yfu/projects/ros2-picas/install/test_msgs/lib/python3.8/site-packages:${PYTHONPATH} /usr/bin/cmake --install /home/yfu/projects/ros2-picas/build/trace_picas
[89.491s] Level 1:colcon.colcon_core.environment:checking '/home/yfu/projects/ros2-picas/install/trace_picas' for CMake config files
[89.492s] Level 1:colcon.colcon_core.shell:create_environment_hook('trace_picas', 'cmake_prefix_path')
[89.493s] INFO:colcon.colcon_core.shell:Creating environment hook '/home/yfu/projects/ros2-picas/install/trace_picas/share/trace_picas/hook/cmake_prefix_path.ps1'
[89.494s] INFO:colcon.colcon_core.shell:Creating environment descriptor '/home/yfu/projects/ros2-picas/install/trace_picas/share/trace_picas/hook/cmake_prefix_path.dsv'
[89.495s] INFO:colcon.colcon_core.shell:Creating environment hook '/home/yfu/projects/ros2-picas/install/trace_picas/share/trace_picas/hook/cmake_prefix_path.sh'
[89.497s] Level 1:colcon.colcon_core.environment:checking '/home/yfu/projects/ros2-picas/install/trace_picas/lib'
[89.497s] Level 1:colcon.colcon_core.environment:checking '/home/yfu/projects/ros2-picas/install/trace_picas/bin'
[89.498s] Level 1:colcon.colcon_core.environment:checking '/home/yfu/projects/ros2-picas/install/trace_picas/lib/pkgconfig/trace_picas.pc'
[89.498s] Level 1:colcon.colcon_core.environment:checking '/home/yfu/projects/ros2-picas/install/trace_picas/lib/python3.8/site-packages'
[89.499s] Level 1:colcon.colcon_core.environment:checking '/home/yfu/projects/ros2-picas/install/trace_picas/bin'
[89.500s] INFO:colcon.colcon_core.shell:Creating package script '/home/yfu/projects/ros2-picas/install/trace_picas/share/trace_picas/package.ps1'
[89.501s] INFO:colcon.colcon_core.shell:Creating package descriptor '/home/yfu/projects/ros2-picas/install/trace_picas/share/trace_picas/package.dsv'
[89.502s] INFO:colcon.colcon_core.shell:Creating package script '/home/yfu/projects/ros2-picas/install/trace_picas/share/trace_picas/package.sh'
[89.503s] INFO:colcon.colcon_core.shell:Creating package script '/home/yfu/projects/ros2-picas/install/trace_picas/share/trace_picas/package.bash'
[89.504s] INFO:colcon.colcon_core.shell:Creating package script '/home/yfu/projects/ros2-picas/install/trace_picas/share/trace_picas/package.zsh'
[89.506s] Level 1:colcon.colcon_core.environment:create_file_with_runtime_dependencies(/home/yfu/projects/ros2-picas/install/trace_picas/share/colcon-core/packages/trace_picas)
[89.509s] Level 1:colcon.colcon_core.environment:create_environment_scripts_only(trace_picas)
[89.513s] Level 1:colcon.colcon_core.environment:checking '/home/yfu/projects/ros2-picas/install/trace_picas' for CMake module files
[89.514s] Level 1:colcon.colcon_core.environment:checking '/home/yfu/projects/ros2-picas/install/trace_picas' for CMake config files
[89.515s] Level 1:colcon.colcon_core.shell:create_environment_hook('trace_picas', 'cmake_prefix_path')
[89.515s] INFO:colcon.colcon_core.shell:Creating environment hook '/home/yfu/projects/ros2-picas/install/trace_picas/share/trace_picas/hook/cmake_prefix_path.ps1'
[89.517s] INFO:colcon.colcon_core.shell:Creating environment descriptor '/home/yfu/projects/ros2-picas/install/trace_picas/share/trace_picas/hook/cmake_prefix_path.dsv'
[89.517s] INFO:colcon.colcon_core.shell:Creating environment hook '/home/yfu/projects/ros2-picas/install/trace_picas/share/trace_picas/hook/cmake_prefix_path.sh'
[89.519s] Level 1:colcon.colcon_core.environment:checking '/home/yfu/projects/ros2-picas/install/trace_picas/lib'
[89.519s] Level 1:colcon.colcon_core.environment:checking '/home/yfu/projects/ros2-picas/install/trace_picas/bin'
[89.519s] Level 1:colcon.colcon_core.environment:checking '/home/yfu/projects/ros2-picas/install/trace_picas/lib/pkgconfig/trace_picas.pc'
[89.520s] Level 1:colcon.colcon_core.environment:checking '/home/yfu/projects/ros2-picas/install/trace_picas/lib/python3.8/site-packages'
[89.521s] Level 1:colcon.colcon_core.environment:checking '/home/yfu/projects/ros2-picas/install/trace_picas/bin'
[89.521s] INFO:colcon.colcon_core.shell:Creating package script '/home/yfu/projects/ros2-picas/install/trace_picas/share/trace_picas/package.ps1'
[89.522s] INFO:colcon.colcon_core.shell:Creating package descriptor '/home/yfu/projects/ros2-picas/install/trace_picas/share/trace_picas/package.dsv'
[89.645s] INFO:colcon.colcon_core.shell:Creating package script '/home/yfu/projects/ros2-picas/install/trace_picas/share/trace_picas/package.sh'
[89.647s] INFO:colcon.colcon_core.shell:Creating package script '/home/yfu/projects/ros2-picas/install/trace_picas/share/trace_picas/package.bash'
[89.648s] INFO:colcon.colcon_core.shell:Creating package script '/home/yfu/projects/ros2-picas/install/trace_picas/share/trace_picas/package.zsh'
[89.649s] Level 1:colcon.colcon_core.environment:create_file_with_runtime_dependencies(/home/yfu/projects/ros2-picas/install/trace_picas/share/colcon-core/packages/trace_picas)
[89.650s] INFO:colcon.colcon_ros.task.ament_cmake.build:Building ROS package in '/home/yfu/projects/ros2-picas/ros2-picas-example/picas_example' with build type 'ament_cmake'
[89.651s] INFO:colcon.colcon_cmake.task.cmake.build:Building CMake package in '/home/yfu/projects/ros2-picas/ros2-picas-example/picas_example'
[89.652s] INFO:colcon.colcon_core.shell:Skip shell extension 'powershell' for command environment: Not usable outside of PowerShell
[89.652s] DEBUG:colcon.colcon_core.shell:Skip shell extension 'dsv' for command environment
[89.668s] INFO:colcon.colcon_ros.task.ament_cmake.build:Building ROS package in '/home/yfu/projects/ros2-picas/ros2-picas-example/picas_example_mt' with build type 'ament_cmake'
[89.669s] INFO:colcon.colcon_cmake.task.cmake.build:Building CMake package in '/home/yfu/projects/ros2-picas/ros2-picas-example/picas_example_mt'
[89.670s] INFO:colcon.colcon_core.shell:Skip shell extension 'powershell' for command environment: Not usable outside of PowerShell
[89.670s] DEBUG:colcon.colcon_core.shell:Skip shell extension 'dsv' for command environment
[89.691s] DEBUG:colcon.colcon_core.event_handler.log_command:Invoking command in '/home/yfu/projects/ros2-picas/build/picas_example': AMENT_PREFIX_PATH=/home/yfu/projects/ros2-picas/install/trace_picas:/home/yfu/projects/ros2-picas/install/rclcpp:/home/yfu/projects/ros2-picas/install/test_msgs:${AMENT_PREFIX_PATH} CMAKE_PREFIX_PATH=/home/yfu/projects/ros2-picas/install/trace_picas:/home/yfu/projects/ros2-picas/install/rclcpp:/home/yfu/projects/ros2-picas/install/test_msgs:/opt/ros/galactic CONDA_PROMPT_MODIFIER=(base) LD_LIBRARY_PATH=/home/yfu/projects/ros2-picas/install/trace_picas/lib:/home/yfu/projects/ros2-picas/install/rclcpp/lib:/home/yfu/projects/ros2-picas/install/test_msgs/lib:${LD_LIBRARY_PATH} PYTHONPATH=/home/yfu/projects/ros2-picas/install/test_msgs/lib/python3.8/site-packages:${PYTHONPATH} /usr/bin/cmake /home/yfu/projects/ros2-picas/ros2-picas-example/picas_example -DPICAS=TRUE -DCMAKE_INSTALL_PREFIX=/home/yfu/projects/ros2-picas/install/picas_example
[89.703s] DEBUG:colcon.colcon_core.event_handler.log_command:Invoking command in '/home/yfu/projects/ros2-picas/build/picas_example_mt': AMENT_PREFIX_PATH=/home/yfu/projects/ros2-picas/install/trace_picas:/home/yfu/projects/ros2-picas/install/rclcpp:/home/yfu/projects/ros2-picas/install/test_msgs:${AMENT_PREFIX_PATH} CMAKE_PREFIX_PATH=/home/yfu/projects/ros2-picas/install/trace_picas:/home/yfu/projects/ros2-picas/install/rclcpp:/home/yfu/projects/ros2-picas/install/test_msgs:/opt/ros/galactic CONDA_PROMPT_MODIFIER=(base) LD_LIBRARY_PATH=/home/yfu/projects/ros2-picas/install/trace_picas/lib:/home/yfu/projects/ros2-picas/install/rclcpp/lib:/home/yfu/projects/ros2-picas/install/test_msgs/lib:${LD_LIBRARY_PATH} PYTHONPATH=/home/yfu/projects/ros2-picas/install/test_msgs/lib/python3.8/site-packages:${PYTHONPATH} /usr/bin/cmake /home/yfu/projects/ros2-picas/ros2-picas-example/picas_example_mt -DPICAS=TRUE -DCMAKE_INSTALL_PREFIX=/home/yfu/projects/ros2-picas/install/picas_example_mt
[93.634s] DEBUG:colcon.colcon_core.event_handler.log_command:Invoked command in '/home/yfu/projects/ros2-picas/build/picas_example_mt' returned '0': AMENT_PREFIX_PATH=/home/yfu/projects/ros2-picas/install/trace_picas:/home/yfu/projects/ros2-picas/install/rclcpp:/home/yfu/projects/ros2-picas/install/test_msgs:${AMENT_PREFIX_PATH} CMAKE_PREFIX_PATH=/home/yfu/projects/ros2-picas/install/trace_picas:/home/yfu/projects/ros2-picas/install/rclcpp:/home/yfu/projects/ros2-picas/install/test_msgs:/opt/ros/galactic CONDA_PROMPT_MODIFIER=(base) LD_LIBRARY_PATH=/home/yfu/projects/ros2-picas/install/trace_picas/lib:/home/yfu/projects/ros2-picas/install/rclcpp/lib:/home/yfu/projects/ros2-picas/install/test_msgs/lib:${LD_LIBRARY_PATH} PYTHONPATH=/home/yfu/projects/ros2-picas/install/test_msgs/lib/python3.8/site-packages:${PYTHONPATH} /usr/bin/cmake /home/yfu/projects/ros2-picas/ros2-picas-example/picas_example_mt -DPICAS=TRUE -DCMAKE_INSTALL_PREFIX=/home/yfu/projects/ros2-picas/install/picas_example_mt
[93.642s] DEBUG:colcon.colcon_core.event_handler.log_command:Invoking command in '/home/yfu/projects/ros2-picas/build/picas_example_mt': AMENT_PREFIX_PATH=/home/yfu/projects/ros2-picas/install/trace_picas:/home/yfu/projects/ros2-picas/install/rclcpp:/home/yfu/projects/ros2-picas/install/test_msgs:${AMENT_PREFIX_PATH} CMAKE_PREFIX_PATH=/home/yfu/projects/ros2-picas/install/trace_picas:/home/yfu/projects/ros2-picas/install/rclcpp:/home/yfu/projects/ros2-picas/install/test_msgs:/opt/ros/galactic CONDA_PROMPT_MODIFIER=(base) LD_LIBRARY_PATH=/home/yfu/projects/ros2-picas/install/trace_picas/lib:/home/yfu/projects/ros2-picas/install/rclcpp/lib:/home/yfu/projects/ros2-picas/install/test_msgs/lib:${LD_LIBRARY_PATH} PYTHONPATH=/home/yfu/projects/ros2-picas/install/test_msgs/lib/python3.8/site-packages:${PYTHONPATH} /usr/bin/cmake --build /home/yfu/projects/ros2-picas/build/picas_example_mt -- -j6 -l6
[93.650s] DEBUG:colcon.colcon_core.event_handler.log_command:Invoked command in '/home/yfu/projects/ros2-picas/build/picas_example' returned '0': AMENT_PREFIX_PATH=/home/yfu/projects/ros2-picas/install/trace_picas:/home/yfu/projects/ros2-picas/install/rclcpp:/home/yfu/projects/ros2-picas/install/test_msgs:${AMENT_PREFIX_PATH} CMAKE_PREFIX_PATH=/home/yfu/projects/ros2-picas/install/trace_picas:/home/yfu/projects/ros2-picas/install/rclcpp:/home/yfu/projects/ros2-picas/install/test_msgs:/opt/ros/galactic CONDA_PROMPT_MODIFIER=(base) LD_LIBRARY_PATH=/home/yfu/projects/ros2-picas/install/trace_picas/lib:/home/yfu/projects/ros2-picas/install/rclcpp/lib:/home/yfu/projects/ros2-picas/install/test_msgs/lib:${LD_LIBRARY_PATH} PYTHONPATH=/home/yfu/projects/ros2-picas/install/test_msgs/lib/python3.8/site-packages:${PYTHONPATH} /usr/bin/cmake /home/yfu/projects/ros2-picas/ros2-picas-example/picas_example -DPICAS=TRUE -DCMAKE_INSTALL_PREFIX=/home/yfu/projects/ros2-picas/install/picas_example
[93.656s] DEBUG:colcon.colcon_core.event_handler.log_command:Invoking command in '/home/yfu/projects/ros2-picas/build/picas_example': AMENT_PREFIX_PATH=/home/yfu/projects/ros2-picas/install/trace_picas:/home/yfu/projects/ros2-picas/install/rclcpp:/home/yfu/projects/ros2-picas/install/test_msgs:${AMENT_PREFIX_PATH} CMAKE_PREFIX_PATH=/home/yfu/projects/ros2-picas/install/trace_picas:/home/yfu/projects/ros2-picas/install/rclcpp:/home/yfu/projects/ros2-picas/install/test_msgs:/opt/ros/galactic CONDA_PROMPT_MODIFIER=(base) LD_LIBRARY_PATH=/home/yfu/projects/ros2-picas/install/trace_picas/lib:/home/yfu/projects/ros2-picas/install/rclcpp/lib:/home/yfu/projects/ros2-picas/install/test_msgs/lib:${LD_LIBRARY_PATH} PYTHONPATH=/home/yfu/projects/ros2-picas/install/test_msgs/lib/python3.8/site-packages:${PYTHONPATH} /usr/bin/cmake --build /home/yfu/projects/ros2-picas/build/picas_example -- -j6 -l6
[118.097s] DEBUG:colcon.colcon_core.event_handler.log_command:Invoked command in '/home/yfu/projects/ros2-picas/build/picas_example_mt' returned '0': AMENT_PREFIX_PATH=/home/yfu/projects/ros2-picas/install/trace_picas:/home/yfu/projects/ros2-picas/install/rclcpp:/home/yfu/projects/ros2-picas/install/test_msgs:${AMENT_PREFIX_PATH} CMAKE_PREFIX_PATH=/home/yfu/projects/ros2-picas/install/trace_picas:/home/yfu/projects/ros2-picas/install/rclcpp:/home/yfu/projects/ros2-picas/install/test_msgs:/opt/ros/galactic CONDA_PROMPT_MODIFIER=(base) LD_LIBRARY_PATH=/home/yfu/projects/ros2-picas/install/trace_picas/lib:/home/yfu/projects/ros2-picas/install/rclcpp/lib:/home/yfu/projects/ros2-picas/install/test_msgs/lib:${LD_LIBRARY_PATH} PYTHONPATH=/home/yfu/projects/ros2-picas/install/test_msgs/lib/python3.8/site-packages:${PYTHONPATH} /usr/bin/cmake --build /home/yfu/projects/ros2-picas/build/picas_example_mt -- -j6 -l6
[118.110s] DEBUG:colcon.colcon_core.event_handler.log_command:Invoking command in '/home/yfu/projects/ros2-picas/build/picas_example_mt': AMENT_PREFIX_PATH=/home/yfu/projects/ros2-picas/install/trace_picas:/home/yfu/projects/ros2-picas/install/rclcpp:/home/yfu/projects/ros2-picas/install/test_msgs:${AMENT_PREFIX_PATH} CMAKE_PREFIX_PATH=/home/yfu/projects/ros2-picas/install/trace_picas:/home/yfu/projects/ros2-picas/install/rclcpp:/home/yfu/projects/ros2-picas/install/test_msgs:/opt/ros/galactic CONDA_PROMPT_MODIFIER=(base) LD_LIBRARY_PATH=/home/yfu/projects/ros2-picas/install/trace_picas/lib:/home/yfu/projects/ros2-picas/install/rclcpp/lib:/home/yfu/projects/ros2-picas/install/test_msgs/lib:${LD_LIBRARY_PATH} PYTHONPATH=/home/yfu/projects/ros2-picas/install/test_msgs/lib/python3.8/site-packages:${PYTHONPATH} /usr/bin/cmake --install /home/yfu/projects/ros2-picas/build/picas_example_mt
[118.158s] Level 1:colcon.colcon_core.environment:create_environment_scripts_only(picas_example_mt)
[118.160s] Level 1:colcon.colcon_core.environment:checking '/home/yfu/projects/ros2-picas/install/picas_example_mt' for CMake module files
[118.162s] DEBUG:colcon.colcon_core.event_handler.log_command:Invoked command in '/home/yfu/projects/ros2-picas/build/picas_example_mt' returned '0': AMENT_PREFIX_PATH=/home/yfu/projects/ros2-picas/install/trace_picas:/home/yfu/projects/ros2-picas/install/rclcpp:/home/yfu/projects/ros2-picas/install/test_msgs:${AMENT_PREFIX_PATH} CMAKE_PREFIX_PATH=/home/yfu/projects/ros2-picas/install/trace_picas:/home/yfu/projects/ros2-picas/install/rclcpp:/home/yfu/projects/ros2-picas/install/test_msgs:/opt/ros/galactic CONDA_PROMPT_MODIFIER=(base) LD_LIBRARY_PATH=/home/yfu/projects/ros2-picas/install/trace_picas/lib:/home/yfu/projects/ros2-picas/install/rclcpp/lib:/home/yfu/projects/ros2-picas/install/test_msgs/lib:${LD_LIBRARY_PATH} PYTHONPATH=/home/yfu/projects/ros2-picas/install/test_msgs/lib/python3.8/site-packages:${PYTHONPATH} /usr/bin/cmake --install /home/yfu/projects/ros2-picas/build/picas_example_mt
[118.163s] Level 1:colcon.colcon_core.environment:checking '/home/yfu/projects/ros2-picas/install/picas_example_mt' for CMake config files
[118.164s] Level 1:colcon.colcon_core.shell:create_environment_hook('picas_example_mt', 'cmake_prefix_path')
[118.165s] INFO:colcon.colcon_core.shell:Creating environment hook '/home/yfu/projects/ros2-picas/install/picas_example_mt/share/picas_example_mt/hook/cmake_prefix_path.ps1'
[118.168s] INFO:colcon.colcon_core.shell:Creating environment descriptor '/home/yfu/projects/ros2-picas/install/picas_example_mt/share/picas_example_mt/hook/cmake_prefix_path.dsv'
[118.169s] INFO:colcon.colcon_core.shell:Creating environment hook '/home/yfu/projects/ros2-picas/install/picas_example_mt/share/picas_example_mt/hook/cmake_prefix_path.sh'
[118.171s] Level 1:colcon.colcon_core.environment:checking '/home/yfu/projects/ros2-picas/install/picas_example_mt/lib'
[118.172s] Level 1:colcon.colcon_core.environment:checking '/home/yfu/projects/ros2-picas/install/picas_example_mt/bin'
[118.172s] Level 1:colcon.colcon_core.environment:checking '/home/yfu/projects/ros2-picas/install/picas_example_mt/lib/pkgconfig/picas_example_mt.pc'
[118.173s] Level 1:colcon.colcon_core.environment:checking '/home/yfu/projects/ros2-picas/install/picas_example_mt/lib/python3.8/site-packages'
[118.174s] Level 1:colcon.colcon_core.environment:checking '/home/yfu/projects/ros2-picas/install/picas_example_mt/bin'
[118.175s] INFO:colcon.colcon_core.shell:Creating package script '/home/yfu/projects/ros2-picas/install/picas_example_mt/share/picas_example_mt/package.ps1'
[118.177s] INFO:colcon.colcon_core.shell:Creating package descriptor '/home/yfu/projects/ros2-picas/install/picas_example_mt/share/picas_example_mt/package.dsv'
[118.179s] INFO:colcon.colcon_core.shell:Creating package script '/home/yfu/projects/ros2-picas/install/picas_example_mt/share/picas_example_mt/package.sh'
[118.181s] INFO:colcon.colcon_core.shell:Creating package script '/home/yfu/projects/ros2-picas/install/picas_example_mt/share/picas_example_mt/package.bash'
[118.232s] INFO:colcon.colcon_core.shell:Creating package script '/home/yfu/projects/ros2-picas/install/picas_example_mt/share/picas_example_mt/package.zsh'
[118.233s] Level 1:colcon.colcon_core.environment:create_file_with_runtime_dependencies(/home/yfu/projects/ros2-picas/install/picas_example_mt/share/colcon-core/packages/picas_example_mt)
[118.235s] Level 1:colcon.colcon_core.environment:create_environment_scripts_only(picas_example_mt)
[118.236s] Level 1:colcon.colcon_core.environment:checking '/home/yfu/projects/ros2-picas/install/picas_example_mt' for CMake module files
[118.237s] Level 1:colcon.colcon_core.environment:checking '/home/yfu/projects/ros2-picas/install/picas_example_mt' for CMake config files
[118.238s] Level 1:colcon.colcon_core.shell:create_environment_hook('picas_example_mt', 'cmake_prefix_path')
[118.238s] INFO:colcon.colcon_core.shell:Creating environment hook '/home/yfu/projects/ros2-picas/install/picas_example_mt/share/picas_example_mt/hook/cmake_prefix_path.ps1'
[118.239s] INFO:colcon.colcon_core.shell:Creating environment descriptor '/home/yfu/projects/ros2-picas/install/picas_example_mt/share/picas_example_mt/hook/cmake_prefix_path.dsv'
[118.240s] INFO:colcon.colcon_core.shell:Creating environment hook '/home/yfu/projects/ros2-picas/install/picas_example_mt/share/picas_example_mt/hook/cmake_prefix_path.sh'
[118.241s] Level 1:colcon.colcon_core.environment:checking '/home/yfu/projects/ros2-picas/install/picas_example_mt/lib'
[118.241s] Level 1:colcon.colcon_core.environment:checking '/home/yfu/projects/ros2-picas/install/picas_example_mt/bin'
[118.242s] Level 1:colcon.colcon_core.environment:checking '/home/yfu/projects/ros2-picas/install/picas_example_mt/lib/pkgconfig/picas_example_mt.pc'
[118.242s] Level 1:colcon.colcon_core.environment:checking '/home/yfu/projects/ros2-picas/install/picas_example_mt/lib/python3.8/site-packages'
[118.243s] Level 1:colcon.colcon_core.environment:checking '/home/yfu/projects/ros2-picas/install/picas_example_mt/bin'
[118.243s] INFO:colcon.colcon_core.shell:Creating package script '/home/yfu/projects/ros2-picas/install/picas_example_mt/share/picas_example_mt/package.ps1'
[118.244s] INFO:colcon.colcon_core.shell:Creating package descriptor '/home/yfu/projects/ros2-picas/install/picas_example_mt/share/picas_example_mt/package.dsv'
[118.317s] INFO:colcon.colcon_core.shell:Creating package script '/home/yfu/projects/ros2-picas/install/picas_example_mt/share/picas_example_mt/package.sh'
[118.319s] INFO:colcon.colcon_core.shell:Creating package script '/home/yfu/projects/ros2-picas/install/picas_example_mt/share/picas_example_mt/package.bash'
[118.320s] INFO:colcon.colcon_core.shell:Creating package script '/home/yfu/projects/ros2-picas/install/picas_example_mt/share/picas_example_mt/package.zsh'
[118.322s] Level 1:colcon.colcon_core.environment:create_file_with_runtime_dependencies(/home/yfu/projects/ros2-picas/install/picas_example_mt/share/colcon-core/packages/picas_example_mt)
[118.442s] DEBUG:colcon.colcon_core.event_handler.log_command:Invoked command in '/home/yfu/projects/ros2-picas/build/picas_example' returned '2': AMENT_PREFIX_PATH=/home/yfu/projects/ros2-picas/install/trace_picas:/home/yfu/projects/ros2-picas/install/rclcpp:/home/yfu/projects/ros2-picas/install/test_msgs:${AMENT_PREFIX_PATH} CMAKE_PREFIX_PATH=/home/yfu/projects/ros2-picas/install/trace_picas:/home/yfu/projects/ros2-picas/install/rclcpp:/home/yfu/projects/ros2-picas/install/test_msgs:/opt/ros/galactic CONDA_PROMPT_MODIFIER=(base) LD_LIBRARY_PATH=/home/yfu/projects/ros2-picas/install/trace_picas/lib:/home/yfu/projects/ros2-picas/install/rclcpp/lib:/home/yfu/projects/ros2-picas/install/test_msgs/lib:${LD_LIBRARY_PATH} PYTHONPATH=/home/yfu/projects/ros2-picas/install/test_msgs/lib/python3.8/site-packages:${PYTHONPATH} /usr/bin/cmake --build /home/yfu/projects/ros2-picas/build/picas_example -- -j6 -l6
[118.445s] Level 1:colcon.colcon_core.environment:create_environment_scripts_only(picas_example)
[118.446s] Level 1:colcon.colcon_core.environment:checking '/home/yfu/projects/ros2-picas/install/picas_example' for CMake module files
[118.447s] Level 1:colcon.colcon_core.environment:checking '/home/yfu/projects/ros2-picas/install/picas_example' for CMake config files
[118.448s] Level 1:colcon.colcon_core.environment:checking '/home/yfu/projects/ros2-picas/install/picas_example/bin'
[118.448s] Level 1:colcon.colcon_core.environment:checking '/home/yfu/projects/ros2-picas/install/picas_example/lib/pkgconfig/picas_example.pc'
[118.449s] Level 1:colcon.colcon_core.environment:checking '/home/yfu/projects/ros2-picas/install/picas_example/lib/python3.8/site-packages'
[118.450s] Level 1:colcon.colcon_core.environment:checking '/home/yfu/projects/ros2-picas/install/picas_example/bin'
[118.451s] INFO:colcon.colcon_core.shell:Creating package script '/home/yfu/projects/ros2-picas/install/picas_example/share/picas_example/package.ps1'
[118.454s] INFO:colcon.colcon_core.shell:Creating package descriptor '/home/yfu/projects/ros2-picas/install/picas_example/share/picas_example/package.dsv'
[118.455s] INFO:colcon.colcon_core.shell:Creating package script '/home/yfu/projects/ros2-picas/install/picas_example/share/picas_example/package.sh'
[118.457s] INFO:colcon.colcon_core.shell:Creating package script '/home/yfu/projects/ros2-picas/install/picas_example/share/picas_example/package.bash'
[118.459s] INFO:colcon.colcon_core.shell:Creating package script '/home/yfu/projects/ros2-picas/install/picas_example/share/picas_example/package.zsh'
[118.460s] Level 1:colcon.colcon_core.environment:create_file_with_runtime_dependencies(/home/yfu/projects/ros2-picas/install/picas_example/share/colcon-core/packages/picas_example)
[118.472s] DEBUG:colcon.colcon_parallel_executor.executor.parallel:closing loop
[118.473s] DEBUG:colcon.colcon_parallel_executor.executor.parallel:loop closed
[118.473s] DEBUG:colcon.colcon_parallel_executor.executor.parallel:run_until_complete finished with '2'
[118.474s] DEBUG:colcon.colcon_core.event_reactor:joining thread
[118.496s] INFO:colcon.colcon_core.plugin_system:Skipping extension 'colcon_notification.desktop_notification.terminal_notifier': Not used on non-Darwin systems
[118.497s] INFO:colcon.colcon_core.plugin_system:Skipping extension 'colcon_notification.desktop_notification.win32': Not used on non-Windows systems
[118.497s] INFO:colcon.colcon_notification.desktop_notification:Sending desktop notification using 'notify2'
[118.528s] DEBUG:colcon.colcon_notification.desktop_notification.notify2:Failed to initialize notify2: org.freedesktop.DBus.Error.Spawn.ChildExited: Process org.freedesktop.Notifications exited with status 1
[118.528s] DEBUG:colcon.colcon_core.event_reactor:joined thread
[118.530s] INFO:colcon.colcon_core.shell:Creating prefix script '/home/yfu/projects/ros2-picas/install/local_setup.ps1'
[118.533s] INFO:colcon.colcon_core.shell:Creating prefix util module '/home/yfu/projects/ros2-picas/install/_local_setup_util_ps1.py'
[118.537s] INFO:colcon.colcon_core.shell:Creating prefix chain script '/home/yfu/projects/ros2-picas/install/setup.ps1'
[118.539s] INFO:colcon.colcon_core.shell:Creating prefix script '/home/yfu/projects/ros2-picas/install/local_setup.sh'
[118.540s] INFO:colcon.colcon_core.shell:Creating prefix util module '/home/yfu/projects/ros2-picas/install/_local_setup_util_sh.py'
[118.542s] INFO:colcon.colcon_core.shell:Creating prefix chain script '/home/yfu/projects/ros2-picas/install/setup.sh'
[118.544s] INFO:colcon.colcon_core.shell:Creating prefix script '/home/yfu/projects/ros2-picas/install/local_setup.bash'
[118.545s] INFO:colcon.colcon_core.shell:Creating prefix chain script '/home/yfu/projects/ros2-picas/install/setup.bash'
[118.547s] INFO:colcon.colcon_core.shell:Creating prefix script '/home/yfu/projects/ros2-picas/install/local_setup.zsh'
[118.548s] INFO:colcon.colcon_core.shell:Creating prefix chain script '/home/yfu/projects/ros2-picas/install/setup.zsh'
