[0.039s] Invoking command in '/home/yfu/projects/ros2-picas/build/picas_example': AMENT_PREFIX_PATH=/home/yfu/projects/ros2-picas/install/trace_picas:/home/yfu/projects/ros2-picas/install/rclcpp:/home/yfu/projects/ros2-picas/install/test_msgs:${AMENT_PREFIX_PATH} CMAKE_PREFIX_PATH=/home/yfu/projects/ros2-picas/install/trace_picas:/home/yfu/projects/ros2-picas/install/rclcpp:/home/yfu/projects/ros2-picas/install/test_msgs:/opt/ros/galactic CONDA_PROMPT_MODIFIER=(base) LD_LIBRARY_PATH=/home/yfu/projects/ros2-picas/install/trace_picas/lib:/home/yfu/projects/ros2-picas/install/rclcpp/lib:/home/yfu/projects/ros2-picas/install/test_msgs/lib:${LD_LIBRARY_PATH} PYTHONPATH=/home/yfu/projects/ros2-picas/install/test_msgs/lib/python3.8/site-packages:${PYTHONPATH} /usr/bin/cmake --build /home/yfu/projects/ros2-picas/build/picas_example -- -j6 -l6
[0.147s] [35m[1mScanning dependencies of target sstest[0m
[0.181s] [ 66%] Built target example
[0.182s] [ 66%] Built target case_study
[0.323s] [ 83%] [32mBuilding CXX object CMakeFiles/sstest.dir/src/sstest.cpp.o[0m
[10.602s] [100%] [32m[1mLinking CXX executable sstest[0m
[12.820s] [100%] Built target sstest
[12.969s] Invoked command in '/home/yfu/projects/ros2-picas/build/picas_example' returned '0': AMENT_PREFIX_PATH=/home/yfu/projects/ros2-picas/install/trace_picas:/home/yfu/projects/ros2-picas/install/rclcpp:/home/yfu/projects/ros2-picas/install/test_msgs:${AMENT_PREFIX_PATH} CMAKE_PREFIX_PATH=/home/yfu/projects/ros2-picas/install/trace_picas:/home/yfu/projects/ros2-picas/install/rclcpp:/home/yfu/projects/ros2-picas/install/test_msgs:/opt/ros/galactic CONDA_PROMPT_MODIFIER=(base) LD_LIBRARY_PATH=/home/yfu/projects/ros2-picas/install/trace_picas/lib:/home/yfu/projects/ros2-picas/install/rclcpp/lib:/home/yfu/projects/ros2-picas/install/test_msgs/lib:${LD_LIBRARY_PATH} PYTHONPATH=/home/yfu/projects/ros2-picas/install/test_msgs/lib/python3.8/site-packages:${PYTHONPATH} /usr/bin/cmake --build /home/yfu/projects/ros2-picas/build/picas_example -- -j6 -l6
[12.979s] Invoking command in '/home/yfu/projects/ros2-picas/build/picas_example': AMENT_PREFIX_PATH=/home/yfu/projects/ros2-picas/install/trace_picas:/home/yfu/projects/ros2-picas/install/rclcpp:/home/yfu/projects/ros2-picas/install/test_msgs:${AMENT_PREFIX_PATH} CMAKE_PREFIX_PATH=/home/yfu/projects/ros2-picas/install/trace_picas:/home/yfu/projects/ros2-picas/install/rclcpp:/home/yfu/projects/ros2-picas/install/test_msgs:/opt/ros/galactic CONDA_PROMPT_MODIFIER=(base) LD_LIBRARY_PATH=/home/yfu/projects/ros2-picas/install/trace_picas/lib:/home/yfu/projects/ros2-picas/install/rclcpp/lib:/home/yfu/projects/ros2-picas/install/test_msgs/lib:${LD_LIBRARY_PATH} PYTHONPATH=/home/yfu/projects/ros2-picas/install/test_msgs/lib/python3.8/site-packages:${PYTHONPATH} /usr/bin/cmake --install /home/yfu/projects/ros2-picas/build/picas_example
[13.004s] -- Install configuration: ""
[13.004s] -- Installing: /home/yfu/projects/ros2-picas/install/picas_example/lib/picas_example/sstest
[13.009s] -- Set runtime path of "/home/yfu/projects/ros2-picas/install/picas_example/lib/picas_example/sstest" to ""
[13.009s] -- Up-to-date: /home/yfu/projects/ros2-picas/install/picas_example/lib/picas_example/example
[13.010s] -- Up-to-date: /home/yfu/projects/ros2-picas/install/picas_example/lib/picas_example/case_study
[13.010s] -- Up-to-date: /home/yfu/projects/ros2-picas/install/picas_example/share/ament_index/resource_index/package_run_dependencies/picas_example
[13.011s] -- Up-to-date: /home/yfu/projects/ros2-picas/install/picas_example/share/ament_index/resource_index/parent_prefix_path/picas_example
[13.011s] -- Up-to-date: /home/yfu/projects/ros2-picas/install/picas_example/share/picas_example/environment/ament_prefix_path.sh
[13.011s] -- Up-to-date: /home/yfu/projects/ros2-picas/install/picas_example/share/picas_example/environment/ament_prefix_path.dsv
[13.012s] -- Up-to-date: /home/yfu/projects/ros2-picas/install/picas_example/share/picas_example/environment/path.sh
[13.012s] -- Up-to-date: /home/yfu/projects/ros2-picas/install/picas_example/share/picas_example/environment/path.dsv
[13.012s] -- Up-to-date: /home/yfu/projects/ros2-picas/install/picas_example/share/picas_example/local_setup.bash
[13.012s] -- Up-to-date: /home/yfu/projects/ros2-picas/install/picas_example/share/picas_example/local_setup.sh
[13.012s] -- Up-to-date: /home/yfu/projects/ros2-picas/install/picas_example/share/picas_example/local_setup.zsh
[13.013s] -- Up-to-date: /home/yfu/projects/ros2-picas/install/picas_example/share/picas_example/local_setup.dsv
[13.013s] -- Installing: /home/yfu/projects/ros2-picas/install/picas_example/share/picas_example/package.dsv
[13.013s] -- Up-to-date: /home/yfu/projects/ros2-picas/install/picas_example/share/ament_index/resource_index/packages/picas_example
[13.013s] -- Up-to-date: /home/yfu/projects/ros2-picas/install/picas_example/share/picas_example/cmake/picas_exampleConfig.cmake
[13.013s] -- Up-to-date: /home/yfu/projects/ros2-picas/install/picas_example/share/picas_example/cmake/picas_exampleConfig-version.cmake
[13.013s] -- Up-to-date: /home/yfu/projects/ros2-picas/install/picas_example/share/picas_example/package.xml
[13.024s] Invoked command in '/home/yfu/projects/ros2-picas/build/picas_example' returned '0': AMENT_PREFIX_PATH=/home/yfu/projects/ros2-picas/install/trace_picas:/home/yfu/projects/ros2-picas/install/rclcpp:/home/yfu/projects/ros2-picas/install/test_msgs:${AMENT_PREFIX_PATH} CMAKE_PREFIX_PATH=/home/yfu/projects/ros2-picas/install/trace_picas:/home/yfu/projects/ros2-picas/install/rclcpp:/home/yfu/projects/ros2-picas/install/test_msgs:/opt/ros/galactic CONDA_PROMPT_MODIFIER=(base) LD_LIBRARY_PATH=/home/yfu/projects/ros2-picas/install/trace_picas/lib:/home/yfu/projects/ros2-picas/install/rclcpp/lib:/home/yfu/projects/ros2-picas/install/test_msgs/lib:${LD_LIBRARY_PATH} PYTHONPATH=/home/yfu/projects/ros2-picas/install/test_msgs/lib/python3.8/site-packages:${PYTHONPATH} /usr/bin/cmake --install /home/yfu/projects/ros2-picas/build/picas_example
