[0.028s] Invoking command in '/home/yfu/projects/ros2-picas/build/rclcpp': AMENT_PREFIX_PATH=/home/yfu/projects/ros2-picas/install/test_msgs:${AMENT_PREFIX_PATH} CMAKE_PREFIX_PATH=/home/yfu/projects/ros2-picas/install/test_msgs:/opt/ros/galactic CONDA_PROMPT_MODIFIER=(base) LD_LIBRARY_PATH=/home/yfu/projects/ros2-picas/install/test_msgs/lib:${LD_LIBRARY_PATH} PYTHONPATH=/home/yfu/projects/ros2-picas/install/test_msgs/lib/python3.8/site-packages:${PYTHONPATH} /usr/bin/cmake --build /home/yfu/projects/ros2-picas/build/rclcpp -- -j6 -l6
[0.187s] [35m[1mScanning dependencies of target rclcpp[0m
[0.409s] [  1%] [32mBuilding CXX object CMakeFiles/rclcpp.dir/src/rclcpp/scheduler.cpp.o[0m
[0.655s] In file included from [01m[K/home/yfu/projects/ros2-picas/rclcpp/src/rclcpp/scheduler.cpp:1[m[K:
[0.655s] [01m[K/home/yfu/projects/ros2-picas/rclcpp/include/rclcpp/scheduler.hpp:11:17:[m[K [01;31m[Kerror: [m[K‘[01m[Ktest_msgs[m[K’ has not been declared
[0.656s]    11 |     int Process([01;31m[Ktest_msgs[m[K::msg::TaskData msg);
[0.656s]       |                 [01;31m[K^~~~~~~~~[m[K
[0.656s] [01m[K/home/yfu/projects/ros2-picas/rclcpp/include/rclcpp/scheduler.hpp:18:44:[m[K [01;31m[Kerror: [m[K‘[01m[Krclcpp::executors[m[K’ has not been declared
[0.656s]    18 |     void SetSingleThreadedExecutor(rclcpp::[01;31m[Kexecutors[m[K::SingleThreadedExecutor* exec);
[0.656s]       |                                            [01;31m[K^~~~~~~~~[m[K
[0.656s] [01m[K/home/yfu/projects/ros2-picas/rclcpp/include/rclcpp/scheduler.hpp:20:23:[m[K [01;31m[Kerror: [m[K‘[01m[Kstd::shared_ptr[m[K’ has not been declared
[0.656s]    20 |     void RegisterTask([01;31m[Kstd[m[K::shared_ptr<rclcpp::TimerBase> task);
[0.657s]       |                       [01;31m[K^~~[m[K
[0.657s] [01m[K/home/yfu/projects/ros2-picas/rclcpp/include/rclcpp/scheduler.hpp:20:38:[m[K [01;31m[Kerror: [m[Kexpected ‘[01m[K,[m[K’ or ‘[01m[K...[m[K’ before ‘[01m[K<[m[K’ token
[0.657s]    20 |     void RegisterTask(std::shared_ptr[01;31m[K<[m[Krclcpp::TimerBase> task);
[0.657s]       |                                      [01;31m[K^[m[K
[0.657s] [01m[K/home/yfu/projects/ros2-picas/rclcpp/include/rclcpp/scheduler.hpp:21:33:[m[K [01;31m[Kerror: [m[K‘[01m[Krclcpp::executors[m[K’ has not been declared
[0.657s]    21 |     void UpdatePriority(rclcpp::[01;31m[Kexecutors[m[K::SingleThreadedExecutor & exec);
[0.657s]       |                                 [01;31m[K^~~~~~~~~[m[K
[0.658s] [01m[K/home/yfu/projects/ros2-picas/rclcpp/include/rclcpp/scheduler.hpp:24:10:[m[K [01;31m[Kerror: [m[K‘[01m[Kvector[m[K’ in namespace ‘[01m[Kstd[m[K’ does not name a template type
[0.658s]    24 |     std::[01;31m[Kvector[m[K<std::shared_ptr<rclcpp::TimerBase>> tasks;
[0.658s]       |          [01;31m[K^~~~~~[m[K
[0.658s] [01m[K/home/yfu/projects/ros2-picas/rclcpp/include/rclcpp/scheduler.hpp:1:1:[m[K [01;36m[Knote: [m[K‘[01m[Kstd::vector[m[K’ is defined in header ‘[01m[K<vector>[m[K’; did you forget to ‘[01m[K#include <vector>[m[K’?
[0.658s]   +++ |+[32m[K#include <vector>[m[K
[0.658s]     1 | #ifndef RCLCPP__SCHEDULER_HPP_
[0.658s] [01m[K/home/yfu/projects/ros2-picas/rclcpp/include/rclcpp/scheduler.hpp:25:13:[m[K [01;31m[Kerror: [m[K‘[01m[Kexecutors[m[K’ in namespace ‘[01m[Krclcpp[m[K’ does not name a type
[0.659s]    25 |     rclcpp::[01;31m[Kexecutors[m[K::SingleThreadedExecutor* executor;
[0.659s]       |             [01;31m[K^~~~~~~~~[m[K
[5.370s] [01m[K/home/yfu/projects/ros2-picas/rclcpp/src/rclcpp/scheduler.cpp:[m[K In constructor ‘[01m[Krclcpp::Scheduler::Scheduler()[m[K’:
[5.370s] [01m[K/home/yfu/projects/ros2-picas/rclcpp/src/rclcpp/scheduler.cpp:9:25:[m[K [01;31m[Kerror: [m[Kclass ‘[01m[Krclcpp::Scheduler[m[K’ does not have any field named ‘[01m[Kexecutor[m[K’
[5.371s]     9 | Scheduler::Scheduler(): [01;31m[Kexecutor[m[K(nullptr) {
[5.371s]       |                         [01;31m[K^~~~~~~~[m[K
[5.371s] [01m[K/home/yfu/projects/ros2-picas/rclcpp/src/rclcpp/scheduler.cpp:[m[K At global scope:
[5.371s] [01m[K/home/yfu/projects/ros2-picas/rclcpp/src/rclcpp/scheduler.cpp:15:5:[m[K [01;31m[Kerror: [m[K‘[01m[Kint rclcpp::Scheduler::Process[m[K’ is not a static data member of ‘[01m[Kclass rclcpp::Scheduler[m[K’
[5.371s]    15 | int [01;31m[KScheduler[m[K::Process(test_msgs::msg::TaskData msg) {
[5.371s]       |     [01;31m[K^~~~~~~~~[m[K
[5.372s] [01m[K/home/yfu/projects/ros2-picas/rclcpp/src/rclcpp/scheduler.cpp:15:24:[m[K [01;31m[Kerror: [m[K‘[01m[Ktest_msgs[m[K’ has not been declared
[5.372s]    15 | int Scheduler::Process([01;31m[Ktest_msgs[m[K::msg::TaskData msg) {
[5.372s]       |                        [01;31m[K^~~~~~~~~[m[K
[5.372s] [01m[K/home/yfu/projects/ros2-picas/rclcpp/src/rclcpp/scheduler.cpp:49:5:[m[K [01;31m[Kerror: [m[Kno declaration matches ‘[01m[Kint rclcpp::Scheduler::CalculateSlackTime(int, int)[m[K’
[5.372s]    49 | int [01;31m[KScheduler[m[K::CalculateSlackTime(int exe_time, int deadline) {
[5.372s]       |     [01;31m[K^~~~~~~~~[m[K
[5.372s] In file included from [01m[K/home/yfu/projects/ros2-picas/rclcpp/src/rclcpp/scheduler.cpp:1[m[K:
[5.373s] [01m[K/home/yfu/projects/ros2-picas/rclcpp/include/rclcpp/scheduler.hpp:12:9:[m[K [01;36m[Knote: [m[Kcandidate is: ‘[01m[Kint rclcpp::Scheduler::CalculateSlackTime()[m[K’
[5.373s]    12 |     int [01;36m[KCalculateSlackTime[m[K();
[5.373s]       |         [01;36m[K^~~~~~~~~~~~~~~~~~[m[K
[5.374s] [01m[K/home/yfu/projects/ros2-picas/rclcpp/include/rclcpp/scheduler.hpp:6:7:[m[K [01;36m[Knote: [m[K‘[01m[Kclass rclcpp::Scheduler[m[K’ defined here
[5.374s]     6 | class [01;36m[KScheduler[m[K {
[5.374s]       |       [01;36m[K^~~~~~~~~[m[K
[5.374s] [01m[K/home/yfu/projects/ros2-picas/rclcpp/src/rclcpp/scheduler.cpp:66:6:[m[K [01;31m[Kerror: [m[Kno declaration matches ‘[01m[Kvoid rclcpp::Scheduler::RegisterTask(std::shared_ptr<rclcpp::TimerBase>)[m[K’
[5.374s]    66 | void [01;31m[KScheduler[m[K::RegisterTask(std::shared_ptr<rclcpp::TimerBase> task) {
[5.375s]       |      [01;31m[K^~~~~~~~~[m[K
[5.375s] In file included from [01m[K/home/yfu/projects/ros2-picas/rclcpp/src/rclcpp/scheduler.cpp:1[m[K:
[5.375s] [01m[K/home/yfu/projects/ros2-picas/rclcpp/include/rclcpp/scheduler.hpp:20:10:[m[K [01;36m[Knote: [m[Kcandidate is: ‘[01m[Kvoid rclcpp::Scheduler::RegisterTask(int)[m[K’
[5.375s]    20 |     void [01;36m[KRegisterTask[m[K(std::shared_ptr<rclcpp::TimerBase> task);
[5.375s]       |          [01;36m[K^~~~~~~~~~~~[m[K
[5.375s] [01m[K/home/yfu/projects/ros2-picas/rclcpp/include/rclcpp/scheduler.hpp:6:7:[m[K [01;36m[Knote: [m[K‘[01m[Kclass rclcpp::Scheduler[m[K’ defined here
[5.375s]     6 | class [01;36m[KScheduler[m[K {
[5.375s]       |       [01;36m[K^~~~~~~~~[m[K
[5.376s] [01m[K/home/yfu/projects/ros2-picas/rclcpp/src/rclcpp/scheduler.cpp:70:6:[m[K [01;31m[Kerror: [m[Kno declaration matches ‘[01m[Kvoid rclcpp::Scheduler::UpdatePriority()[m[K’
[5.376s]    70 | void [01;31m[KScheduler[m[K::UpdatePriority(){
[5.376s]       |      [01;31m[K^~~~~~~~~[m[K
[5.376s] In file included from [01m[K/home/yfu/projects/ros2-picas/rclcpp/src/rclcpp/scheduler.cpp:1[m[K:
[5.376s] [01m[K/home/yfu/projects/ros2-picas/rclcpp/include/rclcpp/scheduler.hpp:21:10:[m[K [01;36m[Knote: [m[Kcandidate is: ‘[01m[Kvoid rclcpp::Scheduler::UpdatePriority(int&)[m[K’
[5.376s]    21 |     void [01;36m[KUpdatePriority[m[K(rclcpp::executors::SingleThreadedExecutor & exec);
[5.376s]       |          [01;36m[K^~~~~~~~~~~~~~[m[K
[5.377s] [01m[K/home/yfu/projects/ros2-picas/rclcpp/include/rclcpp/scheduler.hpp:6:7:[m[K [01;36m[Knote: [m[K‘[01m[Kclass rclcpp::Scheduler[m[K’ defined here
[5.377s]     6 | class [01;36m[KScheduler[m[K {
[5.377s]       |       [01;36m[K^~~~~~~~~[m[K
[5.377s] [01m[K/home/yfu/projects/ros2-picas/rclcpp/src/rclcpp/scheduler.cpp:77:6:[m[K [01;31m[Kerror: [m[Kno declaration matches ‘[01m[Kvoid rclcpp::Scheduler::SetSingleThreadedExecutor(rclcpp::executors::SingleThreadedExecutor*)[m[K’
[5.377s]    77 | void [01;31m[KScheduler[m[K::SetSingleThreadedExecutor(rclcpp::executors::SingleThreadedExecutor* exec) {
[5.377s]       |      [01;31m[K^~~~~~~~~[m[K
[5.377s] In file included from [01m[K/home/yfu/projects/ros2-picas/rclcpp/src/rclcpp/scheduler.cpp:1[m[K:
[5.377s] [01m[K/home/yfu/projects/ros2-picas/rclcpp/include/rclcpp/scheduler.hpp:18:10:[m[K [01;36m[Knote: [m[Kcandidate is: ‘[01m[Kvoid rclcpp::Scheduler::SetSingleThreadedExecutor(int*)[m[K’
[5.378s]    18 |     void [01;36m[KSetSingleThreadedExecutor[m[K(rclcpp::executors::SingleThreadedExecutor* exec);
[5.378s]       |          [01;36m[K^~~~~~~~~~~~~~~~~~~~~~~~~[m[K
[5.378s] [01m[K/home/yfu/projects/ros2-picas/rclcpp/include/rclcpp/scheduler.hpp:6:7:[m[K [01;36m[Knote: [m[K‘[01m[Kclass rclcpp::Scheduler[m[K’ defined here
[5.378s]     6 | class [01;36m[KScheduler[m[K {
[5.378s]       |       [01;36m[K^~~~~~~~~[m[K
[6.781s] make[2]: *** [CMakeFiles/rclcpp.dir/build.make:1117: CMakeFiles/rclcpp.dir/src/rclcpp/scheduler.cpp.o] Error 1
[6.782s] make[1]: *** [CMakeFiles/Makefile2:105: CMakeFiles/rclcpp.dir/all] Error 2
[6.783s] make: *** [Makefile:141: all] Error 2
[6.790s] Invoked command in '/home/yfu/projects/ros2-picas/build/rclcpp' returned '2': AMENT_PREFIX_PATH=/home/yfu/projects/ros2-picas/install/test_msgs:${AMENT_PREFIX_PATH} CMAKE_PREFIX_PATH=/home/yfu/projects/ros2-picas/install/test_msgs:/opt/ros/galactic CONDA_PROMPT_MODIFIER=(base) LD_LIBRARY_PATH=/home/yfu/projects/ros2-picas/install/test_msgs/lib:${LD_LIBRARY_PATH} PYTHONPATH=/home/yfu/projects/ros2-picas/install/test_msgs/lib/python3.8/site-packages:${PYTHONPATH} /usr/bin/cmake --build /home/yfu/projects/ros2-picas/build/rclcpp -- -j6 -l6
