[0.044s] Invoking command in '/home/yfu/projects/ros2-picas/build/picas_example': CMAKE_PREFIX_PATH=/home/yfu/projects/ros2-picas/install/trace_picas:/home/yfu/projects/ros2-picas/install/rclcpp:/home/yfu/projects/ros2-picas/install/test_msgs:/home/yfu/projects/ros2-picas/install/picas_example_mt:/home/yfu/projects/ros2-picas/install/picas_example:/opt/ros/galactic CONDA_PROMPT_MODIFIER=(base) LD_LIBRARY_PATH=/home/yfu/projects/ros2-picas/install/rclcpp/lib:/home/yfu/projects/ros2-picas/install/test_msgs/lib:/home/yfu/projects/ros2-picas/install/trace_picas/lib:/opt/ros/galactic/opt/yaml_cpp_vendor/lib:/opt/ros/galactic/lib/aarch64-linux-gnu:/opt/ros/galactic/lib /usr/bin/cmake --build /home/yfu/projects/ros2-picas/build/picas_example -- -j6 -l6
[0.155s] [35m[1mScanning dependencies of target example[0m
[0.188s] [ 50%] Built target case_study
[0.221s] [ 75%] [32mBuilding CXX object CMakeFiles/example.dir/src/example.cpp.o[0m
[5.652s] [01m[K/home/yfu/projects/ros2-picas/ros2-picas-example/picas_example/src/example.cpp:[m[K In function ‘[01m[Kint main(int, char**)[m[K’:
[5.652s] [01m[K/home/yfu/projects/ros2-picas/ros2-picas-example/picas_example/src/example.cpp:229:78:[m[K [01;31m[Kerror: [m[Kinvalid use of void expression
[5.652s]   229 |     exec1.set_callback_priority(c1_r_cb_1->subscription_, scheduler.Process()[01;31m[K)[m[K;
[5.653s]       |                                                                              [01;31m[K^[m[K
[5.653s] [01m[K/home/yfu/projects/ros2-picas/ros2-picas-example/picas_example/src/example.cpp:230:78:[m[K [01;31m[Kerror: [m[Kinvalid use of void expression
[5.653s]   230 |     exec1.set_callback_priority(c1_r_cb_2->subscription_, scheduler.Process()[01;31m[K)[m[K;
[5.653s]       |                                                                              [01;31m[K^[m[K
[5.653s] [01m[K/home/yfu/projects/ros2-picas/ros2-picas-example/picas_example/src/example.cpp:231:78:[m[K [01;31m[Kerror: [m[Kinvalid use of void expression
[5.653s]   231 |     exec1.set_callback_priority(c1_r_cb_3->subscription_, scheduler.Process()[01;31m[K)[m[K;
[5.653s]       |                                                                              [01;31m[K^[m[K
[5.653s] [01m[K/home/yfu/projects/ros2-picas/ros2-picas-example/picas_example/src/example.cpp:232:78:[m[K [01;31m[Kerror: [m[Kinvalid use of void expression
[5.654s]   232 |     exec1.set_callback_priority(c1_r_cb_4->subscription_, scheduler.Process()[01;31m[K)[m[K;
[5.654s]       |                                                                              [01;31m[K^[m[K
[5.654s] [01m[K/home/yfu/projects/ros2-picas/ros2-picas-example/picas_example/src/example.cpp:233:78:[m[K [01;31m[Kerror: [m[Kinvalid use of void expression
[5.654s]   233 |     exec1.set_callback_priority(c1_r_cb_5->subscription_, scheduler.Process()[01;31m[K)[m[K;
[5.654s]       |                                                                              [01;31m[K^[m[K
[12.127s] make[2]: *** [CMakeFiles/example.dir/build.make:63: CMakeFiles/example.dir/src/example.cpp.o] Error 1
[12.128s] make[1]: *** [CMakeFiles/Makefile2:107: CMakeFiles/example.dir/all] Error 2
[12.128s] make: *** [Makefile:141: all] Error 2
[12.135s] Invoked command in '/home/yfu/projects/ros2-picas/build/picas_example' returned '2': CMAKE_PREFIX_PATH=/home/yfu/projects/ros2-picas/install/trace_picas:/home/yfu/projects/ros2-picas/install/rclcpp:/home/yfu/projects/ros2-picas/install/test_msgs:/home/yfu/projects/ros2-picas/install/picas_example_mt:/home/yfu/projects/ros2-picas/install/picas_example:/opt/ros/galactic CONDA_PROMPT_MODIFIER=(base) LD_LIBRARY_PATH=/home/yfu/projects/ros2-picas/install/rclcpp/lib:/home/yfu/projects/ros2-picas/install/test_msgs/lib:/home/yfu/projects/ros2-picas/install/trace_picas/lib:/opt/ros/galactic/opt/yaml_cpp_vendor/lib:/opt/ros/galactic/lib/aarch64-linux-gnu:/opt/ros/galactic/lib /usr/bin/cmake --build /home/yfu/projects/ros2-picas/build/picas_example -- -j6 -l6
