[0.035s] Invoking command in '/home/yfu/projects/ros2-picas/build/picas_example': AMENT_PREFIX_PATH=/home/yfu/projects/ros2-picas/install/trace_picas:/home/yfu/projects/ros2-picas/install/rclcpp:/home/yfu/projects/ros2-picas/install/test_msgs:${AMENT_PREFIX_PATH} CMAKE_PREFIX_PATH=/home/yfu/projects/ros2-picas/install/trace_picas:/home/yfu/projects/ros2-picas/install/rclcpp:/home/yfu/projects/ros2-picas/install/test_msgs:/opt/ros/galactic CONDA_PROMPT_MODIFIER=(base) LD_LIBRARY_PATH=/home/yfu/projects/ros2-picas/install/trace_picas/lib:/home/yfu/projects/ros2-picas/install/rclcpp/lib:/home/yfu/projects/ros2-picas/install/test_msgs/lib:${LD_LIBRARY_PATH} PYTHONPATH=/home/yfu/projects/ros2-picas/install/test_msgs/lib/python3.8/site-packages:${PYTHONPATH} /usr/bin/cmake --build /home/yfu/projects/ros2-picas/build/picas_example -- -j6 -l6
[0.095s] -- Found ament_cmake: 1.1.6 (/opt/ros/galactic/share/ament_cmake/cmake)
[0.144s] -- Using PYTHON_EXECUTABLE: /usr/bin/python3
[0.305s] -- Found rclcpp: 9.2.0 (/home/yfu/projects/ros2-picas/install/rclcpp/share/rclcpp/cmake)
[0.371s] -- Using single rosidl_typesupport_c: rosidl_typesupport_introspection_c
[0.377s] -- Found rosidl_adapter: 2.2.3 (/opt/ros/galactic/share/rosidl_adapter/cmake)
[0.407s] -- Using single rosidl_typesupport_cpp: rosidl_typesupport_introspection_cpp
[0.509s] -- Found rmw_implementation_cmake: 3.3.1 (/opt/ros/galactic/share/rmw_implementation_cmake/cmake)
[0.512s] -- Found rmw_cyclonedds_cpp: 0.22.6 (/opt/ros/galactic/share/rmw_cyclonedds_cpp/cmake)
[0.546s] -- Using RMW implementation 'rmw_cyclonedds_cpp' as default
[0.803s] -- Found test_msgs: 1.0.0 (/home/yfu/projects/ros2-picas/install/test_msgs/share/test_msgs/cmake)
[0.833s] -- Found trace_picas: 0.0.0 (/home/yfu/projects/ros2-picas/install/trace_picas/share/trace_picas/cmake)
[0.853s] -- Found ament_lint_auto: 0.10.7 (/opt/ros/galactic/share/ament_lint_auto/cmake)
[1.022s] -- Added test 'copyright' to check source files copyright and LICENSE
[1.024s] -- Added test 'cppcheck' to perform static code analysis on C / C++ code
[1.024s] -- Configured cppcheck include dirs: 
[1.025s] -- Configured cppcheck exclude dirs and/or files: 
[1.025s] -- Added test 'cpplint' to check C / C++ code against the Google style
[1.025s] -- Configured cpplint exclude dirs and/or files: 
[1.026s] -- Added test 'lint_cmake' to check CMake code style
[1.027s] -- Added test 'uncrustify' to check C / C++ code style
[1.028s] -- Configured uncrustify additional arguments: 
[1.028s] -- Added test 'xmllint' to check XML markup files
[1.034s] -- Configuring done
[1.168s] -- Generating done
[1.186s] -- Build files have been written to: /home/yfu/projects/ros2-picas/build/picas_example
[1.261s] [35m[1mScanning dependencies of target sstest[0m
[1.262s] [35m[1mScanning dependencies of target example[0m
[1.262s] [35m[1mScanning dependencies of target case_study[0m
[1.340s] [ 33%] [32mBuilding CXX object CMakeFiles/sstest.dir/src/sstest.cpp.o[0m
[1.340s] [ 33%] [32mBuilding CXX object CMakeFiles/example.dir/src/example.cpp.o[0m
[1.357s] [ 50%] [32mBuilding CXX object CMakeFiles/case_study.dir/src/case_study.cpp.o[0m
[7.060s] [01m[K/home/yfu/projects/ros2-picas/ros2-picas-example/picas_example/src/example.cpp:[m[K In function ‘[01m[Kint main(int, char**)[m[K’:
[7.060s] [01m[K/home/yfu/projects/ros2-picas/ros2-picas-example/picas_example/src/example.cpp:217:68:[m[K [01;31m[Kerror: [m[Kno matching function for call to ‘[01m[Krclcpp::Scheduler::Process()[m[K’
[7.061s]   217 |     exec1.set_callback_priority(c1_t_cb->timer_, scheduler.Process([01;31m[K)[m[K);
[7.061s]       |                                                                    [01;31m[K^[m[K
[7.061s] In file included from [01m[K/home/yfu/projects/ros2-picas/ros2-picas-example/picas_example/src/example.cpp:19[m[K:
[7.061s] [01m[K/home/yfu/projects/ros2-picas/install/rclcpp/include/rclcpp/scheduler.hpp:16:9:[m[K [01;36m[Knote: [m[Kcandidate: ‘[01m[Kint rclcpp::Scheduler::Process(int, int)[m[K’
[7.061s]    16 |     int [01;36m[KProcess[m[K(int exe_time, int deadline);
[7.061s]       |         [01;36m[K^~~~~~~[m[K
[7.062s] [01m[K/home/yfu/projects/ros2-picas/install/rclcpp/include/rclcpp/scheduler.hpp:16:9:[m[K [01;36m[Knote: [m[K  candidate expects 2 arguments, 0 provided
[7.062s] [01m[K/home/yfu/projects/ros2-picas/ros2-picas-example/picas_example/src/example.cpp:218:68:[m[K [01;31m[Kerror: [m[Kno matching function for call to ‘[01m[Krclcpp::Scheduler::Process()[m[K’
[7.062s]   218 |     exec1.set_callback_priority(c2_t_cb->timer_, scheduler.Process([01;31m[K)[m[K);
[7.062s]       |                                                                    [01;31m[K^[m[K
[7.062s] In file included from [01m[K/home/yfu/projects/ros2-picas/ros2-picas-example/picas_example/src/example.cpp:19[m[K:
[7.062s] [01m[K/home/yfu/projects/ros2-picas/install/rclcpp/include/rclcpp/scheduler.hpp:16:9:[m[K [01;36m[Knote: [m[Kcandidate: ‘[01m[Kint rclcpp::Scheduler::Process(int, int)[m[K’
[7.062s]    16 |     int [01;36m[KProcess[m[K(int exe_time, int deadline);
[7.063s]       |         [01;36m[K^~~~~~~[m[K
[7.063s] [01m[K/home/yfu/projects/ros2-picas/install/rclcpp/include/rclcpp/scheduler.hpp:16:9:[m[K [01;36m[Knote: [m[K  candidate expects 2 arguments, 0 provided
[7.063s] [01m[K/home/yfu/projects/ros2-picas/ros2-picas-example/picas_example/src/example.cpp:219:68:[m[K [01;31m[Kerror: [m[Kno matching function for call to ‘[01m[Krclcpp::Scheduler::Process()[m[K’
[7.063s]   219 |     exec1.set_callback_priority(c3_t_cb->timer_, scheduler.Process([01;31m[K)[m[K);
[7.063s]       |                                                                    [01;31m[K^[m[K
[7.063s] In file included from [01m[K/home/yfu/projects/ros2-picas/ros2-picas-example/picas_example/src/example.cpp:19[m[K:
[7.063s] [01m[K/home/yfu/projects/ros2-picas/install/rclcpp/include/rclcpp/scheduler.hpp:16:9:[m[K [01;36m[Knote: [m[Kcandidate: ‘[01m[Kint rclcpp::Scheduler::Process(int, int)[m[K’
[7.063s]    16 |     int [01;36m[KProcess[m[K(int exe_time, int deadline);
[7.064s]       |         [01;36m[K^~~~~~~[m[K
[7.064s] [01m[K/home/yfu/projects/ros2-picas/install/rclcpp/include/rclcpp/scheduler.hpp:16:9:[m[K [01;36m[Knote: [m[K  candidate expects 2 arguments, 0 provided
[7.064s] [01m[K/home/yfu/projects/ros2-picas/ros2-picas-example/picas_example/src/example.cpp:220:68:[m[K [01;31m[Kerror: [m[Kno matching function for call to ‘[01m[Krclcpp::Scheduler::Process()[m[K’
[7.064s]   220 |     exec1.set_callback_priority(c4_t_cb->timer_, scheduler.Process([01;31m[K)[m[K);
[7.064s]       |                                                                    [01;31m[K^[m[K
[7.064s] In file included from [01m[K/home/yfu/projects/ros2-picas/ros2-picas-example/picas_example/src/example.cpp:19[m[K:
[7.064s] [01m[K/home/yfu/projects/ros2-picas/install/rclcpp/include/rclcpp/scheduler.hpp:16:9:[m[K [01;36m[Knote: [m[Kcandidate: ‘[01m[Kint rclcpp::Scheduler::Process(int, int)[m[K’
[7.064s]    16 |     int [01;36m[KProcess[m[K(int exe_time, int deadline);
[7.065s]       |         [01;36m[K^~~~~~~[m[K
[7.065s] [01m[K/home/yfu/projects/ros2-picas/install/rclcpp/include/rclcpp/scheduler.hpp:16:9:[m[K [01;36m[Knote: [m[K  candidate expects 2 arguments, 0 provided
[7.204s] [01m[K/home/yfu/projects/ros2-picas/ros2-picas-example/picas_example/src/sstest.cpp:[m[K In constructor ‘[01m[KStartNode::StartNode(std::string, std::string, std::shared_ptr<trace::Trace>, rclcpp::Scheduler&, rclcpp::executors::SingleThreadedExecutor&, int, int, bool)[m[K’:
[7.204s] [01m[K/home/yfu/projects/ros2-picas/ros2-picas-example/picas_example/src/sstest.cpp:48:11:[m[K [01;31m[Kerror: [m[Kclass ‘[01m[KStartNode[m[K’ does not have any field named ‘[01m[Kcount_[m[K’
[7.204s]    48 |         , [01;31m[Kcount_[m[K(0)
[7.204s]       |           [01;31m[K^~~~~~[m[K
[7.204s] [01m[K/home/yfu/projects/ros2-picas/ros2-picas-example/picas_example/src/sstest.cpp:49:11:[m[K [01;31m[Kerror: [m[Kclass ‘[01m[KStartNode[m[K’ does not have any field named ‘[01m[Ktrace_callbacks_[m[K’
[7.205s]    49 |         , [01;31m[Ktrace_callbacks_[m[K(trace_ptr)
[7.205s]       |           [01;31m[K^~~~~~~~~~~~~~~~[m[K
[7.205s] [01m[K/home/yfu/projects/ros2-picas/ros2-picas-example/picas_example/src/sstest.cpp:50:11:[m[K [01;31m[Kerror: [m[Kclass ‘[01m[KStartNode[m[K’ does not have any field named ‘[01m[Kexe_time_[m[K’
[7.205s]    50 |         , [01;31m[Kexe_time_[m[K(exe_time)
[7.205s]       |           [01;31m[K^~~~~~~~~[m[K
[7.205s] [01m[K/home/yfu/projects/ros2-picas/ros2-picas-example/picas_example/src/sstest.cpp:51:11:[m[K [01;31m[Kerror: [m[Kclass ‘[01m[KStartNode[m[K’ does not have any field named ‘[01m[Kperiod_[m[K’
[7.205s]    51 |         , [01;31m[Kperiod_[m[K(period)
[7.206s]       |           [01;31m[K^~~~~~~[m[K
[7.206s] [01m[K/home/yfu/projects/ros2-picas/ros2-picas-example/picas_example/src/sstest.cpp:52:11:[m[K [01;31m[Kerror: [m[Kclass ‘[01m[KStartNode[m[K’ does not have any field named ‘[01m[Kend_flag_[m[K’
[7.206s]    52 |         , [01;31m[Kend_flag_[m[K(end_flag)
[7.206s]       |           [01;31m[K^~~~~~~~~[m[K
[7.216s] [01m[K/home/yfu/projects/ros2-picas/ros2-picas-example/picas_example/src/sstest.cpp:58:13:[m[K [01;31m[Kerror: [m[K‘[01m[Kperiod_[m[K’ was not declared in this scope; did you mean ‘[01m[Kperiod[m[K’?
[7.217s]    58 |         if ([01;31m[Kperiod_[m[K == 10000)
[7.217s]       |             [01;31m[K^~~~~~~[m[K
[7.217s]       |             [32m[Kperiod[m[K
[7.255s] [01m[K/home/yfu/projects/ros2-picas/ros2-picas-example/picas_example/src/sstest.cpp:63:23:[m[K [01;31m[Kerror: [m[K‘[01m[Kcreate_timer[m[K’ was not declared in this scope; did you mean ‘[01m[Krclcpp::create_timer[m[K’?
[7.256s]    63 |         gettimeofday(&[01;31m[Kcreate_timer[m[K, NULL);
[7.256s]       |                       [01;31m[K^~~~~~~~~~~~[m[K
[7.256s]       |                       [32m[Krclcpp::create_timer[m[K
[7.256s] In file included from [01m[K/home/yfu/projects/ros2-picas/install/rclcpp/include/rclcpp/create_subscription.hpp:33[m[K,
[7.256s]                  from [01m[K/home/yfu/projects/ros2-picas/install/rclcpp/include/rclcpp/node_impl.hpp:43[m[K,
[7.257s]                  from [01m[K/home/yfu/projects/ros2-picas/install/rclcpp/include/rclcpp/node.hpp:1329[m[K,
[7.257s]                  from [01m[K/home/yfu/projects/ros2-picas/install/rclcpp/include/rclcpp/executors/single_threaded_executor.hpp:28[m[K,
[7.257s]                  from [01m[K/home/yfu/projects/ros2-picas/install/rclcpp/include/rclcpp/executors.hpp:22[m[K,
[7.257s]                  from [01m[K/home/yfu/projects/ros2-picas/install/rclcpp/include/rclcpp/rclcpp.hpp:156[m[K,
[7.257s]                  from [01m[K/home/yfu/projects/ros2-picas/ros2-picas-example/picas_example/src/sstest.cpp:19[m[K:
[7.257s] [01m[K/home/yfu/projects/ros2-picas/install/rclcpp/include/rclcpp/create_timer.hpp:57:1:[m[K [01;36m[Knote: [m[K‘[01m[Krclcpp::create_timer[m[K’ declared here
[7.257s]    57 | [01;36m[Kcreate_timer[m[K(
[7.257s]       | [01;36m[K^~~~~~~~~~~~[m[K
[7.302s] [01m[K/home/yfu/projects/ros2-picas/ros2-picas-example/picas_example/src/sstest.cpp:[m[K In function ‘[01m[Kint main(int, char**)[m[K’:
[7.303s] [01m[K/home/yfu/projects/ros2-picas/ros2-picas-example/picas_example/src/sstest.cpp:107:73:[m[K [01;31m[Kerror: [m[K‘[01m[Ktrace_callbacks[m[K’ was not declared in this scope
[7.303s]   107 |     auto client1 = std::make_shared<StartNode>("Timer_callback1", "c1", [01;31m[Ktrace_callbacks[m[K, 30, 100, false);
[7.303s]       |                                                                         [01;31m[K^~~~~~~~~~~~~~~[m[K
[9.955s] make[2]: *** [CMakeFiles/sstest.dir/build.make:63: CMakeFiles/sstest.dir/src/sstest.cpp.o] Error 1
[9.956s] make[1]: *** [CMakeFiles/Makefile2:136: CMakeFiles/sstest.dir/all] Error 2
[9.956s] make[1]: *** Waiting for unfinished jobs....
[13.773s] make[2]: *** [CMakeFiles/example.dir/build.make:63: CMakeFiles/example.dir/src/example.cpp.o] Error 1
[13.775s] make[1]: *** [CMakeFiles/Makefile2:109: CMakeFiles/example.dir/all] Error 2
[21.836s] [ 66%] [32m[1mLinking CXX executable case_study[0m
[24.776s] [ 66%] Built target case_study
[24.779s] make: *** [Makefile:141: all] Error 2
[24.787s] Invoked command in '/home/yfu/projects/ros2-picas/build/picas_example' returned '2': AMENT_PREFIX_PATH=/home/yfu/projects/ros2-picas/install/trace_picas:/home/yfu/projects/ros2-picas/install/rclcpp:/home/yfu/projects/ros2-picas/install/test_msgs:${AMENT_PREFIX_PATH} CMAKE_PREFIX_PATH=/home/yfu/projects/ros2-picas/install/trace_picas:/home/yfu/projects/ros2-picas/install/rclcpp:/home/yfu/projects/ros2-picas/install/test_msgs:/opt/ros/galactic CONDA_PROMPT_MODIFIER=(base) LD_LIBRARY_PATH=/home/yfu/projects/ros2-picas/install/trace_picas/lib:/home/yfu/projects/ros2-picas/install/rclcpp/lib:/home/yfu/projects/ros2-picas/install/test_msgs/lib:${LD_LIBRARY_PATH} PYTHONPATH=/home/yfu/projects/ros2-picas/install/test_msgs/lib/python3.8/site-packages:${PYTHONPATH} /usr/bin/cmake --build /home/yfu/projects/ros2-picas/build/picas_example -- -j6 -l6
