[0.407s] DEBUG:colcon:Command line arguments: ['/usr/bin/colcon', 'build', '--allow-overriding', 'rclcpp', '--cmake-args', '-DPICAS=TRUE']
[0.407s] DEBUG:colcon:Parsed command line arguments: Namespace(allow_overriding=['rclcpp'], ament_cmake_args=None, base_paths=['.'], build_base='build', catkin_cmake_args=None, catkin_skip_building_tests=False, cmake_args=['-DPICAS=TRUE'], cmake_clean_cache=False, cmake_clean_first=False, cmake_force_configure=False, cmake_target=None, cmake_target_skip_unavailable=False, continue_on_error=False, event_handlers=None, executor='parallel', ignore_user_meta=False, install_base='install', log_base=None, log_level=None, main=<bound method BuildVerb.main of <colcon_core.verb.build.BuildVerb object at 0xffff8366e520>>, merge_install=False, metas=['./colcon.meta'], packages_above=None, packages_above_and_dependencies=None, packages_above_depth=None, packages_end=None, packages_ignore=None, packages_ignore_regex=None, packages_select=None, packages_select_build_failed=False, packages_select_by_dep=None, packages_select_regex=None, packages_select_test_failures=False, packages_skip=None, packages_skip_build_finished=False, packages_skip_by_dep=None, packages_skip_regex=None, packages_skip_test_passed=False, packages_skip_up_to=None, packages_start=None, packages_up_to=None, packages_up_to_regex=None, parallel_workers=6, paths=None, symlink_install=False, test_result_base=None, verb_extension=<colcon_core.verb.build.BuildVerb object at 0xffff8366e520>, verb_name='build', verb_parser=<colcon_defaults.argument_parser.defaults.DefaultArgumentsDecorator object at 0xffff835aba90>)
[0.708s] Level 1:colcon.colcon_core.package_discovery:discover_packages(colcon_meta) check parameters
[0.709s] Level 1:colcon.colcon_core.package_discovery:discover_packages(recursive) check parameters
[0.709s] Level 1:colcon.colcon_core.package_discovery:discover_packages(ignore) check parameters
[0.709s] Level 1:colcon.colcon_core.package_discovery:discover_packages(path) check parameters
[0.709s] Level 1:colcon.colcon_core.package_discovery:discover_packages(colcon_meta) discover
[0.709s] Level 1:colcon.colcon_core.package_discovery:discover_packages(recursive) discover
[0.710s] INFO:colcon.colcon_core.package_discovery:Crawling recursively for packages in '/home/yfu/projects/ros2-picas'
[0.710s] Level 1:colcon.colcon_core.package_identification:_identify(.) by extensions ['ignore', 'ignore_ament_install']
[0.710s] Level 1:colcon.colcon_core.package_identification:_identify(.) by extension 'ignore'
[0.710s] Level 1:colcon.colcon_core.package_identification:_identify(.) by extension 'ignore_ament_install'
[0.710s] Level 1:colcon.colcon_core.package_identification:_identify(.) by extensions ['colcon_pkg']
[0.711s] Level 1:colcon.colcon_core.package_identification:_identify(.) by extension 'colcon_pkg'
[0.711s] Level 1:colcon.colcon_core.package_identification:_identify(.) by extensions ['colcon_meta']
[0.711s] Level 1:colcon.colcon_core.package_identification:_identify(.) by extension 'colcon_meta'
[0.711s] Level 1:colcon.colcon_core.package_identification:_identify(.) by extensions ['ros']
[0.711s] Level 1:colcon.colcon_core.package_identification:_identify(.) by extension 'ros'
[0.734s] Level 1:colcon.colcon_core.package_identification:_identify(.) by extensions ['cmake', 'python']
[0.735s] Level 1:colcon.colcon_core.package_identification:_identify(.) by extension 'cmake'
[0.735s] Level 1:colcon.colcon_core.package_identification:_identify(.) by extension 'python'
[0.735s] Level 1:colcon.colcon_core.package_identification:_identify(.) by extensions ['python_setup_py']
[0.735s] Level 1:colcon.colcon_core.package_identification:_identify(.) by extension 'python_setup_py'
[0.735s] Level 1:colcon.colcon_core.package_identification:_identify(build) by extensions ['ignore', 'ignore_ament_install']
[0.736s] Level 1:colcon.colcon_core.package_identification:_identify(build) by extension 'ignore'
[0.736s] Level 1:colcon.colcon_core.package_identification:_identify(build) ignored
[0.736s] Level 1:colcon.colcon_core.package_identification:_identify(install) by extensions ['ignore', 'ignore_ament_install']
[0.736s] Level 1:colcon.colcon_core.package_identification:_identify(install) by extension 'ignore'
[0.736s] Level 1:colcon.colcon_core.package_identification:_identify(install) ignored
[0.737s] Level 1:colcon.colcon_core.package_identification:_identify(log) by extensions ['ignore', 'ignore_ament_install']
[0.737s] Level 1:colcon.colcon_core.package_identification:_identify(log) by extension 'ignore'
[0.737s] Level 1:colcon.colcon_core.package_identification:_identify(log) ignored
[0.737s] Level 1:colcon.colcon_core.package_identification:_identify(rclcpp) by extensions ['ignore', 'ignore_ament_install']
[0.737s] Level 1:colcon.colcon_core.package_identification:_identify(rclcpp) by extension 'ignore'
[0.737s] Level 1:colcon.colcon_core.package_identification:_identify(rclcpp) by extension 'ignore_ament_install'
[0.738s] Level 1:colcon.colcon_core.package_identification:_identify(rclcpp) by extensions ['colcon_pkg']
[0.738s] Level 1:colcon.colcon_core.package_identification:_identify(rclcpp) by extension 'colcon_pkg'
[0.738s] Level 1:colcon.colcon_core.package_identification:_identify(rclcpp) by extensions ['colcon_meta']
[0.738s] Level 1:colcon.colcon_core.package_identification:_identify(rclcpp) by extension 'colcon_meta'
[0.738s] Level 1:colcon.colcon_core.package_identification:_identify(rclcpp) by extensions ['ros']
[0.738s] Level 1:colcon.colcon_core.package_identification:_identify(rclcpp) by extension 'ros'
[0.749s] DEBUG:colcon.colcon_core.package_identification:Package 'rclcpp' with type 'ros.ament_cmake' and name 'rclcpp'
[0.750s] Level 1:colcon.colcon_core.package_identification:_identify(ros2-picas-example) by extensions ['ignore', 'ignore_ament_install']
[0.750s] Level 1:colcon.colcon_core.package_identification:_identify(ros2-picas-example) by extension 'ignore'
[0.750s] Level 1:colcon.colcon_core.package_identification:_identify(ros2-picas-example) by extension 'ignore_ament_install'
[0.750s] Level 1:colcon.colcon_core.package_identification:_identify(ros2-picas-example) by extensions ['colcon_pkg']
[0.750s] Level 1:colcon.colcon_core.package_identification:_identify(ros2-picas-example) by extension 'colcon_pkg'
[0.751s] Level 1:colcon.colcon_core.package_identification:_identify(ros2-picas-example) by extensions ['colcon_meta']
[0.751s] Level 1:colcon.colcon_core.package_identification:_identify(ros2-picas-example) by extension 'colcon_meta'
[0.751s] Level 1:colcon.colcon_core.package_identification:_identify(ros2-picas-example) by extensions ['ros']
[0.751s] Level 1:colcon.colcon_core.package_identification:_identify(ros2-picas-example) by extension 'ros'
[0.751s] Level 1:colcon.colcon_core.package_identification:_identify(ros2-picas-example) by extensions ['cmake', 'python']
[0.751s] Level 1:colcon.colcon_core.package_identification:_identify(ros2-picas-example) by extension 'cmake'
[0.751s] Level 1:colcon.colcon_core.package_identification:_identify(ros2-picas-example) by extension 'python'
[0.751s] Level 1:colcon.colcon_core.package_identification:_identify(ros2-picas-example) by extensions ['python_setup_py']
[0.751s] Level 1:colcon.colcon_core.package_identification:_identify(ros2-picas-example) by extension 'python_setup_py'
[0.752s] Level 1:colcon.colcon_core.package_identification:_identify(ros2-picas-example/picas-analysis) by extensions ['ignore', 'ignore_ament_install']
[0.752s] Level 1:colcon.colcon_core.package_identification:_identify(ros2-picas-example/picas-analysis) by extension 'ignore'
[0.752s] Level 1:colcon.colcon_core.package_identification:_identify(ros2-picas-example/picas-analysis) by extension 'ignore_ament_install'
[0.752s] Level 1:colcon.colcon_core.package_identification:_identify(ros2-picas-example/picas-analysis) by extensions ['colcon_pkg']
[0.752s] Level 1:colcon.colcon_core.package_identification:_identify(ros2-picas-example/picas-analysis) by extension 'colcon_pkg'
[0.752s] Level 1:colcon.colcon_core.package_identification:_identify(ros2-picas-example/picas-analysis) by extensions ['colcon_meta']
[0.752s] Level 1:colcon.colcon_core.package_identification:_identify(ros2-picas-example/picas-analysis) by extension 'colcon_meta'
[0.753s] Level 1:colcon.colcon_core.package_identification:_identify(ros2-picas-example/picas-analysis) by extensions ['ros']
[0.753s] Level 1:colcon.colcon_core.package_identification:_identify(ros2-picas-example/picas-analysis) by extension 'ros'
[0.753s] Level 1:colcon.colcon_core.package_identification:_identify(ros2-picas-example/picas-analysis) by extensions ['cmake', 'python']
[0.753s] Level 1:colcon.colcon_core.package_identification:_identify(ros2-picas-example/picas-analysis) by extension 'cmake'
[0.753s] Level 1:colcon.colcon_core.package_identification:_identify(ros2-picas-example/picas-analysis) by extension 'python'
[0.753s] Level 1:colcon.colcon_core.package_identification:_identify(ros2-picas-example/picas-analysis) by extensions ['python_setup_py']
[0.753s] Level 1:colcon.colcon_core.package_identification:_identify(ros2-picas-example/picas-analysis) by extension 'python_setup_py'
[0.753s] Level 1:colcon.colcon_core.package_identification:_identify(ros2-picas-example/picas_example) by extensions ['ignore', 'ignore_ament_install']
[0.754s] Level 1:colcon.colcon_core.package_identification:_identify(ros2-picas-example/picas_example) by extension 'ignore'
[0.754s] Level 1:colcon.colcon_core.package_identification:_identify(ros2-picas-example/picas_example) by extension 'ignore_ament_install'
[0.754s] Level 1:colcon.colcon_core.package_identification:_identify(ros2-picas-example/picas_example) by extensions ['colcon_pkg']
[0.754s] Level 1:colcon.colcon_core.package_identification:_identify(ros2-picas-example/picas_example) by extension 'colcon_pkg'
[0.754s] Level 1:colcon.colcon_core.package_identification:_identify(ros2-picas-example/picas_example) by extensions ['colcon_meta']
[0.754s] Level 1:colcon.colcon_core.package_identification:_identify(ros2-picas-example/picas_example) by extension 'colcon_meta'
[0.754s] Level 1:colcon.colcon_core.package_identification:_identify(ros2-picas-example/picas_example) by extensions ['ros']
[0.754s] Level 1:colcon.colcon_core.package_identification:_identify(ros2-picas-example/picas_example) by extension 'ros'
[0.756s] DEBUG:colcon.colcon_core.package_identification:Package 'ros2-picas-example/picas_example' with type 'ros.ament_cmake' and name 'picas_example'
[0.756s] Level 1:colcon.colcon_core.package_identification:_identify(ros2-picas-example/picas_example_mt) by extensions ['ignore', 'ignore_ament_install']
[0.756s] Level 1:colcon.colcon_core.package_identification:_identify(ros2-picas-example/picas_example_mt) by extension 'ignore'
[0.756s] Level 1:colcon.colcon_core.package_identification:_identify(ros2-picas-example/picas_example_mt) by extension 'ignore_ament_install'
[0.757s] Level 1:colcon.colcon_core.package_identification:_identify(ros2-picas-example/picas_example_mt) by extensions ['colcon_pkg']
[0.757s] Level 1:colcon.colcon_core.package_identification:_identify(ros2-picas-example/picas_example_mt) by extension 'colcon_pkg'
[0.757s] Level 1:colcon.colcon_core.package_identification:_identify(ros2-picas-example/picas_example_mt) by extensions ['colcon_meta']
[0.757s] Level 1:colcon.colcon_core.package_identification:_identify(ros2-picas-example/picas_example_mt) by extension 'colcon_meta'
[0.757s] Level 1:colcon.colcon_core.package_identification:_identify(ros2-picas-example/picas_example_mt) by extensions ['ros']
[0.757s] Level 1:colcon.colcon_core.package_identification:_identify(ros2-picas-example/picas_example_mt) by extension 'ros'
[0.759s] DEBUG:colcon.colcon_core.package_identification:Package 'ros2-picas-example/picas_example_mt' with type 'ros.ament_cmake' and name 'picas_example_mt'
[0.759s] Level 1:colcon.colcon_core.package_identification:_identify(ros2-picas-example/test_msgs) by extensions ['ignore', 'ignore_ament_install']
[0.759s] Level 1:colcon.colcon_core.package_identification:_identify(ros2-picas-example/test_msgs) by extension 'ignore'
[0.759s] Level 1:colcon.colcon_core.package_identification:_identify(ros2-picas-example/test_msgs) by extension 'ignore_ament_install'
[0.759s] Level 1:colcon.colcon_core.package_identification:_identify(ros2-picas-example/test_msgs) by extensions ['colcon_pkg']
[0.759s] Level 1:colcon.colcon_core.package_identification:_identify(ros2-picas-example/test_msgs) by extension 'colcon_pkg'
[0.760s] Level 1:colcon.colcon_core.package_identification:_identify(ros2-picas-example/test_msgs) by extensions ['colcon_meta']
[0.760s] Level 1:colcon.colcon_core.package_identification:_identify(ros2-picas-example/test_msgs) by extension 'colcon_meta'
[0.760s] Level 1:colcon.colcon_core.package_identification:_identify(ros2-picas-example/test_msgs) by extensions ['ros']
[0.760s] Level 1:colcon.colcon_core.package_identification:_identify(ros2-picas-example/test_msgs) by extension 'ros'
[0.761s] DEBUG:colcon.colcon_core.package_identification:Package 'ros2-picas-example/test_msgs' with type 'ros.ament_cmake' and name 'test_msgs'
[0.761s] Level 1:colcon.colcon_core.package_identification:_identify(ros2-picas-example/trace_picas) by extensions ['ignore', 'ignore_ament_install']
[0.761s] Level 1:colcon.colcon_core.package_identification:_identify(ros2-picas-example/trace_picas) by extension 'ignore'
[0.762s] Level 1:colcon.colcon_core.package_identification:_identify(ros2-picas-example/trace_picas) by extension 'ignore_ament_install'
[0.762s] Level 1:colcon.colcon_core.package_identification:_identify(ros2-picas-example/trace_picas) by extensions ['colcon_pkg']
[0.762s] Level 1:colcon.colcon_core.package_identification:_identify(ros2-picas-example/trace_picas) by extension 'colcon_pkg'
[0.762s] Level 1:colcon.colcon_core.package_identification:_identify(ros2-picas-example/trace_picas) by extensions ['colcon_meta']
[0.762s] Level 1:colcon.colcon_core.package_identification:_identify(ros2-picas-example/trace_picas) by extension 'colcon_meta'
[0.762s] Level 1:colcon.colcon_core.package_identification:_identify(ros2-picas-example/trace_picas) by extensions ['ros']
[0.762s] Level 1:colcon.colcon_core.package_identification:_identify(ros2-picas-example/trace_picas) by extension 'ros'
[0.763s] DEBUG:colcon.colcon_core.package_identification:Package 'ros2-picas-example/trace_picas' with type 'ros.ament_cmake' and name 'trace_picas'
[0.763s] Level 1:colcon.colcon_core.package_discovery:discover_packages(recursive) using defaults
[0.763s] Level 1:colcon.colcon_core.package_discovery:discover_packages(ignore) discover
[0.764s] Level 1:colcon.colcon_core.package_discovery:discover_packages(ignore) using defaults
[0.764s] Level 1:colcon.colcon_core.package_discovery:discover_packages(path) discover
[0.764s] Level 1:colcon.colcon_core.package_discovery:discover_packages(path) using defaults
[0.802s] Level 1:colcon.colcon_core.package_discovery:discover_packages(prefix_path) check parameters
[0.802s] Level 1:colcon.colcon_core.package_discovery:discover_packages(prefix_path) discover
[0.807s] DEBUG:colcon.colcon_installed_package_information.package_discovery:Found 173 installed packages in /opt/ros/galactic
[0.809s] Level 1:colcon.colcon_core.package_discovery:discover_packages(prefix_path) using defaults
[0.935s] Level 5:colcon.colcon_core.verb:set package 'test_msgs' build argument 'cmake_args' from command line to '['-DPICAS=TRUE']'
[0.935s] Level 5:colcon.colcon_core.verb:set package 'test_msgs' build argument 'cmake_target' from command line to 'None'
[0.935s] Level 5:colcon.colcon_core.verb:set package 'test_msgs' build argument 'cmake_target_skip_unavailable' from command line to 'False'
[0.935s] Level 5:colcon.colcon_core.verb:set package 'test_msgs' build argument 'cmake_clean_cache' from command line to 'False'
[0.935s] Level 5:colcon.colcon_core.verb:set package 'test_msgs' build argument 'cmake_clean_first' from command line to 'False'
[0.935s] Level 5:colcon.colcon_core.verb:set package 'test_msgs' build argument 'cmake_force_configure' from command line to 'False'
[0.935s] Level 5:colcon.colcon_core.verb:set package 'test_msgs' build argument 'ament_cmake_args' from command line to 'None'
[0.935s] Level 5:colcon.colcon_core.verb:set package 'test_msgs' build argument 'catkin_cmake_args' from command line to 'None'
[0.935s] Level 5:colcon.colcon_core.verb:set package 'test_msgs' build argument 'catkin_skip_building_tests' from command line to 'False'
[0.936s] DEBUG:colcon.colcon_core.verb:Building package 'test_msgs' with the following arguments: {'ament_cmake_args': None, 'build_base': '/home/yfu/projects/ros2-picas/build/test_msgs', 'catkin_cmake_args': None, 'catkin_skip_building_tests': False, 'cmake_args': ['-DPICAS=TRUE'], 'cmake_clean_cache': False, 'cmake_clean_first': False, 'cmake_force_configure': False, 'cmake_target': None, 'cmake_target_skip_unavailable': False, 'install_base': '/home/yfu/projects/ros2-picas/install/test_msgs', 'merge_install': False, 'path': '/home/yfu/projects/ros2-picas/ros2-picas-example/test_msgs', 'symlink_install': False, 'test_result_base': None}
[0.936s] Level 5:colcon.colcon_core.verb:set package 'rclcpp' build argument 'cmake_args' from command line to '['-DPICAS=TRUE']'
[0.937s] Level 5:colcon.colcon_core.verb:set package 'rclcpp' build argument 'cmake_target' from command line to 'None'
[0.937s] Level 5:colcon.colcon_core.verb:set package 'rclcpp' build argument 'cmake_target_skip_unavailable' from command line to 'False'
[0.937s] Level 5:colcon.colcon_core.verb:set package 'rclcpp' build argument 'cmake_clean_cache' from command line to 'False'
[0.937s] Level 5:colcon.colcon_core.verb:set package 'rclcpp' build argument 'cmake_clean_first' from command line to 'False'
[0.937s] Level 5:colcon.colcon_core.verb:set package 'rclcpp' build argument 'cmake_force_configure' from command line to 'False'
[0.937s] Level 5:colcon.colcon_core.verb:set package 'rclcpp' build argument 'ament_cmake_args' from command line to 'None'
[0.937s] Level 5:colcon.colcon_core.verb:set package 'rclcpp' build argument 'catkin_cmake_args' from command line to 'None'
[0.937s] Level 5:colcon.colcon_core.verb:set package 'rclcpp' build argument 'catkin_skip_building_tests' from command line to 'False'
[0.937s] DEBUG:colcon.colcon_core.verb:Building package 'rclcpp' with the following arguments: {'ament_cmake_args': None, 'build_base': '/home/yfu/projects/ros2-picas/build/rclcpp', 'catkin_cmake_args': None, 'catkin_skip_building_tests': False, 'cmake_args': ['-DPICAS=TRUE'], 'cmake_clean_cache': False, 'cmake_clean_first': False, 'cmake_force_configure': False, 'cmake_target': None, 'cmake_target_skip_unavailable': False, 'install_base': '/home/yfu/projects/ros2-picas/install/rclcpp', 'merge_install': False, 'path': '/home/yfu/projects/ros2-picas/rclcpp', 'symlink_install': False, 'test_result_base': None}
[0.938s] Level 5:colcon.colcon_core.verb:set package 'trace_picas' build argument 'cmake_args' from command line to '['-DPICAS=TRUE']'
[0.938s] Level 5:colcon.colcon_core.verb:set package 'trace_picas' build argument 'cmake_target' from command line to 'None'
[0.938s] Level 5:colcon.colcon_core.verb:set package 'trace_picas' build argument 'cmake_target_skip_unavailable' from command line to 'False'
[0.938s] Level 5:colcon.colcon_core.verb:set package 'trace_picas' build argument 'cmake_clean_cache' from command line to 'False'
[0.938s] Level 5:colcon.colcon_core.verb:set package 'trace_picas' build argument 'cmake_clean_first' from command line to 'False'
[0.938s] Level 5:colcon.colcon_core.verb:set package 'trace_picas' build argument 'cmake_force_configure' from command line to 'False'
[0.938s] Level 5:colcon.colcon_core.verb:set package 'trace_picas' build argument 'ament_cmake_args' from command line to 'None'
[0.938s] Level 5:colcon.colcon_core.verb:set package 'trace_picas' build argument 'catkin_cmake_args' from command line to 'None'
[0.938s] Level 5:colcon.colcon_core.verb:set package 'trace_picas' build argument 'catkin_skip_building_tests' from command line to 'False'
[0.938s] DEBUG:colcon.colcon_core.verb:Building package 'trace_picas' with the following arguments: {'ament_cmake_args': None, 'build_base': '/home/yfu/projects/ros2-picas/build/trace_picas', 'catkin_cmake_args': None, 'catkin_skip_building_tests': False, 'cmake_args': ['-DPICAS=TRUE'], 'cmake_clean_cache': False, 'cmake_clean_first': False, 'cmake_force_configure': False, 'cmake_target': None, 'cmake_target_skip_unavailable': False, 'install_base': '/home/yfu/projects/ros2-picas/install/trace_picas', 'merge_install': False, 'path': '/home/yfu/projects/ros2-picas/ros2-picas-example/trace_picas', 'symlink_install': False, 'test_result_base': None}
[0.939s] Level 5:colcon.colcon_core.verb:set package 'picas_example' build argument 'cmake_args' from command line to '['-DPICAS=TRUE']'
[0.939s] Level 5:colcon.colcon_core.verb:set package 'picas_example' build argument 'cmake_target' from command line to 'None'
[0.939s] Level 5:colcon.colcon_core.verb:set package 'picas_example' build argument 'cmake_target_skip_unavailable' from command line to 'False'
[0.939s] Level 5:colcon.colcon_core.verb:set package 'picas_example' build argument 'cmake_clean_cache' from command line to 'False'
[0.939s] Level 5:colcon.colcon_core.verb:set package 'picas_example' build argument 'cmake_clean_first' from command line to 'False'
[0.939s] Level 5:colcon.colcon_core.verb:set package 'picas_example' build argument 'cmake_force_configure' from command line to 'False'
[0.939s] Level 5:colcon.colcon_core.verb:set package 'picas_example' build argument 'ament_cmake_args' from command line to 'None'
[0.939s] Level 5:colcon.colcon_core.verb:set package 'picas_example' build argument 'catkin_cmake_args' from command line to 'None'
[0.939s] Level 5:colcon.colcon_core.verb:set package 'picas_example' build argument 'catkin_skip_building_tests' from command line to 'False'
[0.939s] DEBUG:colcon.colcon_core.verb:Building package 'picas_example' with the following arguments: {'ament_cmake_args': None, 'build_base': '/home/yfu/projects/ros2-picas/build/picas_example', 'catkin_cmake_args': None, 'catkin_skip_building_tests': False, 'cmake_args': ['-DPICAS=TRUE'], 'cmake_clean_cache': False, 'cmake_clean_first': False, 'cmake_force_configure': False, 'cmake_target': None, 'cmake_target_skip_unavailable': False, 'install_base': '/home/yfu/projects/ros2-picas/install/picas_example', 'merge_install': False, 'path': '/home/yfu/projects/ros2-picas/ros2-picas-example/picas_example', 'symlink_install': False, 'test_result_base': None}
[0.940s] Level 5:colcon.colcon_core.verb:set package 'picas_example_mt' build argument 'cmake_args' from command line to '['-DPICAS=TRUE']'
[0.940s] Level 5:colcon.colcon_core.verb:set package 'picas_example_mt' build argument 'cmake_target' from command line to 'None'
[0.940s] Level 5:colcon.colcon_core.verb:set package 'picas_example_mt' build argument 'cmake_target_skip_unavailable' from command line to 'False'
[0.940s] Level 5:colcon.colcon_core.verb:set package 'picas_example_mt' build argument 'cmake_clean_cache' from command line to 'False'
[0.940s] Level 5:colcon.colcon_core.verb:set package 'picas_example_mt' build argument 'cmake_clean_first' from command line to 'False'
[0.940s] Level 5:colcon.colcon_core.verb:set package 'picas_example_mt' build argument 'cmake_force_configure' from command line to 'False'
[0.941s] Level 5:colcon.colcon_core.verb:set package 'picas_example_mt' build argument 'ament_cmake_args' from command line to 'None'
[0.941s] Level 5:colcon.colcon_core.verb:set package 'picas_example_mt' build argument 'catkin_cmake_args' from command line to 'None'
[0.941s] Level 5:colcon.colcon_core.verb:set package 'picas_example_mt' build argument 'catkin_skip_building_tests' from command line to 'False'
[0.941s] DEBUG:colcon.colcon_core.verb:Building package 'picas_example_mt' with the following arguments: {'ament_cmake_args': None, 'build_base': '/home/yfu/projects/ros2-picas/build/picas_example_mt', 'catkin_cmake_args': None, 'catkin_skip_building_tests': False, 'cmake_args': ['-DPICAS=TRUE'], 'cmake_clean_cache': False, 'cmake_clean_first': False, 'cmake_force_configure': False, 'cmake_target': None, 'cmake_target_skip_unavailable': False, 'install_base': '/home/yfu/projects/ros2-picas/install/picas_example_mt', 'merge_install': False, 'path': '/home/yfu/projects/ros2-picas/ros2-picas-example/picas_example_mt', 'symlink_install': False, 'test_result_base': None}
[0.941s] INFO:colcon.colcon_core.executor:Executing jobs using 'parallel' executor
[0.945s] DEBUG:colcon.colcon_parallel_executor.executor.parallel:run_until_complete
[0.946s] INFO:colcon.colcon_ros.task.ament_cmake.build:Building ROS package in '/home/yfu/projects/ros2-picas/ros2-picas-example/test_msgs' with build type 'ament_cmake'
[0.946s] INFO:colcon.colcon_cmake.task.cmake.build:Building CMake package in '/home/yfu/projects/ros2-picas/ros2-picas-example/test_msgs'
[0.951s] INFO:colcon.colcon_core.plugin_system:Skipping extension 'colcon_core.shell.bat': Not used on non-Windows systems
[0.952s] INFO:colcon.colcon_core.shell:Skip shell extension 'powershell' for command environment: Not usable outside of PowerShell
[0.952s] DEBUG:colcon.colcon_core.shell:Skip shell extension 'dsv' for command environment
[0.983s] DEBUG:colcon.colcon_core.event_handler.log_command:Invoking command in '/home/yfu/projects/ros2-picas/build/test_msgs': CMAKE_PREFIX_PATH=/opt/ros/galactic CONDA_PROMPT_MODIFIER=(base) /usr/bin/cmake --build /home/yfu/projects/ros2-picas/build/test_msgs -- -j6 -l6
[2.540s] DEBUG:colcon.colcon_core.event_handler.log_command:Invoked command in '/home/yfu/projects/ros2-picas/build/test_msgs' returned '0': CMAKE_PREFIX_PATH=/opt/ros/galactic CONDA_PROMPT_MODIFIER=(base) /usr/bin/cmake --build /home/yfu/projects/ros2-picas/build/test_msgs -- -j6 -l6
[2.590s] DEBUG:colcon.colcon_core.event_handler.log_command:Invoking command in '/home/yfu/projects/ros2-picas/build/test_msgs': CMAKE_PREFIX_PATH=/opt/ros/galactic CONDA_PROMPT_MODIFIER=(base) /usr/bin/cmake --install /home/yfu/projects/ros2-picas/build/test_msgs
[2.731s] Level 1:colcon.colcon_core.environment:create_environment_scripts_only(test_msgs)
[2.737s] DEBUG:colcon.colcon_core.event_handler.log_command:Invoked command in '/home/yfu/projects/ros2-picas/build/test_msgs' returned '0': CMAKE_PREFIX_PATH=/opt/ros/galactic CONDA_PROMPT_MODIFIER=(base) /usr/bin/cmake --install /home/yfu/projects/ros2-picas/build/test_msgs
[2.741s] Level 1:colcon.colcon_core.environment:checking '/home/yfu/projects/ros2-picas/install/test_msgs' for CMake module files
[2.743s] Level 1:colcon.colcon_core.environment:checking '/home/yfu/projects/ros2-picas/install/test_msgs' for CMake config files
[2.743s] Level 1:colcon.colcon_core.shell:create_environment_hook('test_msgs', 'cmake_prefix_path')
[2.744s] INFO:colcon.colcon_core.shell:Creating environment hook '/home/yfu/projects/ros2-picas/install/test_msgs/share/test_msgs/hook/cmake_prefix_path.ps1'
[2.746s] INFO:colcon.colcon_core.shell:Creating environment descriptor '/home/yfu/projects/ros2-picas/install/test_msgs/share/test_msgs/hook/cmake_prefix_path.dsv'
[2.747s] INFO:colcon.colcon_core.shell:Creating environment hook '/home/yfu/projects/ros2-picas/install/test_msgs/share/test_msgs/hook/cmake_prefix_path.sh'
[2.749s] Level 1:colcon.colcon_core.environment:checking '/home/yfu/projects/ros2-picas/install/test_msgs/lib'
[2.750s] Level 1:colcon.colcon_core.shell:create_environment_hook('test_msgs', 'ld_library_path_lib')
[2.750s] INFO:colcon.colcon_core.shell:Creating environment hook '/home/yfu/projects/ros2-picas/install/test_msgs/share/test_msgs/hook/ld_library_path_lib.ps1'
[2.751s] INFO:colcon.colcon_core.shell:Creating environment descriptor '/home/yfu/projects/ros2-picas/install/test_msgs/share/test_msgs/hook/ld_library_path_lib.dsv'
[2.752s] INFO:colcon.colcon_core.shell:Creating environment hook '/home/yfu/projects/ros2-picas/install/test_msgs/share/test_msgs/hook/ld_library_path_lib.sh'
[2.753s] Level 1:colcon.colcon_core.environment:checking '/home/yfu/projects/ros2-picas/install/test_msgs/bin'
[2.753s] Level 1:colcon.colcon_core.environment:checking '/home/yfu/projects/ros2-picas/install/test_msgs/lib/pkgconfig/test_msgs.pc'
[2.753s] Level 1:colcon.colcon_core.environment:checking '/home/yfu/projects/ros2-picas/install/test_msgs/lib/python3.8/site-packages'
[2.754s] Level 1:colcon.colcon_core.shell:create_environment_hook('test_msgs', 'pythonpath')
[2.755s] INFO:colcon.colcon_core.shell:Creating environment hook '/home/yfu/projects/ros2-picas/install/test_msgs/share/test_msgs/hook/pythonpath.ps1'
[2.756s] INFO:colcon.colcon_core.shell:Creating environment descriptor '/home/yfu/projects/ros2-picas/install/test_msgs/share/test_msgs/hook/pythonpath.dsv'
[2.756s] INFO:colcon.colcon_core.shell:Creating environment hook '/home/yfu/projects/ros2-picas/install/test_msgs/share/test_msgs/hook/pythonpath.sh'
[2.758s] Level 1:colcon.colcon_core.environment:checking '/home/yfu/projects/ros2-picas/install/test_msgs/bin'
[2.758s] INFO:colcon.colcon_core.shell:Creating package script '/home/yfu/projects/ros2-picas/install/test_msgs/share/test_msgs/package.ps1'
[2.760s] INFO:colcon.colcon_core.shell:Creating package descriptor '/home/yfu/projects/ros2-picas/install/test_msgs/share/test_msgs/package.dsv'
[2.761s] INFO:colcon.colcon_core.shell:Creating package script '/home/yfu/projects/ros2-picas/install/test_msgs/share/test_msgs/package.sh'
[2.763s] INFO:colcon.colcon_core.shell:Creating package script '/home/yfu/projects/ros2-picas/install/test_msgs/share/test_msgs/package.bash'
[2.765s] INFO:colcon.colcon_core.shell:Creating package script '/home/yfu/projects/ros2-picas/install/test_msgs/share/test_msgs/package.zsh'
[2.766s] Level 1:colcon.colcon_core.environment:create_file_with_runtime_dependencies(/home/yfu/projects/ros2-picas/install/test_msgs/share/colcon-core/packages/test_msgs)
[2.768s] Level 1:colcon.colcon_core.environment:create_environment_scripts_only(test_msgs)
[2.768s] Level 1:colcon.colcon_core.environment:checking '/home/yfu/projects/ros2-picas/install/test_msgs' for CMake module files
[2.769s] Level 1:colcon.colcon_core.environment:checking '/home/yfu/projects/ros2-picas/install/test_msgs' for CMake config files
[2.770s] Level 1:colcon.colcon_core.shell:create_environment_hook('test_msgs', 'cmake_prefix_path')
[2.770s] INFO:colcon.colcon_core.shell:Creating environment hook '/home/yfu/projects/ros2-picas/install/test_msgs/share/test_msgs/hook/cmake_prefix_path.ps1'
[2.827s] INFO:colcon.colcon_core.shell:Creating environment descriptor '/home/yfu/projects/ros2-picas/install/test_msgs/share/test_msgs/hook/cmake_prefix_path.dsv'
[2.829s] INFO:colcon.colcon_core.shell:Creating environment hook '/home/yfu/projects/ros2-picas/install/test_msgs/share/test_msgs/hook/cmake_prefix_path.sh'
[2.831s] Level 1:colcon.colcon_core.environment:checking '/home/yfu/projects/ros2-picas/install/test_msgs/lib'
[2.831s] Level 1:colcon.colcon_core.shell:create_environment_hook('test_msgs', 'ld_library_path_lib')
[2.832s] INFO:colcon.colcon_core.shell:Creating environment hook '/home/yfu/projects/ros2-picas/install/test_msgs/share/test_msgs/hook/ld_library_path_lib.ps1'
[2.833s] INFO:colcon.colcon_core.shell:Creating environment descriptor '/home/yfu/projects/ros2-picas/install/test_msgs/share/test_msgs/hook/ld_library_path_lib.dsv'
[2.833s] INFO:colcon.colcon_core.shell:Creating environment hook '/home/yfu/projects/ros2-picas/install/test_msgs/share/test_msgs/hook/ld_library_path_lib.sh'
[2.834s] Level 1:colcon.colcon_core.environment:checking '/home/yfu/projects/ros2-picas/install/test_msgs/bin'
[2.834s] Level 1:colcon.colcon_core.environment:checking '/home/yfu/projects/ros2-picas/install/test_msgs/lib/pkgconfig/test_msgs.pc'
[2.835s] Level 1:colcon.colcon_core.environment:checking '/home/yfu/projects/ros2-picas/install/test_msgs/lib/python3.8/site-packages'
[2.835s] Level 1:colcon.colcon_core.shell:create_environment_hook('test_msgs', 'pythonpath')
[2.836s] INFO:colcon.colcon_core.shell:Creating environment hook '/home/yfu/projects/ros2-picas/install/test_msgs/share/test_msgs/hook/pythonpath.ps1'
[2.836s] INFO:colcon.colcon_core.shell:Creating environment descriptor '/home/yfu/projects/ros2-picas/install/test_msgs/share/test_msgs/hook/pythonpath.dsv'
[2.837s] INFO:colcon.colcon_core.shell:Creating environment hook '/home/yfu/projects/ros2-picas/install/test_msgs/share/test_msgs/hook/pythonpath.sh'
[2.838s] Level 1:colcon.colcon_core.environment:checking '/home/yfu/projects/ros2-picas/install/test_msgs/bin'
[2.839s] INFO:colcon.colcon_core.shell:Creating package script '/home/yfu/projects/ros2-picas/install/test_msgs/share/test_msgs/package.ps1'
[2.841s] INFO:colcon.colcon_core.shell:Creating package descriptor '/home/yfu/projects/ros2-picas/install/test_msgs/share/test_msgs/package.dsv'
[2.842s] INFO:colcon.colcon_core.shell:Creating package script '/home/yfu/projects/ros2-picas/install/test_msgs/share/test_msgs/package.sh'
[2.843s] INFO:colcon.colcon_core.shell:Creating package script '/home/yfu/projects/ros2-picas/install/test_msgs/share/test_msgs/package.bash'
[2.844s] INFO:colcon.colcon_core.shell:Creating package script '/home/yfu/projects/ros2-picas/install/test_msgs/share/test_msgs/package.zsh'
[2.845s] Level 1:colcon.colcon_core.environment:create_file_with_runtime_dependencies(/home/yfu/projects/ros2-picas/install/test_msgs/share/colcon-core/packages/test_msgs)
[2.846s] INFO:colcon.colcon_ros.task.ament_cmake.build:Building ROS package in '/home/yfu/projects/ros2-picas/rclcpp' with build type 'ament_cmake'
[2.847s] INFO:colcon.colcon_cmake.task.cmake.build:Building CMake package in '/home/yfu/projects/ros2-picas/rclcpp'
[2.847s] INFO:colcon.colcon_core.shell:Skip shell extension 'powershell' for command environment: Not usable outside of PowerShell
[2.848s] DEBUG:colcon.colcon_core.shell:Skip shell extension 'dsv' for command environment
[2.879s] DEBUG:colcon.colcon_core.event_handler.log_command:Invoking command in '/home/yfu/projects/ros2-picas/build/rclcpp': AMENT_PREFIX_PATH=/home/yfu/projects/ros2-picas/install/test_msgs:${AMENT_PREFIX_PATH} CMAKE_PREFIX_PATH=/home/yfu/projects/ros2-picas/install/test_msgs:/opt/ros/galactic CONDA_PROMPT_MODIFIER=(base) LD_LIBRARY_PATH=/home/yfu/projects/ros2-picas/install/test_msgs/lib:${LD_LIBRARY_PATH} PYTHONPATH=/home/yfu/projects/ros2-picas/install/test_msgs/lib/python3.8/site-packages:${PYTHONPATH} /usr/bin/cmake --build /home/yfu/projects/ros2-picas/build/rclcpp -- -j6 -l6
[9.641s] DEBUG:colcon.colcon_core.event_handler.log_command:Invoked command in '/home/yfu/projects/ros2-picas/build/rclcpp' returned '2': AMENT_PREFIX_PATH=/home/yfu/projects/ros2-picas/install/test_msgs:${AMENT_PREFIX_PATH} CMAKE_PREFIX_PATH=/home/yfu/projects/ros2-picas/install/test_msgs:/opt/ros/galactic CONDA_PROMPT_MODIFIER=(base) LD_LIBRARY_PATH=/home/yfu/projects/ros2-picas/install/test_msgs/lib:${LD_LIBRARY_PATH} PYTHONPATH=/home/yfu/projects/ros2-picas/install/test_msgs/lib/python3.8/site-packages:${PYTHONPATH} /usr/bin/cmake --build /home/yfu/projects/ros2-picas/build/rclcpp -- -j6 -l6
[9.643s] Level 1:colcon.colcon_core.environment:create_environment_scripts_only(rclcpp)
[9.643s] Level 1:colcon.colcon_core.environment:checking '/home/yfu/projects/ros2-picas/install/rclcpp' for CMake module files
[9.644s] Level 1:colcon.colcon_core.environment:checking '/home/yfu/projects/ros2-picas/install/rclcpp' for CMake config files
[9.645s] Level 1:colcon.colcon_core.shell:create_environment_hook('rclcpp', 'cmake_prefix_path')
[9.645s] INFO:colcon.colcon_core.shell:Creating environment hook '/home/yfu/projects/ros2-picas/install/rclcpp/share/rclcpp/hook/cmake_prefix_path.ps1'
[9.647s] INFO:colcon.colcon_core.shell:Creating environment descriptor '/home/yfu/projects/ros2-picas/install/rclcpp/share/rclcpp/hook/cmake_prefix_path.dsv'
[9.648s] INFO:colcon.colcon_core.shell:Creating environment hook '/home/yfu/projects/ros2-picas/install/rclcpp/share/rclcpp/hook/cmake_prefix_path.sh'
[9.650s] Level 1:colcon.colcon_core.environment:checking '/home/yfu/projects/ros2-picas/install/rclcpp/lib'
[9.651s] Level 1:colcon.colcon_core.shell:create_environment_hook('rclcpp', 'ld_library_path_lib')
[9.651s] INFO:colcon.colcon_core.shell:Creating environment hook '/home/yfu/projects/ros2-picas/install/rclcpp/share/rclcpp/hook/ld_library_path_lib.ps1'
[9.652s] INFO:colcon.colcon_core.shell:Creating environment descriptor '/home/yfu/projects/ros2-picas/install/rclcpp/share/rclcpp/hook/ld_library_path_lib.dsv'
[9.653s] INFO:colcon.colcon_core.shell:Creating environment hook '/home/yfu/projects/ros2-picas/install/rclcpp/share/rclcpp/hook/ld_library_path_lib.sh'
[9.654s] Level 1:colcon.colcon_core.environment:checking '/home/yfu/projects/ros2-picas/install/rclcpp/bin'
[9.654s] Level 1:colcon.colcon_core.environment:checking '/home/yfu/projects/ros2-picas/install/rclcpp/lib/pkgconfig/rclcpp.pc'
[9.655s] Level 1:colcon.colcon_core.environment:checking '/home/yfu/projects/ros2-picas/install/rclcpp/lib/python3.8/site-packages'
[9.655s] Level 1:colcon.colcon_core.environment:checking '/home/yfu/projects/ros2-picas/install/rclcpp/bin'
[9.656s] INFO:colcon.colcon_core.shell:Creating package script '/home/yfu/projects/ros2-picas/install/rclcpp/share/rclcpp/package.ps1'
[9.658s] INFO:colcon.colcon_core.shell:Creating package descriptor '/home/yfu/projects/ros2-picas/install/rclcpp/share/rclcpp/package.dsv'
[9.659s] INFO:colcon.colcon_core.shell:Creating package script '/home/yfu/projects/ros2-picas/install/rclcpp/share/rclcpp/package.sh'
[9.660s] INFO:colcon.colcon_core.shell:Creating package script '/home/yfu/projects/ros2-picas/install/rclcpp/share/rclcpp/package.bash'
[9.661s] INFO:colcon.colcon_core.shell:Creating package script '/home/yfu/projects/ros2-picas/install/rclcpp/share/rclcpp/package.zsh'
[9.662s] Level 1:colcon.colcon_core.environment:create_file_with_runtime_dependencies(/home/yfu/projects/ros2-picas/install/rclcpp/share/colcon-core/packages/rclcpp)
[9.673s] DEBUG:colcon.colcon_parallel_executor.executor.parallel:closing loop
[9.674s] DEBUG:colcon.colcon_parallel_executor.executor.parallel:loop closed
[9.674s] DEBUG:colcon.colcon_parallel_executor.executor.parallel:run_until_complete finished with '2'
[9.674s] DEBUG:colcon.colcon_core.event_reactor:joining thread
[9.688s] INFO:colcon.colcon_core.plugin_system:Skipping extension 'colcon_notification.desktop_notification.terminal_notifier': Not used on non-Darwin systems
[9.689s] INFO:colcon.colcon_core.plugin_system:Skipping extension 'colcon_notification.desktop_notification.win32': Not used on non-Windows systems
[9.689s] INFO:colcon.colcon_notification.desktop_notification:Sending desktop notification using 'notify2'
[9.720s] DEBUG:colcon.colcon_notification.desktop_notification.notify2:Failed to initialize notify2: org.freedesktop.DBus.Error.Spawn.ChildExited: Process org.freedesktop.Notifications exited with status 1
[9.720s] DEBUG:colcon.colcon_core.event_reactor:joined thread
[9.721s] INFO:colcon.colcon_core.shell:Creating prefix script '/home/yfu/projects/ros2-picas/install/local_setup.ps1'
[9.724s] INFO:colcon.colcon_core.shell:Creating prefix util module '/home/yfu/projects/ros2-picas/install/_local_setup_util_ps1.py'
[9.727s] INFO:colcon.colcon_core.shell:Creating prefix chain script '/home/yfu/projects/ros2-picas/install/setup.ps1'
[9.729s] INFO:colcon.colcon_core.shell:Creating prefix script '/home/yfu/projects/ros2-picas/install/local_setup.sh'
[9.730s] INFO:colcon.colcon_core.shell:Creating prefix util module '/home/yfu/projects/ros2-picas/install/_local_setup_util_sh.py'
[9.731s] INFO:colcon.colcon_core.shell:Creating prefix chain script '/home/yfu/projects/ros2-picas/install/setup.sh'
[9.733s] INFO:colcon.colcon_core.shell:Creating prefix script '/home/yfu/projects/ros2-picas/install/local_setup.bash'
[9.734s] INFO:colcon.colcon_core.shell:Creating prefix chain script '/home/yfu/projects/ros2-picas/install/setup.bash'
[9.735s] INFO:colcon.colcon_core.shell:Creating prefix script '/home/yfu/projects/ros2-picas/install/local_setup.zsh'
[9.736s] INFO:colcon.colcon_core.shell:Creating prefix chain script '/home/yfu/projects/ros2-picas/install/setup.zsh'
