[0.051s] Invoking command in '/home/yfu/projects/ros2-picas/build/picas_example_mt': AMENT_PREFIX_PATH=/home/yfu/projects/ros2-picas/install/trace_picas:/home/yfu/projects/ros2-picas/install/rclcpp:/home/yfu/projects/ros2-picas/install/test_msgs:${AMENT_PREFIX_PATH} CMAKE_PREFIX_PATH=/home/yfu/projects/ros2-picas/install/trace_picas:/home/yfu/projects/ros2-picas/install/rclcpp:/home/yfu/projects/ros2-picas/install/test_msgs:/opt/ros/galactic CONDA_PROMPT_MODIFIER=(base) LD_LIBRARY_PATH=/home/yfu/projects/ros2-picas/install/trace_picas/lib:/home/yfu/projects/ros2-picas/install/rclcpp/lib:/home/yfu/projects/ros2-picas/install/test_msgs/lib:${LD_LIBRARY_PATH} PYTHONPATH=/home/yfu/projects/ros2-picas/install/test_msgs/lib/python3.8/site-packages:${PYTHONPATH} /usr/bin/cmake --build /home/yfu/projects/ros2-picas/build/picas_example_mt -- -j6 -l6
[0.191s] [100%] Built target example_mt
[0.227s] Invoked command in '/home/yfu/projects/ros2-picas/build/picas_example_mt' returned '0': AMENT_PREFIX_PATH=/home/yfu/projects/ros2-picas/install/trace_picas:/home/yfu/projects/ros2-picas/install/rclcpp:/home/yfu/projects/ros2-picas/install/test_msgs:${AMENT_PREFIX_PATH} CMAKE_PREFIX_PATH=/home/yfu/projects/ros2-picas/install/trace_picas:/home/yfu/projects/ros2-picas/install/rclcpp:/home/yfu/projects/ros2-picas/install/test_msgs:/opt/ros/galactic CONDA_PROMPT_MODIFIER=(base) LD_LIBRARY_PATH=/home/yfu/projects/ros2-picas/install/trace_picas/lib:/home/yfu/projects/ros2-picas/install/rclcpp/lib:/home/yfu/projects/ros2-picas/install/test_msgs/lib:${LD_LIBRARY_PATH} PYTHONPATH=/home/yfu/projects/ros2-picas/install/test_msgs/lib/python3.8/site-packages:${PYTHONPATH} /usr/bin/cmake --build /home/yfu/projects/ros2-picas/build/picas_example_mt -- -j6 -l6
[0.235s] Invoking command in '/home/yfu/projects/ros2-picas/build/picas_example_mt': AMENT_PREFIX_PATH=/home/yfu/projects/ros2-picas/install/trace_picas:/home/yfu/projects/ros2-picas/install/rclcpp:/home/yfu/projects/ros2-picas/install/test_msgs:${AMENT_PREFIX_PATH} CMAKE_PREFIX_PATH=/home/yfu/projects/ros2-picas/install/trace_picas:/home/yfu/projects/ros2-picas/install/rclcpp:/home/yfu/projects/ros2-picas/install/test_msgs:/opt/ros/galactic CONDA_PROMPT_MODIFIER=(base) LD_LIBRARY_PATH=/home/yfu/projects/ros2-picas/install/trace_picas/lib:/home/yfu/projects/ros2-picas/install/rclcpp/lib:/home/yfu/projects/ros2-picas/install/test_msgs/lib:${LD_LIBRARY_PATH} PYTHONPATH=/home/yfu/projects/ros2-picas/install/test_msgs/lib/python3.8/site-packages:${PYTHONPATH} /usr/bin/cmake --install /home/yfu/projects/ros2-picas/build/picas_example_mt
[0.260s] -- Install configuration: ""
[0.260s] -- Up-to-date: /home/yfu/projects/ros2-picas/install/picas_example_mt/lib/picas_example_mt/example_mt
[0.261s] -- Up-to-date: /home/yfu/projects/ros2-picas/install/picas_example_mt/share/ament_index/resource_index/package_run_dependencies/picas_example_mt
[0.261s] -- Up-to-date: /home/yfu/projects/ros2-picas/install/picas_example_mt/share/ament_index/resource_index/parent_prefix_path/picas_example_mt
[0.261s] -- Up-to-date: /home/yfu/projects/ros2-picas/install/picas_example_mt/share/picas_example_mt/environment/ament_prefix_path.sh
[0.261s] -- Up-to-date: /home/yfu/projects/ros2-picas/install/picas_example_mt/share/picas_example_mt/environment/ament_prefix_path.dsv
[0.262s] -- Up-to-date: /home/yfu/projects/ros2-picas/install/picas_example_mt/share/picas_example_mt/environment/path.sh
[0.262s] -- Up-to-date: /home/yfu/projects/ros2-picas/install/picas_example_mt/share/picas_example_mt/environment/path.dsv
[0.262s] -- Up-to-date: /home/yfu/projects/ros2-picas/install/picas_example_mt/share/picas_example_mt/local_setup.bash
[0.262s] -- Up-to-date: /home/yfu/projects/ros2-picas/install/picas_example_mt/share/picas_example_mt/local_setup.sh
[0.262s] -- Up-to-date: /home/yfu/projects/ros2-picas/install/picas_example_mt/share/picas_example_mt/local_setup.zsh
[0.262s] -- Up-to-date: /home/yfu/projects/ros2-picas/install/picas_example_mt/share/picas_example_mt/local_setup.dsv
[0.263s] -- Installing: /home/yfu/projects/ros2-picas/install/picas_example_mt/share/picas_example_mt/package.dsv
[0.263s] -- Up-to-date: /home/yfu/projects/ros2-picas/install/picas_example_mt/share/ament_index/resource_index/packages/picas_example_mt
[0.263s] -- Up-to-date: /home/yfu/projects/ros2-picas/install/picas_example_mt/share/picas_example_mt/cmake/picas_example_mtConfig.cmake
[0.263s] -- Up-to-date: /home/yfu/projects/ros2-picas/install/picas_example_mt/share/picas_example_mt/cmake/picas_example_mtConfig-version.cmake
[0.263s] -- Up-to-date: /home/yfu/projects/ros2-picas/install/picas_example_mt/share/picas_example_mt/package.xml
[0.270s] Invoked command in '/home/yfu/projects/ros2-picas/build/picas_example_mt' returned '0': AMENT_PREFIX_PATH=/home/yfu/projects/ros2-picas/install/trace_picas:/home/yfu/projects/ros2-picas/install/rclcpp:/home/yfu/projects/ros2-picas/install/test_msgs:${AMENT_PREFIX_PATH} CMAKE_PREFIX_PATH=/home/yfu/projects/ros2-picas/install/trace_picas:/home/yfu/projects/ros2-picas/install/rclcpp:/home/yfu/projects/ros2-picas/install/test_msgs:/opt/ros/galactic CONDA_PROMPT_MODIFIER=(base) LD_LIBRARY_PATH=/home/yfu/projects/ros2-picas/install/trace_picas/lib:/home/yfu/projects/ros2-picas/install/rclcpp/lib:/home/yfu/projects/ros2-picas/install/test_msgs/lib:${LD_LIBRARY_PATH} PYTHONPATH=/home/yfu/projects/ros2-picas/install/test_msgs/lib/python3.8/site-packages:${PYTHONPATH} /usr/bin/cmake --install /home/yfu/projects/ros2-picas/build/picas_example_mt
