-- The C compiler identification is GNU 9.4.0
-- The CXX compiler identification is GNU 9.4.0
-- Check for working C compiler: /usr/bin/cc
-- Check for working C compiler: /usr/bin/cc -- works
-- Detecting C compiler ABI info
-- Detecting C compiler ABI info - done
-- Detecting C compile features
-- Detecting C compile features - done
-- Check for working CXX compiler: /usr/bin/c++
-- Check for working CXX compiler: /usr/bin/c++ -- works
-- Detecting CXX compiler ABI info
-- Detecting CXX compiler ABI info - done
-- Detecting CXX compile features
-- Detecting CXX compile features - done
-- Looking for pthread.h
-- Looking for pthread.h - found
-- Performing Test CMAKE_HAVE_LIBC_PTHREAD
-- Performing Test CMAKE_HAVE_LIBC_PTHREAD - Failed
-- Looking for pthread_create in pthreads
-- Looking for pthread_create in pthreads - not found
-- Looking for pthread_create in pthread
-- Looking for pthread_create in pthread - found
-- Found Threads: TRUE  
-- Found ament_cmake_ros: 0.9.2 (/opt/ros/galactic/share/ament_cmake_ros/cmake)
-- Found PythonInterp: /usr/bin/python3 (found suitable version "3.8.10", minimum required is "3") 
-- Using PYTHON_EXECUTABLE: /usr/bin/python3
-- Found ament_index_cpp: 1.2.0 (/opt/ros/galactic/share/ament_index_cpp/cmake)
-- Found builtin_interfaces: 1.0.3 (/opt/ros/galactic/share/builtin_interfaces/cmake)
-- Using single rosidl_typesupport_c: rosidl_typesupport_introspection_c
-- Found rosidl_adapter: 2.2.3 (/opt/ros/galactic/share/rosidl_adapter/cmake)
-- Using single rosidl_typesupport_cpp: rosidl_typesupport_introspection_cpp
-- Found libstatistics_collector: 1.1.1 (/opt/ros/galactic/share/libstatistics_collector/cmake)
-- Found rmw_implementation_cmake: 3.3.1 (/opt/ros/galactic/share/rmw_implementation_cmake/cmake)
-- Found rmw_cyclonedds_cpp: 0.22.6 (/opt/ros/galactic/share/rmw_cyclonedds_cpp/cmake)
-- Using RMW implementation 'rmw_cyclonedds_cpp' as default
-- Found rosgraph_msgs: 1.0.3 (/opt/ros/galactic/share/rosgraph_msgs/cmake)
-- Configuring done
-- Generating done
-- Build files have been written to: /home/yfu/projects/ros2-picas/build/rclcpp
[  3%] [34m[1mExpanding interface_traits.hpp.em into node_clock_interface_traits.hpp[0m
[  3%] [34m[1mExpanding get_interface.hpp.em into get_/home/yfu/projects/ros2-picas/rclcpp/include/rclcpp/node_interfaces/node_waitables_interface.hpp.hpp[0m
[  4%] [34m[1mExpanding interface_traits.hpp.em into node_base_interface_traits.hpp[0m
[  3%] [34m[1mExpanding get_interface.hpp.em into get_/home/yfu/projects/ros2-picas/rclcpp/include/rclcpp/node_interfaces/node_clock_interface.hpp.hpp[0m
[  6%] [34m[1mExpanding logging.hpp.em[0m
[  6%] [34m[1mExpanding get_interface.hpp.em into get_/home/yfu/projects/ros2-picas/rclcpp/include/rclcpp/node_interfaces/node_base_interface.hpp.hpp[0m
[  7%] [34m[1mExpanding interface_traits.hpp.em into node_graph_interface_traits.hpp[0m
[  8%] [34m[1mExpanding interface_traits.hpp.em into node_logging_interface_traits.hpp[0m
[  9%] [34m[1mExpanding get_interface.hpp.em into get_/home/yfu/projects/ros2-picas/rclcpp/include/rclcpp/node_interfaces/node_graph_interface.hpp.hpp[0m
[ 10%] [34m[1mExpanding get_interface.hpp.em into get_/home/yfu/projects/ros2-picas/rclcpp/include/rclcpp/node_interfaces/node_logging_interface.hpp.hpp[0m
[ 11%] [34m[1mExpanding interface_traits.hpp.em into node_parameters_interface_traits.hpp[0m
[ 12%] [34m[1mExpanding get_interface.hpp.em into get_/home/yfu/projects/ros2-picas/rclcpp/include/rclcpp/node_interfaces/node_parameters_interface.hpp.hpp[0m
[ 13%] [34m[1mExpanding interface_traits.hpp.em into node_services_interface_traits.hpp[0m
[ 15%] [34m[1mExpanding interface_traits.hpp.em into node_time_source_interface_traits.hpp[0m
[ 15%] [34m[1mExpanding get_interface.hpp.em into get_/home/yfu/projects/ros2-picas/rclcpp/include/rclcpp/node_interfaces/node_services_interface.hpp.hpp[0m
[ 16%] [34m[1mExpanding get_interface.hpp.em into get_/home/yfu/projects/ros2-picas/rclcpp/include/rclcpp/node_interfaces/node_time_source_interface.hpp.hpp[0m
[ 18%] [34m[1mExpanding get_interface.hpp.em into get_/home/yfu/projects/ros2-picas/rclcpp/include/rclcpp/node_interfaces/node_timers_interface.hpp.hpp[0m
[ 18%] [34m[1mExpanding interface_traits.hpp.em into node_timers_interface_traits.hpp[0m
[ 20%] [34m[1mExpanding interface_traits.hpp.em into node_topics_interface_traits.hpp[0m
[ 21%] [34m[1mExpanding get_interface.hpp.em into get_/home/yfu/projects/ros2-picas/rclcpp/include/rclcpp/node_interfaces/node_topics_interface.hpp.hpp[0m
[ 22%] [34m[1mExpanding interface_traits.hpp.em into node_waitables_interface_traits.hpp[0m
[35m[1mScanning dependencies of target rclcpp[0m
[ 24%] [32mBuilding CXX object CMakeFiles/rclcpp.dir/src/rclcpp/callback_group.cpp.o[0m
[ 24%] [32mBuilding CXX object CMakeFiles/rclcpp.dir/src/rclcpp/client.cpp.o[0m
[ 25%] [32mBuilding CXX object CMakeFiles/rclcpp.dir/src/rclcpp/clock.cpp.o[0m
[ 26%] [32mBuilding CXX object CMakeFiles/rclcpp.dir/src/rclcpp/any_executable.cpp.o[0m
[ 27%] [32mBuilding CXX object CMakeFiles/rclcpp.dir/src/rclcpp/context.cpp.o[0m
[ 28%] [32mBuilding CXX object CMakeFiles/rclcpp.dir/src/rclcpp/contexts/default_context.cpp.o[0m
[ 29%] [32mBuilding CXX object CMakeFiles/rclcpp.dir/src/rclcpp/detail/mutex_two_priorities.cpp.o[0m
[ 30%] [32mBuilding CXX object CMakeFiles/rclcpp.dir/src/rclcpp/detail/resolve_parameter_overrides.cpp.o[0m
[ 31%] [32mBuilding CXX object CMakeFiles/rclcpp.dir/src/rclcpp/detail/rmw_implementation_specific_payload.cpp.o[0m
[ 32%] [32mBuilding CXX object CMakeFiles/rclcpp.dir/src/rclcpp/detail/rmw_implementation_specific_publisher_payload.cpp.o[0m
[ 33%] [32mBuilding CXX object CMakeFiles/rclcpp.dir/src/rclcpp/detail/rmw_implementation_specific_subscription_payload.cpp.o[0m
[ 34%] [32mBuilding CXX object CMakeFiles/rclcpp.dir/src/rclcpp/detail/utilities.cpp.o[0m
[ 35%] [32mBuilding CXX object CMakeFiles/rclcpp.dir/src/rclcpp/duration.cpp.o[0m
[ 36%] [32mBuilding CXX object CMakeFiles/rclcpp.dir/src/rclcpp/event.cpp.o[0m
[ 37%] [32mBuilding CXX object CMakeFiles/rclcpp.dir/src/rclcpp/exceptions/exceptions.cpp.o[0m
[ 38%] [32mBuilding CXX object CMakeFiles/rclcpp.dir/src/rclcpp/executable_list.cpp.o[0m
[ 40%] [32mBuilding CXX object CMakeFiles/rclcpp.dir/src/rclcpp/executor.cpp.o[0m
[ 41%] [32mBuilding CXX object CMakeFiles/rclcpp.dir/src/rclcpp/executors.cpp.o[0m
[ 42%] [32mBuilding CXX object CMakeFiles/rclcpp.dir/src/rclcpp/executors/multi_threaded_executor.cpp.o[0m
[ 43%] [32mBuilding CXX object CMakeFiles/rclcpp.dir/src/rclcpp/executors/single_threaded_executor.cpp.o[0m
[ 44%] [32mBuilding CXX object CMakeFiles/rclcpp.dir/src/rclcpp/executors/static_executor_entities_collector.cpp.o[0m
[ 45%] [32mBuilding CXX object CMakeFiles/rclcpp.dir/src/rclcpp/executors/static_single_threaded_executor.cpp.o[0m
[ 46%] [32mBuilding CXX object CMakeFiles/rclcpp.dir/src/rclcpp/expand_topic_or_service_name.cpp.o[0m
[ 47%] [32mBuilding CXX object CMakeFiles/rclcpp.dir/src/rclcpp/future_return_code.cpp.o[0m
[ 48%] [32mBuilding CXX object CMakeFiles/rclcpp.dir/src/rclcpp/generic_publisher.cpp.o[0m
[ 49%] [32mBuilding CXX object CMakeFiles/rclcpp.dir/src/rclcpp/generic_subscription.cpp.o[0m
[ 50%] [32mBuilding CXX object CMakeFiles/rclcpp.dir/src/rclcpp/graph_listener.cpp.o[0m
[ 51%] [32mBuilding CXX object CMakeFiles/rclcpp.dir/src/rclcpp/guard_condition.cpp.o[0m
[ 52%] [32mBuilding CXX object CMakeFiles/rclcpp.dir/src/rclcpp/init_options.cpp.o[0m
[ 53%] [32mBuilding CXX object CMakeFiles/rclcpp.dir/src/rclcpp/intra_process_manager.cpp.o[0m
[ 54%] [32mBuilding CXX object CMakeFiles/rclcpp.dir/src/rclcpp/logger.cpp.o[0m
[ 55%] [32mBuilding CXX object CMakeFiles/rclcpp.dir/src/rclcpp/logging_mutex.cpp.o[0m
[ 56%] [32mBuilding CXX object CMakeFiles/rclcpp.dir/src/rclcpp/memory_strategies.cpp.o[0m
[ 57%] [32mBuilding CXX object CMakeFiles/rclcpp.dir/src/rclcpp/memory_strategy.cpp.o[0m
[ 58%] [32mBuilding CXX object CMakeFiles/rclcpp.dir/src/rclcpp/message_info.cpp.o[0m
[ 60%] [32mBuilding CXX object CMakeFiles/rclcpp.dir/src/rclcpp/network_flow_endpoint.cpp.o[0m
[ 61%] [32mBuilding CXX object CMakeFiles/rclcpp.dir/src/rclcpp/node.cpp.o[0m
[ 62%] [32mBuilding CXX object CMakeFiles/rclcpp.dir/src/rclcpp/node_interfaces/node_base.cpp.o[0m
[ 63%] [32mBuilding CXX object CMakeFiles/rclcpp.dir/src/rclcpp/node_interfaces/node_clock.cpp.o[0m
[ 64%] [32mBuilding CXX object CMakeFiles/rclcpp.dir/src/rclcpp/node_interfaces/node_graph.cpp.o[0m
[ 65%] [32mBuilding CXX object CMakeFiles/rclcpp.dir/src/rclcpp/node_interfaces/node_logging.cpp.o[0m
[ 66%] [32mBuilding CXX object CMakeFiles/rclcpp.dir/src/rclcpp/node_interfaces/node_parameters.cpp.o[0m
[ 67%] [32mBuilding CXX object CMakeFiles/rclcpp.dir/src/rclcpp/node_interfaces/node_services.cpp.o[0m
[ 68%] [32mBuilding CXX object CMakeFiles/rclcpp.dir/src/rclcpp/node_interfaces/node_time_source.cpp.o[0m
[ 69%] [32mBuilding CXX object CMakeFiles/rclcpp.dir/src/rclcpp/node_interfaces/node_timers.cpp.o[0m
[ 70%] [32mBuilding CXX object CMakeFiles/rclcpp.dir/src/rclcpp/node_interfaces/node_topics.cpp.o[0m
[ 71%] [32mBuilding CXX object CMakeFiles/rclcpp.dir/src/rclcpp/node_interfaces/node_waitables.cpp.o[0m
[ 72%] [32mBuilding CXX object CMakeFiles/rclcpp.dir/src/rclcpp/node_options.cpp.o[0m
[ 73%] [32mBuilding CXX object CMakeFiles/rclcpp.dir/src/rclcpp/parameter.cpp.o[0m
[ 74%] [32mBuilding CXX object CMakeFiles/rclcpp.dir/src/rclcpp/parameter_client.cpp.o[0m
[ 75%] [32mBuilding CXX object CMakeFiles/rclcpp.dir/src/rclcpp/parameter_event_handler.cpp.o[0m
[ 76%] [32mBuilding CXX object CMakeFiles/rclcpp.dir/src/rclcpp/parameter_events_filter.cpp.o[0m
[ 77%] [32mBuilding CXX object CMakeFiles/rclcpp.dir/src/rclcpp/parameter_map.cpp.o[0m
[ 78%] [32mBuilding CXX object CMakeFiles/rclcpp.dir/src/rclcpp/parameter_service.cpp.o[0m
[ 80%] [32mBuilding CXX object CMakeFiles/rclcpp.dir/src/rclcpp/parameter_value.cpp.o[0m
[ 81%] [32mBuilding CXX object CMakeFiles/rclcpp.dir/src/rclcpp/publisher_base.cpp.o[0m
[ 82%] [32mBuilding CXX object CMakeFiles/rclcpp.dir/src/rclcpp/qos.cpp.o[0m
[ 83%] [32mBuilding CXX object CMakeFiles/rclcpp.dir/src/rclcpp/qos_event.cpp.o[0m
[ 84%] [32mBuilding CXX object CMakeFiles/rclcpp.dir/src/rclcpp/qos_overriding_options.cpp.o[0m
[ 85%] [32mBuilding CXX object CMakeFiles/rclcpp.dir/src/rclcpp/serialization.cpp.o[0m
[ 86%] [32mBuilding CXX object CMakeFiles/rclcpp.dir/src/rclcpp/serialized_message.cpp.o[0m
[ 87%] [32mBuilding CXX object CMakeFiles/rclcpp.dir/src/rclcpp/service.cpp.o[0m
[ 88%] [32mBuilding CXX object CMakeFiles/rclcpp.dir/src/rclcpp/signal_handler.cpp.o[0m
[ 89%] [32mBuilding CXX object CMakeFiles/rclcpp.dir/src/rclcpp/subscription_base.cpp.o[0m
[ 90%] [32mBuilding CXX object CMakeFiles/rclcpp.dir/src/rclcpp/subscription_intra_process_base.cpp.o[0m
[ 91%] [32mBuilding CXX object CMakeFiles/rclcpp.dir/src/rclcpp/time.cpp.o[0m
[ 92%] [32mBuilding CXX object CMakeFiles/rclcpp.dir/src/rclcpp/time_source.cpp.o[0m
[ 93%] [32mBuilding CXX object CMakeFiles/rclcpp.dir/src/rclcpp/timer.cpp.o[0m
[ 94%] [32mBuilding CXX object CMakeFiles/rclcpp.dir/src/rclcpp/type_support.cpp.o[0m
[ 95%] [32mBuilding CXX object CMakeFiles/rclcpp.dir/src/rclcpp/typesupport_helpers.cpp.o[0m
[ 96%] [32mBuilding CXX object CMakeFiles/rclcpp.dir/src/rclcpp/utilities.cpp.o[0m
[ 97%] [32mBuilding CXX object CMakeFiles/rclcpp.dir/src/rclcpp/wait_set_policies/detail/write_preferring_read_write_lock.cpp.o[0m
[ 98%] [32mBuilding CXX object CMakeFiles/rclcpp.dir/src/rclcpp/waitable.cpp.o[0m
[100%] [32m[1mLinking CXX shared library librclcpp.so[0m
[100%] Built target rclcpp
-- Install configuration: ""
-- Installing: /home/yfu/projects/ros2-picas/install/rclcpp/lib/librclcpp.so
-- Set runtime path of "/home/yfu/projects/ros2-picas/install/rclcpp/lib/librclcpp.so" to ""
-- Installing: /home/yfu/projects/ros2-picas/install/rclcpp/share/rclcpp/environment/library_path.sh
-- Installing: /home/yfu/projects/ros2-picas/install/rclcpp/share/rclcpp/environment/library_path.dsv
-- Installing: /home/yfu/projects/ros2-picas/install/rclcpp/share/ament_index/resource_index/package_run_dependencies/rclcpp
-- Installing: /home/yfu/projects/ros2-picas/install/rclcpp/share/ament_index/resource_index/parent_prefix_path/rclcpp
-- Installing: /home/yfu/projects/ros2-picas/install/rclcpp/share/rclcpp/environment/ament_prefix_path.sh
-- Installing: /home/yfu/projects/ros2-picas/install/rclcpp/share/rclcpp/environment/ament_prefix_path.dsv
-- Installing: /home/yfu/projects/ros2-picas/install/rclcpp/share/rclcpp/environment/path.sh
-- Installing: /home/yfu/projects/ros2-picas/install/rclcpp/share/rclcpp/environment/path.dsv
-- Installing: /home/yfu/projects/ros2-picas/install/rclcpp/share/rclcpp/local_setup.bash
-- Installing: /home/yfu/projects/ros2-picas/install/rclcpp/share/rclcpp/local_setup.sh
-- Installing: /home/yfu/projects/ros2-picas/install/rclcpp/share/rclcpp/local_setup.zsh
-- Installing: /home/yfu/projects/ros2-picas/install/rclcpp/share/rclcpp/local_setup.dsv
-- Installing: /home/yfu/projects/ros2-picas/install/rclcpp/share/rclcpp/package.dsv
-- Installing: /home/yfu/projects/ros2-picas/install/rclcpp/share/ament_index/resource_index/packages/rclcpp
-- Installing: /home/yfu/projects/ros2-picas/install/rclcpp/share/rclcpp/cmake/rclcppExport.cmake
-- Installing: /home/yfu/projects/ros2-picas/install/rclcpp/share/rclcpp/cmake/rclcppExport-noconfig.cmake
-- Installing: /home/yfu/projects/ros2-picas/install/rclcpp/share/rclcpp/cmake/ament_cmake_export_include_directories-extras.cmake
-- Installing: /home/yfu/projects/ros2-picas/install/rclcpp/share/rclcpp/cmake/ament_cmake_export_libraries-extras.cmake
-- Installing: /home/yfu/projects/ros2-picas/install/rclcpp/share/rclcpp/cmake/ament_cmake_export_targets-extras.cmake
-- Installing: /home/yfu/projects/ros2-picas/install/rclcpp/share/rclcpp/cmake/ament_cmake_export_dependencies-extras.cmake
-- Installing: /home/yfu/projects/ros2-picas/install/rclcpp/share/rclcpp/cmake/rclcppConfig.cmake
-- Installing: /home/yfu/projects/ros2-picas/install/rclcpp/share/rclcpp/cmake/rclcppConfig-version.cmake
-- Installing: /home/yfu/projects/ros2-picas/install/rclcpp/share/rclcpp/package.xml
-- Installing: /home/yfu/projects/ros2-picas/install/rclcpp/include
-- Installing: /home/yfu/projects/ros2-picas/install/rclcpp/include/rclcpp
-- Installing: /home/yfu/projects/ros2-picas/install/rclcpp/include/rclcpp/function_traits.hpp
-- Installing: /home/yfu/projects/ros2-picas/install/rclcpp/include/rclcpp/node_impl.hpp
-- Installing: /home/yfu/projects/ros2-picas/install/rclcpp/include/rclcpp/typesupport_helpers.hpp
-- Installing: /home/yfu/projects/ros2-picas/install/rclcpp/include/rclcpp/publisher_factory.hpp
-- Installing: /home/yfu/projects/ros2-picas/install/rclcpp/include/rclcpp/timer.hpp
-- Installing: /home/yfu/projects/ros2-picas/install/rclcpp/include/rclcpp/parameter_map.hpp
-- Installing: /home/yfu/projects/ros2-picas/install/rclcpp/include/rclcpp/experimental
-- Installing: /home/yfu/projects/ros2-picas/install/rclcpp/include/rclcpp/experimental/subscription_intra_process_base.hpp
-- Installing: /home/yfu/projects/ros2-picas/install/rclcpp/include/rclcpp/experimental/README.md
-- Installing: /home/yfu/projects/ros2-picas/install/rclcpp/include/rclcpp/experimental/intra_process_manager.hpp
-- Installing: /home/yfu/projects/ros2-picas/install/rclcpp/include/rclcpp/experimental/subscription_intra_process.hpp
-- Installing: /home/yfu/projects/ros2-picas/install/rclcpp/include/rclcpp/experimental/buffers
-- Installing: /home/yfu/projects/ros2-picas/install/rclcpp/include/rclcpp/experimental/buffers/intra_process_buffer.hpp
-- Installing: /home/yfu/projects/ros2-picas/install/rclcpp/include/rclcpp/experimental/buffers/ring_buffer_implementation.hpp
-- Installing: /home/yfu/projects/ros2-picas/install/rclcpp/include/rclcpp/experimental/buffers/buffer_implementation_base.hpp
-- Installing: /home/yfu/projects/ros2-picas/install/rclcpp/include/rclcpp/experimental/create_intra_process_buffer.hpp
-- Installing: /home/yfu/projects/ros2-picas/install/rclcpp/include/rclcpp/experimental/executable_list.hpp
-- Installing: /home/yfu/projects/ros2-picas/install/rclcpp/include/rclcpp/macros.hpp
-- Installing: /home/yfu/projects/ros2-picas/install/rclcpp/include/rclcpp/strategies
-- Installing: /home/yfu/projects/ros2-picas/install/rclcpp/include/rclcpp/strategies/allocator_memory_strategy.hpp
-- Installing: /home/yfu/projects/ros2-picas/install/rclcpp/include/rclcpp/strategies/message_pool_memory_strategy.hpp
-- Installing: /home/yfu/projects/ros2-picas/install/rclcpp/include/rclcpp/any_service_callback.hpp
-- Installing: /home/yfu/projects/ros2-picas/install/rclcpp/include/rclcpp/executors.hpp
-- Installing: /home/yfu/projects/ros2-picas/install/rclcpp/include/rclcpp/parameter.hpp
-- Installing: /home/yfu/projects/ros2-picas/install/rclcpp/include/rclcpp/generic_publisher.hpp
-- Installing: /home/yfu/projects/ros2-picas/install/rclcpp/include/rclcpp/parameter_events_filter.hpp
-- Installing: /home/yfu/projects/ros2-picas/install/rclcpp/include/rclcpp/wait_set.hpp
-- Installing: /home/yfu/projects/ros2-picas/install/rclcpp/include/rclcpp/parameter_service.hpp
-- Installing: /home/yfu/projects/ros2-picas/install/rclcpp/include/rclcpp/topic_statistics
-- Installing: /home/yfu/projects/ros2-picas/install/rclcpp/include/rclcpp/topic_statistics/subscription_topic_statistics.hpp
-- Installing: /home/yfu/projects/ros2-picas/install/rclcpp/include/rclcpp/wait_for_message.hpp
-- Installing: /home/yfu/projects/ros2-picas/install/rclcpp/include/rclcpp/exceptions
-- Installing: /home/yfu/projects/ros2-picas/install/rclcpp/include/rclcpp/exceptions/exceptions.hpp
-- Installing: /home/yfu/projects/ros2-picas/install/rclcpp/include/rclcpp/future_return_code.hpp
-- Installing: /home/yfu/projects/ros2-picas/install/rclcpp/include/rclcpp/intra_process_buffer_type.hpp
-- Installing: /home/yfu/projects/ros2-picas/install/rclcpp/include/rclcpp/create_generic_subscription.hpp
-- Installing: /home/yfu/projects/ros2-picas/install/rclcpp/include/rclcpp/event.hpp
-- Installing: /home/yfu/projects/ros2-picas/install/rclcpp/include/rclcpp/qos_overriding_options.hpp
-- Installing: /home/yfu/projects/ros2-picas/install/rclcpp/include/rclcpp/type_support_decl.hpp
-- Installing: /home/yfu/projects/ros2-picas/install/rclcpp/include/rclcpp/topic_statistics_state.hpp
-- Installing: /home/yfu/projects/ros2-picas/install/rclcpp/include/rclcpp/scheduler.hpp
-- Installing: /home/yfu/projects/ros2-picas/install/rclcpp/include/rclcpp/publisher.hpp
-- Installing: /home/yfu/projects/ros2-picas/install/rclcpp/include/rclcpp/exceptions.hpp
-- Installing: /home/yfu/projects/ros2-picas/install/rclcpp/include/rclcpp/create_subscription.hpp
-- Installing: /home/yfu/projects/ros2-picas/install/rclcpp/include/rclcpp/callback_group.hpp
-- Installing: /home/yfu/projects/ros2-picas/install/rclcpp/include/rclcpp/visibility_control.hpp
-- Installing: /home/yfu/projects/ros2-picas/install/rclcpp/include/rclcpp/node.hpp
-- Installing: /home/yfu/projects/ros2-picas/install/rclcpp/include/rclcpp/client.hpp
-- Installing: /home/yfu/projects/ros2-picas/install/rclcpp/include/rclcpp/duration.hpp
-- Installing: /home/yfu/projects/ros2-picas/install/rclcpp/include/rclcpp/parameter_event_handler.hpp
-- Installing: /home/yfu/projects/ros2-picas/install/rclcpp/include/rclcpp/clock.hpp
-- Installing: /home/yfu/projects/ros2-picas/install/rclcpp/include/rclcpp/expand_topic_or_service_name.hpp
-- Installing: /home/yfu/projects/ros2-picas/install/rclcpp/include/rclcpp/parameter_value.hpp
-- Installing: /home/yfu/projects/ros2-picas/install/rclcpp/include/rclcpp/subscription_base.hpp
-- Installing: /home/yfu/projects/ros2-picas/install/rclcpp/include/rclcpp/subscription_traits.hpp
-- Installing: /home/yfu/projects/ros2-picas/install/rclcpp/include/rclcpp/cb_sched.hpp
-- Installing: /home/yfu/projects/ros2-picas/install/rclcpp/include/rclcpp/memory_strategies.hpp
-- Installing: /home/yfu/projects/ros2-picas/install/rclcpp/include/rclcpp/publisher_options.hpp
-- Installing: /home/yfu/projects/ros2-picas/install/rclcpp/include/rclcpp/executor.hpp
-- Installing: /home/yfu/projects/ros2-picas/install/rclcpp/include/rclcpp/rate.hpp
-- Installing: /home/yfu/projects/ros2-picas/install/rclcpp/include/rclcpp/node_interfaces
-- Installing: /home/yfu/projects/ros2-picas/install/rclcpp/include/rclcpp/node_interfaces/node_logging_interface.hpp
-- Installing: /home/yfu/projects/ros2-picas/install/rclcpp/include/rclcpp/node_interfaces/node_time_source.hpp
-- Installing: /home/yfu/projects/ros2-picas/install/rclcpp/include/rclcpp/node_interfaces/node_services_interface.hpp
-- Installing: /home/yfu/projects/ros2-picas/install/rclcpp/include/rclcpp/node_interfaces/node_time_source_interface.hpp
-- Installing: /home/yfu/projects/ros2-picas/install/rclcpp/include/rclcpp/node_interfaces/node_timers_interface.hpp
-- Installing: /home/yfu/projects/ros2-picas/install/rclcpp/include/rclcpp/node_interfaces/node_parameters.hpp
-- Installing: /home/yfu/projects/ros2-picas/install/rclcpp/include/rclcpp/node_interfaces/node_services.hpp
-- Installing: /home/yfu/projects/ros2-picas/install/rclcpp/include/rclcpp/node_interfaces/node_waitables.hpp
-- Installing: /home/yfu/projects/ros2-picas/install/rclcpp/include/rclcpp/node_interfaces/node_graph.hpp
-- Installing: /home/yfu/projects/ros2-picas/install/rclcpp/include/rclcpp/node_interfaces/node_parameters_interface.hpp
-- Installing: /home/yfu/projects/ros2-picas/install/rclcpp/include/rclcpp/node_interfaces/node_topics_interface.hpp
-- Installing: /home/yfu/projects/ros2-picas/install/rclcpp/include/rclcpp/node_interfaces/node_base.hpp
-- Installing: /home/yfu/projects/ros2-picas/install/rclcpp/include/rclcpp/node_interfaces/node_clock.hpp
-- Installing: /home/yfu/projects/ros2-picas/install/rclcpp/include/rclcpp/node_interfaces/node_topics.hpp
-- Installing: /home/yfu/projects/ros2-picas/install/rclcpp/include/rclcpp/node_interfaces/node_waitables_interface.hpp
-- Installing: /home/yfu/projects/ros2-picas/install/rclcpp/include/rclcpp/node_interfaces/node_base_interface.hpp
-- Installing: /home/yfu/projects/ros2-picas/install/rclcpp/include/rclcpp/node_interfaces/node_timers.hpp
-- Installing: /home/yfu/projects/ros2-picas/install/rclcpp/include/rclcpp/node_interfaces/node_logging.hpp
-- Installing: /home/yfu/projects/ros2-picas/install/rclcpp/include/rclcpp/node_interfaces/node_graph_interface.hpp
-- Installing: /home/yfu/projects/ros2-picas/install/rclcpp/include/rclcpp/node_interfaces/node_clock_interface.hpp
-- Installing: /home/yfu/projects/ros2-picas/install/rclcpp/include/rclcpp/loaned_message.hpp
-- Installing: /home/yfu/projects/ros2-picas/install/rclcpp/include/rclcpp/serialized_message.hpp
-- Installing: /home/yfu/projects/ros2-picas/install/rclcpp/include/rclcpp/time.hpp
-- Installing: /home/yfu/projects/ros2-picas/install/rclcpp/include/rclcpp/parameter_client.hpp
-- Installing: /home/yfu/projects/ros2-picas/install/rclcpp/include/rclcpp/wait_result_kind.hpp
-- Installing: /home/yfu/projects/ros2-picas/install/rclcpp/include/rclcpp/guard_condition.hpp
-- Installing: /home/yfu/projects/ros2-picas/install/rclcpp/include/rclcpp/subscription.hpp
-- Installing: /home/yfu/projects/ros2-picas/install/rclcpp/include/rclcpp/subscription_wait_set_mask.hpp
-- Installing: /home/yfu/projects/ros2-picas/install/rclcpp/include/rclcpp/logger.hpp
-- Installing: /home/yfu/projects/ros2-picas/install/rclcpp/include/rclcpp/utilities.hpp
-- Installing: /home/yfu/projects/ros2-picas/install/rclcpp/include/rclcpp/publisher_base.hpp
-- Installing: /home/yfu/projects/ros2-picas/install/rclcpp/include/rclcpp/service.hpp
-- Installing: /home/yfu/projects/ros2-picas/install/rclcpp/include/rclcpp/memory_strategy.hpp
-- Installing: /home/yfu/projects/ros2-picas/install/rclcpp/include/rclcpp/qos_event.hpp
-- Installing: /home/yfu/projects/ros2-picas/install/rclcpp/include/rclcpp/node_options.hpp
-- Installing: /home/yfu/projects/ros2-picas/install/rclcpp/include/rclcpp/graph_listener.hpp
-- Installing: /home/yfu/projects/ros2-picas/install/rclcpp/include/rclcpp/network_flow_endpoint.hpp
-- Installing: /home/yfu/projects/ros2-picas/install/rclcpp/include/rclcpp/message_info.hpp
-- Installing: /home/yfu/projects/ros2-picas/install/rclcpp/include/rclcpp/create_generic_publisher.hpp
-- Installing: /home/yfu/projects/ros2-picas/install/rclcpp/include/rclcpp/wait_set_template.hpp
-- Installing: /home/yfu/projects/ros2-picas/install/rclcpp/include/rclcpp/contexts
-- Installing: /home/yfu/projects/ros2-picas/install/rclcpp/include/rclcpp/contexts/default_context.hpp
-- Installing: /home/yfu/projects/ros2-picas/install/rclcpp/include/rclcpp/any_subscription_callback.hpp
-- Installing: /home/yfu/projects/ros2-picas/install/rclcpp/include/rclcpp/wait_set_policies
-- Installing: /home/yfu/projects/ros2-picas/install/rclcpp/include/rclcpp/wait_set_policies/thread_safe_synchronization.hpp
-- Installing: /home/yfu/projects/ros2-picas/install/rclcpp/include/rclcpp/wait_set_policies/detail
-- Installing: /home/yfu/projects/ros2-picas/install/rclcpp/include/rclcpp/wait_set_policies/detail/write_preferring_read_write_lock.hpp
-- Installing: /home/yfu/projects/ros2-picas/install/rclcpp/include/rclcpp/wait_set_policies/detail/synchronization_policy_common.hpp
-- Installing: /home/yfu/projects/ros2-picas/install/rclcpp/include/rclcpp/wait_set_policies/detail/storage_policy_common.hpp
-- Installing: /home/yfu/projects/ros2-picas/install/rclcpp/include/rclcpp/wait_set_policies/static_storage.hpp
-- Installing: /home/yfu/projects/ros2-picas/install/rclcpp/include/rclcpp/wait_set_policies/dynamic_storage.hpp
-- Installing: /home/yfu/projects/ros2-picas/install/rclcpp/include/rclcpp/wait_set_policies/sequential_synchronization.hpp
-- Installing: /home/yfu/projects/ros2-picas/install/rclcpp/include/rclcpp/rclcpp.hpp
-- Installing: /home/yfu/projects/ros2-picas/install/rclcpp/include/rclcpp/subscription_factory.hpp
-- Installing: /home/yfu/projects/ros2-picas/install/rclcpp/include/rclcpp/generic_subscription.hpp
-- Installing: /home/yfu/projects/ros2-picas/install/rclcpp/include/rclcpp/qos.hpp
-- Installing: /home/yfu/projects/ros2-picas/install/rclcpp/include/rclcpp/executors
-- Installing: /home/yfu/projects/ros2-picas/install/rclcpp/include/rclcpp/executors/single_threaded_executor.hpp
-- Installing: /home/yfu/projects/ros2-picas/install/rclcpp/include/rclcpp/executors/multi_threaded_executor.hpp
-- Installing: /home/yfu/projects/ros2-picas/install/rclcpp/include/rclcpp/executors/static_single_threaded_executor.hpp
-- Installing: /home/yfu/projects/ros2-picas/install/rclcpp/include/rclcpp/executors/static_executor_entities_collector.hpp
-- Installing: /home/yfu/projects/ros2-picas/install/rclcpp/include/rclcpp/detail
-- Installing: /home/yfu/projects/ros2-picas/install/rclcpp/include/rclcpp/detail/rmw_implementation_specific_payload.hpp
-- Installing: /home/yfu/projects/ros2-picas/install/rclcpp/include/rclcpp/detail/resolve_enable_topic_statistics.hpp
-- Installing: /home/yfu/projects/ros2-picas/install/rclcpp/include/rclcpp/detail/README.md
-- Installing: /home/yfu/projects/ros2-picas/install/rclcpp/include/rclcpp/detail/resolve_use_intra_process.hpp
-- Installing: /home/yfu/projects/ros2-picas/install/rclcpp/include/rclcpp/detail/subscription_callback_type_helper.hpp
-- Installing: /home/yfu/projects/ros2-picas/install/rclcpp/include/rclcpp/detail/qos_parameters.hpp
-- Installing: /home/yfu/projects/ros2-picas/install/rclcpp/include/rclcpp/detail/utilities.hpp
-- Installing: /home/yfu/projects/ros2-picas/install/rclcpp/include/rclcpp/detail/mutex_two_priorities.hpp
-- Installing: /home/yfu/projects/ros2-picas/install/rclcpp/include/rclcpp/detail/rmw_implementation_specific_subscription_payload.hpp
-- Installing: /home/yfu/projects/ros2-picas/install/rclcpp/include/rclcpp/detail/rmw_implementation_specific_publisher_payload.hpp
-- Installing: /home/yfu/projects/ros2-picas/install/rclcpp/include/rclcpp/detail/resolve_intra_process_buffer_type.hpp
-- Installing: /home/yfu/projects/ros2-picas/install/rclcpp/include/rclcpp/create_publisher.hpp
-- Installing: /home/yfu/projects/ros2-picas/install/rclcpp/include/rclcpp/allocator
-- Installing: /home/yfu/projects/ros2-picas/install/rclcpp/include/rclcpp/allocator/allocator_deleter.hpp
-- Installing: /home/yfu/projects/ros2-picas/install/rclcpp/include/rclcpp/allocator/allocator_common.hpp
-- Installing: /home/yfu/projects/ros2-picas/install/rclcpp/include/rclcpp/any_executable.hpp
-- Installing: /home/yfu/projects/ros2-picas/install/rclcpp/include/rclcpp/create_timer.hpp
-- Installing: /home/yfu/projects/ros2-picas/install/rclcpp/include/rclcpp/intra_process_setting.hpp
-- Installing: /home/yfu/projects/ros2-picas/install/rclcpp/include/rclcpp/time_source.hpp
-- Installing: /home/yfu/projects/ros2-picas/install/rclcpp/include/rclcpp/scope_exit.hpp
-- Installing: /home/yfu/projects/ros2-picas/install/rclcpp/include/rclcpp/create_client.hpp
-- Installing: /home/yfu/projects/ros2-picas/install/rclcpp/include/rclcpp/serialization.hpp
-- Installing: /home/yfu/projects/ros2-picas/install/rclcpp/include/rclcpp/waitable.hpp
-- Installing: /home/yfu/projects/ros2-picas/install/rclcpp/include/rclcpp/wait_result.hpp
-- Installing: /home/yfu/projects/ros2-picas/install/rclcpp/include/rclcpp/message_memory_strategy.hpp
-- Installing: /home/yfu/projects/ros2-picas/install/rclcpp/include/rclcpp/subscription_options.hpp
-- Installing: /home/yfu/projects/ros2-picas/install/rclcpp/include/rclcpp/executor_options.hpp
-- Installing: /home/yfu/projects/ros2-picas/install/rclcpp/include/rclcpp/init_options.hpp
-- Installing: /home/yfu/projects/ros2-picas/install/rclcpp/include/rclcpp/create_service.hpp
-- Installing: /home/yfu/projects/ros2-picas/install/rclcpp/include/rclcpp/context.hpp
-- Up-to-date: /home/yfu/projects/ros2-picas/install/rclcpp/include
-- Up-to-date: /home/yfu/projects/ros2-picas/install/rclcpp/include/rclcpp
-- Installing: /home/yfu/projects/ros2-picas/install/rclcpp/include/rclcpp/logging.hpp
-- Up-to-date: /home/yfu/projects/ros2-picas/install/rclcpp/include/rclcpp/node_interfaces
-- Installing: /home/yfu/projects/ros2-picas/install/rclcpp/include/rclcpp/node_interfaces/get_node_timers_interface.hpp
-- Installing: /home/yfu/projects/ros2-picas/install/rclcpp/include/rclcpp/node_interfaces/node_timers_interface_traits.hpp
-- Installing: /home/yfu/projects/ros2-picas/install/rclcpp/include/rclcpp/node_interfaces/get_node_clock_interface.hpp
-- Installing: /home/yfu/projects/ros2-picas/install/rclcpp/include/rclcpp/node_interfaces/node_services_interface_traits.hpp
-- Installing: /home/yfu/projects/ros2-picas/install/rclcpp/include/rclcpp/node_interfaces/get_node_topics_interface.hpp
-- Installing: /home/yfu/projects/ros2-picas/install/rclcpp/include/rclcpp/node_interfaces/node_waitables_interface_traits.hpp
-- Installing: /home/yfu/projects/ros2-picas/install/rclcpp/include/rclcpp/node_interfaces/node_logging_interface_traits.hpp
-- Installing: /home/yfu/projects/ros2-picas/install/rclcpp/include/rclcpp/node_interfaces/get_node_graph_interface.hpp
-- Installing: /home/yfu/projects/ros2-picas/install/rclcpp/include/rclcpp/node_interfaces/get_node_services_interface.hpp
-- Installing: /home/yfu/projects/ros2-picas/install/rclcpp/include/rclcpp/node_interfaces/get_node_waitables_interface.hpp
-- Installing: /home/yfu/projects/ros2-picas/install/rclcpp/include/rclcpp/node_interfaces/get_node_time_source_interface.hpp
-- Installing: /home/yfu/projects/ros2-picas/install/rclcpp/include/rclcpp/node_interfaces/node_base_interface_traits.hpp
-- Installing: /home/yfu/projects/ros2-picas/install/rclcpp/include/rclcpp/node_interfaces/node_clock_interface_traits.hpp
-- Installing: /home/yfu/projects/ros2-picas/install/rclcpp/include/rclcpp/node_interfaces/node_graph_interface_traits.hpp
-- Installing: /home/yfu/projects/ros2-picas/install/rclcpp/include/rclcpp/node_interfaces/node_parameters_interface_traits.hpp
-- Installing: /home/yfu/projects/ros2-picas/install/rclcpp/include/rclcpp/node_interfaces/get_node_parameters_interface.hpp
-- Installing: /home/yfu/projects/ros2-picas/install/rclcpp/include/rclcpp/node_interfaces/get_node_base_interface.hpp
-- Installing: /home/yfu/projects/ros2-picas/install/rclcpp/include/rclcpp/node_interfaces/node_time_source_interface_traits.hpp
-- Installing: /home/yfu/projects/ros2-picas/install/rclcpp/include/rclcpp/node_interfaces/node_topics_interface_traits.hpp
-- Installing: /home/yfu/projects/ros2-picas/install/rclcpp/include/rclcpp/node_interfaces/get_node_logging_interface.hpp
