[0.027s] Invoking command in '/home/yfu/projects/ros2-picas/build/rclcpp': AMENT_PREFIX_PATH=/home/yfu/projects/ros2-picas/install/test_msgs:${AMENT_PREFIX_PATH} CMAKE_PREFIX_PATH=/home/yfu/projects/ros2-picas/install/test_msgs:/opt/ros/galactic CONDA_PROMPT_MODIFIER=(base) LD_LIBRARY_PATH=/home/yfu/projects/ros2-picas/install/test_msgs/lib:${LD_LIBRARY_PATH} PYTHONPATH=/home/yfu/projects/ros2-picas/install/test_msgs/lib/python3.8/site-packages:${PYTHONPATH} /usr/bin/cmake /home/yfu/projects/ros2-picas/rclcpp -DPICAS=TRUE -DCMAKE_INSTALL_PREFIX=/home/yfu/projects/ros2-picas/install/rclcpp
[0.242s] -- The C compiler identification is GNU 9.4.0
[0.430s] -- The CXX compiler identification is GNU 9.4.0
[0.439s] -- Check for working C compiler: /usr/bin/cc
[0.672s] -- Check for working C compiler: /usr/bin/cc -- works
[0.673s] -- Detecting C compiler ABI info
[0.905s] -- Detecting C compiler ABI info - done
[0.931s] -- Detecting C compile features
[0.932s] -- Detecting C compile features - done
[0.937s] -- Check for working CXX compiler: /usr/bin/c++
[1.192s] -- Check for working CXX compiler: /usr/bin/c++ -- works
[1.195s] -- Detecting CXX compiler ABI info
[1.461s] -- Detecting CXX compiler ABI info - done
[1.493s] -- Detecting CXX compile features
[1.494s] -- Detecting CXX compile features - done
[1.497s] -- Looking for pthread.h
[1.729s] -- Looking for pthread.h - found
[1.730s] -- Performing Test CMAKE_HAVE_LIBC_PTHREAD
[2.119s] -- Performing Test CMAKE_HAVE_LIBC_PTHREAD - Failed
[2.119s] -- Looking for pthread_create in pthreads
[2.482s] -- Looking for pthread_create in pthreads - not found
[2.483s] -- Looking for pthread_create in pthread
[2.720s] -- Looking for pthread_create in pthread - found
[2.723s] -- Found Threads: TRUE  
[2.728s] -- Found ament_cmake_ros: 0.9.2 (/opt/ros/galactic/share/ament_cmake_ros/cmake)
[2.815s] -- Found PythonInterp: /usr/bin/python3 (found suitable version "3.8.10", minimum required is "3") 
[2.815s] -- Using PYTHON_EXECUTABLE: /usr/bin/python3
[3.011s] -- Found ament_index_cpp: 1.2.0 (/opt/ros/galactic/share/ament_index_cpp/cmake)
[3.017s] -- Found builtin_interfaces: 1.0.3 (/opt/ros/galactic/share/builtin_interfaces/cmake)
[3.058s] -- Using single rosidl_typesupport_c: rosidl_typesupport_introspection_c
[3.067s] -- Found rosidl_adapter: 2.2.3 (/opt/ros/galactic/share/rosidl_adapter/cmake)
[3.102s] -- Using single rosidl_typesupport_cpp: rosidl_typesupport_introspection_cpp
[3.149s] -- Found libstatistics_collector: 1.1.1 (/opt/ros/galactic/share/libstatistics_collector/cmake)
[3.233s] -- Found rmw_implementation_cmake: 3.3.1 (/opt/ros/galactic/share/rmw_implementation_cmake/cmake)
[3.237s] -- Found rmw_cyclonedds_cpp: 0.22.6 (/opt/ros/galactic/share/rmw_cyclonedds_cpp/cmake)
[3.271s] -- Using RMW implementation 'rmw_cyclonedds_cpp' as default
[3.438s] -- Found rosgraph_msgs: 1.0.3 (/opt/ros/galactic/share/rosgraph_msgs/cmake)
[3.637s] -- Configuring done
[3.675s] -- Generating done
[3.697s] -- Build files have been written to: /home/yfu/projects/ros2-picas/build/rclcpp
[3.724s] Invoked command in '/home/yfu/projects/ros2-picas/build/rclcpp' returned '0': AMENT_PREFIX_PATH=/home/yfu/projects/ros2-picas/install/test_msgs:${AMENT_PREFIX_PATH} CMAKE_PREFIX_PATH=/home/yfu/projects/ros2-picas/install/test_msgs:/opt/ros/galactic CONDA_PROMPT_MODIFIER=(base) LD_LIBRARY_PATH=/home/yfu/projects/ros2-picas/install/test_msgs/lib:${LD_LIBRARY_PATH} PYTHONPATH=/home/yfu/projects/ros2-picas/install/test_msgs/lib/python3.8/site-packages:${PYTHONPATH} /usr/bin/cmake /home/yfu/projects/ros2-picas/rclcpp -DPICAS=TRUE -DCMAKE_INSTALL_PREFIX=/home/yfu/projects/ros2-picas/install/rclcpp
[3.731s] Invoking command in '/home/yfu/projects/ros2-picas/build/rclcpp': AMENT_PREFIX_PATH=/home/yfu/projects/ros2-picas/install/test_msgs:${AMENT_PREFIX_PATH} CMAKE_PREFIX_PATH=/home/yfu/projects/ros2-picas/install/test_msgs:/opt/ros/galactic CONDA_PROMPT_MODIFIER=(base) LD_LIBRARY_PATH=/home/yfu/projects/ros2-picas/install/test_msgs/lib:${LD_LIBRARY_PATH} PYTHONPATH=/home/yfu/projects/ros2-picas/install/test_msgs/lib/python3.8/site-packages:${PYTHONPATH} /usr/bin/cmake --build /home/yfu/projects/ros2-picas/build/rclcpp -- -j6 -l6
[3.838s] [  3%] [34m[1mExpanding interface_traits.hpp.em into node_clock_interface_traits.hpp[0m
[3.838s] [  3%] [34m[1mExpanding get_interface.hpp.em into get_/home/yfu/projects/ros2-picas/rclcpp/include/rclcpp/node_interfaces/node_waitables_interface.hpp.hpp[0m
[3.838s] [  4%] [34m[1mExpanding interface_traits.hpp.em into node_base_interface_traits.hpp[0m
[3.839s] [  3%] [34m[1mExpanding get_interface.hpp.em into get_/home/yfu/projects/ros2-picas/rclcpp/include/rclcpp/node_interfaces/node_clock_interface.hpp.hpp[0m
[3.841s] [  6%] [34m[1mExpanding logging.hpp.em[0m
[3.842s] [  6%] [34m[1mExpanding get_interface.hpp.em into get_/home/yfu/projects/ros2-picas/rclcpp/include/rclcpp/node_interfaces/node_base_interface.hpp.hpp[0m
[3.975s] [  7%] [34m[1mExpanding interface_traits.hpp.em into node_graph_interface_traits.hpp[0m
[3.995s] [  8%] [34m[1mExpanding interface_traits.hpp.em into node_logging_interface_traits.hpp[0m
[3.997s] [  9%] [34m[1mExpanding get_interface.hpp.em into get_/home/yfu/projects/ros2-picas/rclcpp/include/rclcpp/node_interfaces/node_graph_interface.hpp.hpp[0m
[4.001s] [ 10%] [34m[1mExpanding get_interface.hpp.em into get_/home/yfu/projects/ros2-picas/rclcpp/include/rclcpp/node_interfaces/node_logging_interface.hpp.hpp[0m
[4.045s] [ 11%] [34m[1mExpanding interface_traits.hpp.em into node_parameters_interface_traits.hpp[0m
[4.112s] [ 12%] [34m[1mExpanding get_interface.hpp.em into get_/home/yfu/projects/ros2-picas/rclcpp/include/rclcpp/node_interfaces/node_parameters_interface.hpp.hpp[0m
[4.140s] [ 13%] [34m[1mExpanding interface_traits.hpp.em into node_services_interface_traits.hpp[0m
[4.157s] [ 15%] [34m[1mExpanding interface_traits.hpp.em into node_time_source_interface_traits.hpp[0m
[4.157s] [ 15%] [34m[1mExpanding get_interface.hpp.em into get_/home/yfu/projects/ros2-picas/rclcpp/include/rclcpp/node_interfaces/node_services_interface.hpp.hpp[0m
[4.196s] [ 16%] [34m[1mExpanding get_interface.hpp.em into get_/home/yfu/projects/ros2-picas/rclcpp/include/rclcpp/node_interfaces/node_time_source_interface.hpp.hpp[0m
[4.265s] [ 18%] [34m[1mExpanding get_interface.hpp.em into get_/home/yfu/projects/ros2-picas/rclcpp/include/rclcpp/node_interfaces/node_timers_interface.hpp.hpp[0m
[4.265s] [ 18%] [34m[1mExpanding interface_traits.hpp.em into node_timers_interface_traits.hpp[0m
[4.298s] [ 20%] [34m[1mExpanding interface_traits.hpp.em into node_topics_interface_traits.hpp[0m
[4.302s] [ 21%] [34m[1mExpanding get_interface.hpp.em into get_/home/yfu/projects/ros2-picas/rclcpp/include/rclcpp/node_interfaces/node_topics_interface.hpp.hpp[0m
[4.330s] [ 22%] [34m[1mExpanding interface_traits.hpp.em into node_waitables_interface_traits.hpp[0m
[4.613s] [35m[1mScanning dependencies of target rclcpp[0m
[4.923s] [ 24%] [32mBuilding CXX object CMakeFiles/rclcpp.dir/src/rclcpp/callback_group.cpp.o[0m
[4.923s] [ 24%] [32mBuilding CXX object CMakeFiles/rclcpp.dir/src/rclcpp/client.cpp.o[0m
[4.929s] [ 25%] [32mBuilding CXX object CMakeFiles/rclcpp.dir/src/rclcpp/clock.cpp.o[0m
[4.932s] [ 26%] [32mBuilding CXX object CMakeFiles/rclcpp.dir/src/rclcpp/any_executable.cpp.o[0m
[4.939s] [ 27%] [32mBuilding CXX object CMakeFiles/rclcpp.dir/src/rclcpp/context.cpp.o[0m
[4.957s] [ 28%] [32mBuilding CXX object CMakeFiles/rclcpp.dir/src/rclcpp/contexts/default_context.cpp.o[0m
[7.073s] [ 29%] [32mBuilding CXX object CMakeFiles/rclcpp.dir/src/rclcpp/detail/mutex_two_priorities.cpp.o[0m
[7.380s] [ 30%] [32mBuilding CXX object CMakeFiles/rclcpp.dir/src/rclcpp/detail/resolve_parameter_overrides.cpp.o[0m
[8.072s] [ 31%] [32mBuilding CXX object CMakeFiles/rclcpp.dir/src/rclcpp/detail/rmw_implementation_specific_payload.cpp.o[0m
[8.289s] [ 32%] [32mBuilding CXX object CMakeFiles/rclcpp.dir/src/rclcpp/detail/rmw_implementation_specific_publisher_payload.cpp.o[0m
[8.560s] [ 33%] [32mBuilding CXX object CMakeFiles/rclcpp.dir/src/rclcpp/detail/rmw_implementation_specific_subscription_payload.cpp.o[0m
[8.805s] [ 34%] [32mBuilding CXX object CMakeFiles/rclcpp.dir/src/rclcpp/detail/utilities.cpp.o[0m
[8.882s] [ 35%] [32mBuilding CXX object CMakeFiles/rclcpp.dir/src/rclcpp/duration.cpp.o[0m
[8.927s] [ 36%] [32mBuilding CXX object CMakeFiles/rclcpp.dir/src/rclcpp/event.cpp.o[0m
[8.991s] [ 37%] [32mBuilding CXX object CMakeFiles/rclcpp.dir/src/rclcpp/exceptions/exceptions.cpp.o[0m
[9.648s] [ 38%] [32mBuilding CXX object CMakeFiles/rclcpp.dir/src/rclcpp/executable_list.cpp.o[0m
[9.897s] [ 40%] [32mBuilding CXX object CMakeFiles/rclcpp.dir/src/rclcpp/executor.cpp.o[0m
[10.327s] [ 41%] [32mBuilding CXX object CMakeFiles/rclcpp.dir/src/rclcpp/executors.cpp.o[0m
[10.437s] [ 42%] [32mBuilding CXX object CMakeFiles/rclcpp.dir/src/rclcpp/executors/multi_threaded_executor.cpp.o[0m
[10.762s] [ 43%] [32mBuilding CXX object CMakeFiles/rclcpp.dir/src/rclcpp/executors/single_threaded_executor.cpp.o[0m
[11.219s] [ 44%] [32mBuilding CXX object CMakeFiles/rclcpp.dir/src/rclcpp/executors/static_executor_entities_collector.cpp.o[0m
[13.644s] [ 45%] [32mBuilding CXX object CMakeFiles/rclcpp.dir/src/rclcpp/executors/static_single_threaded_executor.cpp.o[0m
[15.522s] [ 46%] [32mBuilding CXX object CMakeFiles/rclcpp.dir/src/rclcpp/expand_topic_or_service_name.cpp.o[0m
[15.765s] [ 47%] [32mBuilding CXX object CMakeFiles/rclcpp.dir/src/rclcpp/future_return_code.cpp.o[0m
[16.404s] [ 48%] [32mBuilding CXX object CMakeFiles/rclcpp.dir/src/rclcpp/generic_publisher.cpp.o[0m
[16.804s] [ 49%] [32mBuilding CXX object CMakeFiles/rclcpp.dir/src/rclcpp/generic_subscription.cpp.o[0m
[17.203s] [ 50%] [32mBuilding CXX object CMakeFiles/rclcpp.dir/src/rclcpp/graph_listener.cpp.o[0m
[17.463s] [ 51%] [32mBuilding CXX object CMakeFiles/rclcpp.dir/src/rclcpp/guard_condition.cpp.o[0m
[19.576s] [ 52%] [32mBuilding CXX object CMakeFiles/rclcpp.dir/src/rclcpp/init_options.cpp.o[0m
[19.814s] [ 53%] [32mBuilding CXX object CMakeFiles/rclcpp.dir/src/rclcpp/intra_process_manager.cpp.o[0m
[19.837s] [ 54%] [32mBuilding CXX object CMakeFiles/rclcpp.dir/src/rclcpp/logger.cpp.o[0m
[20.736s] [ 55%] [32mBuilding CXX object CMakeFiles/rclcpp.dir/src/rclcpp/logging_mutex.cpp.o[0m
[20.805s] [ 56%] [32mBuilding CXX object CMakeFiles/rclcpp.dir/src/rclcpp/memory_strategies.cpp.o[0m
[21.797s] [ 57%] [32mBuilding CXX object CMakeFiles/rclcpp.dir/src/rclcpp/memory_strategy.cpp.o[0m
[21.828s] [ 58%] [32mBuilding CXX object CMakeFiles/rclcpp.dir/src/rclcpp/message_info.cpp.o[0m
[21.831s] [ 60%] [32mBuilding CXX object CMakeFiles/rclcpp.dir/src/rclcpp/network_flow_endpoint.cpp.o[0m
[22.086s] [ 61%] [32mBuilding CXX object CMakeFiles/rclcpp.dir/src/rclcpp/node.cpp.o[0m
[22.770s] [ 62%] [32mBuilding CXX object CMakeFiles/rclcpp.dir/src/rclcpp/node_interfaces/node_base.cpp.o[0m
[22.846s] [ 63%] [32mBuilding CXX object CMakeFiles/rclcpp.dir/src/rclcpp/node_interfaces/node_clock.cpp.o[0m
[23.774s] [ 64%] [32mBuilding CXX object CMakeFiles/rclcpp.dir/src/rclcpp/node_interfaces/node_graph.cpp.o[0m
[26.311s] [ 65%] [32mBuilding CXX object CMakeFiles/rclcpp.dir/src/rclcpp/node_interfaces/node_logging.cpp.o[0m
[27.353s] [ 66%] [32mBuilding CXX object CMakeFiles/rclcpp.dir/src/rclcpp/node_interfaces/node_parameters.cpp.o[0m
[27.525s] [ 67%] [32mBuilding CXX object CMakeFiles/rclcpp.dir/src/rclcpp/node_interfaces/node_services.cpp.o[0m
[27.636s] [ 68%] [32mBuilding CXX object CMakeFiles/rclcpp.dir/src/rclcpp/node_interfaces/node_time_source.cpp.o[0m
[28.812s] [ 69%] [32mBuilding CXX object CMakeFiles/rclcpp.dir/src/rclcpp/node_interfaces/node_timers.cpp.o[0m
[29.981s] [ 70%] [32mBuilding CXX object CMakeFiles/rclcpp.dir/src/rclcpp/node_interfaces/node_topics.cpp.o[0m
[30.887s] [ 71%] [32mBuilding CXX object CMakeFiles/rclcpp.dir/src/rclcpp/node_interfaces/node_waitables.cpp.o[0m
[31.096s] [ 72%] [32mBuilding CXX object CMakeFiles/rclcpp.dir/src/rclcpp/node_options.cpp.o[0m
[32.843s] [ 73%] [32mBuilding CXX object CMakeFiles/rclcpp.dir/src/rclcpp/parameter.cpp.o[0m
[33.514s] [ 74%] [32mBuilding CXX object CMakeFiles/rclcpp.dir/src/rclcpp/parameter_client.cpp.o[0m
[33.926s] [ 75%] [32mBuilding CXX object CMakeFiles/rclcpp.dir/src/rclcpp/parameter_event_handler.cpp.o[0m
[34.564s] [ 76%] [32mBuilding CXX object CMakeFiles/rclcpp.dir/src/rclcpp/parameter_events_filter.cpp.o[0m
[35.128s] [ 77%] [32mBuilding CXX object CMakeFiles/rclcpp.dir/src/rclcpp/parameter_map.cpp.o[0m
[36.981s] [ 78%] [32mBuilding CXX object CMakeFiles/rclcpp.dir/src/rclcpp/parameter_service.cpp.o[0m
[38.171s] [ 80%] [32mBuilding CXX object CMakeFiles/rclcpp.dir/src/rclcpp/parameter_value.cpp.o[0m
[39.987s] [ 81%] [32mBuilding CXX object CMakeFiles/rclcpp.dir/src/rclcpp/publisher_base.cpp.o[0m
[40.054s] [ 82%] [32mBuilding CXX object CMakeFiles/rclcpp.dir/src/rclcpp/qos.cpp.o[0m
[40.999s] [ 83%] [32mBuilding CXX object CMakeFiles/rclcpp.dir/src/rclcpp/qos_event.cpp.o[0m
[41.105s] [ 84%] [32mBuilding CXX object CMakeFiles/rclcpp.dir/src/rclcpp/qos_overriding_options.cpp.o[0m
[42.163s] [ 85%] [32mBuilding CXX object CMakeFiles/rclcpp.dir/src/rclcpp/serialization.cpp.o[0m
[42.704s] [ 86%] [32mBuilding CXX object CMakeFiles/rclcpp.dir/src/rclcpp/serialized_message.cpp.o[0m
[43.194s] [ 87%] [32mBuilding CXX object CMakeFiles/rclcpp.dir/src/rclcpp/service.cpp.o[0m
[43.859s] [ 88%] [32mBuilding CXX object CMakeFiles/rclcpp.dir/src/rclcpp/signal_handler.cpp.o[0m
[44.881s] [ 89%] [32mBuilding CXX object CMakeFiles/rclcpp.dir/src/rclcpp/subscription_base.cpp.o[0m
[45.544s] [ 90%] [32mBuilding CXX object CMakeFiles/rclcpp.dir/src/rclcpp/subscription_intra_process_base.cpp.o[0m
[45.567s] [ 91%] [32mBuilding CXX object CMakeFiles/rclcpp.dir/src/rclcpp/time.cpp.o[0m
[46.480s] [ 92%] [32mBuilding CXX object CMakeFiles/rclcpp.dir/src/rclcpp/time_source.cpp.o[0m
[47.184s] [ 93%] [32mBuilding CXX object CMakeFiles/rclcpp.dir/src/rclcpp/timer.cpp.o[0m
[48.063s] [ 94%] [32mBuilding CXX object CMakeFiles/rclcpp.dir/src/rclcpp/type_support.cpp.o[0m
[49.319s] [ 95%] [32mBuilding CXX object CMakeFiles/rclcpp.dir/src/rclcpp/typesupport_helpers.cpp.o[0m
[49.358s] [ 96%] [32mBuilding CXX object CMakeFiles/rclcpp.dir/src/rclcpp/utilities.cpp.o[0m
[50.215s] [ 97%] [32mBuilding CXX object CMakeFiles/rclcpp.dir/src/rclcpp/wait_set_policies/detail/write_preferring_read_write_lock.cpp.o[0m
[50.439s] [ 98%] [32mBuilding CXX object CMakeFiles/rclcpp.dir/src/rclcpp/waitable.cpp.o[0m
[69.842s] [100%] [32m[1mLinking CXX shared library librclcpp.so[0m
[73.238s] [100%] Built target rclcpp
[73.389s] Invoked command in '/home/yfu/projects/ros2-picas/build/rclcpp' returned '0': AMENT_PREFIX_PATH=/home/yfu/projects/ros2-picas/install/test_msgs:${AMENT_PREFIX_PATH} CMAKE_PREFIX_PATH=/home/yfu/projects/ros2-picas/install/test_msgs:/opt/ros/galactic CONDA_PROMPT_MODIFIER=(base) LD_LIBRARY_PATH=/home/yfu/projects/ros2-picas/install/test_msgs/lib:${LD_LIBRARY_PATH} PYTHONPATH=/home/yfu/projects/ros2-picas/install/test_msgs/lib/python3.8/site-packages:${PYTHONPATH} /usr/bin/cmake --build /home/yfu/projects/ros2-picas/build/rclcpp -- -j6 -l6
[73.398s] Invoking command in '/home/yfu/projects/ros2-picas/build/rclcpp': AMENT_PREFIX_PATH=/home/yfu/projects/ros2-picas/install/test_msgs:${AMENT_PREFIX_PATH} CMAKE_PREFIX_PATH=/home/yfu/projects/ros2-picas/install/test_msgs:/opt/ros/galactic CONDA_PROMPT_MODIFIER=(base) LD_LIBRARY_PATH=/home/yfu/projects/ros2-picas/install/test_msgs/lib:${LD_LIBRARY_PATH} PYTHONPATH=/home/yfu/projects/ros2-picas/install/test_msgs/lib/python3.8/site-packages:${PYTHONPATH} /usr/bin/cmake --install /home/yfu/projects/ros2-picas/build/rclcpp
[73.424s] -- Install configuration: ""
[73.424s] -- Installing: /home/yfu/projects/ros2-picas/install/rclcpp/lib/librclcpp.so
[73.462s] -- Set runtime path of "/home/yfu/projects/ros2-picas/install/rclcpp/lib/librclcpp.so" to ""
[73.463s] -- Installing: /home/yfu/projects/ros2-picas/install/rclcpp/share/rclcpp/environment/library_path.sh
[73.463s] -- Installing: /home/yfu/projects/ros2-picas/install/rclcpp/share/rclcpp/environment/library_path.dsv
[73.463s] -- Installing: /home/yfu/projects/ros2-picas/install/rclcpp/share/ament_index/resource_index/package_run_dependencies/rclcpp
[73.464s] -- Installing: /home/yfu/projects/ros2-picas/install/rclcpp/share/ament_index/resource_index/parent_prefix_path/rclcpp
[73.464s] -- Installing: /home/yfu/projects/ros2-picas/install/rclcpp/share/rclcpp/environment/ament_prefix_path.sh
[73.465s] -- Installing: /home/yfu/projects/ros2-picas/install/rclcpp/share/rclcpp/environment/ament_prefix_path.dsv
[73.465s] -- Installing: /home/yfu/projects/ros2-picas/install/rclcpp/share/rclcpp/environment/path.sh
[73.465s] -- Installing: /home/yfu/projects/ros2-picas/install/rclcpp/share/rclcpp/environment/path.dsv
[73.466s] -- Installing: /home/yfu/projects/ros2-picas/install/rclcpp/share/rclcpp/local_setup.bash
[73.466s] -- Installing: /home/yfu/projects/ros2-picas/install/rclcpp/share/rclcpp/local_setup.sh
[73.466s] -- Installing: /home/yfu/projects/ros2-picas/install/rclcpp/share/rclcpp/local_setup.zsh
[73.467s] -- Installing: /home/yfu/projects/ros2-picas/install/rclcpp/share/rclcpp/local_setup.dsv
[73.467s] -- Installing: /home/yfu/projects/ros2-picas/install/rclcpp/share/rclcpp/package.dsv
[73.467s] -- Installing: /home/yfu/projects/ros2-picas/install/rclcpp/share/ament_index/resource_index/packages/rclcpp
[73.468s] -- Installing: /home/yfu/projects/ros2-picas/install/rclcpp/share/rclcpp/cmake/rclcppExport.cmake
[73.468s] -- Installing: /home/yfu/projects/ros2-picas/install/rclcpp/share/rclcpp/cmake/rclcppExport-noconfig.cmake
[73.468s] -- Installing: /home/yfu/projects/ros2-picas/install/rclcpp/share/rclcpp/cmake/ament_cmake_export_include_directories-extras.cmake
[73.469s] -- Installing: /home/yfu/projects/ros2-picas/install/rclcpp/share/rclcpp/cmake/ament_cmake_export_libraries-extras.cmake
[73.470s] -- Installing: /home/yfu/projects/ros2-picas/install/rclcpp/share/rclcpp/cmake/ament_cmake_export_targets-extras.cmake
[73.471s] -- Installing: /home/yfu/projects/ros2-picas/install/rclcpp/share/rclcpp/cmake/ament_cmake_export_dependencies-extras.cmake
[73.471s] -- Installing: /home/yfu/projects/ros2-picas/install/rclcpp/share/rclcpp/cmake/rclcppConfig.cmake
[73.472s] -- Installing: /home/yfu/projects/ros2-picas/install/rclcpp/share/rclcpp/cmake/rclcppConfig-version.cmake
[73.472s] -- Installing: /home/yfu/projects/ros2-picas/install/rclcpp/share/rclcpp/package.xml
[73.472s] -- Installing: /home/yfu/projects/ros2-picas/install/rclcpp/include
[73.472s] -- Installing: /home/yfu/projects/ros2-picas/install/rclcpp/include/rclcpp
[73.473s] -- Installing: /home/yfu/projects/ros2-picas/install/rclcpp/include/rclcpp/function_traits.hpp
[73.474s] -- Installing: /home/yfu/projects/ros2-picas/install/rclcpp/include/rclcpp/node_impl.hpp
[73.476s] -- Installing: /home/yfu/projects/ros2-picas/install/rclcpp/include/rclcpp/typesupport_helpers.hpp
[73.477s] -- Installing: /home/yfu/projects/ros2-picas/install/rclcpp/include/rclcpp/publisher_factory.hpp
[73.477s] -- Installing: /home/yfu/projects/ros2-picas/install/rclcpp/include/rclcpp/timer.hpp
[73.478s] -- Installing: /home/yfu/projects/ros2-picas/install/rclcpp/include/rclcpp/parameter_map.hpp
[73.478s] -- Installing: /home/yfu/projects/ros2-picas/install/rclcpp/include/rclcpp/experimental
[73.478s] -- Installing: /home/yfu/projects/ros2-picas/install/rclcpp/include/rclcpp/experimental/subscription_intra_process_base.hpp
[73.478s] -- Installing: /home/yfu/projects/ros2-picas/install/rclcpp/include/rclcpp/experimental/README.md
[73.480s] -- Installing: /home/yfu/projects/ros2-picas/install/rclcpp/include/rclcpp/experimental/intra_process_manager.hpp
[73.481s] -- Installing: /home/yfu/projects/ros2-picas/install/rclcpp/include/rclcpp/experimental/subscription_intra_process.hpp
[73.481s] -- Installing: /home/yfu/projects/ros2-picas/install/rclcpp/include/rclcpp/experimental/buffers
[73.482s] -- Installing: /home/yfu/projects/ros2-picas/install/rclcpp/include/rclcpp/experimental/buffers/intra_process_buffer.hpp
[73.483s] -- Installing: /home/yfu/projects/ros2-picas/install/rclcpp/include/rclcpp/experimental/buffers/ring_buffer_implementation.hpp
[73.483s] -- Installing: /home/yfu/projects/ros2-picas/install/rclcpp/include/rclcpp/experimental/buffers/buffer_implementation_base.hpp
[73.483s] -- Installing: /home/yfu/projects/ros2-picas/install/rclcpp/include/rclcpp/experimental/create_intra_process_buffer.hpp
[73.483s] -- Installing: /home/yfu/projects/ros2-picas/install/rclcpp/include/rclcpp/experimental/executable_list.hpp
[73.483s] -- Installing: /home/yfu/projects/ros2-picas/install/rclcpp/include/rclcpp/macros.hpp
[73.483s] -- Installing: /home/yfu/projects/ros2-picas/install/rclcpp/include/rclcpp/strategies
[73.484s] -- Installing: /home/yfu/projects/ros2-picas/install/rclcpp/include/rclcpp/strategies/allocator_memory_strategy.hpp
[73.484s] -- Installing: /home/yfu/projects/ros2-picas/install/rclcpp/include/rclcpp/strategies/message_pool_memory_strategy.hpp
[73.484s] -- Installing: /home/yfu/projects/ros2-picas/install/rclcpp/include/rclcpp/any_service_callback.hpp
[73.484s] -- Installing: /home/yfu/projects/ros2-picas/install/rclcpp/include/rclcpp/executors.hpp
[73.484s] -- Installing: /home/yfu/projects/ros2-picas/install/rclcpp/include/rclcpp/parameter.hpp
[73.484s] -- Installing: /home/yfu/projects/ros2-picas/install/rclcpp/include/rclcpp/generic_publisher.hpp
[73.485s] -- Installing: /home/yfu/projects/ros2-picas/install/rclcpp/include/rclcpp/parameter_events_filter.hpp
[73.485s] -- Installing: /home/yfu/projects/ros2-picas/install/rclcpp/include/rclcpp/wait_set.hpp
[73.485s] -- Installing: /home/yfu/projects/ros2-picas/install/rclcpp/include/rclcpp/parameter_service.hpp
[73.485s] -- Installing: /home/yfu/projects/ros2-picas/install/rclcpp/include/rclcpp/topic_statistics
[73.485s] -- Installing: /home/yfu/projects/ros2-picas/install/rclcpp/include/rclcpp/topic_statistics/subscription_topic_statistics.hpp
[73.485s] -- Installing: /home/yfu/projects/ros2-picas/install/rclcpp/include/rclcpp/wait_for_message.hpp
[73.486s] -- Installing: /home/yfu/projects/ros2-picas/install/rclcpp/include/rclcpp/exceptions
[73.486s] -- Installing: /home/yfu/projects/ros2-picas/install/rclcpp/include/rclcpp/exceptions/exceptions.hpp
[73.486s] -- Installing: /home/yfu/projects/ros2-picas/install/rclcpp/include/rclcpp/future_return_code.hpp
[73.486s] -- Installing: /home/yfu/projects/ros2-picas/install/rclcpp/include/rclcpp/intra_process_buffer_type.hpp
[73.486s] -- Installing: /home/yfu/projects/ros2-picas/install/rclcpp/include/rclcpp/create_generic_subscription.hpp
[73.486s] -- Installing: /home/yfu/projects/ros2-picas/install/rclcpp/include/rclcpp/event.hpp
[73.487s] -- Installing: /home/yfu/projects/ros2-picas/install/rclcpp/include/rclcpp/qos_overriding_options.hpp
[73.487s] -- Installing: /home/yfu/projects/ros2-picas/install/rclcpp/include/rclcpp/type_support_decl.hpp
[73.487s] -- Installing: /home/yfu/projects/ros2-picas/install/rclcpp/include/rclcpp/topic_statistics_state.hpp
[73.487s] -- Installing: /home/yfu/projects/ros2-picas/install/rclcpp/include/rclcpp/scheduler.hpp
[73.488s] -- Installing: /home/yfu/projects/ros2-picas/install/rclcpp/include/rclcpp/publisher.hpp
[73.488s] -- Installing: /home/yfu/projects/ros2-picas/install/rclcpp/include/rclcpp/exceptions.hpp
[73.488s] -- Installing: /home/yfu/projects/ros2-picas/install/rclcpp/include/rclcpp/create_subscription.hpp
[73.488s] -- Installing: /home/yfu/projects/ros2-picas/install/rclcpp/include/rclcpp/callback_group.hpp
[73.489s] -- Installing: /home/yfu/projects/ros2-picas/install/rclcpp/include/rclcpp/visibility_control.hpp
[73.499s] -- Installing: /home/yfu/projects/ros2-picas/install/rclcpp/include/rclcpp/node.hpp
[73.500s] -- Installing: /home/yfu/projects/ros2-picas/install/rclcpp/include/rclcpp/client.hpp
[73.500s] -- Installing: /home/yfu/projects/ros2-picas/install/rclcpp/include/rclcpp/duration.hpp
[73.501s] -- Installing: /home/yfu/projects/ros2-picas/install/rclcpp/include/rclcpp/parameter_event_handler.hpp
[73.501s] -- Installing: /home/yfu/projects/ros2-picas/install/rclcpp/include/rclcpp/clock.hpp
[73.501s] -- Installing: /home/yfu/projects/ros2-picas/install/rclcpp/include/rclcpp/expand_topic_or_service_name.hpp
[73.501s] -- Installing: /home/yfu/projects/ros2-picas/install/rclcpp/include/rclcpp/parameter_value.hpp
[73.501s] -- Installing: /home/yfu/projects/ros2-picas/install/rclcpp/include/rclcpp/subscription_base.hpp
[73.501s] -- Installing: /home/yfu/projects/ros2-picas/install/rclcpp/include/rclcpp/subscription_traits.hpp
[73.502s] -- Installing: /home/yfu/projects/ros2-picas/install/rclcpp/include/rclcpp/cb_sched.hpp
[73.502s] -- Installing: /home/yfu/projects/ros2-picas/install/rclcpp/include/rclcpp/memory_strategies.hpp
[73.502s] -- Installing: /home/yfu/projects/ros2-picas/install/rclcpp/include/rclcpp/publisher_options.hpp
[73.511s] -- Installing: /home/yfu/projects/ros2-picas/install/rclcpp/include/rclcpp/executor.hpp
[73.512s] -- Installing: /home/yfu/projects/ros2-picas/install/rclcpp/include/rclcpp/rate.hpp
[73.512s] -- Installing: /home/yfu/projects/ros2-picas/install/rclcpp/include/rclcpp/node_interfaces
[73.512s] -- Installing: /home/yfu/projects/ros2-picas/install/rclcpp/include/rclcpp/node_interfaces/node_logging_interface.hpp
[73.512s] -- Installing: /home/yfu/projects/ros2-picas/install/rclcpp/include/rclcpp/node_interfaces/node_time_source.hpp
[73.512s] -- Installing: /home/yfu/projects/ros2-picas/install/rclcpp/include/rclcpp/node_interfaces/node_services_interface.hpp
[73.512s] -- Installing: /home/yfu/projects/ros2-picas/install/rclcpp/include/rclcpp/node_interfaces/node_time_source_interface.hpp
[73.513s] -- Installing: /home/yfu/projects/ros2-picas/install/rclcpp/include/rclcpp/node_interfaces/node_timers_interface.hpp
[73.513s] -- Installing: /home/yfu/projects/ros2-picas/install/rclcpp/include/rclcpp/node_interfaces/node_parameters.hpp
[73.513s] -- Installing: /home/yfu/projects/ros2-picas/install/rclcpp/include/rclcpp/node_interfaces/node_services.hpp
[73.513s] -- Installing: /home/yfu/projects/ros2-picas/install/rclcpp/include/rclcpp/node_interfaces/node_waitables.hpp
[73.513s] -- Installing: /home/yfu/projects/ros2-picas/install/rclcpp/include/rclcpp/node_interfaces/node_graph.hpp
[73.513s] -- Installing: /home/yfu/projects/ros2-picas/install/rclcpp/include/rclcpp/node_interfaces/node_parameters_interface.hpp
[73.513s] -- Installing: /home/yfu/projects/ros2-picas/install/rclcpp/include/rclcpp/node_interfaces/node_topics_interface.hpp
[73.514s] -- Installing: /home/yfu/projects/ros2-picas/install/rclcpp/include/rclcpp/node_interfaces/node_base.hpp
[73.514s] -- Installing: /home/yfu/projects/ros2-picas/install/rclcpp/include/rclcpp/node_interfaces/node_clock.hpp
[73.514s] -- Installing: /home/yfu/projects/ros2-picas/install/rclcpp/include/rclcpp/node_interfaces/node_topics.hpp
[73.514s] -- Installing: /home/yfu/projects/ros2-picas/install/rclcpp/include/rclcpp/node_interfaces/node_waitables_interface.hpp
[73.514s] -- Installing: /home/yfu/projects/ros2-picas/install/rclcpp/include/rclcpp/node_interfaces/node_base_interface.hpp
[73.515s] -- Installing: /home/yfu/projects/ros2-picas/install/rclcpp/include/rclcpp/node_interfaces/node_timers.hpp
[73.515s] -- Installing: /home/yfu/projects/ros2-picas/install/rclcpp/include/rclcpp/node_interfaces/node_logging.hpp
[73.515s] -- Installing: /home/yfu/projects/ros2-picas/install/rclcpp/include/rclcpp/node_interfaces/node_graph_interface.hpp
[73.515s] -- Installing: /home/yfu/projects/ros2-picas/install/rclcpp/include/rclcpp/node_interfaces/node_clock_interface.hpp
[73.515s] -- Installing: /home/yfu/projects/ros2-picas/install/rclcpp/include/rclcpp/loaned_message.hpp
[73.515s] -- Installing: /home/yfu/projects/ros2-picas/install/rclcpp/include/rclcpp/serialized_message.hpp
[73.515s] -- Installing: /home/yfu/projects/ros2-picas/install/rclcpp/include/rclcpp/time.hpp
[73.516s] -- Installing: /home/yfu/projects/ros2-picas/install/rclcpp/include/rclcpp/parameter_client.hpp
[73.516s] -- Installing: /home/yfu/projects/ros2-picas/install/rclcpp/include/rclcpp/wait_result_kind.hpp
[73.516s] -- Installing: /home/yfu/projects/ros2-picas/install/rclcpp/include/rclcpp/guard_condition.hpp
[73.516s] -- Installing: /home/yfu/projects/ros2-picas/install/rclcpp/include/rclcpp/subscription.hpp
[73.516s] -- Installing: /home/yfu/projects/ros2-picas/install/rclcpp/include/rclcpp/subscription_wait_set_mask.hpp
[73.516s] -- Installing: /home/yfu/projects/ros2-picas/install/rclcpp/include/rclcpp/logger.hpp
[73.517s] -- Installing: /home/yfu/projects/ros2-picas/install/rclcpp/include/rclcpp/utilities.hpp
[73.517s] -- Installing: /home/yfu/projects/ros2-picas/install/rclcpp/include/rclcpp/publisher_base.hpp
[73.517s] -- Installing: /home/yfu/projects/ros2-picas/install/rclcpp/include/rclcpp/service.hpp
[73.517s] -- Installing: /home/yfu/projects/ros2-picas/install/rclcpp/include/rclcpp/memory_strategy.hpp
[73.517s] -- Installing: /home/yfu/projects/ros2-picas/install/rclcpp/include/rclcpp/qos_event.hpp
[73.517s] -- Installing: /home/yfu/projects/ros2-picas/install/rclcpp/include/rclcpp/node_options.hpp
[73.517s] -- Installing: /home/yfu/projects/ros2-picas/install/rclcpp/include/rclcpp/graph_listener.hpp
[73.518s] -- Installing: /home/yfu/projects/ros2-picas/install/rclcpp/include/rclcpp/network_flow_endpoint.hpp
[73.519s] -- Installing: /home/yfu/projects/ros2-picas/install/rclcpp/include/rclcpp/message_info.hpp
[73.519s] -- Installing: /home/yfu/projects/ros2-picas/install/rclcpp/include/rclcpp/create_generic_publisher.hpp
[73.520s] -- Installing: /home/yfu/projects/ros2-picas/install/rclcpp/include/rclcpp/wait_set_template.hpp
[73.520s] -- Installing: /home/yfu/projects/ros2-picas/install/rclcpp/include/rclcpp/contexts
[73.520s] -- Installing: /home/yfu/projects/ros2-picas/install/rclcpp/include/rclcpp/contexts/default_context.hpp
[73.520s] -- Installing: /home/yfu/projects/ros2-picas/install/rclcpp/include/rclcpp/any_subscription_callback.hpp
[73.520s] -- Installing: /home/yfu/projects/ros2-picas/install/rclcpp/include/rclcpp/wait_set_policies
[73.520s] -- Installing: /home/yfu/projects/ros2-picas/install/rclcpp/include/rclcpp/wait_set_policies/thread_safe_synchronization.hpp
[73.520s] -- Installing: /home/yfu/projects/ros2-picas/install/rclcpp/include/rclcpp/wait_set_policies/detail
[73.521s] -- Installing: /home/yfu/projects/ros2-picas/install/rclcpp/include/rclcpp/wait_set_policies/detail/write_preferring_read_write_lock.hpp
[73.521s] -- Installing: /home/yfu/projects/ros2-picas/install/rclcpp/include/rclcpp/wait_set_policies/detail/synchronization_policy_common.hpp
[73.521s] -- Installing: /home/yfu/projects/ros2-picas/install/rclcpp/include/rclcpp/wait_set_policies/detail/storage_policy_common.hpp
[73.521s] -- Installing: /home/yfu/projects/ros2-picas/install/rclcpp/include/rclcpp/wait_set_policies/static_storage.hpp
[73.521s] -- Installing: /home/yfu/projects/ros2-picas/install/rclcpp/include/rclcpp/wait_set_policies/dynamic_storage.hpp
[73.521s] -- Installing: /home/yfu/projects/ros2-picas/install/rclcpp/include/rclcpp/wait_set_policies/sequential_synchronization.hpp
[73.521s] -- Installing: /home/yfu/projects/ros2-picas/install/rclcpp/include/rclcpp/rclcpp.hpp
[73.521s] -- Installing: /home/yfu/projects/ros2-picas/install/rclcpp/include/rclcpp/subscription_factory.hpp
[73.522s] -- Installing: /home/yfu/projects/ros2-picas/install/rclcpp/include/rclcpp/generic_subscription.hpp
[73.522s] -- Installing: /home/yfu/projects/ros2-picas/install/rclcpp/include/rclcpp/qos.hpp
[73.522s] -- Installing: /home/yfu/projects/ros2-picas/install/rclcpp/include/rclcpp/executors
[73.522s] -- Installing: /home/yfu/projects/ros2-picas/install/rclcpp/include/rclcpp/executors/single_threaded_executor.hpp
[73.522s] -- Installing: /home/yfu/projects/ros2-picas/install/rclcpp/include/rclcpp/executors/multi_threaded_executor.hpp
[73.522s] -- Installing: /home/yfu/projects/ros2-picas/install/rclcpp/include/rclcpp/executors/static_single_threaded_executor.hpp
[73.522s] -- Installing: /home/yfu/projects/ros2-picas/install/rclcpp/include/rclcpp/executors/static_executor_entities_collector.hpp
[73.522s] -- Installing: /home/yfu/projects/ros2-picas/install/rclcpp/include/rclcpp/detail
[73.522s] -- Installing: /home/yfu/projects/ros2-picas/install/rclcpp/include/rclcpp/detail/rmw_implementation_specific_payload.hpp
[73.523s] -- Installing: /home/yfu/projects/ros2-picas/install/rclcpp/include/rclcpp/detail/resolve_enable_topic_statistics.hpp
[73.523s] -- Installing: /home/yfu/projects/ros2-picas/install/rclcpp/include/rclcpp/detail/README.md
[73.523s] -- Installing: /home/yfu/projects/ros2-picas/install/rclcpp/include/rclcpp/detail/resolve_use_intra_process.hpp
[73.523s] -- Installing: /home/yfu/projects/ros2-picas/install/rclcpp/include/rclcpp/detail/subscription_callback_type_helper.hpp
[73.523s] -- Installing: /home/yfu/projects/ros2-picas/install/rclcpp/include/rclcpp/detail/qos_parameters.hpp
[73.523s] -- Installing: /home/yfu/projects/ros2-picas/install/rclcpp/include/rclcpp/detail/utilities.hpp
[73.524s] -- Installing: /home/yfu/projects/ros2-picas/install/rclcpp/include/rclcpp/detail/mutex_two_priorities.hpp
[73.524s] -- Installing: /home/yfu/projects/ros2-picas/install/rclcpp/include/rclcpp/detail/rmw_implementation_specific_subscription_payload.hpp
[73.524s] -- Installing: /home/yfu/projects/ros2-picas/install/rclcpp/include/rclcpp/detail/rmw_implementation_specific_publisher_payload.hpp
[73.524s] -- Installing: /home/yfu/projects/ros2-picas/install/rclcpp/include/rclcpp/detail/resolve_intra_process_buffer_type.hpp
[73.524s] -- Installing: /home/yfu/projects/ros2-picas/install/rclcpp/include/rclcpp/create_publisher.hpp
[73.524s] -- Installing: /home/yfu/projects/ros2-picas/install/rclcpp/include/rclcpp/allocator
[73.524s] -- Installing: /home/yfu/projects/ros2-picas/install/rclcpp/include/rclcpp/allocator/allocator_deleter.hpp
[73.524s] -- Installing: /home/yfu/projects/ros2-picas/install/rclcpp/include/rclcpp/allocator/allocator_common.hpp
[73.524s] -- Installing: /home/yfu/projects/ros2-picas/install/rclcpp/include/rclcpp/any_executable.hpp
[73.525s] -- Installing: /home/yfu/projects/ros2-picas/install/rclcpp/include/rclcpp/create_timer.hpp
[73.525s] -- Installing: /home/yfu/projects/ros2-picas/install/rclcpp/include/rclcpp/intra_process_setting.hpp
[73.525s] -- Installing: /home/yfu/projects/ros2-picas/install/rclcpp/include/rclcpp/time_source.hpp
[73.525s] -- Installing: /home/yfu/projects/ros2-picas/install/rclcpp/include/rclcpp/scope_exit.hpp
[73.526s] -- Installing: /home/yfu/projects/ros2-picas/install/rclcpp/include/rclcpp/create_client.hpp
[73.526s] -- Installing: /home/yfu/projects/ros2-picas/install/rclcpp/include/rclcpp/serialization.hpp
[73.530s] -- Installing: /home/yfu/projects/ros2-picas/install/rclcpp/include/rclcpp/waitable.hpp
[73.530s] -- Installing: /home/yfu/projects/ros2-picas/install/rclcpp/include/rclcpp/wait_result.hpp
[73.530s] -- Installing: /home/yfu/projects/ros2-picas/install/rclcpp/include/rclcpp/message_memory_strategy.hpp
[73.530s] -- Installing: /home/yfu/projects/ros2-picas/install/rclcpp/include/rclcpp/subscription_options.hpp
[73.531s] -- Installing: /home/yfu/projects/ros2-picas/install/rclcpp/include/rclcpp/executor_options.hpp
[73.531s] -- Installing: /home/yfu/projects/ros2-picas/install/rclcpp/include/rclcpp/init_options.hpp
[73.531s] -- Installing: /home/yfu/projects/ros2-picas/install/rclcpp/include/rclcpp/create_service.hpp
[73.531s] -- Installing: /home/yfu/projects/ros2-picas/install/rclcpp/include/rclcpp/context.hpp
[73.531s] -- Up-to-date: /home/yfu/projects/ros2-picas/install/rclcpp/include
[73.532s] -- Up-to-date: /home/yfu/projects/ros2-picas/install/rclcpp/include/rclcpp
[73.532s] -- Installing: /home/yfu/projects/ros2-picas/install/rclcpp/include/rclcpp/logging.hpp
[73.532s] -- Up-to-date: /home/yfu/projects/ros2-picas/install/rclcpp/include/rclcpp/node_interfaces
[73.532s] -- Installing: /home/yfu/projects/ros2-picas/install/rclcpp/include/rclcpp/node_interfaces/get_node_timers_interface.hpp
[73.533s] -- Installing: /home/yfu/projects/ros2-picas/install/rclcpp/include/rclcpp/node_interfaces/node_timers_interface_traits.hpp
[73.533s] -- Installing: /home/yfu/projects/ros2-picas/install/rclcpp/include/rclcpp/node_interfaces/get_node_clock_interface.hpp
[73.533s] -- Installing: /home/yfu/projects/ros2-picas/install/rclcpp/include/rclcpp/node_interfaces/node_services_interface_traits.hpp
[73.533s] -- Installing: /home/yfu/projects/ros2-picas/install/rclcpp/include/rclcpp/node_interfaces/get_node_topics_interface.hpp
[73.533s] -- Installing: /home/yfu/projects/ros2-picas/install/rclcpp/include/rclcpp/node_interfaces/node_waitables_interface_traits.hpp
[73.535s] -- Installing: /home/yfu/projects/ros2-picas/install/rclcpp/include/rclcpp/node_interfaces/node_logging_interface_traits.hpp
[73.535s] -- Installing: /home/yfu/projects/ros2-picas/install/rclcpp/include/rclcpp/node_interfaces/get_node_graph_interface.hpp
[73.536s] -- Installing: /home/yfu/projects/ros2-picas/install/rclcpp/include/rclcpp/node_interfaces/get_node_services_interface.hpp
[73.536s] -- Installing: /home/yfu/projects/ros2-picas/install/rclcpp/include/rclcpp/node_interfaces/get_node_waitables_interface.hpp
[73.536s] -- Installing: /home/yfu/projects/ros2-picas/install/rclcpp/include/rclcpp/node_interfaces/get_node_time_source_interface.hpp
[73.537s] -- Installing: /home/yfu/projects/ros2-picas/install/rclcpp/include/rclcpp/node_interfaces/node_base_interface_traits.hpp
[73.537s] -- Installing: /home/yfu/projects/ros2-picas/install/rclcpp/include/rclcpp/node_interfaces/node_clock_interface_traits.hpp
[73.537s] -- Installing: /home/yfu/projects/ros2-picas/install/rclcpp/include/rclcpp/node_interfaces/node_graph_interface_traits.hpp
[73.538s] -- Installing: /home/yfu/projects/ros2-picas/install/rclcpp/include/rclcpp/node_interfaces/node_parameters_interface_traits.hpp
[73.538s] -- Installing: /home/yfu/projects/ros2-picas/install/rclcpp/include/rclcpp/node_interfaces/get_node_parameters_interface.hpp
[73.539s] -- Installing: /home/yfu/projects/ros2-picas/install/rclcpp/include/rclcpp/node_interfaces/get_node_base_interface.hpp
[73.539s] -- Installing: /home/yfu/projects/ros2-picas/install/rclcpp/include/rclcpp/node_interfaces/node_time_source_interface_traits.hpp
[73.540s] -- Installing: /home/yfu/projects/ros2-picas/install/rclcpp/include/rclcpp/node_interfaces/node_topics_interface_traits.hpp
[73.540s] -- Installing: /home/yfu/projects/ros2-picas/install/rclcpp/include/rclcpp/node_interfaces/get_node_logging_interface.hpp
[73.541s] Invoked command in '/home/yfu/projects/ros2-picas/build/rclcpp' returned '0': AMENT_PREFIX_PATH=/home/yfu/projects/ros2-picas/install/test_msgs:${AMENT_PREFIX_PATH} CMAKE_PREFIX_PATH=/home/yfu/projects/ros2-picas/install/test_msgs:/opt/ros/galactic CONDA_PROMPT_MODIFIER=(base) LD_LIBRARY_PATH=/home/yfu/projects/ros2-picas/install/test_msgs/lib:${LD_LIBRARY_PATH} PYTHONPATH=/home/yfu/projects/ros2-picas/install/test_msgs/lib/python3.8/site-packages:${PYTHONPATH} /usr/bin/cmake --install /home/yfu/projects/ros2-picas/build/rclcpp
