[0.046s] Invoking command in '/home/yfu/projects/ros2-picas/build/picas_example': CMAKE_PREFIX_PATH=/home/yfu/projects/ros2-picas/install/trace_picas:/home/yfu/projects/ros2-picas/install/rclcpp:/home/yfu/projects/ros2-picas/install/test_msgs:/home/yfu/projects/ros2-picas/install/picas_example_mt:/home/yfu/projects/ros2-picas/install/picas_example:/opt/ros/galactic CONDA_PROMPT_MODIFIER=(base) LD_LIBRARY_PATH=/home/yfu/projects/ros2-picas/install/rclcpp/lib:/home/yfu/projects/ros2-picas/install/test_msgs/lib:/home/yfu/projects/ros2-picas/install/trace_picas/lib:/opt/ros/galactic/opt/yaml_cpp_vendor/lib:/opt/ros/galactic/lib/aarch64-linux-gnu:/opt/ros/galactic/lib /usr/bin/cmake --build /home/yfu/projects/ros2-picas/build/picas_example -- -j6 -l6
[0.111s] -- Found ament_cmake: 1.1.6 (/opt/ros/galactic/share/ament_cmake/cmake)
[0.159s] -- Using PYTHON_EXECUTABLE: /usr/bin/python3
[0.313s] -- Found rclcpp: 9.2.0 (/home/yfu/projects/ros2-picas/install/rclcpp/share/rclcpp/cmake)
[0.377s] -- Using single rosidl_typesupport_c: rosidl_typesupport_introspection_c
[0.382s] -- Found rosidl_adapter: 2.2.3 (/opt/ros/galactic/share/rosidl_adapter/cmake)
[0.413s] -- Using single rosidl_typesupport_cpp: rosidl_typesupport_introspection_cpp
[0.516s] -- Found rmw_implementation_cmake: 3.3.1 (/opt/ros/galactic/share/rmw_implementation_cmake/cmake)
[0.519s] -- Found rmw_cyclonedds_cpp: 0.22.6 (/opt/ros/galactic/share/rmw_cyclonedds_cpp/cmake)
[0.552s] -- Using RMW implementation 'rmw_cyclonedds_cpp' as default
[0.810s] -- Found test_msgs: 1.0.0 (/home/yfu/projects/ros2-picas/install/test_msgs/share/test_msgs/cmake)
[0.841s] -- Found trace_picas: 0.0.0 (/home/yfu/projects/ros2-picas/install/trace_picas/share/trace_picas/cmake)
[0.863s] -- Found ament_lint_auto: 0.10.7 (/opt/ros/galactic/share/ament_lint_auto/cmake)
[1.008s] -- Added test 'copyright' to check source files copyright and LICENSE
[1.009s] -- Added test 'cppcheck' to perform static code analysis on C / C++ code
[1.009s] -- Configured cppcheck include dirs: 
[1.010s] -- Configured cppcheck exclude dirs and/or files: 
[1.010s] -- Added test 'cpplint' to check C / C++ code against the Google style
[1.011s] -- Configured cpplint exclude dirs and/or files: 
[1.012s] -- Added test 'lint_cmake' to check CMake code style
[1.013s] -- Added test 'uncrustify' to check C / C++ code style
[1.013s] -- Configured uncrustify additional arguments: 
[1.013s] -- Added test 'xmllint' to check XML markup files
[1.020s] -- Configuring done
[1.083s] -- Generating done
[1.121s] -- Build files have been written to: /home/yfu/projects/ros2-picas/build/picas_example
[1.191s] [35m[1mScanning dependencies of target sstest[0m
[1.192s] [35m[1mScanning dependencies of target example[0m
[1.193s] [35m[1mScanning dependencies of target case_study[0m
[1.411s] [ 50%] [32mBuilding CXX object CMakeFiles/case_study.dir/src/case_study.cpp.o[0m
[1.411s] [ 50%] [32mBuilding CXX object CMakeFiles/sstest.dir/src/sstest.cpp.o[0m
[1.412s] [ 50%] [32mBuilding CXX object CMakeFiles/example.dir/src/example.cpp.o[0m
[6.989s] [01m[K/home/yfu/projects/ros2-picas/ros2-picas-example/picas_example/src/sstest.cpp:[m[K In member function ‘[01m[Kvoid StartNode::timer_callback()[m[K’:
[6.990s] [01m[K/home/yfu/projects/ros2-picas/ros2-picas-example/picas_example/src/sstest.cpp:62:17:[m[K [01;31m[Kerror: [m[K‘[01m[Kstruct test_msgs::msg::TaskData_<std::allocator<void> >[m[K’ has no member named ‘[01m[Kstamp[m[K’
[6.990s]    62 |         message.[01;31m[Kstamp[m[K = this->now();
[6.990s]       |                 [01;31m[K^~~~~[m[K
[7.221s] [01m[K/home/yfu/projects/ros2-picas/ros2-picas-example/picas_example/src/sstest.cpp:[m[K In member function ‘[01m[Kvoid ExecutorNode::task_callback(test_msgs::msg::TaskData_<std::allocator<void> >::SharedPtr)[m[K’:
[7.222s] [01m[K/home/yfu/projects/ros2-picas/ros2-picas-example/picas_example/src/sstest.cpp:87:44:[m[K [01;31m[Kerror: [m[K‘[01m[Kusing element_type = struct test_msgs::msg::TaskData_<std::allocator<void> >[m[K’ {aka ‘[01m[Kstruct test_msgs::msg::TaskData_<std::allocator<void> >[m[K’} has no member named ‘[01m[Kstamp[m[K’
[7.222s]    87 |         double network_delay = (now - msg->[01;31m[Kstamp[m[K).seconds() * 1000;
[7.222s]       |                                            [01;31m[K^~~~~[m[K
[7.232s] [01m[K/home/yfu/projects/ros2-picas/ros2-picas-example/picas_example/src/sstest.cpp:[m[K In member function ‘[01m[Kfloat ExecutorNode::execute_task(float, float, int)[m[K’:
[7.232s] [01m[K/home/yfu/projects/ros2-picas/ros2-picas-example/picas_example/src/sstest.cpp:108:33:[m[K [01;31m[Kerror: [m[K‘[01m[Khalf[m[K’ was not declared in this scope
[7.233s]   108 |                 return (float)(([01;31m[Khalf[m[K)a * (half)b);
[7.233s]       |                                 [01;31m[K^~~~[m[K
[7.233s] [01m[K/home/yfu/projects/ros2-picas/ros2-picas-example/picas_example/src/sstest.cpp:108:38:[m[K [01;31m[Kerror: [m[Kexpected ‘[01m[K)[m[K’ before ‘[01m[Ka[m[K’
[7.233s]   108 |                 return (float)[34m[K([m[K(half)[01;31m[Ka[m[K * (half)b);
[7.233s]       |                               [34m[K~[m[K      [01;31m[K^[m[K
[7.233s]       |                                      [32m[K)[m[K
[14.160s] make[2]: *** [CMakeFiles/sstest.dir/build.make:63: CMakeFiles/sstest.dir/src/sstest.cpp.o] Error 1
[14.160s] make[1]: *** [CMakeFiles/Makefile2:136: CMakeFiles/sstest.dir/all] Error 2
[14.161s] make[1]: *** Waiting for unfinished jobs....
[16.702s] [ 66%] [32m[1mLinking CXX executable example[0m
[19.038s] [ 66%] Built target example
[22.580s] [ 83%] [32m[1mLinking CXX executable case_study[0m
[25.442s] [ 83%] Built target case_study
[25.452s] make: *** [Makefile:141: all] Error 2
[25.460s] Invoked command in '/home/yfu/projects/ros2-picas/build/picas_example' returned '2': CMAKE_PREFIX_PATH=/home/yfu/projects/ros2-picas/install/trace_picas:/home/yfu/projects/ros2-picas/install/rclcpp:/home/yfu/projects/ros2-picas/install/test_msgs:/home/yfu/projects/ros2-picas/install/picas_example_mt:/home/yfu/projects/ros2-picas/install/picas_example:/opt/ros/galactic CONDA_PROMPT_MODIFIER=(base) LD_LIBRARY_PATH=/home/yfu/projects/ros2-picas/install/rclcpp/lib:/home/yfu/projects/ros2-picas/install/test_msgs/lib:/home/yfu/projects/ros2-picas/install/trace_picas/lib:/opt/ros/galactic/opt/yaml_cpp_vendor/lib:/opt/ros/galactic/lib/aarch64-linux-gnu:/opt/ros/galactic/lib /usr/bin/cmake --build /home/yfu/projects/ros2-picas/build/picas_example -- -j6 -l6
