[0.386s] DEBUG:colcon:Command line arguments: ['/usr/bin/colcon', 'build', '--allow-overriding', 'rclcpp', '--cmake-args', '-DPICAS=TRUE']
[0.386s] DEBUG:colcon:Parsed command line arguments: Namespace(allow_overriding=['rclcpp'], ament_cmake_args=None, base_paths=['.'], build_base='build', catkin_cmake_args=None, catkin_skip_building_tests=False, cmake_args=['-DPICAS=TRUE'], cmake_clean_cache=False, cmake_clean_first=False, cmake_force_configure=False, cmake_target=None, cmake_target_skip_unavailable=False, continue_on_error=False, event_handlers=None, executor='parallel', ignore_user_meta=False, install_base='install', log_base=None, log_level=None, main=<bound method BuildVerb.main of <colcon_core.verb.build.BuildVerb object at 0xffff96fe5580>>, merge_install=False, metas=['./colcon.meta'], packages_above=None, packages_above_and_dependencies=None, packages_above_depth=None, packages_end=None, packages_ignore=None, packages_ignore_regex=None, packages_select=None, packages_select_build_failed=False, packages_select_by_dep=None, packages_select_regex=None, packages_select_test_failures=False, packages_skip=None, packages_skip_build_finished=False, packages_skip_by_dep=None, packages_skip_regex=None, packages_skip_test_passed=False, packages_skip_up_to=None, packages_start=None, packages_up_to=None, packages_up_to_regex=None, parallel_workers=6, paths=None, symlink_install=False, test_result_base=None, verb_extension=<colcon_core.verb.build.BuildVerb object at 0xffff96fe5580>, verb_name='build', verb_parser=<colcon_defaults.argument_parser.defaults.DefaultArgumentsDecorator object at 0xffff96f22af0>)
[0.676s] Level 1:colcon.colcon_core.package_discovery:discover_packages(colcon_meta) check parameters
[0.677s] Level 1:colcon.colcon_core.package_discovery:discover_packages(recursive) check parameters
[0.677s] Level 1:colcon.colcon_core.package_discovery:discover_packages(ignore) check parameters
[0.677s] Level 1:colcon.colcon_core.package_discovery:discover_packages(path) check parameters
[0.677s] Level 1:colcon.colcon_core.package_discovery:discover_packages(colcon_meta) discover
[0.677s] Level 1:colcon.colcon_core.package_discovery:discover_packages(recursive) discover
[0.677s] INFO:colcon.colcon_core.package_discovery:Crawling recursively for packages in '/home/yfu/projects/ros2-picas'
[0.678s] Level 1:colcon.colcon_core.package_identification:_identify(.) by extensions ['ignore', 'ignore_ament_install']
[0.678s] Level 1:colcon.colcon_core.package_identification:_identify(.) by extension 'ignore'
[0.678s] Level 1:colcon.colcon_core.package_identification:_identify(.) by extension 'ignore_ament_install'
[0.678s] Level 1:colcon.colcon_core.package_identification:_identify(.) by extensions ['colcon_pkg']
[0.678s] Level 1:colcon.colcon_core.package_identification:_identify(.) by extension 'colcon_pkg'
[0.678s] Level 1:colcon.colcon_core.package_identification:_identify(.) by extensions ['colcon_meta']
[0.679s] Level 1:colcon.colcon_core.package_identification:_identify(.) by extension 'colcon_meta'
[0.679s] Level 1:colcon.colcon_core.package_identification:_identify(.) by extensions ['ros']
[0.679s] Level 1:colcon.colcon_core.package_identification:_identify(.) by extension 'ros'
[0.702s] Level 1:colcon.colcon_core.package_identification:_identify(.) by extensions ['cmake', 'python']
[0.702s] Level 1:colcon.colcon_core.package_identification:_identify(.) by extension 'cmake'
[0.702s] Level 1:colcon.colcon_core.package_identification:_identify(.) by extension 'python'
[0.702s] Level 1:colcon.colcon_core.package_identification:_identify(.) by extensions ['python_setup_py']
[0.702s] Level 1:colcon.colcon_core.package_identification:_identify(.) by extension 'python_setup_py'
[0.703s] Level 1:colcon.colcon_core.package_identification:_identify(build) by extensions ['ignore', 'ignore_ament_install']
[0.703s] Level 1:colcon.colcon_core.package_identification:_identify(build) by extension 'ignore'
[0.703s] Level 1:colcon.colcon_core.package_identification:_identify(build) ignored
[0.703s] Level 1:colcon.colcon_core.package_identification:_identify(install) by extensions ['ignore', 'ignore_ament_install']
[0.704s] Level 1:colcon.colcon_core.package_identification:_identify(install) by extension 'ignore'
[0.704s] Level 1:colcon.colcon_core.package_identification:_identify(install) ignored
[0.704s] Level 1:colcon.colcon_core.package_identification:_identify(log) by extensions ['ignore', 'ignore_ament_install']
[0.704s] Level 1:colcon.colcon_core.package_identification:_identify(log) by extension 'ignore'
[0.704s] Level 1:colcon.colcon_core.package_identification:_identify(log) ignored
[0.705s] Level 1:colcon.colcon_core.package_identification:_identify(rclcpp) by extensions ['ignore', 'ignore_ament_install']
[0.705s] Level 1:colcon.colcon_core.package_identification:_identify(rclcpp) by extension 'ignore'
[0.705s] Level 1:colcon.colcon_core.package_identification:_identify(rclcpp) by extension 'ignore_ament_install'
[0.705s] Level 1:colcon.colcon_core.package_identification:_identify(rclcpp) by extensions ['colcon_pkg']
[0.705s] Level 1:colcon.colcon_core.package_identification:_identify(rclcpp) by extension 'colcon_pkg'
[0.705s] Level 1:colcon.colcon_core.package_identification:_identify(rclcpp) by extensions ['colcon_meta']
[0.705s] Level 1:colcon.colcon_core.package_identification:_identify(rclcpp) by extension 'colcon_meta'
[0.705s] Level 1:colcon.colcon_core.package_identification:_identify(rclcpp) by extensions ['ros']
[0.705s] Level 1:colcon.colcon_core.package_identification:_identify(rclcpp) by extension 'ros'
[0.716s] DEBUG:colcon.colcon_core.package_identification:Package 'rclcpp' with type 'ros.ament_cmake' and name 'rclcpp'
[0.717s] Level 1:colcon.colcon_core.package_identification:_identify(ros2-picas-example) by extensions ['ignore', 'ignore_ament_install']
[0.717s] Level 1:colcon.colcon_core.package_identification:_identify(ros2-picas-example) by extension 'ignore'
[0.717s] Level 1:colcon.colcon_core.package_identification:_identify(ros2-picas-example) by extension 'ignore_ament_install'
[0.717s] Level 1:colcon.colcon_core.package_identification:_identify(ros2-picas-example) by extensions ['colcon_pkg']
[0.717s] Level 1:colcon.colcon_core.package_identification:_identify(ros2-picas-example) by extension 'colcon_pkg'
[0.717s] Level 1:colcon.colcon_core.package_identification:_identify(ros2-picas-example) by extensions ['colcon_meta']
[0.718s] Level 1:colcon.colcon_core.package_identification:_identify(ros2-picas-example) by extension 'colcon_meta'
[0.718s] Level 1:colcon.colcon_core.package_identification:_identify(ros2-picas-example) by extensions ['ros']
[0.718s] Level 1:colcon.colcon_core.package_identification:_identify(ros2-picas-example) by extension 'ros'
[0.718s] Level 1:colcon.colcon_core.package_identification:_identify(ros2-picas-example) by extensions ['cmake', 'python']
[0.718s] Level 1:colcon.colcon_core.package_identification:_identify(ros2-picas-example) by extension 'cmake'
[0.718s] Level 1:colcon.colcon_core.package_identification:_identify(ros2-picas-example) by extension 'python'
[0.718s] Level 1:colcon.colcon_core.package_identification:_identify(ros2-picas-example) by extensions ['python_setup_py']
[0.718s] Level 1:colcon.colcon_core.package_identification:_identify(ros2-picas-example) by extension 'python_setup_py'
[0.719s] Level 1:colcon.colcon_core.package_identification:_identify(ros2-picas-example/picas-analysis) by extensions ['ignore', 'ignore_ament_install']
[0.719s] Level 1:colcon.colcon_core.package_identification:_identify(ros2-picas-example/picas-analysis) by extension 'ignore'
[0.719s] Level 1:colcon.colcon_core.package_identification:_identify(ros2-picas-example/picas-analysis) by extension 'ignore_ament_install'
[0.719s] Level 1:colcon.colcon_core.package_identification:_identify(ros2-picas-example/picas-analysis) by extensions ['colcon_pkg']
[0.719s] Level 1:colcon.colcon_core.package_identification:_identify(ros2-picas-example/picas-analysis) by extension 'colcon_pkg'
[0.719s] Level 1:colcon.colcon_core.package_identification:_identify(ros2-picas-example/picas-analysis) by extensions ['colcon_meta']
[0.719s] Level 1:colcon.colcon_core.package_identification:_identify(ros2-picas-example/picas-analysis) by extension 'colcon_meta'
[0.719s] Level 1:colcon.colcon_core.package_identification:_identify(ros2-picas-example/picas-analysis) by extensions ['ros']
[0.719s] Level 1:colcon.colcon_core.package_identification:_identify(ros2-picas-example/picas-analysis) by extension 'ros'
[0.720s] Level 1:colcon.colcon_core.package_identification:_identify(ros2-picas-example/picas-analysis) by extensions ['cmake', 'python']
[0.720s] Level 1:colcon.colcon_core.package_identification:_identify(ros2-picas-example/picas-analysis) by extension 'cmake'
[0.720s] Level 1:colcon.colcon_core.package_identification:_identify(ros2-picas-example/picas-analysis) by extension 'python'
[0.720s] Level 1:colcon.colcon_core.package_identification:_identify(ros2-picas-example/picas-analysis) by extensions ['python_setup_py']
[0.720s] Level 1:colcon.colcon_core.package_identification:_identify(ros2-picas-example/picas-analysis) by extension 'python_setup_py'
[0.720s] Level 1:colcon.colcon_core.package_identification:_identify(ros2-picas-example/picas_example) by extensions ['ignore', 'ignore_ament_install']
[0.720s] Level 1:colcon.colcon_core.package_identification:_identify(ros2-picas-example/picas_example) by extension 'ignore'
[0.720s] Level 1:colcon.colcon_core.package_identification:_identify(ros2-picas-example/picas_example) by extension 'ignore_ament_install'
[0.721s] Level 1:colcon.colcon_core.package_identification:_identify(ros2-picas-example/picas_example) by extensions ['colcon_pkg']
[0.721s] Level 1:colcon.colcon_core.package_identification:_identify(ros2-picas-example/picas_example) by extension 'colcon_pkg'
[0.721s] Level 1:colcon.colcon_core.package_identification:_identify(ros2-picas-example/picas_example) by extensions ['colcon_meta']
[0.721s] Level 1:colcon.colcon_core.package_identification:_identify(ros2-picas-example/picas_example) by extension 'colcon_meta'
[0.721s] Level 1:colcon.colcon_core.package_identification:_identify(ros2-picas-example/picas_example) by extensions ['ros']
[0.721s] Level 1:colcon.colcon_core.package_identification:_identify(ros2-picas-example/picas_example) by extension 'ros'
[0.723s] DEBUG:colcon.colcon_core.package_identification:Package 'ros2-picas-example/picas_example' with type 'ros.ament_cmake' and name 'picas_example'
[0.723s] Level 1:colcon.colcon_core.package_identification:_identify(ros2-picas-example/picas_example_mt) by extensions ['ignore', 'ignore_ament_install']
[0.723s] Level 1:colcon.colcon_core.package_identification:_identify(ros2-picas-example/picas_example_mt) by extension 'ignore'
[0.723s] Level 1:colcon.colcon_core.package_identification:_identify(ros2-picas-example/picas_example_mt) by extension 'ignore_ament_install'
[0.723s] Level 1:colcon.colcon_core.package_identification:_identify(ros2-picas-example/picas_example_mt) by extensions ['colcon_pkg']
[0.723s] Level 1:colcon.colcon_core.package_identification:_identify(ros2-picas-example/picas_example_mt) by extension 'colcon_pkg'
[0.723s] Level 1:colcon.colcon_core.package_identification:_identify(ros2-picas-example/picas_example_mt) by extensions ['colcon_meta']
[0.724s] Level 1:colcon.colcon_core.package_identification:_identify(ros2-picas-example/picas_example_mt) by extension 'colcon_meta'
[0.724s] Level 1:colcon.colcon_core.package_identification:_identify(ros2-picas-example/picas_example_mt) by extensions ['ros']
[0.724s] Level 1:colcon.colcon_core.package_identification:_identify(ros2-picas-example/picas_example_mt) by extension 'ros'
[0.725s] DEBUG:colcon.colcon_core.package_identification:Package 'ros2-picas-example/picas_example_mt' with type 'ros.ament_cmake' and name 'picas_example_mt'
[0.726s] Level 1:colcon.colcon_core.package_identification:_identify(ros2-picas-example/test_msgs) by extensions ['ignore', 'ignore_ament_install']
[0.726s] Level 1:colcon.colcon_core.package_identification:_identify(ros2-picas-example/test_msgs) by extension 'ignore'
[0.726s] Level 1:colcon.colcon_core.package_identification:_identify(ros2-picas-example/test_msgs) by extension 'ignore_ament_install'
[0.726s] Level 1:colcon.colcon_core.package_identification:_identify(ros2-picas-example/test_msgs) by extensions ['colcon_pkg']
[0.726s] Level 1:colcon.colcon_core.package_identification:_identify(ros2-picas-example/test_msgs) by extension 'colcon_pkg'
[0.726s] Level 1:colcon.colcon_core.package_identification:_identify(ros2-picas-example/test_msgs) by extensions ['colcon_meta']
[0.726s] Level 1:colcon.colcon_core.package_identification:_identify(ros2-picas-example/test_msgs) by extension 'colcon_meta'
[0.727s] Level 1:colcon.colcon_core.package_identification:_identify(ros2-picas-example/test_msgs) by extensions ['ros']
[0.727s] Level 1:colcon.colcon_core.package_identification:_identify(ros2-picas-example/test_msgs) by extension 'ros'
[0.728s] DEBUG:colcon.colcon_core.package_identification:Package 'ros2-picas-example/test_msgs' with type 'ros.ament_cmake' and name 'test_msgs'
[0.728s] Level 1:colcon.colcon_core.package_identification:_identify(ros2-picas-example/trace_picas) by extensions ['ignore', 'ignore_ament_install']
[0.728s] Level 1:colcon.colcon_core.package_identification:_identify(ros2-picas-example/trace_picas) by extension 'ignore'
[0.728s] Level 1:colcon.colcon_core.package_identification:_identify(ros2-picas-example/trace_picas) by extension 'ignore_ament_install'
[0.728s] Level 1:colcon.colcon_core.package_identification:_identify(ros2-picas-example/trace_picas) by extensions ['colcon_pkg']
[0.728s] Level 1:colcon.colcon_core.package_identification:_identify(ros2-picas-example/trace_picas) by extension 'colcon_pkg'
[0.728s] Level 1:colcon.colcon_core.package_identification:_identify(ros2-picas-example/trace_picas) by extensions ['colcon_meta']
[0.729s] Level 1:colcon.colcon_core.package_identification:_identify(ros2-picas-example/trace_picas) by extension 'colcon_meta'
[0.729s] Level 1:colcon.colcon_core.package_identification:_identify(ros2-picas-example/trace_picas) by extensions ['ros']
[0.729s] Level 1:colcon.colcon_core.package_identification:_identify(ros2-picas-example/trace_picas) by extension 'ros'
[0.730s] DEBUG:colcon.colcon_core.package_identification:Package 'ros2-picas-example/trace_picas' with type 'ros.ament_cmake' and name 'trace_picas'
[0.730s] Level 1:colcon.colcon_core.package_discovery:discover_packages(recursive) using defaults
[0.730s] Level 1:colcon.colcon_core.package_discovery:discover_packages(ignore) discover
[0.730s] Level 1:colcon.colcon_core.package_discovery:discover_packages(ignore) using defaults
[0.730s] Level 1:colcon.colcon_core.package_discovery:discover_packages(path) discover
[0.730s] Level 1:colcon.colcon_core.package_discovery:discover_packages(path) using defaults
[0.768s] Level 1:colcon.colcon_core.package_discovery:discover_packages(prefix_path) check parameters
[0.768s] Level 1:colcon.colcon_core.package_discovery:discover_packages(prefix_path) discover
[0.772s] DEBUG:colcon.colcon_installed_package_information.package_discovery:Found 5 installed packages in /home/yfu/projects/ros2-picas/install
[0.774s] DEBUG:colcon.colcon_installed_package_information.package_discovery:Found 173 installed packages in /opt/ros/galactic
[0.776s] Level 1:colcon.colcon_core.package_discovery:discover_packages(prefix_path) using defaults
[0.898s] WARNING:colcon.colcon_core.package_selection:Some selected packages are already built in one or more underlay workspaces:
	'test_msgs' is in: /home/yfu/projects/ros2-picas/install/test_msgs
If a package in a merged underlay workspace is overridden and it installs headers, then all packages in the overlay must sort their include directories by workspace order. Failure to do so may result in build failures or undefined behavior at run time.
If the overridden package is used by another package in any underlay, then the overriding package in the overlay must be API and ABI compatible or undefined behavior at run time may occur.

If you understand the risks and want to override a package anyways, add the following to the command line:
	--allow-overriding test_msgs

This may be promoted to an error in a future release of colcon-override-check.
[0.901s] Level 5:colcon.colcon_core.verb:set package 'test_msgs' build argument 'cmake_args' from command line to '['-DPICAS=TRUE']'
[0.901s] Level 5:colcon.colcon_core.verb:set package 'test_msgs' build argument 'cmake_target' from command line to 'None'
[0.901s] Level 5:colcon.colcon_core.verb:set package 'test_msgs' build argument 'cmake_target_skip_unavailable' from command line to 'False'
[0.901s] Level 5:colcon.colcon_core.verb:set package 'test_msgs' build argument 'cmake_clean_cache' from command line to 'False'
[0.901s] Level 5:colcon.colcon_core.verb:set package 'test_msgs' build argument 'cmake_clean_first' from command line to 'False'
[0.901s] Level 5:colcon.colcon_core.verb:set package 'test_msgs' build argument 'cmake_force_configure' from command line to 'False'
[0.901s] Level 5:colcon.colcon_core.verb:set package 'test_msgs' build argument 'ament_cmake_args' from command line to 'None'
[0.901s] Level 5:colcon.colcon_core.verb:set package 'test_msgs' build argument 'catkin_cmake_args' from command line to 'None'
[0.901s] Level 5:colcon.colcon_core.verb:set package 'test_msgs' build argument 'catkin_skip_building_tests' from command line to 'False'
[0.901s] DEBUG:colcon.colcon_core.verb:Building package 'test_msgs' with the following arguments: {'ament_cmake_args': None, 'build_base': '/home/yfu/projects/ros2-picas/build/test_msgs', 'catkin_cmake_args': None, 'catkin_skip_building_tests': False, 'cmake_args': ['-DPICAS=TRUE'], 'cmake_clean_cache': False, 'cmake_clean_first': False, 'cmake_force_configure': False, 'cmake_target': None, 'cmake_target_skip_unavailable': False, 'install_base': '/home/yfu/projects/ros2-picas/install/test_msgs', 'merge_install': False, 'path': '/home/yfu/projects/ros2-picas/ros2-picas-example/test_msgs', 'symlink_install': False, 'test_result_base': None}
[0.902s] Level 5:colcon.colcon_core.verb:set package 'rclcpp' build argument 'cmake_args' from command line to '['-DPICAS=TRUE']'
[0.902s] Level 5:colcon.colcon_core.verb:set package 'rclcpp' build argument 'cmake_target' from command line to 'None'
[0.902s] Level 5:colcon.colcon_core.verb:set package 'rclcpp' build argument 'cmake_target_skip_unavailable' from command line to 'False'
[0.902s] Level 5:colcon.colcon_core.verb:set package 'rclcpp' build argument 'cmake_clean_cache' from command line to 'False'
[0.902s] Level 5:colcon.colcon_core.verb:set package 'rclcpp' build argument 'cmake_clean_first' from command line to 'False'
[0.902s] Level 5:colcon.colcon_core.verb:set package 'rclcpp' build argument 'cmake_force_configure' from command line to 'False'
[0.902s] Level 5:colcon.colcon_core.verb:set package 'rclcpp' build argument 'ament_cmake_args' from command line to 'None'
[0.902s] Level 5:colcon.colcon_core.verb:set package 'rclcpp' build argument 'catkin_cmake_args' from command line to 'None'
[0.902s] Level 5:colcon.colcon_core.verb:set package 'rclcpp' build argument 'catkin_skip_building_tests' from command line to 'False'
[0.903s] DEBUG:colcon.colcon_core.verb:Building package 'rclcpp' with the following arguments: {'ament_cmake_args': None, 'build_base': '/home/yfu/projects/ros2-picas/build/rclcpp', 'catkin_cmake_args': None, 'catkin_skip_building_tests': False, 'cmake_args': ['-DPICAS=TRUE'], 'cmake_clean_cache': False, 'cmake_clean_first': False, 'cmake_force_configure': False, 'cmake_target': None, 'cmake_target_skip_unavailable': False, 'install_base': '/home/yfu/projects/ros2-picas/install/rclcpp', 'merge_install': False, 'path': '/home/yfu/projects/ros2-picas/rclcpp', 'symlink_install': False, 'test_result_base': None}
[0.903s] Level 5:colcon.colcon_core.verb:set package 'trace_picas' build argument 'cmake_args' from command line to '['-DPICAS=TRUE']'
[0.903s] Level 5:colcon.colcon_core.verb:set package 'trace_picas' build argument 'cmake_target' from command line to 'None'
[0.903s] Level 5:colcon.colcon_core.verb:set package 'trace_picas' build argument 'cmake_target_skip_unavailable' from command line to 'False'
[0.903s] Level 5:colcon.colcon_core.verb:set package 'trace_picas' build argument 'cmake_clean_cache' from command line to 'False'
[0.904s] Level 5:colcon.colcon_core.verb:set package 'trace_picas' build argument 'cmake_clean_first' from command line to 'False'
[0.904s] Level 5:colcon.colcon_core.verb:set package 'trace_picas' build argument 'cmake_force_configure' from command line to 'False'
[0.904s] Level 5:colcon.colcon_core.verb:set package 'trace_picas' build argument 'ament_cmake_args' from command line to 'None'
[0.904s] Level 5:colcon.colcon_core.verb:set package 'trace_picas' build argument 'catkin_cmake_args' from command line to 'None'
[0.904s] Level 5:colcon.colcon_core.verb:set package 'trace_picas' build argument 'catkin_skip_building_tests' from command line to 'False'
[0.904s] DEBUG:colcon.colcon_core.verb:Building package 'trace_picas' with the following arguments: {'ament_cmake_args': None, 'build_base': '/home/yfu/projects/ros2-picas/build/trace_picas', 'catkin_cmake_args': None, 'catkin_skip_building_tests': False, 'cmake_args': ['-DPICAS=TRUE'], 'cmake_clean_cache': False, 'cmake_clean_first': False, 'cmake_force_configure': False, 'cmake_target': None, 'cmake_target_skip_unavailable': False, 'install_base': '/home/yfu/projects/ros2-picas/install/trace_picas', 'merge_install': False, 'path': '/home/yfu/projects/ros2-picas/ros2-picas-example/trace_picas', 'symlink_install': False, 'test_result_base': None}
[0.904s] Level 5:colcon.colcon_core.verb:set package 'picas_example' build argument 'cmake_args' from command line to '['-DPICAS=TRUE']'
[0.905s] Level 5:colcon.colcon_core.verb:set package 'picas_example' build argument 'cmake_target' from command line to 'None'
[0.905s] Level 5:colcon.colcon_core.verb:set package 'picas_example' build argument 'cmake_target_skip_unavailable' from command line to 'False'
[0.905s] Level 5:colcon.colcon_core.verb:set package 'picas_example' build argument 'cmake_clean_cache' from command line to 'False'
[0.905s] Level 5:colcon.colcon_core.verb:set package 'picas_example' build argument 'cmake_clean_first' from command line to 'False'
[0.905s] Level 5:colcon.colcon_core.verb:set package 'picas_example' build argument 'cmake_force_configure' from command line to 'False'
[0.905s] Level 5:colcon.colcon_core.verb:set package 'picas_example' build argument 'ament_cmake_args' from command line to 'None'
[0.905s] Level 5:colcon.colcon_core.verb:set package 'picas_example' build argument 'catkin_cmake_args' from command line to 'None'
[0.905s] Level 5:colcon.colcon_core.verb:set package 'picas_example' build argument 'catkin_skip_building_tests' from command line to 'False'
[0.905s] DEBUG:colcon.colcon_core.verb:Building package 'picas_example' with the following arguments: {'ament_cmake_args': None, 'build_base': '/home/yfu/projects/ros2-picas/build/picas_example', 'catkin_cmake_args': None, 'catkin_skip_building_tests': False, 'cmake_args': ['-DPICAS=TRUE'], 'cmake_clean_cache': False, 'cmake_clean_first': False, 'cmake_force_configure': False, 'cmake_target': None, 'cmake_target_skip_unavailable': False, 'install_base': '/home/yfu/projects/ros2-picas/install/picas_example', 'merge_install': False, 'path': '/home/yfu/projects/ros2-picas/ros2-picas-example/picas_example', 'symlink_install': False, 'test_result_base': None}
[0.906s] Level 5:colcon.colcon_core.verb:set package 'picas_example_mt' build argument 'cmake_args' from command line to '['-DPICAS=TRUE']'
[0.906s] Level 5:colcon.colcon_core.verb:set package 'picas_example_mt' build argument 'cmake_target' from command line to 'None'
[0.906s] Level 5:colcon.colcon_core.verb:set package 'picas_example_mt' build argument 'cmake_target_skip_unavailable' from command line to 'False'
[0.906s] Level 5:colcon.colcon_core.verb:set package 'picas_example_mt' build argument 'cmake_clean_cache' from command line to 'False'
[0.906s] Level 5:colcon.colcon_core.verb:set package 'picas_example_mt' build argument 'cmake_clean_first' from command line to 'False'
[0.906s] Level 5:colcon.colcon_core.verb:set package 'picas_example_mt' build argument 'cmake_force_configure' from command line to 'False'
[0.906s] Level 5:colcon.colcon_core.verb:set package 'picas_example_mt' build argument 'ament_cmake_args' from command line to 'None'
[0.906s] Level 5:colcon.colcon_core.verb:set package 'picas_example_mt' build argument 'catkin_cmake_args' from command line to 'None'
[0.906s] Level 5:colcon.colcon_core.verb:set package 'picas_example_mt' build argument 'catkin_skip_building_tests' from command line to 'False'
[0.906s] DEBUG:colcon.colcon_core.verb:Building package 'picas_example_mt' with the following arguments: {'ament_cmake_args': None, 'build_base': '/home/yfu/projects/ros2-picas/build/picas_example_mt', 'catkin_cmake_args': None, 'catkin_skip_building_tests': False, 'cmake_args': ['-DPICAS=TRUE'], 'cmake_clean_cache': False, 'cmake_clean_first': False, 'cmake_force_configure': False, 'cmake_target': None, 'cmake_target_skip_unavailable': False, 'install_base': '/home/yfu/projects/ros2-picas/install/picas_example_mt', 'merge_install': False, 'path': '/home/yfu/projects/ros2-picas/ros2-picas-example/picas_example_mt', 'symlink_install': False, 'test_result_base': None}
[0.907s] INFO:colcon.colcon_core.executor:Executing jobs using 'parallel' executor
[0.910s] DEBUG:colcon.colcon_parallel_executor.executor.parallel:run_until_complete
[0.911s] INFO:colcon.colcon_ros.task.ament_cmake.build:Building ROS package in '/home/yfu/projects/ros2-picas/ros2-picas-example/test_msgs' with build type 'ament_cmake'
[0.911s] INFO:colcon.colcon_cmake.task.cmake.build:Building CMake package in '/home/yfu/projects/ros2-picas/ros2-picas-example/test_msgs'
[0.916s] INFO:colcon.colcon_core.plugin_system:Skipping extension 'colcon_core.shell.bat': Not used on non-Windows systems
[0.917s] INFO:colcon.colcon_core.shell:Skip shell extension 'powershell' for command environment: Not usable outside of PowerShell
[0.917s] DEBUG:colcon.colcon_core.shell:Skip shell extension 'dsv' for command environment
[0.941s] DEBUG:colcon.colcon_core.event_handler.log_command:Invoking command in '/home/yfu/projects/ros2-picas/build/test_msgs': CMAKE_PREFIX_PATH=${CMAKE_PREFIX_PATH}:/opt/ros/galactic CONDA_PROMPT_MODIFIER=(base) /usr/bin/cmake --build /home/yfu/projects/ros2-picas/build/test_msgs -- -j6 -l6
[1.474s] DEBUG:colcon.colcon_core.event_handler.log_command:Invoked command in '/home/yfu/projects/ros2-picas/build/test_msgs' returned '0': CMAKE_PREFIX_PATH=${CMAKE_PREFIX_PATH}:/opt/ros/galactic CONDA_PROMPT_MODIFIER=(base) /usr/bin/cmake --build /home/yfu/projects/ros2-picas/build/test_msgs -- -j6 -l6
[1.515s] DEBUG:colcon.colcon_core.event_handler.log_command:Invoking command in '/home/yfu/projects/ros2-picas/build/test_msgs': CMAKE_PREFIX_PATH=${CMAKE_PREFIX_PATH}:/opt/ros/galactic CONDA_PROMPT_MODIFIER=(base) /usr/bin/cmake --install /home/yfu/projects/ros2-picas/build/test_msgs
[1.635s] Level 1:colcon.colcon_core.environment:create_environment_scripts_only(test_msgs)
[1.637s] DEBUG:colcon.colcon_core.event_handler.log_command:Invoked command in '/home/yfu/projects/ros2-picas/build/test_msgs' returned '0': CMAKE_PREFIX_PATH=${CMAKE_PREFIX_PATH}:/opt/ros/galactic CONDA_PROMPT_MODIFIER=(base) /usr/bin/cmake --install /home/yfu/projects/ros2-picas/build/test_msgs
[1.644s] Level 1:colcon.colcon_core.environment:checking '/home/yfu/projects/ros2-picas/install/test_msgs' for CMake module files
[1.646s] Level 1:colcon.colcon_core.environment:checking '/home/yfu/projects/ros2-picas/install/test_msgs' for CMake config files
[1.647s] Level 1:colcon.colcon_core.shell:create_environment_hook('test_msgs', 'cmake_prefix_path')
[1.648s] INFO:colcon.colcon_core.shell:Creating environment hook '/home/yfu/projects/ros2-picas/install/test_msgs/share/test_msgs/hook/cmake_prefix_path.ps1'
[1.650s] INFO:colcon.colcon_core.shell:Creating environment descriptor '/home/yfu/projects/ros2-picas/install/test_msgs/share/test_msgs/hook/cmake_prefix_path.dsv'
[1.652s] INFO:colcon.colcon_core.shell:Creating environment hook '/home/yfu/projects/ros2-picas/install/test_msgs/share/test_msgs/hook/cmake_prefix_path.sh'
[1.656s] Level 1:colcon.colcon_core.environment:checking '/home/yfu/projects/ros2-picas/install/test_msgs/lib'
[1.656s] Level 1:colcon.colcon_core.shell:create_environment_hook('test_msgs', 'ld_library_path_lib')
[1.657s] INFO:colcon.colcon_core.shell:Creating environment hook '/home/yfu/projects/ros2-picas/install/test_msgs/share/test_msgs/hook/ld_library_path_lib.ps1'
[1.659s] INFO:colcon.colcon_core.shell:Creating environment descriptor '/home/yfu/projects/ros2-picas/install/test_msgs/share/test_msgs/hook/ld_library_path_lib.dsv'
[1.660s] INFO:colcon.colcon_core.shell:Creating environment hook '/home/yfu/projects/ros2-picas/install/test_msgs/share/test_msgs/hook/ld_library_path_lib.sh'
[1.661s] Level 1:colcon.colcon_core.environment:checking '/home/yfu/projects/ros2-picas/install/test_msgs/bin'
[1.661s] Level 1:colcon.colcon_core.environment:checking '/home/yfu/projects/ros2-picas/install/test_msgs/lib/pkgconfig/test_msgs.pc'
[1.662s] Level 1:colcon.colcon_core.environment:checking '/home/yfu/projects/ros2-picas/install/test_msgs/lib/python3.8/site-packages'
[1.662s] Level 1:colcon.colcon_core.shell:create_environment_hook('test_msgs', 'pythonpath')
[1.663s] INFO:colcon.colcon_core.shell:Creating environment hook '/home/yfu/projects/ros2-picas/install/test_msgs/share/test_msgs/hook/pythonpath.ps1'
[1.664s] INFO:colcon.colcon_core.shell:Creating environment descriptor '/home/yfu/projects/ros2-picas/install/test_msgs/share/test_msgs/hook/pythonpath.dsv'
[1.665s] INFO:colcon.colcon_core.shell:Creating environment hook '/home/yfu/projects/ros2-picas/install/test_msgs/share/test_msgs/hook/pythonpath.sh'
[1.667s] Level 1:colcon.colcon_core.environment:checking '/home/yfu/projects/ros2-picas/install/test_msgs/bin'
[1.668s] INFO:colcon.colcon_core.shell:Creating package script '/home/yfu/projects/ros2-picas/install/test_msgs/share/test_msgs/package.ps1'
[1.670s] INFO:colcon.colcon_core.shell:Creating package descriptor '/home/yfu/projects/ros2-picas/install/test_msgs/share/test_msgs/package.dsv'
[1.672s] INFO:colcon.colcon_core.shell:Creating package script '/home/yfu/projects/ros2-picas/install/test_msgs/share/test_msgs/package.sh'
[1.674s] INFO:colcon.colcon_core.shell:Creating package script '/home/yfu/projects/ros2-picas/install/test_msgs/share/test_msgs/package.bash'
[1.676s] INFO:colcon.colcon_core.shell:Creating package script '/home/yfu/projects/ros2-picas/install/test_msgs/share/test_msgs/package.zsh'
[1.678s] Level 1:colcon.colcon_core.environment:create_file_with_runtime_dependencies(/home/yfu/projects/ros2-picas/install/test_msgs/share/colcon-core/packages/test_msgs)
[1.679s] Level 1:colcon.colcon_core.environment:create_environment_scripts_only(test_msgs)
[1.680s] Level 1:colcon.colcon_core.environment:checking '/home/yfu/projects/ros2-picas/install/test_msgs' for CMake module files
[1.681s] Level 1:colcon.colcon_core.environment:checking '/home/yfu/projects/ros2-picas/install/test_msgs' for CMake config files
[1.682s] Level 1:colcon.colcon_core.shell:create_environment_hook('test_msgs', 'cmake_prefix_path')
[1.682s] INFO:colcon.colcon_core.shell:Creating environment hook '/home/yfu/projects/ros2-picas/install/test_msgs/share/test_msgs/hook/cmake_prefix_path.ps1'
[1.683s] INFO:colcon.colcon_core.shell:Creating environment descriptor '/home/yfu/projects/ros2-picas/install/test_msgs/share/test_msgs/hook/cmake_prefix_path.dsv'
[1.684s] INFO:colcon.colcon_core.shell:Creating environment hook '/home/yfu/projects/ros2-picas/install/test_msgs/share/test_msgs/hook/cmake_prefix_path.sh'
[1.685s] Level 1:colcon.colcon_core.environment:checking '/home/yfu/projects/ros2-picas/install/test_msgs/lib'
[1.685s] Level 1:colcon.colcon_core.shell:create_environment_hook('test_msgs', 'ld_library_path_lib')
[1.686s] INFO:colcon.colcon_core.shell:Creating environment hook '/home/yfu/projects/ros2-picas/install/test_msgs/share/test_msgs/hook/ld_library_path_lib.ps1'
[1.687s] INFO:colcon.colcon_core.shell:Creating environment descriptor '/home/yfu/projects/ros2-picas/install/test_msgs/share/test_msgs/hook/ld_library_path_lib.dsv'
[1.688s] INFO:colcon.colcon_core.shell:Creating environment hook '/home/yfu/projects/ros2-picas/install/test_msgs/share/test_msgs/hook/ld_library_path_lib.sh'
[1.688s] Level 1:colcon.colcon_core.environment:checking '/home/yfu/projects/ros2-picas/install/test_msgs/bin'
[1.689s] Level 1:colcon.colcon_core.environment:checking '/home/yfu/projects/ros2-picas/install/test_msgs/lib/pkgconfig/test_msgs.pc'
[1.689s] Level 1:colcon.colcon_core.environment:checking '/home/yfu/projects/ros2-picas/install/test_msgs/lib/python3.8/site-packages'
[1.689s] Level 1:colcon.colcon_core.shell:create_environment_hook('test_msgs', 'pythonpath')
[1.690s] INFO:colcon.colcon_core.shell:Creating environment hook '/home/yfu/projects/ros2-picas/install/test_msgs/share/test_msgs/hook/pythonpath.ps1'
[1.691s] INFO:colcon.colcon_core.shell:Creating environment descriptor '/home/yfu/projects/ros2-picas/install/test_msgs/share/test_msgs/hook/pythonpath.dsv'
[1.691s] INFO:colcon.colcon_core.shell:Creating environment hook '/home/yfu/projects/ros2-picas/install/test_msgs/share/test_msgs/hook/pythonpath.sh'
[1.693s] Level 1:colcon.colcon_core.environment:checking '/home/yfu/projects/ros2-picas/install/test_msgs/bin'
[1.693s] INFO:colcon.colcon_core.shell:Creating package script '/home/yfu/projects/ros2-picas/install/test_msgs/share/test_msgs/package.ps1'
[1.695s] INFO:colcon.colcon_core.shell:Creating package descriptor '/home/yfu/projects/ros2-picas/install/test_msgs/share/test_msgs/package.dsv'
[1.696s] INFO:colcon.colcon_core.shell:Creating package script '/home/yfu/projects/ros2-picas/install/test_msgs/share/test_msgs/package.sh'
[1.697s] INFO:colcon.colcon_core.shell:Creating package script '/home/yfu/projects/ros2-picas/install/test_msgs/share/test_msgs/package.bash'
[1.698s] INFO:colcon.colcon_core.shell:Creating package script '/home/yfu/projects/ros2-picas/install/test_msgs/share/test_msgs/package.zsh'
[1.699s] Level 1:colcon.colcon_core.environment:create_file_with_runtime_dependencies(/home/yfu/projects/ros2-picas/install/test_msgs/share/colcon-core/packages/test_msgs)
[1.700s] INFO:colcon.colcon_ros.task.ament_cmake.build:Building ROS package in '/home/yfu/projects/ros2-picas/rclcpp' with build type 'ament_cmake'
[1.701s] INFO:colcon.colcon_cmake.task.cmake.build:Building CMake package in '/home/yfu/projects/ros2-picas/rclcpp'
[1.702s] INFO:colcon.colcon_core.shell:Skip shell extension 'powershell' for command environment: Not usable outside of PowerShell
[1.702s] DEBUG:colcon.colcon_core.shell:Skip shell extension 'dsv' for command environment
[1.738s] DEBUG:colcon.colcon_core.event_handler.log_command:Invoking command in '/home/yfu/projects/ros2-picas/build/rclcpp': CMAKE_PREFIX_PATH=/home/yfu/projects/ros2-picas/install/test_msgs:/home/yfu/projects/ros2-picas/install/picas_example_mt:/home/yfu/projects/ros2-picas/install/picas_example:/home/yfu/projects/ros2-picas/install/trace_picas:/home/yfu/projects/ros2-picas/install/rclcpp:/opt/ros/galactic CONDA_PROMPT_MODIFIER=(base) LD_LIBRARY_PATH=/home/yfu/projects/ros2-picas/install/test_msgs/lib:/home/yfu/projects/ros2-picas/install/trace_picas/lib:/home/yfu/projects/ros2-picas/install/rclcpp/lib:/opt/ros/galactic/opt/yaml_cpp_vendor/lib:/opt/ros/galactic/lib/aarch64-linux-gnu:/opt/ros/galactic/lib /usr/bin/cmake --build /home/yfu/projects/ros2-picas/build/rclcpp -- -j6 -l6
[2.017s] DEBUG:colcon.colcon_core.event_handler.log_command:Invoked command in '/home/yfu/projects/ros2-picas/build/rclcpp' returned '0': CMAKE_PREFIX_PATH=/home/yfu/projects/ros2-picas/install/test_msgs:/home/yfu/projects/ros2-picas/install/picas_example_mt:/home/yfu/projects/ros2-picas/install/picas_example:/home/yfu/projects/ros2-picas/install/trace_picas:/home/yfu/projects/ros2-picas/install/rclcpp:/opt/ros/galactic CONDA_PROMPT_MODIFIER=(base) LD_LIBRARY_PATH=/home/yfu/projects/ros2-picas/install/test_msgs/lib:/home/yfu/projects/ros2-picas/install/trace_picas/lib:/home/yfu/projects/ros2-picas/install/rclcpp/lib:/opt/ros/galactic/opt/yaml_cpp_vendor/lib:/opt/ros/galactic/lib/aarch64-linux-gnu:/opt/ros/galactic/lib /usr/bin/cmake --build /home/yfu/projects/ros2-picas/build/rclcpp -- -j6 -l6
[2.028s] DEBUG:colcon.colcon_core.event_handler.log_command:Invoking command in '/home/yfu/projects/ros2-picas/build/rclcpp': CMAKE_PREFIX_PATH=/home/yfu/projects/ros2-picas/install/test_msgs:/home/yfu/projects/ros2-picas/install/picas_example_mt:/home/yfu/projects/ros2-picas/install/picas_example:/home/yfu/projects/ros2-picas/install/trace_picas:/home/yfu/projects/ros2-picas/install/rclcpp:/opt/ros/galactic CONDA_PROMPT_MODIFIER=(base) LD_LIBRARY_PATH=/home/yfu/projects/ros2-picas/install/test_msgs/lib:/home/yfu/projects/ros2-picas/install/trace_picas/lib:/home/yfu/projects/ros2-picas/install/rclcpp/lib:/opt/ros/galactic/opt/yaml_cpp_vendor/lib:/opt/ros/galactic/lib/aarch64-linux-gnu:/opt/ros/galactic/lib /usr/bin/cmake --install /home/yfu/projects/ros2-picas/build/rclcpp
[2.076s] Level 1:colcon.colcon_core.environment:create_environment_scripts_only(rclcpp)
[2.077s] Level 1:colcon.colcon_core.environment:checking '/home/yfu/projects/ros2-picas/install/rclcpp' for CMake module files
[2.080s] Level 1:colcon.colcon_core.environment:checking '/home/yfu/projects/ros2-picas/install/rclcpp' for CMake config files
[2.082s] Level 1:colcon.colcon_core.shell:create_environment_hook('rclcpp', 'cmake_prefix_path')
[2.083s] INFO:colcon.colcon_core.shell:Creating environment hook '/home/yfu/projects/ros2-picas/install/rclcpp/share/rclcpp/hook/cmake_prefix_path.ps1'
[2.085s] INFO:colcon.colcon_core.shell:Creating environment descriptor '/home/yfu/projects/ros2-picas/install/rclcpp/share/rclcpp/hook/cmake_prefix_path.dsv'
[2.087s] INFO:colcon.colcon_core.shell:Creating environment hook '/home/yfu/projects/ros2-picas/install/rclcpp/share/rclcpp/hook/cmake_prefix_path.sh'
[2.089s] Level 1:colcon.colcon_core.environment:checking '/home/yfu/projects/ros2-picas/install/rclcpp/lib'
[2.089s] Level 1:colcon.colcon_core.shell:create_environment_hook('rclcpp', 'ld_library_path_lib')
[2.090s] INFO:colcon.colcon_core.shell:Creating environment hook '/home/yfu/projects/ros2-picas/install/rclcpp/share/rclcpp/hook/ld_library_path_lib.ps1'
[2.092s] INFO:colcon.colcon_core.shell:Creating environment descriptor '/home/yfu/projects/ros2-picas/install/rclcpp/share/rclcpp/hook/ld_library_path_lib.dsv'
[2.093s] INFO:colcon.colcon_core.shell:Creating environment hook '/home/yfu/projects/ros2-picas/install/rclcpp/share/rclcpp/hook/ld_library_path_lib.sh'
[2.094s] Level 1:colcon.colcon_core.environment:checking '/home/yfu/projects/ros2-picas/install/rclcpp/bin'
[2.095s] Level 1:colcon.colcon_core.environment:checking '/home/yfu/projects/ros2-picas/install/rclcpp/lib/pkgconfig/rclcpp.pc'
[2.095s] Level 1:colcon.colcon_core.environment:checking '/home/yfu/projects/ros2-picas/install/rclcpp/lib/python3.8/site-packages'
[2.096s] Level 1:colcon.colcon_core.environment:checking '/home/yfu/projects/ros2-picas/install/rclcpp/bin'
[2.097s] INFO:colcon.colcon_core.shell:Creating package script '/home/yfu/projects/ros2-picas/install/rclcpp/share/rclcpp/package.ps1'
[2.099s] INFO:colcon.colcon_core.shell:Creating package descriptor '/home/yfu/projects/ros2-picas/install/rclcpp/share/rclcpp/package.dsv'
[2.100s] INFO:colcon.colcon_core.shell:Creating package script '/home/yfu/projects/ros2-picas/install/rclcpp/share/rclcpp/package.sh'
[2.102s] INFO:colcon.colcon_core.shell:Creating package script '/home/yfu/projects/ros2-picas/install/rclcpp/share/rclcpp/package.bash'
[2.103s] INFO:colcon.colcon_core.shell:Creating package script '/home/yfu/projects/ros2-picas/install/rclcpp/share/rclcpp/package.zsh'
[2.104s] Level 1:colcon.colcon_core.environment:create_file_with_runtime_dependencies(/home/yfu/projects/ros2-picas/install/rclcpp/share/colcon-core/packages/rclcpp)
[2.107s] Level 1:colcon.colcon_core.environment:create_environment_scripts_only(rclcpp)
[2.107s] Level 1:colcon.colcon_core.environment:checking '/home/yfu/projects/ros2-picas/install/rclcpp' for CMake module files
[2.110s] Level 1:colcon.colcon_core.environment:checking '/home/yfu/projects/ros2-picas/install/rclcpp' for CMake config files
[2.111s] Level 1:colcon.colcon_core.shell:create_environment_hook('rclcpp', 'cmake_prefix_path')
[2.112s] INFO:colcon.colcon_core.shell:Creating environment hook '/home/yfu/projects/ros2-picas/install/rclcpp/share/rclcpp/hook/cmake_prefix_path.ps1'
[2.136s] DEBUG:colcon.colcon_core.event_handler.log_command:Invoked command in '/home/yfu/projects/ros2-picas/build/rclcpp' returned '0': CMAKE_PREFIX_PATH=/home/yfu/projects/ros2-picas/install/test_msgs:/home/yfu/projects/ros2-picas/install/picas_example_mt:/home/yfu/projects/ros2-picas/install/picas_example:/home/yfu/projects/ros2-picas/install/trace_picas:/home/yfu/projects/ros2-picas/install/rclcpp:/opt/ros/galactic CONDA_PROMPT_MODIFIER=(base) LD_LIBRARY_PATH=/home/yfu/projects/ros2-picas/install/test_msgs/lib:/home/yfu/projects/ros2-picas/install/trace_picas/lib:/home/yfu/projects/ros2-picas/install/rclcpp/lib:/opt/ros/galactic/opt/yaml_cpp_vendor/lib:/opt/ros/galactic/lib/aarch64-linux-gnu:/opt/ros/galactic/lib /usr/bin/cmake --install /home/yfu/projects/ros2-picas/build/rclcpp
[2.213s] INFO:colcon.colcon_core.shell:Creating environment descriptor '/home/yfu/projects/ros2-picas/install/rclcpp/share/rclcpp/hook/cmake_prefix_path.dsv'
[2.214s] INFO:colcon.colcon_core.shell:Creating environment hook '/home/yfu/projects/ros2-picas/install/rclcpp/share/rclcpp/hook/cmake_prefix_path.sh'
[2.216s] Level 1:colcon.colcon_core.environment:checking '/home/yfu/projects/ros2-picas/install/rclcpp/lib'
[2.216s] Level 1:colcon.colcon_core.shell:create_environment_hook('rclcpp', 'ld_library_path_lib')
[2.216s] INFO:colcon.colcon_core.shell:Creating environment hook '/home/yfu/projects/ros2-picas/install/rclcpp/share/rclcpp/hook/ld_library_path_lib.ps1'
[2.217s] INFO:colcon.colcon_core.shell:Creating environment descriptor '/home/yfu/projects/ros2-picas/install/rclcpp/share/rclcpp/hook/ld_library_path_lib.dsv'
[2.218s] INFO:colcon.colcon_core.shell:Creating environment hook '/home/yfu/projects/ros2-picas/install/rclcpp/share/rclcpp/hook/ld_library_path_lib.sh'
[2.219s] Level 1:colcon.colcon_core.environment:checking '/home/yfu/projects/ros2-picas/install/rclcpp/bin'
[2.219s] Level 1:colcon.colcon_core.environment:checking '/home/yfu/projects/ros2-picas/install/rclcpp/lib/pkgconfig/rclcpp.pc'
[2.220s] Level 1:colcon.colcon_core.environment:checking '/home/yfu/projects/ros2-picas/install/rclcpp/lib/python3.8/site-packages'
[2.220s] Level 1:colcon.colcon_core.environment:checking '/home/yfu/projects/ros2-picas/install/rclcpp/bin'
[2.221s] INFO:colcon.colcon_core.shell:Creating package script '/home/yfu/projects/ros2-picas/install/rclcpp/share/rclcpp/package.ps1'
[2.223s] INFO:colcon.colcon_core.shell:Creating package descriptor '/home/yfu/projects/ros2-picas/install/rclcpp/share/rclcpp/package.dsv'
[2.224s] INFO:colcon.colcon_core.shell:Creating package script '/home/yfu/projects/ros2-picas/install/rclcpp/share/rclcpp/package.sh'
[2.225s] INFO:colcon.colcon_core.shell:Creating package script '/home/yfu/projects/ros2-picas/install/rclcpp/share/rclcpp/package.bash'
[2.226s] INFO:colcon.colcon_core.shell:Creating package script '/home/yfu/projects/ros2-picas/install/rclcpp/share/rclcpp/package.zsh'
[2.227s] Level 1:colcon.colcon_core.environment:create_file_with_runtime_dependencies(/home/yfu/projects/ros2-picas/install/rclcpp/share/colcon-core/packages/rclcpp)
[2.228s] INFO:colcon.colcon_ros.task.ament_cmake.build:Building ROS package in '/home/yfu/projects/ros2-picas/ros2-picas-example/trace_picas' with build type 'ament_cmake'
[2.229s] INFO:colcon.colcon_cmake.task.cmake.build:Building CMake package in '/home/yfu/projects/ros2-picas/ros2-picas-example/trace_picas'
[2.230s] INFO:colcon.colcon_core.shell:Skip shell extension 'powershell' for command environment: Not usable outside of PowerShell
[2.230s] DEBUG:colcon.colcon_core.shell:Skip shell extension 'dsv' for command environment
[2.265s] DEBUG:colcon.colcon_core.event_handler.log_command:Invoking command in '/home/yfu/projects/ros2-picas/build/trace_picas': CMAKE_PREFIX_PATH=/home/yfu/projects/ros2-picas/install/rclcpp:/home/yfu/projects/ros2-picas/install/test_msgs:/home/yfu/projects/ros2-picas/install/picas_example_mt:/home/yfu/projects/ros2-picas/install/picas_example:/home/yfu/projects/ros2-picas/install/trace_picas:/opt/ros/galactic CONDA_PROMPT_MODIFIER=(base) LD_LIBRARY_PATH=/home/yfu/projects/ros2-picas/install/rclcpp/lib:/home/yfu/projects/ros2-picas/install/test_msgs/lib:/home/yfu/projects/ros2-picas/install/trace_picas/lib:/opt/ros/galactic/opt/yaml_cpp_vendor/lib:/opt/ros/galactic/lib/aarch64-linux-gnu:/opt/ros/galactic/lib /usr/bin/cmake --build /home/yfu/projects/ros2-picas/build/trace_picas -- -j6 -l6
[2.432s] DEBUG:colcon.colcon_core.event_handler.log_command:Invoked command in '/home/yfu/projects/ros2-picas/build/trace_picas' returned '0': CMAKE_PREFIX_PATH=/home/yfu/projects/ros2-picas/install/rclcpp:/home/yfu/projects/ros2-picas/install/test_msgs:/home/yfu/projects/ros2-picas/install/picas_example_mt:/home/yfu/projects/ros2-picas/install/picas_example:/home/yfu/projects/ros2-picas/install/trace_picas:/opt/ros/galactic CONDA_PROMPT_MODIFIER=(base) LD_LIBRARY_PATH=/home/yfu/projects/ros2-picas/install/rclcpp/lib:/home/yfu/projects/ros2-picas/install/test_msgs/lib:/home/yfu/projects/ros2-picas/install/trace_picas/lib:/opt/ros/galactic/opt/yaml_cpp_vendor/lib:/opt/ros/galactic/lib/aarch64-linux-gnu:/opt/ros/galactic/lib /usr/bin/cmake --build /home/yfu/projects/ros2-picas/build/trace_picas -- -j6 -l6
[2.439s] DEBUG:colcon.colcon_core.event_handler.log_command:Invoking command in '/home/yfu/projects/ros2-picas/build/trace_picas': CMAKE_PREFIX_PATH=/home/yfu/projects/ros2-picas/install/rclcpp:/home/yfu/projects/ros2-picas/install/test_msgs:/home/yfu/projects/ros2-picas/install/picas_example_mt:/home/yfu/projects/ros2-picas/install/picas_example:/home/yfu/projects/ros2-picas/install/trace_picas:/opt/ros/galactic CONDA_PROMPT_MODIFIER=(base) LD_LIBRARY_PATH=/home/yfu/projects/ros2-picas/install/rclcpp/lib:/home/yfu/projects/ros2-picas/install/test_msgs/lib:/home/yfu/projects/ros2-picas/install/trace_picas/lib:/opt/ros/galactic/opt/yaml_cpp_vendor/lib:/opt/ros/galactic/lib/aarch64-linux-gnu:/opt/ros/galactic/lib /usr/bin/cmake --install /home/yfu/projects/ros2-picas/build/trace_picas
[2.470s] Level 1:colcon.colcon_core.environment:create_environment_scripts_only(trace_picas)
[2.471s] Level 1:colcon.colcon_core.environment:checking '/home/yfu/projects/ros2-picas/install/trace_picas' for CMake module files
[2.472s] DEBUG:colcon.colcon_core.event_handler.log_command:Invoked command in '/home/yfu/projects/ros2-picas/build/trace_picas' returned '0': CMAKE_PREFIX_PATH=/home/yfu/projects/ros2-picas/install/rclcpp:/home/yfu/projects/ros2-picas/install/test_msgs:/home/yfu/projects/ros2-picas/install/picas_example_mt:/home/yfu/projects/ros2-picas/install/picas_example:/home/yfu/projects/ros2-picas/install/trace_picas:/opt/ros/galactic CONDA_PROMPT_MODIFIER=(base) LD_LIBRARY_PATH=/home/yfu/projects/ros2-picas/install/rclcpp/lib:/home/yfu/projects/ros2-picas/install/test_msgs/lib:/home/yfu/projects/ros2-picas/install/trace_picas/lib:/opt/ros/galactic/opt/yaml_cpp_vendor/lib:/opt/ros/galactic/lib/aarch64-linux-gnu:/opt/ros/galactic/lib /usr/bin/cmake --install /home/yfu/projects/ros2-picas/build/trace_picas
[2.473s] Level 1:colcon.colcon_core.environment:checking '/home/yfu/projects/ros2-picas/install/trace_picas' for CMake config files
[2.474s] Level 1:colcon.colcon_core.shell:create_environment_hook('trace_picas', 'cmake_prefix_path')
[2.475s] INFO:colcon.colcon_core.shell:Creating environment hook '/home/yfu/projects/ros2-picas/install/trace_picas/share/trace_picas/hook/cmake_prefix_path.ps1'
[2.476s] INFO:colcon.colcon_core.shell:Creating environment descriptor '/home/yfu/projects/ros2-picas/install/trace_picas/share/trace_picas/hook/cmake_prefix_path.dsv'
[2.478s] INFO:colcon.colcon_core.shell:Creating environment hook '/home/yfu/projects/ros2-picas/install/trace_picas/share/trace_picas/hook/cmake_prefix_path.sh'
[2.480s] Level 1:colcon.colcon_core.environment:checking '/home/yfu/projects/ros2-picas/install/trace_picas/lib'
[2.480s] Level 1:colcon.colcon_core.environment:checking '/home/yfu/projects/ros2-picas/install/trace_picas/bin'
[2.480s] Level 1:colcon.colcon_core.environment:checking '/home/yfu/projects/ros2-picas/install/trace_picas/lib/pkgconfig/trace_picas.pc'
[2.481s] Level 1:colcon.colcon_core.environment:checking '/home/yfu/projects/ros2-picas/install/trace_picas/lib/python3.8/site-packages'
[2.482s] Level 1:colcon.colcon_core.environment:checking '/home/yfu/projects/ros2-picas/install/trace_picas/bin'
[2.483s] INFO:colcon.colcon_core.shell:Creating package script '/home/yfu/projects/ros2-picas/install/trace_picas/share/trace_picas/package.ps1'
[2.485s] INFO:colcon.colcon_core.shell:Creating package descriptor '/home/yfu/projects/ros2-picas/install/trace_picas/share/trace_picas/package.dsv'
[2.486s] INFO:colcon.colcon_core.shell:Creating package script '/home/yfu/projects/ros2-picas/install/trace_picas/share/trace_picas/package.sh'
[2.487s] INFO:colcon.colcon_core.shell:Creating package script '/home/yfu/projects/ros2-picas/install/trace_picas/share/trace_picas/package.bash'
[2.488s] INFO:colcon.colcon_core.shell:Creating package script '/home/yfu/projects/ros2-picas/install/trace_picas/share/trace_picas/package.zsh'
[2.489s] Level 1:colcon.colcon_core.environment:create_file_with_runtime_dependencies(/home/yfu/projects/ros2-picas/install/trace_picas/share/colcon-core/packages/trace_picas)
[2.491s] Level 1:colcon.colcon_core.environment:create_environment_scripts_only(trace_picas)
[2.491s] Level 1:colcon.colcon_core.environment:checking '/home/yfu/projects/ros2-picas/install/trace_picas' for CMake module files
[2.493s] Level 1:colcon.colcon_core.environment:checking '/home/yfu/projects/ros2-picas/install/trace_picas' for CMake config files
[2.494s] Level 1:colcon.colcon_core.shell:create_environment_hook('trace_picas', 'cmake_prefix_path')
[2.495s] INFO:colcon.colcon_core.shell:Creating environment hook '/home/yfu/projects/ros2-picas/install/trace_picas/share/trace_picas/hook/cmake_prefix_path.ps1'
[2.607s] INFO:colcon.colcon_core.shell:Creating environment descriptor '/home/yfu/projects/ros2-picas/install/trace_picas/share/trace_picas/hook/cmake_prefix_path.dsv'
[2.608s] INFO:colcon.colcon_core.shell:Creating environment hook '/home/yfu/projects/ros2-picas/install/trace_picas/share/trace_picas/hook/cmake_prefix_path.sh'
[2.609s] Level 1:colcon.colcon_core.environment:checking '/home/yfu/projects/ros2-picas/install/trace_picas/lib'
[2.610s] Level 1:colcon.colcon_core.environment:checking '/home/yfu/projects/ros2-picas/install/trace_picas/bin'
[2.610s] Level 1:colcon.colcon_core.environment:checking '/home/yfu/projects/ros2-picas/install/trace_picas/lib/pkgconfig/trace_picas.pc'
[2.610s] Level 1:colcon.colcon_core.environment:checking '/home/yfu/projects/ros2-picas/install/trace_picas/lib/python3.8/site-packages'
[2.611s] Level 1:colcon.colcon_core.environment:checking '/home/yfu/projects/ros2-picas/install/trace_picas/bin'
[2.612s] INFO:colcon.colcon_core.shell:Creating package script '/home/yfu/projects/ros2-picas/install/trace_picas/share/trace_picas/package.ps1'
[2.613s] INFO:colcon.colcon_core.shell:Creating package descriptor '/home/yfu/projects/ros2-picas/install/trace_picas/share/trace_picas/package.dsv'
[2.614s] INFO:colcon.colcon_core.shell:Creating package script '/home/yfu/projects/ros2-picas/install/trace_picas/share/trace_picas/package.sh'
[2.615s] INFO:colcon.colcon_core.shell:Creating package script '/home/yfu/projects/ros2-picas/install/trace_picas/share/trace_picas/package.bash'
[2.616s] INFO:colcon.colcon_core.shell:Creating package script '/home/yfu/projects/ros2-picas/install/trace_picas/share/trace_picas/package.zsh'
[2.618s] Level 1:colcon.colcon_core.environment:create_file_with_runtime_dependencies(/home/yfu/projects/ros2-picas/install/trace_picas/share/colcon-core/packages/trace_picas)
[2.619s] INFO:colcon.colcon_ros.task.ament_cmake.build:Building ROS package in '/home/yfu/projects/ros2-picas/ros2-picas-example/picas_example' with build type 'ament_cmake'
[2.619s] INFO:colcon.colcon_cmake.task.cmake.build:Building CMake package in '/home/yfu/projects/ros2-picas/ros2-picas-example/picas_example'
[2.620s] INFO:colcon.colcon_core.shell:Skip shell extension 'powershell' for command environment: Not usable outside of PowerShell
[2.620s] DEBUG:colcon.colcon_core.shell:Skip shell extension 'dsv' for command environment
[2.632s] INFO:colcon.colcon_ros.task.ament_cmake.build:Building ROS package in '/home/yfu/projects/ros2-picas/ros2-picas-example/picas_example_mt' with build type 'ament_cmake'
[2.633s] INFO:colcon.colcon_cmake.task.cmake.build:Building CMake package in '/home/yfu/projects/ros2-picas/ros2-picas-example/picas_example_mt'
[2.634s] INFO:colcon.colcon_core.shell:Skip shell extension 'powershell' for command environment: Not usable outside of PowerShell
[2.634s] DEBUG:colcon.colcon_core.shell:Skip shell extension 'dsv' for command environment
[2.660s] DEBUG:colcon.colcon_core.event_handler.log_command:Invoking command in '/home/yfu/projects/ros2-picas/build/picas_example': CMAKE_PREFIX_PATH=/home/yfu/projects/ros2-picas/install/trace_picas:/home/yfu/projects/ros2-picas/install/rclcpp:/home/yfu/projects/ros2-picas/install/test_msgs:/home/yfu/projects/ros2-picas/install/picas_example_mt:/home/yfu/projects/ros2-picas/install/picas_example:/opt/ros/galactic CONDA_PROMPT_MODIFIER=(base) LD_LIBRARY_PATH=/home/yfu/projects/ros2-picas/install/rclcpp/lib:/home/yfu/projects/ros2-picas/install/test_msgs/lib:/home/yfu/projects/ros2-picas/install/trace_picas/lib:/opt/ros/galactic/opt/yaml_cpp_vendor/lib:/opt/ros/galactic/lib/aarch64-linux-gnu:/opt/ros/galactic/lib /usr/bin/cmake --build /home/yfu/projects/ros2-picas/build/picas_example -- -j6 -l6
[2.672s] DEBUG:colcon.colcon_core.event_handler.log_command:Invoking command in '/home/yfu/projects/ros2-picas/build/picas_example_mt': CMAKE_PREFIX_PATH=/home/yfu/projects/ros2-picas/install/trace_picas:/home/yfu/projects/ros2-picas/install/rclcpp:/home/yfu/projects/ros2-picas/install/test_msgs:/home/yfu/projects/ros2-picas/install/picas_example_mt:/home/yfu/projects/ros2-picas/install/picas_example:/opt/ros/galactic CONDA_PROMPT_MODIFIER=(base) LD_LIBRARY_PATH=/home/yfu/projects/ros2-picas/install/rclcpp/lib:/home/yfu/projects/ros2-picas/install/test_msgs/lib:/home/yfu/projects/ros2-picas/install/trace_picas/lib:/opt/ros/galactic/opt/yaml_cpp_vendor/lib:/opt/ros/galactic/lib/aarch64-linux-gnu:/opt/ros/galactic/lib /usr/bin/cmake --build /home/yfu/projects/ros2-picas/build/picas_example_mt -- -j6 -l6
[2.835s] DEBUG:colcon.colcon_core.event_handler.log_command:Invoked command in '/home/yfu/projects/ros2-picas/build/picas_example_mt' returned '0': CMAKE_PREFIX_PATH=/home/yfu/projects/ros2-picas/install/trace_picas:/home/yfu/projects/ros2-picas/install/rclcpp:/home/yfu/projects/ros2-picas/install/test_msgs:/home/yfu/projects/ros2-picas/install/picas_example_mt:/home/yfu/projects/ros2-picas/install/picas_example:/opt/ros/galactic CONDA_PROMPT_MODIFIER=(base) LD_LIBRARY_PATH=/home/yfu/projects/ros2-picas/install/rclcpp/lib:/home/yfu/projects/ros2-picas/install/test_msgs/lib:/home/yfu/projects/ros2-picas/install/trace_picas/lib:/opt/ros/galactic/opt/yaml_cpp_vendor/lib:/opt/ros/galactic/lib/aarch64-linux-gnu:/opt/ros/galactic/lib /usr/bin/cmake --build /home/yfu/projects/ros2-picas/build/picas_example_mt -- -j6 -l6
[2.843s] DEBUG:colcon.colcon_core.event_handler.log_command:Invoking command in '/home/yfu/projects/ros2-picas/build/picas_example_mt': CMAKE_PREFIX_PATH=/home/yfu/projects/ros2-picas/install/trace_picas:/home/yfu/projects/ros2-picas/install/rclcpp:/home/yfu/projects/ros2-picas/install/test_msgs:/home/yfu/projects/ros2-picas/install/picas_example_mt:/home/yfu/projects/ros2-picas/install/picas_example:/opt/ros/galactic CONDA_PROMPT_MODIFIER=(base) LD_LIBRARY_PATH=/home/yfu/projects/ros2-picas/install/rclcpp/lib:/home/yfu/projects/ros2-picas/install/test_msgs/lib:/home/yfu/projects/ros2-picas/install/trace_picas/lib:/opt/ros/galactic/opt/yaml_cpp_vendor/lib:/opt/ros/galactic/lib/aarch64-linux-gnu:/opt/ros/galactic/lib /usr/bin/cmake --install /home/yfu/projects/ros2-picas/build/picas_example_mt
[2.873s] Level 1:colcon.colcon_core.environment:create_environment_scripts_only(picas_example_mt)
[2.874s] Level 1:colcon.colcon_core.environment:checking '/home/yfu/projects/ros2-picas/install/picas_example_mt' for CMake module files
[2.875s] DEBUG:colcon.colcon_core.event_handler.log_command:Invoked command in '/home/yfu/projects/ros2-picas/build/picas_example_mt' returned '0': CMAKE_PREFIX_PATH=/home/yfu/projects/ros2-picas/install/trace_picas:/home/yfu/projects/ros2-picas/install/rclcpp:/home/yfu/projects/ros2-picas/install/test_msgs:/home/yfu/projects/ros2-picas/install/picas_example_mt:/home/yfu/projects/ros2-picas/install/picas_example:/opt/ros/galactic CONDA_PROMPT_MODIFIER=(base) LD_LIBRARY_PATH=/home/yfu/projects/ros2-picas/install/rclcpp/lib:/home/yfu/projects/ros2-picas/install/test_msgs/lib:/home/yfu/projects/ros2-picas/install/trace_picas/lib:/opt/ros/galactic/opt/yaml_cpp_vendor/lib:/opt/ros/galactic/lib/aarch64-linux-gnu:/opt/ros/galactic/lib /usr/bin/cmake --install /home/yfu/projects/ros2-picas/build/picas_example_mt
[2.876s] Level 1:colcon.colcon_core.environment:checking '/home/yfu/projects/ros2-picas/install/picas_example_mt' for CMake config files
[2.877s] Level 1:colcon.colcon_core.shell:create_environment_hook('picas_example_mt', 'cmake_prefix_path')
[2.878s] INFO:colcon.colcon_core.shell:Creating environment hook '/home/yfu/projects/ros2-picas/install/picas_example_mt/share/picas_example_mt/hook/cmake_prefix_path.ps1'
[2.880s] INFO:colcon.colcon_core.shell:Creating environment descriptor '/home/yfu/projects/ros2-picas/install/picas_example_mt/share/picas_example_mt/hook/cmake_prefix_path.dsv'
[2.881s] INFO:colcon.colcon_core.shell:Creating environment hook '/home/yfu/projects/ros2-picas/install/picas_example_mt/share/picas_example_mt/hook/cmake_prefix_path.sh'
[2.883s] Level 1:colcon.colcon_core.environment:checking '/home/yfu/projects/ros2-picas/install/picas_example_mt/lib'
[2.883s] Level 1:colcon.colcon_core.environment:checking '/home/yfu/projects/ros2-picas/install/picas_example_mt/bin'
[2.883s] Level 1:colcon.colcon_core.environment:checking '/home/yfu/projects/ros2-picas/install/picas_example_mt/lib/pkgconfig/picas_example_mt.pc'
[2.884s] Level 1:colcon.colcon_core.environment:checking '/home/yfu/projects/ros2-picas/install/picas_example_mt/lib/python3.8/site-packages'
[2.884s] Level 1:colcon.colcon_core.environment:checking '/home/yfu/projects/ros2-picas/install/picas_example_mt/bin'
[2.885s] INFO:colcon.colcon_core.shell:Creating package script '/home/yfu/projects/ros2-picas/install/picas_example_mt/share/picas_example_mt/package.ps1'
[2.887s] INFO:colcon.colcon_core.shell:Creating package descriptor '/home/yfu/projects/ros2-picas/install/picas_example_mt/share/picas_example_mt/package.dsv'
[2.888s] INFO:colcon.colcon_core.shell:Creating package script '/home/yfu/projects/ros2-picas/install/picas_example_mt/share/picas_example_mt/package.sh'
[2.889s] INFO:colcon.colcon_core.shell:Creating package script '/home/yfu/projects/ros2-picas/install/picas_example_mt/share/picas_example_mt/package.bash'
[2.890s] INFO:colcon.colcon_core.shell:Creating package script '/home/yfu/projects/ros2-picas/install/picas_example_mt/share/picas_example_mt/package.zsh'
[2.891s] Level 1:colcon.colcon_core.environment:create_file_with_runtime_dependencies(/home/yfu/projects/ros2-picas/install/picas_example_mt/share/colcon-core/packages/picas_example_mt)
[2.892s] Level 1:colcon.colcon_core.environment:create_environment_scripts_only(picas_example_mt)
[2.893s] Level 1:colcon.colcon_core.environment:checking '/home/yfu/projects/ros2-picas/install/picas_example_mt' for CMake module files
[2.894s] Level 1:colcon.colcon_core.environment:checking '/home/yfu/projects/ros2-picas/install/picas_example_mt' for CMake config files
[2.895s] Level 1:colcon.colcon_core.shell:create_environment_hook('picas_example_mt', 'cmake_prefix_path')
[2.895s] INFO:colcon.colcon_core.shell:Creating environment hook '/home/yfu/projects/ros2-picas/install/picas_example_mt/share/picas_example_mt/hook/cmake_prefix_path.ps1'
[2.942s] INFO:colcon.colcon_core.shell:Creating environment descriptor '/home/yfu/projects/ros2-picas/install/picas_example_mt/share/picas_example_mt/hook/cmake_prefix_path.dsv'
[2.944s] INFO:colcon.colcon_core.shell:Creating environment hook '/home/yfu/projects/ros2-picas/install/picas_example_mt/share/picas_example_mt/hook/cmake_prefix_path.sh'
[2.946s] Level 1:colcon.colcon_core.environment:checking '/home/yfu/projects/ros2-picas/install/picas_example_mt/lib'
[2.946s] Level 1:colcon.colcon_core.environment:checking '/home/yfu/projects/ros2-picas/install/picas_example_mt/bin'
[2.946s] Level 1:colcon.colcon_core.environment:checking '/home/yfu/projects/ros2-picas/install/picas_example_mt/lib/pkgconfig/picas_example_mt.pc'
[2.947s] Level 1:colcon.colcon_core.environment:checking '/home/yfu/projects/ros2-picas/install/picas_example_mt/lib/python3.8/site-packages'
[2.947s] Level 1:colcon.colcon_core.environment:checking '/home/yfu/projects/ros2-picas/install/picas_example_mt/bin'
[2.948s] INFO:colcon.colcon_core.shell:Creating package script '/home/yfu/projects/ros2-picas/install/picas_example_mt/share/picas_example_mt/package.ps1'
[2.949s] INFO:colcon.colcon_core.shell:Creating package descriptor '/home/yfu/projects/ros2-picas/install/picas_example_mt/share/picas_example_mt/package.dsv'
[2.951s] INFO:colcon.colcon_core.shell:Creating package script '/home/yfu/projects/ros2-picas/install/picas_example_mt/share/picas_example_mt/package.sh'
[2.952s] INFO:colcon.colcon_core.shell:Creating package script '/home/yfu/projects/ros2-picas/install/picas_example_mt/share/picas_example_mt/package.bash'
[2.953s] INFO:colcon.colcon_core.shell:Creating package script '/home/yfu/projects/ros2-picas/install/picas_example_mt/share/picas_example_mt/package.zsh'
[2.954s] Level 1:colcon.colcon_core.environment:create_file_with_runtime_dependencies(/home/yfu/projects/ros2-picas/install/picas_example_mt/share/colcon-core/packages/picas_example_mt)
[25.029s] DEBUG:colcon.colcon_core.event_handler.log_command:Invoked command in '/home/yfu/projects/ros2-picas/build/picas_example' returned '2': CMAKE_PREFIX_PATH=/home/yfu/projects/ros2-picas/install/trace_picas:/home/yfu/projects/ros2-picas/install/rclcpp:/home/yfu/projects/ros2-picas/install/test_msgs:/home/yfu/projects/ros2-picas/install/picas_example_mt:/home/yfu/projects/ros2-picas/install/picas_example:/opt/ros/galactic CONDA_PROMPT_MODIFIER=(base) LD_LIBRARY_PATH=/home/yfu/projects/ros2-picas/install/rclcpp/lib:/home/yfu/projects/ros2-picas/install/test_msgs/lib:/home/yfu/projects/ros2-picas/install/trace_picas/lib:/opt/ros/galactic/opt/yaml_cpp_vendor/lib:/opt/ros/galactic/lib/aarch64-linux-gnu:/opt/ros/galactic/lib /usr/bin/cmake --build /home/yfu/projects/ros2-picas/build/picas_example -- -j6 -l6
[25.031s] Level 1:colcon.colcon_core.environment:create_environment_scripts_only(picas_example)
[25.032s] Level 1:colcon.colcon_core.environment:checking '/home/yfu/projects/ros2-picas/install/picas_example' for CMake module files
[25.033s] Level 1:colcon.colcon_core.environment:checking '/home/yfu/projects/ros2-picas/install/picas_example' for CMake config files
[25.033s] Level 1:colcon.colcon_core.shell:create_environment_hook('picas_example', 'cmake_prefix_path')
[25.034s] INFO:colcon.colcon_core.shell:Creating environment hook '/home/yfu/projects/ros2-picas/install/picas_example/share/picas_example/hook/cmake_prefix_path.ps1'
[25.036s] INFO:colcon.colcon_core.shell:Creating environment descriptor '/home/yfu/projects/ros2-picas/install/picas_example/share/picas_example/hook/cmake_prefix_path.dsv'
[25.037s] INFO:colcon.colcon_core.shell:Creating environment hook '/home/yfu/projects/ros2-picas/install/picas_example/share/picas_example/hook/cmake_prefix_path.sh'
[25.045s] Level 1:colcon.colcon_core.environment:checking '/home/yfu/projects/ros2-picas/install/picas_example/lib'
[25.045s] Level 1:colcon.colcon_core.environment:checking '/home/yfu/projects/ros2-picas/install/picas_example/bin'
[25.045s] Level 1:colcon.colcon_core.environment:checking '/home/yfu/projects/ros2-picas/install/picas_example/lib/pkgconfig/picas_example.pc'
[25.046s] Level 1:colcon.colcon_core.environment:checking '/home/yfu/projects/ros2-picas/install/picas_example/lib/python3.8/site-packages'
[25.046s] Level 1:colcon.colcon_core.environment:checking '/home/yfu/projects/ros2-picas/install/picas_example/bin'
[25.047s] INFO:colcon.colcon_core.shell:Creating package script '/home/yfu/projects/ros2-picas/install/picas_example/share/picas_example/package.ps1'
[25.049s] INFO:colcon.colcon_core.shell:Creating package descriptor '/home/yfu/projects/ros2-picas/install/picas_example/share/picas_example/package.dsv'
[25.050s] INFO:colcon.colcon_core.shell:Creating package script '/home/yfu/projects/ros2-picas/install/picas_example/share/picas_example/package.sh'
[25.051s] INFO:colcon.colcon_core.shell:Creating package script '/home/yfu/projects/ros2-picas/install/picas_example/share/picas_example/package.bash'
[25.051s] INFO:colcon.colcon_core.shell:Creating package script '/home/yfu/projects/ros2-picas/install/picas_example/share/picas_example/package.zsh'
[25.055s] Level 1:colcon.colcon_core.environment:create_file_with_runtime_dependencies(/home/yfu/projects/ros2-picas/install/picas_example/share/colcon-core/packages/picas_example)
[25.066s] DEBUG:colcon.colcon_parallel_executor.executor.parallel:closing loop
[25.067s] DEBUG:colcon.colcon_parallel_executor.executor.parallel:loop closed
[25.067s] DEBUG:colcon.colcon_parallel_executor.executor.parallel:run_until_complete finished with '2'
[25.067s] DEBUG:colcon.colcon_core.event_reactor:joining thread
[25.087s] INFO:colcon.colcon_core.plugin_system:Skipping extension 'colcon_notification.desktop_notification.terminal_notifier': Not used on non-Darwin systems
[25.088s] INFO:colcon.colcon_core.plugin_system:Skipping extension 'colcon_notification.desktop_notification.win32': Not used on non-Windows systems
[25.088s] INFO:colcon.colcon_notification.desktop_notification:Sending desktop notification using 'notify2'
[25.120s] DEBUG:colcon.colcon_notification.desktop_notification.notify2:Failed to initialize notify2: org.freedesktop.DBus.Error.Spawn.ChildExited: Process org.freedesktop.Notifications exited with status 1
[25.121s] DEBUG:colcon.colcon_core.event_reactor:joined thread
[25.122s] INFO:colcon.colcon_core.shell:Creating prefix script '/home/yfu/projects/ros2-picas/install/local_setup.ps1'
[25.125s] INFO:colcon.colcon_core.shell:Creating prefix util module '/home/yfu/projects/ros2-picas/install/_local_setup_util_ps1.py'
[25.127s] INFO:colcon.colcon_core.shell:Creating prefix chain script '/home/yfu/projects/ros2-picas/install/setup.ps1'
[25.130s] INFO:colcon.colcon_core.shell:Creating prefix script '/home/yfu/projects/ros2-picas/install/local_setup.sh'
[25.132s] INFO:colcon.colcon_core.shell:Creating prefix util module '/home/yfu/projects/ros2-picas/install/_local_setup_util_sh.py'
[25.133s] INFO:colcon.colcon_core.shell:Creating prefix chain script '/home/yfu/projects/ros2-picas/install/setup.sh'
[25.135s] INFO:colcon.colcon_core.shell:Creating prefix script '/home/yfu/projects/ros2-picas/install/local_setup.bash'
[25.136s] INFO:colcon.colcon_core.shell:Creating prefix chain script '/home/yfu/projects/ros2-picas/install/setup.bash'
[25.139s] INFO:colcon.colcon_core.shell:Creating prefix script '/home/yfu/projects/ros2-picas/install/local_setup.zsh'
[25.140s] INFO:colcon.colcon_core.shell:Creating prefix chain script '/home/yfu/projects/ros2-picas/install/setup.zsh'
